remark: pingpong.hip:60:0: Function Name: _Z3runILi0ELi1EEvPfPji [-Rpass-analysis=kernel-resource-usage]
remark: pingpong.hip:60:0:     TotalSGPRs: 10 [-Rpass-analysis=kernel-resource-usage]
remark: pingpong.hip:60:0:     VGPRs: 15 [-Rpass-analysis=kernel-resource-usage]
remark: pingpong.hip:60:0:     ScratchSize [bytes/lane]: 0 [-Rpass-analysis=kernel-resource-usage]
remark: pingpong.hip:60:0:     Dynamic Stack: False [-Rpass-analysis=kernel-resource-usage]
remark: pingpong.hip:60:0:     Occupancy [waves/SIMD]: 16 [-Rpass-analysis=kernel-resource-usage]
remark: pingpong.hip:60:0:     SGPRs Spill: 0 [-Rpass-analysis=kernel-resource-usage]
remark: pingpong.hip:60:0:     VGPRs Spill: 0 [-Rpass-analysis=kernel-resource-usage]
remark: pingpong.hip:60:0:     LDS Size [bytes/block]: 0 [-Rpass-analysis=kernel-resource-usage]
remark: pingpong.hip:60:0: Function Name: _Z3runILi1ELi1EEvPfPji [-Rpass-analysis=kernel-resource-usage]
remark: pingpong.hip:60:0:     TotalSGPRs: 10 [-Rpass-analysis=kernel-resource-usage]
remark: pingpong.hip:60:0:     VGPRs: 161 [-Rpass-analysis=kernel-resource-usage]
remark: pingpong.hip:60:0:     ScratchSize [bytes/lane]: 0 [-Rpass-analysis=kernel-resource-usage]
remark: pingpong.hip:60:0:     Dynamic Stack: False [-Rpass-analysis=kernel-resource-usage]
remark: pingpong.hip:60:0:     Occupancy [waves/SIMD]: 9 [-Rpass-analysis=kernel-resource-usage]
remark: pingpong.hip:60:0:     SGPRs Spill: 0 [-Rpass-analysis=kernel-resource-usage]
remark: pingpong.hip:60:0:     VGPRs Spill: 0 [-Rpass-analysis=kernel-resource-usage]
remark: pingpong.hip:60:0:     LDS Size [bytes/block]: 0 [-Rpass-analysis=kernel-resource-usage]
remark: pingpong.hip:60:0: Function Name: _Z3runILi2ELi1EEvPfPji [-Rpass-analysis=kernel-resource-usage]
remark: pingpong.hip:60:0:     TotalSGPRs: 10 [-Rpass-analysis=kernel-resource-usage]
remark: pingpong.hip:60:0:     VGPRs: 161 [-Rpass-analysis=kernel-resource-usage]
remark: pingpong.hip:60:0:     ScratchSize [bytes/lane]: 0 [-Rpass-analysis=kernel-resource-usage]
remark: pingpong.hip:60:0:     Dynamic Stack: False [-Rpass-analysis=kernel-resource-usage]
remark: pingpong.hip:60:0:     Occupancy [waves/SIMD]: 9 [-Rpass-analysis=kernel-resource-usage]
remark: pingpong.hip:60:0:     SGPRs Spill: 0 [-Rpass-analysis=kernel-resource-usage]
remark: pingpong.hip:60:0:     VGPRs Spill: 0 [-Rpass-analysis=kernel-resource-usage]
remark: pingpong.hip:60:0:     LDS Size [bytes/block]: 0 [-Rpass-analysis=kernel-resource-usage]
remark: pingpong.hip:60:0: Function Name: _Z3runILi3ELi1EEvPfPji [-Rpass-analysis=kernel-resource-usage]
remark: pingpong.hip:60:0:     TotalSGPRs: 10 [-Rpass-analysis=kernel-resource-usage]
remark: pingpong.hip:60:0:     VGPRs: 162 [-Rpass-analysis=kernel-resource-usage]
remark: pingpong.hip:60:0:     ScratchSize [bytes/lane]: 0 [-Rpass-analysis=kernel-resource-usage]
remark: pingpong.hip:60:0:     Dynamic Stack: False [-Rpass-analysis=kernel-resource-usage]
remark: pingpong.hip:60:0:     Occupancy [waves/SIMD]: 9 [-Rpass-analysis=kernel-resource-usage]
remark: pingpong.hip:60:0:     SGPRs Spill: 0 [-Rpass-analysis=kernel-resource-usage]
remark: pingpong.hip:60:0:     VGPRs Spill: 0 [-Rpass-analysis=kernel-resource-usage]
remark: pingpong.hip:60:0:     LDS Size [bytes/block]: 0 [-Rpass-analysis=kernel-resource-usage]
remark: pingpong.hip:60:0: Function Name: _Z3runILi4ELi1EEvPfPji [-Rpass-analysis=kernel-resource-usage]
remark: pingpong.hip:60:0:     TotalSGPRs: 10 [-Rpass-analysis=kernel-resource-usage]
remark: pingpong.hip:60:0:     VGPRs: 161 [-Rpass-analysis=kernel-resource-usage]
remark: pingpong.hip:60:0:     ScratchSize [bytes/lane]: 0 [-Rpass-analysis=kernel-resource-usage]
remark: pingpong.hip:60:0:     Dynamic Stack: False [-Rpass-analysis=kernel-resource-usage]
remark: pingpong.hip:60:0:     Occupancy [waves/SIMD]: 9 [-Rpass-analysis=kernel-resource-usage]
remark: pingpong.hip:60:0:     SGPRs Spill: 0 [-Rpass-analysis=kernel-resource-usage]
remark: pingpong.hip:60:0:     VGPRs Spill: 0 [-Rpass-analysis=kernel-resource-usage]
remark: pingpong.hip:60:0:     LDS Size [bytes/block]: 0 [-Rpass-analysis=kernel-resource-usage]
remark: pingpong.hip:60:0: Function Name: _Z3runILi5ELi1EEvPfPji [-Rpass-analysis=kernel-resource-usage]
remark: pingpong.hip:60:0:     TotalSGPRs: 10 [-Rpass-analysis=kernel-resource-usage]
remark: pingpong.hip:60:0:     VGPRs: 161 [-Rpass-analysis=kernel-resource-usage]
remark: pingpong.hip:60:0:     ScratchSize [bytes/lane]: 0 [-Rpass-analysis=kernel-resource-usage]
remark: pingpong.hip:60:0:     Dynamic Stack: False [-Rpass-analysis=kernel-resource-usage]
remark: pingpong.hip:60:0:     Occupancy [waves/SIMD]: 9 [-Rpass-analysis=kernel-resource-usage]
remark: pingpong.hip:60:0:     SGPRs Spill: 0 [-Rpass-analysis=kernel-resource-usage]
remark: pingpong.hip:60:0:     VGPRs Spill: 0 [-Rpass-analysis=kernel-resource-usage]
remark: pingpong.hip:60:0:     LDS Size [bytes/block]: 0 [-Rpass-analysis=kernel-resource-usage]
remark: pingpong.hip:60:0: Function Name: _Z3runILi0ELi4EEvPfPji [-Rpass-analysis=kernel-resource-usage]
remark: pingpong.hip:60:0:     TotalSGPRs: 10 [-Rpass-analysis=kernel-resource-usage]
remark: pingpong.hip:60:0:     VGPRs: 39 [-Rpass-analysis=kernel-resource-usage]
remark: pingpong.hip:60:0:     ScratchSize [bytes/lane]: 0 [-Rpass-analysis=kernel-resource-usage]
remark: pingpong.hip:60:0:     Dynamic Stack: False [-Rpass-analysis=kernel-resource-usage]
remark: pingpong.hip:60:0:     Occupancy [waves/SIMD]: 16 [-Rpass-analysis=kernel-resource-usage]
remark: pingpong.hip:60:0:     SGPRs Spill: 0 [-Rpass-analysis=kernel-resource-usage]
remark: pingpong.hip:60:0:     VGPRs Spill: 0 [-Rpass-analysis=kernel-resource-usage]
remark: pingpong.hip:60:0:     LDS Size [bytes/block]: 0 [-Rpass-analysis=kernel-resource-usage]
remark: pingpong.hip:60:0: Function Name: _Z3runILi1ELi4EEvPfPji [-Rpass-analysis=kernel-resource-usage]
remark: pingpong.hip:60:0:     TotalSGPRs: 10 [-Rpass-analysis=kernel-resource-usage]
remark: pingpong.hip:60:0:     VGPRs: 161 [-Rpass-analysis=kernel-resource-usage]
remark: pingpong.hip:60:0:     ScratchSize [bytes/lane]: 0 [-Rpass-analysis=kernel-resource-usage]
remark: pingpong.hip:60:0:     Dynamic Stack: False [-Rpass-analysis=kernel-resource-usage]
remark: pingpong.hip:60:0:     Occupancy [waves/SIMD]: 9 [-Rpass-analysis=kernel-resource-usage]
remark: pingpong.hip:60:0:     SGPRs Spill: 0 [-Rpass-analysis=kernel-resource-usage]
remark: pingpong.hip:60:0:     VGPRs Spill: 0 [-Rpass-analysis=kernel-resource-usage]
remark: pingpong.hip:60:0:     LDS Size [bytes/block]: 0 [-Rpass-analysis=kernel-resource-usage]
remark: pingpong.hip:60:0: Function Name: _Z3runILi2ELi4EEvPfPji [-Rpass-analysis=kernel-resource-usage]
remark: pingpong.hip:60:0:     TotalSGPRs: 12 [-Rpass-analysis=kernel-resource-usage]
remark: pingpong.hip:60:0:     VGPRs: 183 [-Rpass-analysis=kernel-resource-usage]
remark: pingpong.hip:60:0:     ScratchSize [bytes/lane]: 0 [-Rpass-analysis=kernel-resource-usage]
remark: pingpong.hip:60:0:     Dynamic Stack: False [-Rpass-analysis=kernel-resource-usage]
remark: pingpong.hip:60:0:     Occupancy [waves/SIMD]: 8 [-Rpass-analysis=kernel-resource-usage]
remark: pingpong.hip:60:0:     SGPRs Spill: 0 [-Rpass-analysis=kernel-resource-usage]
remark: pingpong.hip:60:0:     VGPRs Spill: 0 [-Rpass-analysis=kernel-resource-usage]
remark: pingpong.hip:60:0:     LDS Size [bytes/block]: 0 [-Rpass-analysis=kernel-resource-usage]
remark: pingpong.hip:60:0: Function Name: _Z3runILi3ELi4EEvPfPji [-Rpass-analysis=kernel-resource-usage]
remark: pingpong.hip:60:0:     TotalSGPRs: 14 [-Rpass-analysis=kernel-resource-usage]
remark: pingpong.hip:60:0:     VGPRs: 187 [-Rpass-analysis=kernel-resource-usage]
remark: pingpong.hip:60:0:     ScratchSize [bytes/lane]: 0 [-Rpass-analysis=kernel-resource-usage]
remark: pingpong.hip:60:0:     Dynamic Stack: False [-Rpass-analysis=kernel-resource-usage]
remark: pingpong.hip:60:0:     Occupancy [waves/SIMD]: 8 [-Rpass-analysis=kernel-resource-usage]
remark: pingpong.hip:60:0:     SGPRs Spill: 0 [-Rpass-analysis=kernel-resource-usage]
remark: pingpong.hip:60:0:     VGPRs Spill: 0 [-Rpass-analysis=kernel-resource-usage]
remark: pingpong.hip:60:0:     LDS Size [bytes/block]: 0 [-Rpass-analysis=kernel-resource-usage]
remark: pingpong.hip:60:0: Function Name: _Z3runILi4ELi4EEvPfPji [-Rpass-analysis=kernel-resource-usage]
remark: pingpong.hip:60:0:     TotalSGPRs: 14 [-Rpass-analysis=kernel-resource-usage]
remark: pingpong.hip:60:0:     VGPRs: 183 [-Rpass-analysis=kernel-resource-usage]
remark: pingpong.hip:60:0:     ScratchSize [bytes/lane]: 0 [-Rpass-analysis=kernel-resource-usage]
remark: pingpong.hip:60:0:     Dynamic Stack: False [-Rpass-analysis=kernel-resource-usage]
remark: pingpong.hip:60:0:     Occupancy [waves/SIMD]: 8 [-Rpass-analysis=kernel-resource-usage]
remark: pingpong.hip:60:0:     SGPRs Spill: 0 [-Rpass-analysis=kernel-resource-usage]
remark: pingpong.hip:60:0:     VGPRs Spill: 0 [-Rpass-analysis=kernel-resource-usage]
remark: pingpong.hip:60:0:     LDS Size [bytes/block]: 0 [-Rpass-analysis=kernel-resource-usage]
remark: pingpong.hip:60:0: Function Name: _Z3runILi5ELi4EEvPfPji [-Rpass-analysis=kernel-resource-usage]
remark: pingpong.hip:60:0:     TotalSGPRs: 12 [-Rpass-analysis=kernel-resource-usage]
remark: pingpong.hip:60:0:     VGPRs: 183 [-Rpass-analysis=kernel-resource-usage]
remark: pingpong.hip:60:0:     ScratchSize [bytes/lane]: 0 [-Rpass-analysis=kernel-resource-usage]
remark: pingpong.hip:60:0:     Dynamic Stack: False [-Rpass-analysis=kernel-resource-usage]
remark: pingpong.hip:60:0:     Occupancy [waves/SIMD]: 8 [-Rpass-analysis=kernel-resource-usage]
remark: pingpong.hip:60:0:     SGPRs Spill: 0 [-Rpass-analysis=kernel-resource-usage]
remark: pingpong.hip:60:0:     VGPRs Spill: 0 [-Rpass-analysis=kernel-resource-usage]
remark: pingpong.hip:60:0:     LDS Size [bytes/block]: 0 [-Rpass-analysis=kernel-resource-usage]
