In file included from /home/kaden/ClaudeCode/warpfront/wt-fa3/scratch-2026-09-17/Fa3Plan/placement.hip:2:
/home/kaden/ClaudeCode/warpfront/wt-fa3/scratch-2026-09-17/Fa3Plan/pingpong.hip:60:1: remark: Function Name: _Z3runILi0ELi1EEvPfPji [-Rpass-analysis=kernel-resource-usage]
   60 | template<int MODE,int CHAINS> __global__ __launch_bounds__(256,1) void run(float *out,unsigned *ids,int iters) {
      | ^
/home/kaden/ClaudeCode/warpfront/wt-fa3/scratch-2026-09-17/Fa3Plan/pingpong.hip:60:1: remark:     TotalSGPRs: 10 [-Rpass-analysis=kernel-resource-usage]
/home/kaden/ClaudeCode/warpfront/wt-fa3/scratch-2026-09-17/Fa3Plan/pingpong.hip:60:1: remark:     VGPRs: 15 [-Rpass-analysis=kernel-resource-usage]
/home/kaden/ClaudeCode/warpfront/wt-fa3/scratch-2026-09-17/Fa3Plan/pingpong.hip:60:1: remark:     ScratchSize [bytes/lane]: 0 [-Rpass-analysis=kernel-resource-usage]
/home/kaden/ClaudeCode/warpfront/wt-fa3/scratch-2026-09-17/Fa3Plan/pingpong.hip:60:1: remark:     Dynamic Stack: False [-Rpass-analysis=kernel-resource-usage]
/home/kaden/ClaudeCode/warpfront/wt-fa3/scratch-2026-09-17/Fa3Plan/pingpong.hip:60:1: remark:     Occupancy [waves/SIMD]: 16 [-Rpass-analysis=kernel-resource-usage]
/home/kaden/ClaudeCode/warpfront/wt-fa3/scratch-2026-09-17/Fa3Plan/pingpong.hip:60:1: remark:     SGPRs Spill: 0 [-Rpass-analysis=kernel-resource-usage]
/home/kaden/ClaudeCode/warpfront/wt-fa3/scratch-2026-09-17/Fa3Plan/pingpong.hip:60:1: remark:     VGPRs Spill: 0 [-Rpass-analysis=kernel-resource-usage]
/home/kaden/ClaudeCode/warpfront/wt-fa3/scratch-2026-09-17/Fa3Plan/pingpong.hip:60:1: remark:     LDS Size [bytes/block]: 0 [-Rpass-analysis=kernel-resource-usage]
/home/kaden/ClaudeCode/warpfront/wt-fa3/scratch-2026-09-17/Fa3Plan/pingpong.hip:60:1: remark: Function Name: _Z3runILi1ELi1EEvPfPji [-Rpass-analysis=kernel-resource-usage]
/home/kaden/ClaudeCode/warpfront/wt-fa3/scratch-2026-09-17/Fa3Plan/pingpong.hip:60:1: remark:     TotalSGPRs: 10 [-Rpass-analysis=kernel-resource-usage]
/home/kaden/ClaudeCode/warpfront/wt-fa3/scratch-2026-09-17/Fa3Plan/pingpong.hip:60:1: remark:     VGPRs: 161 [-Rpass-analysis=kernel-resource-usage]
/home/kaden/ClaudeCode/warpfront/wt-fa3/scratch-2026-09-17/Fa3Plan/pingpong.hip:60:1: remark:     ScratchSize [bytes/lane]: 0 [-Rpass-analysis=kernel-resource-usage]
/home/kaden/ClaudeCode/warpfront/wt-fa3/scratch-2026-09-17/Fa3Plan/pingpong.hip:60:1: remark:     Dynamic Stack: False [-Rpass-analysis=kernel-resource-usage]
/home/kaden/ClaudeCode/warpfront/wt-fa3/scratch-2026-09-17/Fa3Plan/pingpong.hip:60:1: remark:     Occupancy [waves/SIMD]: 9 [-Rpass-analysis=kernel-resource-usage]
/home/kaden/ClaudeCode/warpfront/wt-fa3/scratch-2026-09-17/Fa3Plan/pingpong.hip:60:1: remark:     SGPRs Spill: 0 [-Rpass-analysis=kernel-resource-usage]
/home/kaden/ClaudeCode/warpfront/wt-fa3/scratch-2026-09-17/Fa3Plan/pingpong.hip:60:1: remark:     VGPRs Spill: 0 [-Rpass-analysis=kernel-resource-usage]
/home/kaden/ClaudeCode/warpfront/wt-fa3/scratch-2026-09-17/Fa3Plan/pingpong.hip:60:1: remark:     LDS Size [bytes/block]: 0 [-Rpass-analysis=kernel-resource-usage]
/home/kaden/ClaudeCode/warpfront/wt-fa3/scratch-2026-09-17/Fa3Plan/pingpong.hip:60:1: remark: Function Name: _Z3runILi2ELi1EEvPfPji [-Rpass-analysis=kernel-resource-usage]
/home/kaden/ClaudeCode/warpfront/wt-fa3/scratch-2026-09-17/Fa3Plan/pingpong.hip:60:1: remark:     TotalSGPRs: 10 [-Rpass-analysis=kernel-resource-usage]
/home/kaden/ClaudeCode/warpfront/wt-fa3/scratch-2026-09-17/Fa3Plan/pingpong.hip:60:1: remark:     VGPRs: 161 [-Rpass-analysis=kernel-resource-usage]
/home/kaden/ClaudeCode/warpfront/wt-fa3/scratch-2026-09-17/Fa3Plan/pingpong.hip:60:1: remark:     ScratchSize [bytes/lane]: 0 [-Rpass-analysis=kernel-resource-usage]
/home/kaden/ClaudeCode/warpfront/wt-fa3/scratch-2026-09-17/Fa3Plan/pingpong.hip:60:1: remark:     Dynamic Stack: False [-Rpass-analysis=kernel-resource-usage]
/home/kaden/ClaudeCode/warpfront/wt-fa3/scratch-2026-09-17/Fa3Plan/pingpong.hip:60:1: remark:     Occupancy [waves/SIMD]: 9 [-Rpass-analysis=kernel-resource-usage]
/home/kaden/ClaudeCode/warpfront/wt-fa3/scratch-2026-09-17/Fa3Plan/pingpong.hip:60:1: remark:     SGPRs Spill: 0 [-Rpass-analysis=kernel-resource-usage]
/home/kaden/ClaudeCode/warpfront/wt-fa3/scratch-2026-09-17/Fa3Plan/pingpong.hip:60:1: remark:     VGPRs Spill: 0 [-Rpass-analysis=kernel-resource-usage]
/home/kaden/ClaudeCode/warpfront/wt-fa3/scratch-2026-09-17/Fa3Plan/pingpong.hip:60:1: remark:     LDS Size [bytes/block]: 0 [-Rpass-analysis=kernel-resource-usage]
/home/kaden/ClaudeCode/warpfront/wt-fa3/scratch-2026-09-17/Fa3Plan/pingpong.hip:60:1: remark: Function Name: _Z3runILi4ELi1EEvPfPji [-Rpass-analysis=kernel-resource-usage]
/home/kaden/ClaudeCode/warpfront/wt-fa3/scratch-2026-09-17/Fa3Plan/pingpong.hip:60:1: remark:     TotalSGPRs: 10 [-Rpass-analysis=kernel-resource-usage]
/home/kaden/ClaudeCode/warpfront/wt-fa3/scratch-2026-09-17/Fa3Plan/pingpong.hip:60:1: remark:     VGPRs: 161 [-Rpass-analysis=kernel-resource-usage]
/home/kaden/ClaudeCode/warpfront/wt-fa3/scratch-2026-09-17/Fa3Plan/pingpong.hip:60:1: remark:     ScratchSize [bytes/lane]: 0 [-Rpass-analysis=kernel-resource-usage]
/home/kaden/ClaudeCode/warpfront/wt-fa3/scratch-2026-09-17/Fa3Plan/pingpong.hip:60:1: remark:     Dynamic Stack: False [-Rpass-analysis=kernel-resource-usage]
/home/kaden/ClaudeCode/warpfront/wt-fa3/scratch-2026-09-17/Fa3Plan/pingpong.hip:60:1: remark:     Occupancy [waves/SIMD]: 9 [-Rpass-analysis=kernel-resource-usage]
/home/kaden/ClaudeCode/warpfront/wt-fa3/scratch-2026-09-17/Fa3Plan/pingpong.hip:60:1: remark:     SGPRs Spill: 0 [-Rpass-analysis=kernel-resource-usage]
/home/kaden/ClaudeCode/warpfront/wt-fa3/scratch-2026-09-17/Fa3Plan/pingpong.hip:60:1: remark:     VGPRs Spill: 0 [-Rpass-analysis=kernel-resource-usage]
/home/kaden/ClaudeCode/warpfront/wt-fa3/scratch-2026-09-17/Fa3Plan/pingpong.hip:60:1: remark:     LDS Size [bytes/block]: 0 [-Rpass-analysis=kernel-resource-usage]
/home/kaden/ClaudeCode/warpfront/wt-fa3/scratch-2026-09-17/Fa3Plan/pingpong.hip:60:1: remark: Function Name: _Z3runILi5ELi1EEvPfPji [-Rpass-analysis=kernel-resource-usage]
/home/kaden/ClaudeCode/warpfront/wt-fa3/scratch-2026-09-17/Fa3Plan/pingpong.hip:60:1: remark:     TotalSGPRs: 10 [-Rpass-analysis=kernel-resource-usage]
/home/kaden/ClaudeCode/warpfront/wt-fa3/scratch-2026-09-17/Fa3Plan/pingpong.hip:60:1: remark:     VGPRs: 161 [-Rpass-analysis=kernel-resource-usage]
/home/kaden/ClaudeCode/warpfront/wt-fa3/scratch-2026-09-17/Fa3Plan/pingpong.hip:60:1: remark:     ScratchSize [bytes/lane]: 0 [-Rpass-analysis=kernel-resource-usage]
/home/kaden/ClaudeCode/warpfront/wt-fa3/scratch-2026-09-17/Fa3Plan/pingpong.hip:60:1: remark:     Dynamic Stack: False [-Rpass-analysis=kernel-resource-usage]
/home/kaden/ClaudeCode/warpfront/wt-fa3/scratch-2026-09-17/Fa3Plan/pingpong.hip:60:1: remark:     Occupancy [waves/SIMD]: 9 [-Rpass-analysis=kernel-resource-usage]
/home/kaden/ClaudeCode/warpfront/wt-fa3/scratch-2026-09-17/Fa3Plan/pingpong.hip:60:1: remark:     SGPRs Spill: 0 [-Rpass-analysis=kernel-resource-usage]
/home/kaden/ClaudeCode/warpfront/wt-fa3/scratch-2026-09-17/Fa3Plan/pingpong.hip:60:1: remark:     VGPRs Spill: 0 [-Rpass-analysis=kernel-resource-usage]
/home/kaden/ClaudeCode/warpfront/wt-fa3/scratch-2026-09-17/Fa3Plan/pingpong.hip:60:1: remark:     LDS Size [bytes/block]: 0 [-Rpass-analysis=kernel-resource-usage]
/home/kaden/ClaudeCode/warpfront/wt-fa3/scratch-2026-09-17/Fa3Plan/pingpong.hip:60:1: remark: Function Name: _Z3runILi0ELi4EEvPfPji [-Rpass-analysis=kernel-resource-usage]
/home/kaden/ClaudeCode/warpfront/wt-fa3/scratch-2026-09-17/Fa3Plan/pingpong.hip:60:1: remark:     TotalSGPRs: 10 [-Rpass-analysis=kernel-resource-usage]
/home/kaden/ClaudeCode/warpfront/wt-fa3/scratch-2026-09-17/Fa3Plan/pingpong.hip:60:1: remark:     VGPRs: 39 [-Rpass-analysis=kernel-resource-usage]
/home/kaden/ClaudeCode/warpfront/wt-fa3/scratch-2026-09-17/Fa3Plan/pingpong.hip:60:1: remark:     ScratchSize [bytes/lane]: 0 [-Rpass-analysis=kernel-resource-usage]
/home/kaden/ClaudeCode/warpfront/wt-fa3/scratch-2026-09-17/Fa3Plan/pingpong.hip:60:1: remark:     Dynamic Stack: False [-Rpass-analysis=kernel-resource-usage]
/home/kaden/ClaudeCode/warpfront/wt-fa3/scratch-2026-09-17/Fa3Plan/pingpong.hip:60:1: remark:     Occupancy [waves/SIMD]: 16 [-Rpass-analysis=kernel-resource-usage]
/home/kaden/ClaudeCode/warpfront/wt-fa3/scratch-2026-09-17/Fa3Plan/pingpong.hip:60:1: remark:     SGPRs Spill: 0 [-Rpass-analysis=kernel-resource-usage]
/home/kaden/ClaudeCode/warpfront/wt-fa3/scratch-2026-09-17/Fa3Plan/pingpong.hip:60:1: remark:     VGPRs Spill: 0 [-Rpass-analysis=kernel-resource-usage]
/home/kaden/ClaudeCode/warpfront/wt-fa3/scratch-2026-09-17/Fa3Plan/pingpong.hip:60:1: remark:     LDS Size [bytes/block]: 0 [-Rpass-analysis=kernel-resource-usage]
/home/kaden/ClaudeCode/warpfront/wt-fa3/scratch-2026-09-17/Fa3Plan/pingpong.hip:60:1: remark: Function Name: _Z3runILi1ELi4EEvPfPji [-Rpass-analysis=kernel-resource-usage]
/home/kaden/ClaudeCode/warpfront/wt-fa3/scratch-2026-09-17/Fa3Plan/pingpong.hip:60:1: remark:     TotalSGPRs: 10 [-Rpass-analysis=kernel-resource-usage]
/home/kaden/ClaudeCode/warpfront/wt-fa3/scratch-2026-09-17/Fa3Plan/pingpong.hip:60:1: remark:     VGPRs: 161 [-Rpass-analysis=kernel-resource-usage]
/home/kaden/ClaudeCode/warpfront/wt-fa3/scratch-2026-09-17/Fa3Plan/pingpong.hip:60:1: remark:     ScratchSize [bytes/lane]: 0 [-Rpass-analysis=kernel-resource-usage]
/home/kaden/ClaudeCode/warpfront/wt-fa3/scratch-2026-09-17/Fa3Plan/pingpong.hip:60:1: remark:     Dynamic Stack: False [-Rpass-analysis=kernel-resource-usage]
/home/kaden/ClaudeCode/warpfront/wt-fa3/scratch-2026-09-17/Fa3Plan/pingpong.hip:60:1: remark:     Occupancy [waves/SIMD]: 9 [-Rpass-analysis=kernel-resource-usage]
/home/kaden/ClaudeCode/warpfront/wt-fa3/scratch-2026-09-17/Fa3Plan/pingpong.hip:60:1: remark:     SGPRs Spill: 0 [-Rpass-analysis=kernel-resource-usage]
/home/kaden/ClaudeCode/warpfront/wt-fa3/scratch-2026-09-17/Fa3Plan/pingpong.hip:60:1: remark:     VGPRs Spill: 0 [-Rpass-analysis=kernel-resource-usage]
/home/kaden/ClaudeCode/warpfront/wt-fa3/scratch-2026-09-17/Fa3Plan/pingpong.hip:60:1: remark:     LDS Size [bytes/block]: 0 [-Rpass-analysis=kernel-resource-usage]
/home/kaden/ClaudeCode/warpfront/wt-fa3/scratch-2026-09-17/Fa3Plan/pingpong.hip:60:1: remark: Function Name: _Z3runILi2ELi4EEvPfPji [-Rpass-analysis=kernel-resource-usage]
/home/kaden/ClaudeCode/warpfront/wt-fa3/scratch-2026-09-17/Fa3Plan/pingpong.hip:60:1: remark:     TotalSGPRs: 12 [-Rpass-analysis=kernel-resource-usage]
/home/kaden/ClaudeCode/warpfront/wt-fa3/scratch-2026-09-17/Fa3Plan/pingpong.hip:60:1: remark:     VGPRs: 183 [-Rpass-analysis=kernel-resource-usage]
/home/kaden/ClaudeCode/warpfront/wt-fa3/scratch-2026-09-17/Fa3Plan/pingpong.hip:60:1: remark:     ScratchSize [bytes/lane]: 0 [-Rpass-analysis=kernel-resource-usage]
/home/kaden/ClaudeCode/warpfront/wt-fa3/scratch-2026-09-17/Fa3Plan/pingpong.hip:60:1: remark:     Dynamic Stack: False [-Rpass-analysis=kernel-resource-usage]
/home/kaden/ClaudeCode/warpfront/wt-fa3/scratch-2026-09-17/Fa3Plan/pingpong.hip:60:1: remark:     Occupancy [waves/SIMD]: 8 [-Rpass-analysis=kernel-resource-usage]
/home/kaden/ClaudeCode/warpfront/wt-fa3/scratch-2026-09-17/Fa3Plan/pingpong.hip:60:1: remark:     SGPRs Spill: 0 [-Rpass-analysis=kernel-resource-usage]
/home/kaden/ClaudeCode/warpfront/wt-fa3/scratch-2026-09-17/Fa3Plan/pingpong.hip:60:1: remark:     VGPRs Spill: 0 [-Rpass-analysis=kernel-resource-usage]
/home/kaden/ClaudeCode/warpfront/wt-fa3/scratch-2026-09-17/Fa3Plan/pingpong.hip:60:1: remark:     LDS Size [bytes/block]: 0 [-Rpass-analysis=kernel-resource-usage]
/home/kaden/ClaudeCode/warpfront/wt-fa3/scratch-2026-09-17/Fa3Plan/pingpong.hip:60:1: remark: Function Name: _Z3runILi4ELi4EEvPfPji [-Rpass-analysis=kernel-resource-usage]
/home/kaden/ClaudeCode/warpfront/wt-fa3/scratch-2026-09-17/Fa3Plan/pingpong.hip:60:1: remark:     TotalSGPRs: 14 [-Rpass-analysis=kernel-resource-usage]
/home/kaden/ClaudeCode/warpfront/wt-fa3/scratch-2026-09-17/Fa3Plan/pingpong.hip:60:1: remark:     VGPRs: 183 [-Rpass-analysis=kernel-resource-usage]
/home/kaden/ClaudeCode/warpfront/wt-fa3/scratch-2026-09-17/Fa3Plan/pingpong.hip:60:1: remark:     ScratchSize [bytes/lane]: 0 [-Rpass-analysis=kernel-resource-usage]
/home/kaden/ClaudeCode/warpfront/wt-fa3/scratch-2026-09-17/Fa3Plan/pingpong.hip:60:1: remark:     Dynamic Stack: False [-Rpass-analysis=kernel-resource-usage]
/home/kaden/ClaudeCode/warpfront/wt-fa3/scratch-2026-09-17/Fa3Plan/pingpong.hip:60:1: remark:     Occupancy [waves/SIMD]: 8 [-Rpass-analysis=kernel-resource-usage]
/home/kaden/ClaudeCode/warpfront/wt-fa3/scratch-2026-09-17/Fa3Plan/pingpong.hip:60:1: remark:     SGPRs Spill: 0 [-Rpass-analysis=kernel-resource-usage]
/home/kaden/ClaudeCode/warpfront/wt-fa3/scratch-2026-09-17/Fa3Plan/pingpong.hip:60:1: remark:     VGPRs Spill: 0 [-Rpass-analysis=kernel-resource-usage]
/home/kaden/ClaudeCode/warpfront/wt-fa3/scratch-2026-09-17/Fa3Plan/pingpong.hip:60:1: remark:     LDS Size [bytes/block]: 0 [-Rpass-analysis=kernel-resource-usage]
/home/kaden/ClaudeCode/warpfront/wt-fa3/scratch-2026-09-17/Fa3Plan/pingpong.hip:60:1: remark: Function Name: _Z3runILi5ELi4EEvPfPji [-Rpass-analysis=kernel-resource-usage]
/home/kaden/ClaudeCode/warpfront/wt-fa3/scratch-2026-09-17/Fa3Plan/pingpong.hip:60:1: remark:     TotalSGPRs: 12 [-Rpass-analysis=kernel-resource-usage]
/home/kaden/ClaudeCode/warpfront/wt-fa3/scratch-2026-09-17/Fa3Plan/pingpong.hip:60:1: remark:     VGPRs: 183 [-Rpass-analysis=kernel-resource-usage]
/home/kaden/ClaudeCode/warpfront/wt-fa3/scratch-2026-09-17/Fa3Plan/pingpong.hip:60:1: remark:     ScratchSize [bytes/lane]: 0 [-Rpass-analysis=kernel-resource-usage]
/home/kaden/ClaudeCode/warpfront/wt-fa3/scratch-2026-09-17/Fa3Plan/pingpong.hip:60:1: remark:     Dynamic Stack: False [-Rpass-analysis=kernel-resource-usage]
/home/kaden/ClaudeCode/warpfront/wt-fa3/scratch-2026-09-17/Fa3Plan/pingpong.hip:60:1: remark:     Occupancy [waves/SIMD]: 8 [-Rpass-analysis=kernel-resource-usage]
/home/kaden/ClaudeCode/warpfront/wt-fa3/scratch-2026-09-17/Fa3Plan/pingpong.hip:60:1: remark:     SGPRs Spill: 0 [-Rpass-analysis=kernel-resource-usage]
/home/kaden/ClaudeCode/warpfront/wt-fa3/scratch-2026-09-17/Fa3Plan/pingpong.hip:60:1: remark:     VGPRs Spill: 0 [-Rpass-analysis=kernel-resource-usage]
/home/kaden/ClaudeCode/warpfront/wt-fa3/scratch-2026-09-17/Fa3Plan/pingpong.hip:60:1: remark:     LDS Size [bytes/block]: 0 [-Rpass-analysis=kernel-resource-usage]
/home/kaden/ClaudeCode/warpfront/wt-fa3/scratch-2026-09-17/Fa3Plan/pingpong.hip:60:1: remark: Function Name: _Z3runILi3ELi1EEvPfPji [-Rpass-analysis=kernel-resource-usage]
/home/kaden/ClaudeCode/warpfront/wt-fa3/scratch-2026-09-17/Fa3Plan/pingpong.hip:60:1: remark:     TotalSGPRs: 10 [-Rpass-analysis=kernel-resource-usage]
/home/kaden/ClaudeCode/warpfront/wt-fa3/scratch-2026-09-17/Fa3Plan/pingpong.hip:60:1: remark:     VGPRs: 162 [-Rpass-analysis=kernel-resource-usage]
/home/kaden/ClaudeCode/warpfront/wt-fa3/scratch-2026-09-17/Fa3Plan/pingpong.hip:60:1: remark:     ScratchSize [bytes/lane]: 0 [-Rpass-analysis=kernel-resource-usage]
/home/kaden/ClaudeCode/warpfront/wt-fa3/scratch-2026-09-17/Fa3Plan/pingpong.hip:60:1: remark:     Dynamic Stack: False [-Rpass-analysis=kernel-resource-usage]
/home/kaden/ClaudeCode/warpfront/wt-fa3/scratch-2026-09-17/Fa3Plan/pingpong.hip:60:1: remark:     Occupancy [waves/SIMD]: 9 [-Rpass-analysis=kernel-resource-usage]
/home/kaden/ClaudeCode/warpfront/wt-fa3/scratch-2026-09-17/Fa3Plan/pingpong.hip:60:1: remark:     SGPRs Spill: 0 [-Rpass-analysis=kernel-resource-usage]
/home/kaden/ClaudeCode/warpfront/wt-fa3/scratch-2026-09-17/Fa3Plan/pingpong.hip:60:1: remark:     VGPRs Spill: 0 [-Rpass-analysis=kernel-resource-usage]
/home/kaden/ClaudeCode/warpfront/wt-fa3/scratch-2026-09-17/Fa3Plan/pingpong.hip:60:1: remark:     LDS Size [bytes/block]: 0 [-Rpass-analysis=kernel-resource-usage]
/home/kaden/ClaudeCode/warpfront/wt-fa3/scratch-2026-09-17/Fa3Plan/pingpong.hip:60:1: remark: Function Name: _Z3runILi3ELi4EEvPfPji [-Rpass-analysis=kernel-resource-usage]
/home/kaden/ClaudeCode/warpfront/wt-fa3/scratch-2026-09-17/Fa3Plan/pingpong.hip:60:1: remark:     TotalSGPRs: 14 [-Rpass-analysis=kernel-resource-usage]
/home/kaden/ClaudeCode/warpfront/wt-fa3/scratch-2026-09-17/Fa3Plan/pingpong.hip:60:1: remark:     VGPRs: 187 [-Rpass-analysis=kernel-resource-usage]
/home/kaden/ClaudeCode/warpfront/wt-fa3/scratch-2026-09-17/Fa3Plan/pingpong.hip:60:1: remark:     ScratchSize [bytes/lane]: 0 [-Rpass-analysis=kernel-resource-usage]
/home/kaden/ClaudeCode/warpfront/wt-fa3/scratch-2026-09-17/Fa3Plan/pingpong.hip:60:1: remark:     Dynamic Stack: False [-Rpass-analysis=kernel-resource-usage]
/home/kaden/ClaudeCode/warpfront/wt-fa3/scratch-2026-09-17/Fa3Plan/pingpong.hip:60:1: remark:     Occupancy [waves/SIMD]: 8 [-Rpass-analysis=kernel-resource-usage]
/home/kaden/ClaudeCode/warpfront/wt-fa3/scratch-2026-09-17/Fa3Plan/pingpong.hip:60:1: remark:     SGPRs Spill: 0 [-Rpass-analysis=kernel-resource-usage]
/home/kaden/ClaudeCode/warpfront/wt-fa3/scratch-2026-09-17/Fa3Plan/pingpong.hip:60:1: remark:     VGPRs Spill: 0 [-Rpass-analysis=kernel-resource-usage]
/home/kaden/ClaudeCode/warpfront/wt-fa3/scratch-2026-09-17/Fa3Plan/pingpong.hip:60:1: remark:     LDS Size [bytes/block]: 0 [-Rpass-analysis=kernel-resource-usage]
