device=gfx1201 CUs=32 blocks=256 threads=256 iters=256 chains=4 LDS=65536
sample,0,5,2459.487793
sample,0,4,1297.963989
sample,0,3,2553.689941
sample,0,2,2394.088867
sample,0,1,665.042969
sample,0,0,1523.484985
sample,1,0,1519.485962
sample,1,1,660.203003
sample,1,2,2391.809082
sample,1,3,2551.328857
sample,1,4,1291.964111
sample,1,5,2421.607910
sample,2,5,2406.847900
sample,2,4,1288.403931
sample,2,3,2556.208984
sample,2,2,2373.608154
sample,2,1,652.481995
sample,2,0,1498.724976
sample,3,0,1493.405029
sample,3,1,648.281982
sample,3,2,2345.687988
sample,3,3,2525.288086
sample,3,4,1272.444946
sample,3,5,2372.886963
sample,4,5,2367.007080
sample,4,4,1267.723999
sample,4,3,2503.809082
sample,4,2,2321.527100
sample,4,1,642.162048
sample,4,0,1487.844971
sample,5,0,1495.285034
sample,5,1,645.402039
sample,5,2,2297.408203
sample,5,3,2448.528076
sample,5,4,1245.203979
sample,5,5,2354.527100
sample,6,5,2358.728027
sample,6,4,1250.684082
sample,6,3,2438.167969
sample,6,2,2271.086914
sample,6,1,638.642029
sample,6,0,1483.885010
sample,7,0,1480.244995
sample,7,1,637.282043
sample,7,2,2276.727051
sample,7,3,2408.529053
sample,7,4,1218.124023
sample,7,5,2301.886963
sample,8,5,2309.166992
sample,8,4,1230.404053
sample,8,3,2404.808105
sample,8,2,2230.526855
sample,8,1,619.041992
sample,8,0,1433.565063
sample,9,0,1449.645020
sample,9,1,629.481995
sample,9,2,2256.488037
sample,9,3,2399.368164
sample,9,4,1212.524048
sample,9,5,2273.607910
sample,10,5,2279.366943
sample,10,4,1216.724976
sample,10,3,2400.647949
sample,10,2,2222.048096
sample,10,1,611.441956
sample,10,0,1406.644897
sample,11,0,1405.604980
sample,11,1,611.362976
sample,11,2,2222.447998
sample,11,3,2386.008057
sample,11,4,1201.645020
sample,11,5,2246.728027
sample,12,5,2227.248047
sample,12,4,1204.924927
sample,12,3,2373.327881
sample,12,2,2189.407959
sample,12,1,604.401978
sample,12,0,1391.445068
sample,13,0,1394.564941
sample,13,1,604.322021
sample,13,2,2193.648193
sample,13,3,2371.648926
sample,13,4,1196.164062
sample,13,5,2218.408203
sample,14,5,2218.488037
sample,14,4,1181.244995
sample,14,3,2322.768066
sample,14,2,2206.687988
sample,14,1,615.523010
sample,14,0,1408.525024
median,W,1480.244995,min=1391.445068,max=1523.484985
median,V,637.282043,min=604.322021,max=665.042969
median,SERIAL,2271.086914,min=2189.407959,max=2394.088867
median,PING,2408.529053,min=2322.768066,max=2556.208984
median,MIX_HALF,1230.404053,min=1181.244995,max=1297.963989
median,WV,2309.166992,min=2218.408203,max=2459.487793
ratios ping_serial=1.060518 ping_wv=1.043029 mix_serial_est=1.162114 hidden_fraction=-0.538664
hwid block=0 w0=20050c00 w1=20050e00 w2=20050d00 w3=20050f00 w4=20050c01 w5=20050e01 w6=20050d01 w7=20050f01
hwid block=1 w0=20090c00 w1=20090e00 w2=20090d00 w3=20090f00 w4=20090c01 w5=20090e01 w6=20090d01 w7=20090f01
hwid block=2 w0=200d0000 w1=200d0200 w2=200d0100 w3=200d0300 w4=200d0001 w5=200d0201 w6=200d0101 w7=200d0301
hwid block=3 w0=20010800 w1=20010a00 w2=20010900 w3=20010b00 w4=20010801 w5=20010a01 w6=20010901 w7=20010b01
hwid block=4 w0=20040000 w1=20040200 w2=20040100 w3=20040300 w4=20040001 w5=20040201 w6=20040101 w7=20040301
hwid block=5 w0=20080000 w1=20080200 w2=20080100 w3=20080300 w4=20080001 w5=20080201 w6=20080101 w7=20080301
hwid block=6 w0=200d0400 w1=200d0600 w2=200d0500 w3=200d0700 w4=200d0401 w5=200d0601 w6=200d0501 w7=200d0701
hwid block=7 w0=20010c00 w1=20010e00 w2=20010d00 w3=20010f00 w4=20010c01 w5=20010e01 w6=20010d01 w7=20010f01
exact_serial_ping_wv mismatches=0 checksum=8299.90137
