device=gfx1201 CUs=32 blocks=64 threads=256 iters=256 chains=1 LDS=41216
sample,0,5,348.042023
sample,0,4,198.281006
sample,0,3,381.083008
sample,0,2,341.802979
sample,0,1,185.481003
sample,0,0,105.841003
sample,1,0,105.681000
sample,1,1,185.761002
sample,1,2,339.643005
sample,1,3,377.402985
sample,1,4,196.520996
sample,1,5,342.002991
sample,2,5,340.041992
sample,2,4,194.882004
sample,2,3,374.161987
sample,2,2,329.763000
sample,2,1,179.841003
sample,2,0,102.640999
sample,3,0,102.241005
sample,3,1,179.600998
sample,3,2,323.722992
sample,3,3,359.562012
sample,3,4,187.362000
sample,3,5,322.001984
sample,4,5,317.962006
sample,4,4,183.162003
sample,4,3,351.161987
sample,4,2,306.083008
sample,4,1,167.281006
sample,4,0,95.280998
sample,5,0,95.160004
sample,5,1,167.320999
sample,5,2,301.842010
sample,5,3,336.643005
sample,5,4,175.560989
sample,5,5,305.242004
sample,6,5,305.880981
sample,6,4,176.320999
sample,6,3,338.802002
sample,6,2,305.440979
sample,6,1,167.080002
sample,6,0,94.919998
sample,7,0,94.521004
sample,7,1,166.880997
sample,7,2,312.882019
sample,7,3,349.882019
sample,7,4,182.361008
sample,7,5,318.362000
sample,8,5,320.201996
sample,8,4,184.240997
sample,8,3,353.562012
sample,8,2,318.722015
sample,8,1,174.560989
sample,8,0,99.481003
sample,9,0,99.239998
sample,9,1,174.041000
sample,9,2,323.481995
sample,9,3,360.761993
sample,9,4,188.160995
sample,9,5,327.121002
sample,10,5,327.160980
sample,10,4,187.882004
sample,10,3,361.402008
sample,10,2,323.882019
sample,10,1,176.960999
sample,10,0,100.599998
sample,11,0,100.240997
sample,11,1,176.240997
sample,11,2,323.082001
sample,11,3,360.481995
sample,11,4,188.080994
sample,11,5,326.402008
sample,12,5,326.481995
sample,12,4,188.240997
sample,12,3,362.483002
sample,12,2,324.321014
sample,12,1,176.920990
sample,12,0,100.560005
sample,13,0,100.721001
sample,13,1,177.720993
sample,13,2,325.082001
sample,13,3,363.481995
sample,13,4,190.000992
sample,13,5,329.721008
sample,14,5,329.681000
sample,14,4,189.841995
sample,14,3,364.122009
sample,14,2,325.881012
sample,14,1,178.240005
sample,14,0,101.120003
median,W,100.560005,min=94.521004,max=105.841003
median,V,176.920990,min=166.880997,max=185.761002
median,SERIAL,323.722992,min=301.842010,max=341.802979
median,PING,360.761993,min=336.643005,max=381.083008
median,MIX_HALF,188.080994,min=175.560989,max=198.281006
median,WV,326.481995,min=305.242004,max=348.042023
ratios ping_serial=1.114416 ping_wv=1.104998 mix_serial_est=1.355632 hidden_fraction=-0.981315
hwid block=0 w0=20040000 w1=20040200 w2=20040100 w3=20040300 w4=20040001 w5=20040201 w6=20040101 w7=20040301
hwid block=1 w0=20080000 w1=20080200 w2=20080100 w3=20080300 w4=20080001 w5=20080201 w6=20080101 w7=20080301
hwid block=2 w0=200c0000 w1=200c0200 w2=200c0100 w3=200c0300 w4=200c0001 w5=200c0201 w6=200c0101 w7=200c0301
hwid block=3 w0=20000000 w1=20000200 w2=20000100 w3=20000300 w4=20000001 w5=20000201 w6=20000101 w7=20000301
hwid block=4 w0=20040400 w1=20040600 w2=20040500 w3=20040700 w4=20040401 w5=20040601 w6=20040501 w7=20040701
hwid block=5 w0=20080400 w1=20080600 w2=20080500 w3=20080700 w4=20080401 w5=20080601 w6=20080501 w7=20080701
hwid block=6 w0=200c0400 w1=200c0600 w2=200c0500 w3=200c0700 w4=200c0401 w5=200c0601 w6=200c0501 w7=200c0701
hwid block=7 w0=20000400 w1=20000600 w2=20000500 w3=20000700 w4=20000401 w5=20000601 w6=20000501 w7=20000701
exact_serial_ping_wv mismatches=0 checksum=2155.89868
