device=gfx1201 CUs=32 blocks=64 threads=256 iters=256 chains=4 LDS=41216
sample,0,5,615.924011
sample,0,4,326.602997
sample,0,3,622.844971
sample,0,2,572.085022
sample,0,1,171.121002
sample,0,0,358.042999
sample,1,0,357.962982
sample,1,1,170.762009
sample,1,2,575.923950
sample,1,3,620.963989
sample,1,4,329.481995
sample,1,5,613.524963
sample,2,5,621.245056
sample,2,4,339.641998
sample,2,3,650.484985
sample,2,2,612.364990
sample,2,1,183.000992
sample,2,0,383.363007
sample,3,0,384.483002
sample,3,1,181.921005
sample,3,2,610.645020
sample,3,3,650.044983
sample,3,4,338.761993
sample,3,5,626.804993
sample,4,5,624.164978
sample,4,4,337.882996
sample,4,3,653.606018
sample,4,2,613.445007
sample,4,1,183.920990
sample,4,0,382.443024
sample,5,0,380.763000
sample,5,1,180.001999
sample,5,2,610.965027
sample,5,3,648.044983
sample,5,4,342.041992
sample,5,5,633.485046
sample,6,5,634.484985
sample,6,4,342.803009
sample,6,3,664.125977
sample,6,2,627.285034
sample,6,1,188.122009
sample,6,0,394.042999
sample,7,0,392.522980
sample,7,1,185.242004
sample,7,2,624.604980
sample,7,3,662.845032
sample,7,4,347.243011
sample,7,5,639.565002
sample,8,5,638.244995
sample,8,4,345.602997
sample,8,3,658.486023
sample,8,2,618.404968
sample,8,1,183.561996
sample,8,0,385.243011
sample,9,0,381.842987
sample,9,1,179.802002
sample,9,2,612.484985
sample,9,3,652.245972
sample,9,4,344.123016
sample,9,5,639.244995
sample,10,5,639.325989
sample,10,4,345.963013
sample,10,3,666.445007
sample,10,2,626.804993
sample,10,1,184.761993
sample,10,0,392.243011
sample,11,0,391.963013
sample,11,1,185.522003
sample,11,2,633.164978
sample,11,3,668.645020
sample,11,4,349.083008
sample,11,5,640.486023
sample,12,5,639.565002
sample,12,4,344.842987
sample,12,3,658.205994
sample,12,2,616.164978
sample,12,1,179.961990
sample,12,0,382.363007
sample,13,0,382.003021
sample,13,1,180.160995
sample,13,2,613.164001
sample,13,3,651.643982
sample,13,4,342.803009
sample,13,5,638.243958
sample,14,5,640.205017
sample,14,4,350.042999
sample,14,3,668.963989
sample,14,2,633.643982
sample,14,1,189.520996
sample,14,0,390.122009
median,W,383.363007,min=357.962982,max=394.042999
median,V,183.000992,min=170.762009,max=189.520996
median,SERIAL,613.445007,min=572.085022,max=633.643982
median,PING,653.606018,min=620.963989,max=668.963989
median,MIX_HALF,342.803009,min=326.602997,max=350.042999
median,WV,638.243958,min=613.524963,max=640.486023
ratios ping_serial=1.065468 ping_wv=1.024069 mix_serial_est=1.210540 hidden_fraction=-0.651592
hwid block=0 w0=20040400 w1=20040600 w2=20040500 w3=20040700 w4=20040401 w5=20040601 w6=20040501 w7=20040701
hwid block=1 w0=20090c00 w1=20090e00 w2=20090d00 w3=20090f00 w4=20090c01 w5=20090e01 w6=20090d01 w7=20090f01
hwid block=2 w0=200c0000 w1=200c0200 w2=200c0100 w3=200c0300 w4=200c0001 w5=200c0201 w6=200c0101 w7=200c0301
hwid block=3 w0=20010000 w1=20010200 w2=20010100 w3=20010300 w4=20010001 w5=20010201 w6=20010101 w7=20010301
hwid block=4 w0=20040800 w1=20040a00 w2=20040900 w3=20040b00 w4=20040801 w5=20040a01 w6=20040901 w7=20040b01
hwid block=5 w0=20080000 w1=20080200 w2=20080100 w3=20080300 w4=20080001 w5=20080201 w6=20080101 w7=20080301
hwid block=6 w0=200c0400 w1=200c0600 w2=200c0500 w3=200c0700 w4=200c0401 w5=200c0601 w6=200c0501 w7=200c0701
hwid block=7 w0=20010400 w1=20010600 w2=20010500 w3=20010700 w4=20010401 w5=20010601 w6=20010501 w7=20010701
exact_serial_ping_wv mismatches=0 checksum=8299.90137
