device=gfx1201 CUs=32 blocks=256 threads=256 iters=256 chains=4 LDS=41216
sample,0,5,2418.375000
sample,0,4,1265.848022
sample,0,3,2525.536133
sample,0,2,2383.975098
sample,0,1,622.044006
sample,0,0,1560.969971
sample,1,0,1553.890015
sample,1,1,615.963989
sample,1,2,2345.696045
sample,1,3,2495.855957
sample,1,4,1274.247070
sample,1,5,2403.813965
sample,2,5,2401.453857
sample,2,4,1250.486938
sample,2,3,2436.173828
sample,2,2,2341.414062
sample,2,1,620.963989
sample,2,0,1547.289062
sample,3,0,1534.568970
sample,3,1,605.523987
sample,3,2,2318.532959
sample,3,3,2424.494141
sample,3,4,1231.848022
sample,3,5,2351.655029
sample,4,5,2392.175049
sample,4,4,1243.927979
sample,4,3,2434.776123
sample,4,2,2287.895020
sample,4,1,596.804016
sample,4,0,1499.809082
sample,5,0,1503.568970
sample,5,1,599.803955
sample,5,2,2290.775146
sample,5,3,2374.455078
sample,5,4,1204.007080
sample,5,5,2300.054932
sample,6,5,2344.014893
sample,6,4,1237.327026
sample,6,3,2380.534912
sample,6,2,2246.534180
sample,6,1,588.123047
sample,6,0,1491.129028
sample,7,0,1491.289062
sample,7,1,592.643982
sample,7,2,2240.894043
sample,7,3,2370.935059
sample,7,4,1200.526978
sample,7,5,2285.733887
sample,8,5,2312.134033
sample,8,4,1215.088013
sample,8,3,2351.135010
sample,8,2,2226.933838
sample,8,1,579.723022
sample,8,0,1456.048950
sample,9,0,1459.409058
sample,9,1,578.763000
sample,9,2,2216.134033
sample,9,3,2346.334961
sample,9,4,1185.086914
sample,9,5,2275.455078
sample,10,5,2253.854004
sample,10,4,1165.927002
sample,10,3,2297.733154
sample,10,2,2211.013184
sample,10,1,581.442993
sample,10,0,1463.488037
sample,11,0,1454.769043
sample,11,1,573.924011
sample,11,2,2172.213135
sample,11,3,2303.253906
sample,11,4,1188.207031
sample,11,5,2246.812988
sample,12,5,2230.532959
sample,12,4,1161.607056
sample,12,3,2284.653809
sample,12,2,2187.853027
sample,12,1,579.843994
sample,12,0,1463.127930
sample,13,0,1440.167969
sample,13,1,569.924011
sample,13,2,2150.492920
sample,13,3,2252.613037
sample,13,4,1148.726929
sample,13,5,2218.734131
sample,14,5,2229.772949
sample,14,4,1158.406982
sample,14,3,2248.493896
sample,14,2,2145.613037
sample,14,1,569.163025
sample,14,0,1432.568970
median,W,1491.129028,min=1432.568970,max=1560.969971
median,V,588.123047,min=569.163025,max=622.044006
median,SERIAL,2240.894043,min=2145.613037,max=2383.975098
median,PING,2370.935059,min=2248.493896,max=2525.536133
median,MIX_HALF,1204.007080,min=1148.726929,max=1274.247070
median,WV,2300.054932,min=2218.734131,max=2418.375000
ratios ping_serial=1.058031 ping_wv=1.030817 mix_serial_est=1.158116 hidden_fraction=-0.559002
hwid block=0 w0=20090c00 w1=20090e00 w2=20090d00 w3=20090f00 w4=20090c01 w5=20090e01 w6=20090d01 w7=20090f01
hwid block=1 w0=200c0800 w1=200c0a00 w2=200c0900 w3=200c0b00 w4=200c0801 w5=200c0a01 w6=200c0901 w7=200c0b01
hwid block=2 w0=20010800 w1=20010a00 w2=20010900 w3=20010b00 w4=20010801 w5=20010a01 w6=20010901 w7=20010b01
hwid block=3 w0=20040000 w1=20040200 w2=20040100 w3=20040300 w4=20040001 w5=20040201 w6=20040101 w7=20040301
hwid block=4 w0=20080000 w1=20080200 w2=20080100 w3=20080300 w4=20080001 w5=20080201 w6=20080101 w7=20080301
hwid block=5 w0=200c0c00 w1=200c0e00 w2=200c0d00 w3=200c0f00 w4=200c0c01 w5=200c0e01 w6=200c0d01 w7=200c0f01
hwid block=6 w0=20010c00 w1=20010e00 w2=20010d00 w3=20010f00 w4=20010c01 w5=20010e01 w6=20010d01 w7=20010f01
hwid block=7 w0=20040400 w1=20040600 w2=20040500 w3=20040700 w4=20040401 w5=20040601 w6=20040501 w7=20040701
exact_serial_ping_wv mismatches=0 checksum=8299.90137
