device=gfx1201 CUs=32 blocks=256 threads=256 iters=256 chains=1 LDS=65536
sample,0,5,1267.644043
sample,0,4,741.603027
sample,0,3,1450.045044
sample,0,2,1274.566040
sample,0,1,651.961975
sample,0,0,385.482025
sample,1,0,385.161011
sample,1,1,654.721985
sample,1,2,1287.284912
sample,1,3,1471.446045
sample,1,4,753.283020
sample,1,5,1289.405029
sample,2,5,1282.364990
sample,2,4,744.159973
sample,2,3,1457.520020
sample,2,2,1278.801025
sample,2,1,654.520996
sample,2,0,386.839996
sample,3,0,386.839996
sample,3,1,653.520996
sample,3,2,1284.839966
sample,3,3,1454.601074
sample,3,4,740.721008
sample,3,5,1267.720947
sample,4,5,1268.000000
sample,4,4,739.480957
sample,4,3,1447.441040
sample,4,2,1285.760986
sample,4,1,657.760010
sample,4,0,388.199982
sample,5,0,387.721008
sample,5,1,656.480042
sample,5,2,1281.242920
sample,5,3,1449.882935
sample,5,4,738.882019
sample,5,5,1262.004028
sample,6,5,1260.203003
sample,6,4,736.281982
sample,6,3,1446.563965
sample,6,2,1293.683105
sample,6,1,661.680969
sample,6,0,390.161011
sample,7,0,387.441010
sample,7,1,654.921997
sample,7,2,1268.244019
sample,7,3,1434.723022
sample,7,4,731.921997
sample,7,5,1267.963013
sample,8,5,1267.562988
sample,8,4,732.481995
sample,8,3,1419.684082
sample,8,2,1243.283081
sample,8,1,636.081970
sample,8,0,376.920990
sample,9,0,377.041016
sample,9,1,639.601013
sample,9,2,1262.241943
sample,9,3,1436.521973
sample,9,4,734.480957
sample,9,5,1258.281982
sample,10,5,1244.881958
sample,10,4,718.122009
sample,10,3,1401.082031
sample,10,2,1237.082031
sample,10,1,634.960999
sample,10,0,374.321014
sample,11,0,374.000000
sample,11,1,635.440979
sample,11,2,1246.361938
sample,11,3,1432.041992
sample,11,4,732.680969
sample,11,5,1267.082031
sample,12,5,1254.243042
sample,12,4,724.000977
sample,12,3,1410.362061
sample,12,2,1228.281982
sample,12,1,625.120972
sample,12,0,368.200989
sample,13,0,366.919983
sample,13,1,621.720947
sample,13,2,1222.761963
sample,13,3,1392.842041
sample,13,4,712.401001
sample,13,5,1228.122925
sample,14,5,1225.682983
sample,14,4,712.122009
sample,14,3,1392.843994
sample,14,2,1225.044067
sample,14,1,629.001953
sample,14,0,370.882019
median,W,385.161011,min=366.919983,max=390.161011
median,V,651.961975,min=621.720947,max=661.680969
median,SERIAL,1268.244019,min=1222.761963,max=1293.683105
median,PING,1436.521973,min=1392.842041,max=1471.446045
median,MIX_HALF,734.480957,min=712.122009,max=753.283020
median,WV,1267.082031,min=1225.682983,max=1289.405029
ratios ping_serial=1.132686 ping_wv=1.133725 mix_serial_est=1.416382 hidden_fraction=-1.121191
hwid block=0 w0=20090000 w1=20090200 w2=20090100 w3=20090300 w4=20090001 w5=20090201 w6=20090101 w7=20090301
hwid block=1 w0=200c0000 w1=200c0200 w2=200c0100 w3=200c0300 w4=200c0001 w5=200c0201 w6=200c0101 w7=200c0301
hwid block=2 w0=20010c00 w1=20010e00 w2=20010d00 w3=20010f00 w4=20010c01 w5=20010e01 w6=20010d01 w7=20010f01
hwid block=3 w0=20050000 w1=20050200 w2=20050100 w3=20050300 w4=20050001 w5=20050201 w6=20050101 w7=20050301
hwid block=4 w0=20090400 w1=20090600 w2=20090500 w3=20090700 w4=20090401 w5=20090601 w6=20090501 w7=20090701
hwid block=5 w0=200c0400 w1=200c0600 w2=200c0500 w3=200c0700 w4=200c0401 w5=200c0601 w6=200c0501 w7=200c0701
hwid block=6 w0=20000000 w1=20000200 w2=20000100 w3=20000300 w4=20000001 w5=20000201 w6=20000101 w7=20000301
hwid block=7 w0=20050400 w1=20050600 w2=20050500 w3=20050700 w4=20050401 w5=20050601 w6=20050501 w7=20050701
exact_serial_ping_wv mismatches=0 checksum=2155.89868
