device=gfx1201 CUs=32 blocks=64 threads=256 iters=256 chains=1 LDS=65536
sample,0,5,342.278015
sample,0,4,196.598999
sample,0,3,375.558990
sample,0,2,336.600006
sample,0,1,183.838989
sample,0,0,105.080002
sample,1,0,104.520004
sample,1,1,183.358994
sample,1,2,335.039001
sample,1,3,373.878998
sample,1,4,194.600006
sample,1,5,337.598999
sample,2,5,337.199005
sample,2,4,192.200012
sample,2,3,368.759003
sample,2,2,330.438995
sample,2,1,177.720001
sample,2,0,100.999001
sample,3,0,101.120003
sample,3,1,177.880005
sample,3,2,325.399017
sample,3,3,358.878998
sample,3,4,185.800003
sample,3,5,322.039978
sample,4,5,317.639008
sample,4,4,181.399002
sample,4,3,347.279999
sample,4,2,311.080017
sample,4,1,166.279999
sample,4,0,94.480003
sample,5,0,94.238998
sample,5,1,165.959991
sample,5,2,303.519989
sample,5,3,336.959015
sample,5,4,176.000000
sample,5,5,304.438995
sample,6,5,305.599976
sample,6,4,176.679993
sample,6,3,338.838989
sample,6,2,303.160004
sample,6,1,170.039001
sample,6,0,96.680000
sample,7,0,95.959999
sample,7,1,169.440002
sample,7,2,310.438995
sample,7,3,350.039978
sample,7,4,182.759003
sample,7,5,316.639984
sample,8,5,321.718994
sample,8,4,186.039993
sample,8,3,356.720001
sample,8,2,320.439026
sample,8,1,177.800003
sample,8,0,101.239998
sample,9,0,101.079002
sample,9,1,177.520004
sample,9,2,325.040009
sample,9,3,363.718994
sample,9,4,189.559998
sample,9,5,329.638977
sample,10,5,329.519989
sample,10,4,189.279007
sample,10,3,363.480011
sample,10,2,323.920013
sample,10,1,177.279999
sample,10,0,100.999992
sample,11,0,100.479996
sample,11,1,176.880005
sample,11,2,323.078979
sample,11,3,360.359985
sample,11,4,187.959991
sample,11,5,325.760010
sample,12,5,325.798981
sample,12,4,187.759995
sample,12,3,360.119995
sample,12,2,321.559998
sample,12,1,175.880005
sample,12,0,99.719002
sample,13,0,99.840004
sample,13,1,175.800003
sample,13,2,320.360016
sample,13,3,357.839996
sample,13,4,186.799011
sample,13,5,323.879974
sample,14,5,323.680023
sample,14,4,186.559998
sample,14,3,359.039001
sample,14,2,321.799988
sample,14,1,175.840012
sample,14,0,99.680000
median,W,100.479996,min=94.238998,max=105.080002
median,V,176.880005,min=165.959991,max=183.838989
median,SERIAL,321.799988,min=303.160004,max=336.600006
median,PING,359.039001,min=336.959015,max=375.558990
median,MIX_HALF,186.799011,min=176.000000,max=196.598999
median,WV,323.879974,min=304.438995,max=342.278015
ratios ping_serial=1.115721 ping_wv=1.108556 mix_serial_est=1.346979 hidden_fraction=-0.957783
hwid block=0 w0=20050c00 w1=20050e00 w2=20050d00 w3=20050f00 w4=20050c01 w5=20050e01 w6=20050d01 w7=20050f01
hwid block=1 w0=20090800 w1=20090a00 w2=20090900 w3=20090b00 w4=20090801 w5=20090a01 w6=20090901 w7=20090b01
hwid block=2 w0=200d0800 w1=200d0a00 w2=200d0900 w3=200d0b00 w4=200d0801 w5=200d0a01 w6=200d0901 w7=200d0b01
hwid block=3 w0=20010800 w1=20010a00 w2=20010900 w3=20010b00 w4=20010801 w5=20010a01 w6=20010901 w7=20010b01
hwid block=4 w0=20040000 w1=20040200 w2=20040100 w3=20040300 w4=20040001 w5=20040201 w6=20040101 w7=20040301
hwid block=5 w0=20090c00 w1=20090e00 w2=20090d00 w3=20090f00 w4=20090c01 w5=20090e01 w6=20090d01 w7=20090f01
hwid block=6 w0=200d0c00 w1=200d0e00 w2=200d0d00 w3=200d0f00 w4=200d0c01 w5=200d0e01 w6=200d0d01 w7=200d0f01
hwid block=7 w0=20010c00 w1=20010e00 w2=20010d00 w3=20010f00 w4=20010c01 w5=20010e01 w6=20010d01 w7=20010f01
exact_serial_ping_wv mismatches=0 checksum=2155.89868
