device=gfx1201 CUs=32 blocks=1 threads=256 iters=256 chains=1 LDS=65536
sample,0,5,231.718002
sample,0,4,145.559998
sample,0,3,278.479004
sample,0,2,226.000000
sample,0,1,125.038994
sample,0,0,95.320000
sample,1,0,95.279999
sample,1,1,124.839996
sample,1,2,226.319000
sample,1,3,278.959991
sample,1,4,145.759003
sample,1,5,231.439987
sample,2,5,231.198990
sample,2,4,145.440002
sample,2,3,278.558990
sample,2,2,225.839996
sample,2,1,124.559998
sample,2,0,94.878998
sample,3,0,94.959999
sample,3,1,124.559998
sample,3,2,225.839005
sample,3,3,278.399994
sample,3,4,145.600006
sample,3,5,231.560013
sample,4,5,231.360001
sample,4,4,145.639999
sample,4,3,276.720001
sample,4,2,224.039001
sample,4,1,123.839996
sample,4,0,94.320000
sample,5,0,94.319000
sample,5,1,123.400002
sample,5,2,220.880005
sample,5,3,272.399017
sample,5,4,142.120010
sample,5,5,225.878998
sample,6,5,222.240005
sample,6,4,139.360001
sample,6,3,266.640991
sample,6,2,216.240997
sample,6,1,119.520996
sample,6,0,91.080002
sample,7,0,88.641006
sample,7,1,116.439995
sample,7,2,210.960999
sample,7,3,259.880981
sample,7,4,135.921005
sample,7,5,210.801010
sample,8,5,210.721008
sample,8,4,132.440002
sample,8,3,253.600983
sample,8,2,202.960999
sample,8,1,110.361000
sample,8,0,84.119995
sample,9,0,84.160995
sample,9,1,110.320000
sample,9,2,199.681000
sample,9,3,245.441010
sample,9,4,124.721001
sample,9,5,198.201004
sample,10,5,198.320007
sample,10,4,124.681000
sample,10,3,238.520996
sample,10,2,190.440994
sample,10,1,105.439995
sample,10,0,80.521004
sample,11,0,80.480003
sample,11,1,105.401001
sample,11,2,190.401001
sample,11,3,234.761002
sample,11,4,122.840004
sample,11,5,195.121002
sample,12,5,195.121002
sample,12,4,122.639999
sample,12,3,234.721008
sample,12,2,190.800995
sample,12,1,105.681000
sample,12,0,80.680000
sample,13,0,80.440994
sample,13,1,105.439995
sample,13,2,190.681000
sample,13,3,235.440994
sample,13,4,123.520004
sample,13,5,196.239990
sample,14,5,196.481003
sample,14,4,123.681000
sample,14,3,236.041000
sample,14,2,191.720001
sample,14,1,106.440002
sample,14,0,81.160004
median,W,88.641006,min=80.440994,max=95.320000
median,V,116.439995,min=105.401001,max=125.038994
median,SERIAL,210.960999,min=190.401001,max=226.319000
median,PING,259.880981,min=234.721008,max=278.959991
median,MIX_HALF,135.921005,min=122.639999,max=145.759003
median,WV,210.801010,min=195.121002,max=231.718002
ratios ping_serial=1.231891 ping_wv=1.232826 mix_serial_est=1.325535 hidden_fraction=-0.753162
hwid block=0 w0=200d0400 w1=200d0600 w2=200d0500 w3=200d0700 w4=200d0401 w5=200d0601 w6=200d0501 w7=200d0701
exact_serial_ping_wv mismatches=0 checksum=2155.89868
