device=gfx1201 CUs=32 blocks=256 threads=256 iters=256 chains=1 LDS=41216
sample,0,5,1194.129883
sample,0,4,663.927002
sample,0,3,1304.532104
sample,0,2,1220.812012
sample,0,1,622.605957
sample,0,0,448.803986
sample,1,0,449.084991
sample,1,1,623.925964
sample,1,2,1227.051025
sample,1,3,1320.453003
sample,1,4,670.406006
sample,1,5,1207.890991
sample,2,5,1210.571045
sample,2,4,673.645996
sample,2,3,1339.808960
sample,2,2,1240.968018
sample,2,1,627.924988
sample,2,0,449.683014
sample,3,0,449.483002
sample,3,1,620.604004
sample,3,2,1222.689087
sample,3,3,1321.848999
sample,3,4,668.285034
sample,3,5,1208.768921
sample,4,5,1212.328003
sample,4,4,674.924988
sample,4,3,1333.410034
sample,4,2,1229.647949
sample,4,1,620.284973
sample,4,0,447.562988
sample,5,0,447.362976
sample,5,1,617.924988
sample,5,2,1227.328979
sample,5,3,1323.565918
sample,5,4,669.242981
sample,5,5,1208.925903
sample,6,5,1205.765991
sample,6,4,666.164001
sample,6,3,1315.567017
sample,6,2,1231.125977
sample,6,1,630.123047
sample,6,0,454.162994
sample,7,0,452.601990
sample,7,1,627.162964
sample,7,2,1224.885986
sample,7,3,1310.765991
sample,7,4,660.963989
sample,7,5,1193.446045
sample,8,5,1204.365967
sample,8,4,670.442993
sample,8,3,1315.207031
sample,8,2,1208.045898
sample,8,1,609.242981
sample,8,0,438.601990
sample,9,0,437.082001
sample,9,1,606.002991
sample,9,2,1202.645996
sample,9,3,1297.528076
sample,9,4,660.484009
sample,9,5,1196.328003
sample,10,5,1190.848022
sample,10,4,656.763977
sample,10,3,1292.167969
sample,10,2,1195.166992
sample,10,1,605.643982
sample,10,0,436.203003
sample,11,0,440.362976
sample,11,1,608.964050
sample,11,2,1202.807983
sample,11,3,1300.328979
sample,11,4,661.444031
sample,11,5,1193.967896
sample,12,5,1182.207886
sample,12,4,655.124023
sample,12,3,1286.689087
sample,12,2,1192.207031
sample,12,1,605.564026
sample,12,0,435.561981
sample,13,0,438.562988
sample,13,1,606.683960
sample,13,2,1186.527954
sample,13,3,1275.169067
sample,13,4,649.963989
sample,13,5,1177.608032
sample,14,5,1169.487061
sample,14,4,648.644958
sample,14,3,1277.208008
sample,14,2,1187.965942
sample,14,1,606.922974
sample,14,0,437.203003
median,W,447.362976,min=435.561981,max=454.162994
median,V,617.924988,min=605.564026,max=630.123047
median,SERIAL,1220.812012,min=1186.527954,max=1240.968018
median,PING,1310.765991,min=1275.169067,max=1339.808960
median,MIX_HALF,663.927002,min=648.644958,max=674.924988
median,WV,1196.328003,min=1169.487061,max=1212.328003
ratios ping_serial=1.073684 ping_wv=1.095658 mix_serial_est=1.246474 hidden_fraction=-0.586919
hwid block=0 w0=20080000 w1=20080200 w2=20080100 w3=20080300 w4=20080001 w5=20080201 w6=20080101 w7=20080301
hwid block=1 w0=200d0000 w1=200d0200 w2=200d0100 w3=200d0300 w4=200d0001 w5=200d0201 w6=200d0101 w7=200d0301
hwid block=2 w0=20010000 w1=20010200 w2=20010100 w3=20010300 w4=20010001 w5=20010201 w6=20010101 w7=20010301
hwid block=3 w0=20050800 w1=20050a00 w2=20050900 w3=20050b00 w4=20050801 w5=20050a01 w6=20050901 w7=20050b01
hwid block=4 w0=20080400 w1=20080600 w2=20080500 w3=20080700 w4=20080401 w5=20080601 w6=20080501 w7=20080701
hwid block=5 w0=200d0400 w1=200d0600 w2=200d0500 w3=200d0700 w4=200d0401 w5=200d0601 w6=200d0501 w7=200d0701
hwid block=6 w0=20010400 w1=20010600 w2=20010500 w3=20010700 w4=20010401 w5=20010601 w6=20010501 w7=20010701
hwid block=7 w0=20050c00 w1=20050e00 w2=20050d00 w3=20050f00 w4=20050c01 w5=20050e01 w6=20050d01 w7=20050f01
exact_serial_ping_wv mismatches=0 checksum=2155.89868
