device=gfx1201 CUs=32 blocks=64 threads=256 iters=256 chains=4 LDS=65536
sample,0,5,605.041016
sample,0,4,324.721008
sample,0,3,612.161987
sample,0,2,572.800964
sample,0,1,171.039993
sample,0,0,357.960999
sample,1,0,358.681000
sample,1,1,174.520996
sample,1,2,581.361023
sample,1,3,626.082031
sample,1,4,330.520996
sample,1,5,616.082031
sample,2,5,617.761963
sample,2,4,340.880981
sample,2,3,656.602051
sample,2,2,625.240967
sample,2,1,186.401001
sample,2,0,396.121002
sample,3,0,397.760986
sample,3,1,189.281006
sample,3,2,629.441956
sample,3,3,667.401978
sample,3,4,347.600006
sample,3,5,645.560974
sample,4,5,642.401001
sample,4,4,344.881012
sample,4,3,658.402039
sample,4,2,615.281006
sample,4,1,182.720001
sample,4,0,383.121002
sample,5,0,381.800995
sample,5,1,182.320999
sample,5,2,614.121033
sample,5,3,653.520996
sample,5,4,341.360992
sample,5,5,635.000977
sample,6,5,637.561035
sample,6,4,344.960999
sample,6,3,659.000977
sample,6,2,614.961975
sample,6,1,184.760010
sample,6,0,382.360992
sample,7,0,380.800995
sample,7,1,179.839996
sample,7,2,612.361023
sample,7,3,652.401978
sample,7,4,345.800995
sample,7,5,641.040955
sample,8,5,647.521973
sample,8,4,350.160980
sample,8,3,673.122009
sample,8,2,628.162048
sample,8,1,186.720993
sample,8,0,390.321991
sample,9,0,387.641022
sample,9,1,183.440994
sample,9,2,617.682007
sample,9,3,656.002991
sample,9,4,343.520996
sample,9,5,635.402039
sample,10,5,633.882996
sample,10,4,343.001007
sample,10,3,654.122009
sample,10,2,612.523010
sample,10,1,181.080002
sample,10,0,380.682007
sample,11,0,379.561005
sample,11,1,180.041000
sample,11,2,614.561951
sample,11,3,660.843018
sample,11,4,349.200989
sample,11,5,646.041992
sample,12,5,647.762024
sample,12,4,348.960999
sample,12,3,661.843018
sample,12,2,623.642029
sample,12,1,184.081009
sample,12,0,388.161011
sample,13,0,385.082001
sample,13,1,184.119995
sample,13,2,615.683044
sample,13,3,654.242004
sample,13,4,342.601013
sample,13,5,631.921021
sample,14,5,628.841003
sample,14,4,340.080994
sample,14,3,647.800964
sample,14,2,608.241028
sample,14,1,181.080002
sample,14,0,377.281006
median,W,382.360992,min=357.960999,max=397.760986
median,V,182.720001,min=171.039993,max=189.281006
median,SERIAL,614.961975,min=572.800964,max=629.441956
median,PING,656.002991,min=612.161987,max=673.122009
median,MIX_HALF,343.520996,min=324.721008,max=350.160980
median,WV,635.402039,min=605.041016,max=647.762024
ratios ping_serial=1.066737 ping_wv=1.032422 mix_serial_est=1.215829 hidden_fraction=-0.667475
hwid block=0 w0=20040c00 w1=20040e00 w2=20040d00 w3=20040f00 w4=20040c01 w5=20040e01 w6=20040d01 w7=20040f01
hwid block=1 w0=20080400 w1=20080600 w2=20080500 w3=20080700 w4=20080401 w5=20080601 w6=20080501 w7=20080701
hwid block=2 w0=200d0800 w1=200d0a00 w2=200d0900 w3=200d0b00 w4=200d0801 w5=200d0a01 w6=200d0901 w7=200d0b01
hwid block=3 w0=20000800 w1=20000a00 w2=20000900 w3=20000b00 w4=20000801 w5=20000a01 w6=20000901 w7=20000b01
hwid block=4 w0=20050000 w1=20050200 w2=20050100 w3=20050300 w4=20050001 w5=20050201 w6=20050101 w7=20050301
hwid block=5 w0=20080800 w1=20080a00 w2=20080900 w3=20080b00 w4=20080801 w5=20080a01 w6=20080901 w7=20080b01
hwid block=6 w0=200d0c00 w1=200d0e00 w2=200d0d00 w3=200d0f00 w4=200d0c01 w5=200d0e01 w6=200d0d01 w7=200d0f01
hwid block=7 w0=20000c00 w1=20000e00 w2=20000d00 w3=20000f00 w4=20000c01 w5=20000e01 w6=20000d01 w7=20000f01
exact_serial_ping_wv mismatches=0 checksum=8299.90137
