new.cu:751:1: remark: Function Name: attention_q8_0_fa2_gqa_gfx1201 [-Rpass-analysis=kernel-resource-usage]
  751 | {
      | ^
new.cu:751:1: remark:     TotalSGPRs: 27 [-Rpass-analysis=kernel-resource-usage]
new.cu:751:1: remark:     VGPRs: 238 [-Rpass-analysis=kernel-resource-usage]
new.cu:751:1: remark:     ScratchSize [bytes/lane]: 0 [-Rpass-analysis=kernel-resource-usage]
new.cu:751:1: remark:     Dynamic Stack: False [-Rpass-analysis=kernel-resource-usage]
new.cu:751:1: remark:     Occupancy [waves/SIMD]: 6 [-Rpass-analysis=kernel-resource-usage]
new.cu:751:1: remark:     SGPRs Spill: 0 [-Rpass-analysis=kernel-resource-usage]
new.cu:751:1: remark:     VGPRs Spill: 0 [-Rpass-analysis=kernel-resource-usage]
new.cu:751:1: remark:     LDS Size [bytes/block]: 0 [-Rpass-analysis=kernel-resource-usage]
new.cu:808:1: remark: Function Name: attention_fa2_q_preconvert_gfx1201 [-Rpass-analysis=kernel-resource-usage]
  808 | {
      | ^
new.cu:808:1: remark:     TotalSGPRs: 6 [-Rpass-analysis=kernel-resource-usage]
new.cu:808:1: remark:     VGPRs: 13 [-Rpass-analysis=kernel-resource-usage]
new.cu:808:1: remark:     ScratchSize [bytes/lane]: 0 [-Rpass-analysis=kernel-resource-usage]
new.cu:808:1: remark:     Dynamic Stack: False [-Rpass-analysis=kernel-resource-usage]
new.cu:808:1: remark:     Occupancy [waves/SIMD]: 16 [-Rpass-analysis=kernel-resource-usage]
new.cu:808:1: remark:     SGPRs Spill: 0 [-Rpass-analysis=kernel-resource-usage]
new.cu:808:1: remark:     VGPRs Spill: 0 [-Rpass-analysis=kernel-resource-usage]
new.cu:808:1: remark:     LDS Size [bytes/block]: 0 [-Rpass-analysis=kernel-resource-usage]
new.cu:897:1: remark: Function Name: attention_q8_0_fa2_gqa_partial_gfx1201 [-Rpass-analysis=kernel-resource-usage]
  897 | {
      | ^
new.cu:897:1: remark:     TotalSGPRs: 30 [-Rpass-analysis=kernel-resource-usage]
new.cu:897:1: remark:     VGPRs: 239 [-Rpass-analysis=kernel-resource-usage]
new.cu:897:1: remark:     ScratchSize [bytes/lane]: 0 [-Rpass-analysis=kernel-resource-usage]
new.cu:897:1: remark:     Dynamic Stack: False [-Rpass-analysis=kernel-resource-usage]
new.cu:897:1: remark:     Occupancy [waves/SIMD]: 6 [-Rpass-analysis=kernel-resource-usage]
new.cu:897:1: remark:     SGPRs Spill: 0 [-Rpass-analysis=kernel-resource-usage]
new.cu:897:1: remark:     VGPRs Spill: 0 [-Rpass-analysis=kernel-resource-usage]
new.cu:897:1: remark:     LDS Size [bytes/block]: 0 [-Rpass-analysis=kernel-resource-usage]
new.cu:937:1: remark: Function Name: attention_q8_0_fa2_gqa_merge_gfx1201 [-Rpass-analysis=kernel-resource-usage]
  937 | {
      | ^
new.cu:937:1: remark:     TotalSGPRs: 10 [-Rpass-analysis=kernel-resource-usage]
new.cu:937:1: remark:     VGPRs: 17 [-Rpass-analysis=kernel-resource-usage]
new.cu:937:1: remark:     ScratchSize [bytes/lane]: 0 [-Rpass-analysis=kernel-resource-usage]
new.cu:937:1: remark:     Dynamic Stack: False [-Rpass-analysis=kernel-resource-usage]
new.cu:937:1: remark:     Occupancy [waves/SIMD]: 16 [-Rpass-analysis=kernel-resource-usage]
new.cu:937:1: remark:     SGPRs Spill: 0 [-Rpass-analysis=kernel-resource-usage]
new.cu:937:1: remark:     VGPRs Spill: 0 [-Rpass-analysis=kernel-resource-usage]
new.cu:937:1: remark:     LDS Size [bytes/block]: 0 [-Rpass-analysis=kernel-resource-usage]
