[s4] host f32->f16 conversion self-test ok
GPU dev 0: gfx1100 (25.8 GB VRAM, HIP 7.15)
  pre-compiled kernels: .hipfire_kernels/gfx1100
[s4] arch gfx1100 confirmed exact gfx1100
  p1 nh=32x128 n=1 awq=false: producer F16 memcmp ok (4096 words)
  p1 nh=32x128 n=1 awq=false: residual-output memcmp ok (256 words)
  p1 nh=32x128 n=8 awq=false: producer F16 memcmp ok (32768 words)
  p1 nh=32x128 n=8 awq=false: residual-output memcmp ok (2048 words)
  p1 nh=32x128 n=16 awq=false: producer F16 memcmp ok (65536 words)
  p1 nh=32x128 n=16 awq=false: residual-output memcmp ok (4096 words)
  p1 nh=32x128 n=1 awq=true: producer F16 memcmp ok (4096 words)
  p1 nh=32x128 n=1 awq=true: residual-output memcmp ok (256 words)
  p1 nh=32x128 n=8 awq=true: producer F16 memcmp ok (32768 words)
  p1 nh=32x128 n=8 awq=true: residual-output memcmp ok (2048 words)
  p1 nh=32x128 n=16 awq=true: producer F16 memcmp ok (65536 words)
  p1 nh=32x128 n=16 awq=true: residual-output memcmp ok (4096 words)
  p1 nh=48x128 n=1 awq=false: producer F16 memcmp ok (6144 words)
  p1 nh=48x128 n=1 awq=false: residual-output memcmp ok (256 words)
  p1 nh=48x128 n=8 awq=false: producer F16 memcmp ok (49152 words)
  p1 nh=48x128 n=8 awq=false: residual-output memcmp ok (2048 words)
  p1 nh=48x128 n=16 awq=false: producer F16 memcmp ok (98304 words)
  p1 nh=48x128 n=16 awq=false: residual-output memcmp ok (4096 words)
  p1 nh=48x128 n=1 awq=true: producer F16 memcmp ok (6144 words)
  p1 nh=48x128 n=1 awq=true: residual-output memcmp ok (256 words)
  p1 nh=48x128 n=8 awq=true: producer F16 memcmp ok (49152 words)
  p1 nh=48x128 n=8 awq=true: residual-output memcmp ok (2048 words)
  p1 nh=48x128 n=16 awq=true: producer F16 memcmp ok (98304 words)
  p1 nh=48x128 n=16 awq=true: residual-output memcmp ok (4096 words)
  p2 K=4096 n=1 awq=false: producer F16 memcmp ok (4096 words)
  p2 K=4096 n=1 awq=false: residual-output memcmp ok (256 words)
  p2 K=4096 n=8 awq=false: producer F16 memcmp ok (32768 words)
  p2 K=4096 n=8 awq=false: residual-output memcmp ok (2048 words)
  p2 K=4096 n=16 awq=false: producer F16 memcmp ok (65536 words)
  p2 K=4096 n=16 awq=false: residual-output memcmp ok (4096 words)
  p2 K=4096 n=1 awq=true: producer F16 memcmp ok (4096 words)
  p2 K=4096 n=1 awq=true: residual-output memcmp ok (256 words)
  p2 K=4096 n=8 awq=true: producer F16 memcmp ok (32768 words)
  p2 K=4096 n=8 awq=true: residual-output memcmp ok (2048 words)
  p2 K=4096 n=16 awq=true: producer F16 memcmp ok (65536 words)
  p2 K=4096 n=16 awq=true: residual-output memcmp ok (4096 words)
  p2 K=6144 n=1 awq=false: producer F16 memcmp ok (6144 words)
  p2 K=6144 n=1 awq=false: residual-output memcmp ok (256 words)
  p2 K=6144 n=8 awq=false: producer F16 memcmp ok (49152 words)
  p2 K=6144 n=8 awq=false: residual-output memcmp ok (2048 words)
  p2 K=6144 n=16 awq=false: producer F16 memcmp ok (98304 words)
  p2 K=6144 n=16 awq=false: residual-output memcmp ok (4096 words)
  p2 K=6144 n=1 awq=true: producer F16 memcmp ok (6144 words)
  p2 K=6144 n=1 awq=true: residual-output memcmp ok (256 words)
  p2 K=6144 n=8 awq=true: producer F16 memcmp ok (49152 words)
  p2 K=6144 n=8 awq=true: residual-output memcmp ok (2048 words)
  p2 K=6144 n=16 awq=true: producer F16 memcmp ok (98304 words)
  p2 K=6144 n=16 awq=true: residual-output memcmp ok (4096 words)
  p3 K=4096 n=1 awq=false: producer F16 memcmp ok (4096 words)
  p3 K=4096 n=1 awq=false: residual-output memcmp ok (256 words)
  p3 K=4096 n=8 awq=false: producer F16 memcmp ok (32768 words)
  p3 K=4096 n=8 awq=false: residual-output memcmp ok (2048 words)
  p3 K=4096 n=16 awq=false: producer F16 memcmp ok (65536 words)
  p3 K=4096 n=16 awq=false: residual-output memcmp ok (4096 words)
  p3 K=4096 n=1 awq=true: producer F16 memcmp ok (4096 words)
  p3 K=4096 n=1 awq=true: residual-output memcmp ok (256 words)
  p3 K=4096 n=8 awq=true: producer F16 memcmp ok (32768 words)
  p3 K=4096 n=8 awq=true: residual-output memcmp ok (2048 words)
  p3 K=4096 n=16 awq=true: producer F16 memcmp ok (65536 words)
  p3 K=4096 n=16 awq=true: residual-output memcmp ok (4096 words)
  p3 K=8192 n=1 awq=false: producer F16 memcmp ok (8192 words)
  p3 K=8192 n=1 awq=false: residual-output memcmp ok (256 words)
  p3 K=8192 n=8 awq=false: producer F16 memcmp ok (65536 words)
  p3 K=8192 n=8 awq=false: residual-output memcmp ok (2048 words)
  p3 K=8192 n=16 awq=false: producer F16 memcmp ok (131072 words)
  p3 K=8192 n=16 awq=false: residual-output memcmp ok (4096 words)
  p3 K=8192 n=1 awq=true: producer F16 memcmp ok (8192 words)
  p3 K=8192 n=1 awq=true: residual-output memcmp ok (256 words)
  p3 K=8192 n=8 awq=true: producer F16 memcmp ok (65536 words)
  p3 K=8192 n=8 awq=true: residual-output memcmp ok (2048 words)
  p3 K=8192 n=16 awq=true: producer F16 memcmp ok (131072 words)
  p3 K=8192 n=16 awq=true: residual-output memcmp ok (4096 words)
  p3 K=768 n=1 awq=false: producer F16 memcmp ok (768 words)
  p3 K=768 n=1 awq=false: residual-output memcmp ok (256 words)
  p3 K=768 n=8 awq=false: producer F16 memcmp ok (6144 words)
  p3 K=768 n=8 awq=false: residual-output memcmp ok (2048 words)
  p3 K=768 n=16 awq=false: producer F16 memcmp ok (12288 words)
  p3 K=768 n=16 awq=false: residual-output memcmp ok (4096 words)
[s4] PASS: all producer + residual-output memcmps exact
