=== GATE 1 parity oracle (Rust encoder vs planner independent expected bytes) ===
parity_oracle C0: MATCH (960 groups, clamp 0/0 floor 0 zerorows 0 zscale 0)
parity_oracle C1: MATCH (960 groups, clamp 0/0 floor 0 zerorows 0 zscale 0)
parity_oracle C2: MATCH (960 groups, clamp 0/0 floor 0 zerorows 0 zscale 0)
parity_oracle C3: MATCH (960 groups, clamp 0/0 floor 0 zerorows 0 zscale 0)
parity_oracle C4: MATCH (960 groups, clamp 0/0 floor 0 zerorows 0 zscale 0)
parity_oracle C4z: MATCH (960 groups, clamp 0/0 floor 0 zerorows 0 zscale 0)
parity_oracle C4s: MATCH (960 groups, clamp 0/0 floor 0 zerorows 0 zscale 0)
test quant_mq4e8::tests::parity_oracle_l0_in_proj_a ... ok
test result: ok. 1 passed; 0 failed; 0 ignored; 0 measured; 230 filtered out; finished in 0.02s

=== GATE 1 parity oracle (independent Python re-derivation vs planner expected) ===
python oracle C0: MATCH md5=e378fb99622b73a2df7aa3c7151d70b0
python oracle C1: MATCH md5=1acaf896c36ea807f46cbb7c939c9e8a
python oracle C2: MATCH md5=f7a32f31f781049e267059e38b8ac88f
python oracle C3: MATCH md5=969b8cdc8977ce461690a7434d15381e
python oracle C4: MATCH md5=652a5a6db99fe4657e212717e1629a9f
python oracle C4z: MATCH md5=acae106271dc3543a0319e3f83b0bc2f
python oracle C4s: MATCH md5=0bf1f256e88cb2b073dbdb54979f5d5a

=== planner expected md5s (oracle_L0_in_proj_a.json) ===
{
  "tensor": "model.language_model.layers.0.linear_attn.in_proj_a.weight",
  "shape": [
    48,
    5120
  ],
  "input": "AWQ already applied, before FWHT",
  "input_path": "/home/kaden/ClaudeCode/warpfront/wt-mq4e8/scratch-2026-09-17/Mq4e8Study/oracle_L0_in_proj_a_awq_f32.bin",
  "input_md5": "a82c17203f692582c32e5e8e846639c2",
  "outputs": {
    "C0": {
      "path": "/home/kaden/ClaudeCode/warpfront/wt-mq4e8/scratch-2026-09-17/Mq4e8Study/oracle_L0_in_proj_a_C0.qt44",
      "md5": "e378fb99622b73a2df7aa3c7151d70b0"
    },
    "C1": {
      "path": "/home/kaden/ClaudeCode/warpfront/wt-mq4e8/scratch-2026-09-17/Mq4e8Study/oracle_L0_in_proj_a_C1.qt44",
      "md5": "1acaf896c36ea807f46cbb7c939c9e8a"
    },
    "C2": {
      "path": "/home/kaden/ClaudeCode/warpfront/wt-mq4e8/scratch-2026-09-17/Mq4e8Study/oracle_L0_in_proj_a_C2.qt44",
      "md5": "f7a32f31f781049e267059e38b8ac88f"
    },
    "C3": {
      "path": "/home/kaden/ClaudeCode/warpfront/wt-mq4e8/scratch-2026-09-17/Mq4e8Study/oracle_L0_in_proj_a_C3.qt44",
      "md5": "969b8cdc8977ce461690a7434d15381e"
    },
    "C4": {
      "path": "/home/kaden/ClaudeCode/warpfront/wt-mq4e8/scratch-2026-09-17/Mq4e8Study/oracle_L0_in_proj_a_C4.qt44",
      "md5": "652a5a6db99fe4657e212717e1629a9f"
    },
    "C4z": {
      "path": "/home/kaden/ClaudeCode/warpfront/wt-mq4e8/scratch-2026-09-17/Mq4e8Study/oracle_L0_in_proj_a_C4z.qt44",
      "md5": "acae106271dc3543a0319e3f83b0bc2f"
    },
    "C4s": {
      "path": "/home/kaden/ClaudeCode/warpfront/wt-mq4e8/scratch-2026-09-17/Mq4e8Study/oracle_L0_in_proj_a_C4s.qt44",
      "md5": "0bf1f256e88cb2b073dbdb54979f5d5a"
    }
  }
}
