[rocprof-wrap] output dir: scratch-2026-09-17/Raster3/rocprofFA-g1
[rocprof-wrap] stats CSV:  scratch-2026-09-17/Raster3/rocprofFA-g1/trace_kernel_stats.csv
[rocprof-wrap] command:    env HIPFIRE_FA_GRID_ORDER=1 ./target/release/examples/tmp_fa_grid_order_probe
W0919 21:09:23.548914 3915859 simple_timer.cpp:55] [rocprofv3] tool initialization ::     0.000312 sec
W0919 21:09:23.549057 3915859 simple_timer.cpp:55] [rocprofv3] 'env HIPFIRE_FA_GRID_ORDER=1 ./target/release/examples/tmp_fa_grid_order_probe' ::     0.000000 sec
W0919 21:09:23.580928 3915859 simple_timer.cpp:55] [rocprofv3] tool initialization ::     0.000299 sec
W0919 21:09:23.581057 3915859 simple_timer.cpp:55] [rocprofv3] './target/release/examples/tmp_fa_grid_order_probe' ::     0.000000 sec
W0919 21:09:23.610562 3915859 tool.cpp:3348] HSA version 1.21.0 initialized (instance=0)
GPU dev 0: gfx1201 (34.2 GB VRAM, HIP 7.15)
  pre-compiled kernels: /home/kaden/.hipfire-homes/ab4/.hipfire_kernels/gfx1201
RESULT,fa_packet_prefill8192,11264.817
W0919 21:09:24.550326 3915859 simple_timer.cpp:55] [rocprofv3] './target/release/examples/tmp_fa_grid_order_probe' ::     0.969268 sec
E0919 21:09:24.562814 3915859 output_stream.cpp:110] Opened result file: scratch-2026-09-17/Raster3/rocprofFA-g1/trace_kernel_stats.csv
E0919 21:09:24.562919 3915859 output_stream.cpp:110] Opened result file: scratch-2026-09-17/Raster3/rocprofFA-g1/trace_kernel_trace.csv
E0919 21:09:24.566018 3915859 output_stream.cpp:110] Opened result file: scratch-2026-09-17/Raster3/rocprofFA-g1/trace_agent_info.csv
E0919 21:09:24.566096 3915859 output_stream.cpp:110] Opened result file: scratch-2026-09-17/Raster3/rocprofFA-g1/trace_domain_stats.csv

    ROCPROFV3 SUMMARY:

    |                   NAME                    |     DOMAIN      |      CALLS      | DURATION (nsec) | AVERAGE (nsec)  | PERCENT (INC) |   MIN (nsec)    |   MAX (nsec)    |     STDDEV      |
    |-------------------------------------------|-----------------|-----------------|-----------------|-----------------|---------------|-----------------|-----------------|-----------------|
    | attention_fp8_e4m3_fa2_gqa_packet_gfx1201 | KERNEL_DISPATCH |              25 |       282566565 |       1.130e+07 |     99.685254 |        10362727 |        11782394 |       3.435e+05 |
    | __amd_rocclr_fillBufferUnAligned          | KERNEL_DISPATCH |               1 |          892175 |       8.922e+05 |      0.314746 |          892175 |          892175 |       0.000e+00 |

W0919 21:09:24.567292 3915859 simple_timer.cpp:55] [rocprofv3] output generation ::     0.015587 sec
W0919 21:09:24.567323 3915859 simple_timer.cpp:55] [rocprofv3] tool finalization ::     0.015643 sec
