[rocprof-wrap] output dir: scratch-2026-09-17/Raster3/rocprofFA-g3
[rocprof-wrap] stats CSV:  scratch-2026-09-17/Raster3/rocprofFA-g3/trace_kernel_stats.csv
[rocprof-wrap] command:    env HIPFIRE_FA_GRID_ORDER=3 ./target/release/examples/tmp_fa_grid_order_probe
W0919 21:09:26.319719 3916031 simple_timer.cpp:55] [rocprofv3] tool initialization ::     0.000295 sec
W0919 21:09:26.319864 3916031 simple_timer.cpp:55] [rocprofv3] 'env HIPFIRE_FA_GRID_ORDER=3 ./target/release/examples/tmp_fa_grid_order_probe' ::     0.000000 sec
W0919 21:09:26.354191 3916031 simple_timer.cpp:55] [rocprofv3] tool initialization ::     0.000309 sec
W0919 21:09:26.354355 3916031 simple_timer.cpp:55] [rocprofv3] './target/release/examples/tmp_fa_grid_order_probe' ::     0.000000 sec
W0919 21:09:26.384327 3916031 tool.cpp:3348] HSA version 1.21.0 initialized (instance=0)
GPU dev 0: gfx1201 (34.2 GB VRAM, HIP 7.15)
  pre-compiled kernels: /home/kaden/.hipfire-homes/ab4/.hipfire_kernels/gfx1201
RESULT,fa_packet_prefill8192,11312.697
W0919 21:09:27.391708 3916031 simple_timer.cpp:55] [rocprofv3] './target/release/examples/tmp_fa_grid_order_probe' ::     1.037352 sec
E0919 21:09:27.404693 3916031 output_stream.cpp:110] Opened result file: scratch-2026-09-17/Raster3/rocprofFA-g3/trace_kernel_stats.csv
E0919 21:09:27.404789 3916031 output_stream.cpp:110] Opened result file: scratch-2026-09-17/Raster3/rocprofFA-g3/trace_kernel_trace.csv
E0919 21:09:27.407577 3916031 output_stream.cpp:110] Opened result file: scratch-2026-09-17/Raster3/rocprofFA-g3/trace_agent_info.csv
E0919 21:09:27.407648 3916031 output_stream.cpp:110] Opened result file: scratch-2026-09-17/Raster3/rocprofFA-g3/trace_domain_stats.csv

    ROCPROFV3 SUMMARY:

    |                   NAME                    |     DOMAIN      |      CALLS      | DURATION (nsec) | AVERAGE (nsec)  | PERCENT (INC) |   MIN (nsec)    |   MAX (nsec)    |     STDDEV      |
    |-------------------------------------------|-----------------|-----------------|-----------------|-----------------|---------------|-----------------|-----------------|-----------------|
    | attention_fp8_e4m3_fa2_gqa_packet_gfx1201 | KERNEL_DISPATCH |              25 |       281307909 |       1.125e+07 |     99.193907 |        10186432 |        12186889 |       4.429e+05 |
    | __amd_rocclr_fillBufferUnAligned          | KERNEL_DISPATCH |               1 |         2286032 |       2.286e+06 |      0.806093 |         2286032 |         2286032 |       0.000e+00 |

W0919 21:09:27.408877 3916031 simple_timer.cpp:55] [rocprofv3] output generation ::     0.014744 sec
W0919 21:09:27.408908 3916031 simple_timer.cpp:55] [rocprofv3] tool finalization ::     0.014798 sec
