bis_noslow.cu:1292:1: remark: Function Name: attention_fp8_e4m3_fa2_gqa_gfx1201 [-Rpass-analysis=kernel-resource-usage]
 1292 | {
      | ^
bis_noslow.cu:1292:1: remark:     TotalSGPRs: 29 [-Rpass-analysis=kernel-resource-usage]
bis_noslow.cu:1292:1: remark:     VGPRs: 254 [-Rpass-analysis=kernel-resource-usage]
bis_noslow.cu:1292:1: remark:     ScratchSize [bytes/lane]: 0 [-Rpass-analysis=kernel-resource-usage]
bis_noslow.cu:1292:1: remark:     Dynamic Stack: False [-Rpass-analysis=kernel-resource-usage]
bis_noslow.cu:1292:1: remark:     Occupancy [waves/SIMD]: 5 [-Rpass-analysis=kernel-resource-usage]
bis_noslow.cu:1292:1: remark:     SGPRs Spill: 0 [-Rpass-analysis=kernel-resource-usage]
bis_noslow.cu:1292:1: remark:     VGPRs Spill: 0 [-Rpass-analysis=kernel-resource-usage]
bis_noslow.cu:1292:1: remark:     LDS Size [bytes/block]: 0 [-Rpass-analysis=kernel-resource-usage]
bis_noslow.cu:1382:1: remark: Function Name: attention_fp8_e4m3_fa2_q_preconvert_f16_gfx1201 [-Rpass-analysis=kernel-resource-usage]
 1382 | {
      | ^
bis_noslow.cu:1382:1: remark:     TotalSGPRs: 6 [-Rpass-analysis=kernel-resource-usage]
bis_noslow.cu:1382:1: remark:     VGPRs: 13 [-Rpass-analysis=kernel-resource-usage]
bis_noslow.cu:1382:1: remark:     ScratchSize [bytes/lane]: 0 [-Rpass-analysis=kernel-resource-usage]
bis_noslow.cu:1382:1: remark:     Dynamic Stack: False [-Rpass-analysis=kernel-resource-usage]
bis_noslow.cu:1382:1: remark:     Occupancy [waves/SIMD]: 16 [-Rpass-analysis=kernel-resource-usage]
bis_noslow.cu:1382:1: remark:     SGPRs Spill: 0 [-Rpass-analysis=kernel-resource-usage]
bis_noslow.cu:1382:1: remark:     VGPRs Spill: 0 [-Rpass-analysis=kernel-resource-usage]
bis_noslow.cu:1382:1: remark:     LDS Size [bytes/block]: 0 [-Rpass-analysis=kernel-resource-usage]
bis_noslow.cu:1430:1: remark: Function Name: attention_fp8_e4m3_fa2_q_preconvert_fp8_gfx1201 [-Rpass-analysis=kernel-resource-usage]
 1430 | {
      | ^
bis_noslow.cu:1430:1: remark:     TotalSGPRs: 14 [-Rpass-analysis=kernel-resource-usage]
bis_noslow.cu:1430:1: remark:     VGPRs: 56 [-Rpass-analysis=kernel-resource-usage]
bis_noslow.cu:1430:1: remark:     ScratchSize [bytes/lane]: 0 [-Rpass-analysis=kernel-resource-usage]
bis_noslow.cu:1430:1: remark:     Dynamic Stack: False [-Rpass-analysis=kernel-resource-usage]
bis_noslow.cu:1430:1: remark:     Occupancy [waves/SIMD]: 16 [-Rpass-analysis=kernel-resource-usage]
bis_noslow.cu:1430:1: remark:     SGPRs Spill: 0 [-Rpass-analysis=kernel-resource-usage]
bis_noslow.cu:1430:1: remark:     VGPRs Spill: 0 [-Rpass-analysis=kernel-resource-usage]
bis_noslow.cu:1430:1: remark:     LDS Size [bytes/block]: 0 [-Rpass-analysis=kernel-resource-usage]
bis_noslow.cu:1527:1: remark: Function Name: attention_fp8_e4m3_fa2_gqa_partial_gfx1201 [-Rpass-analysis=kernel-resource-usage]
 1527 | {
      | ^
bis_noslow.cu:1527:1: remark:     TotalSGPRs: 32 [-Rpass-analysis=kernel-resource-usage]
bis_noslow.cu:1527:1: remark:     VGPRs: 256 [-Rpass-analysis=kernel-resource-usage]
bis_noslow.cu:1527:1: remark:     ScratchSize [bytes/lane]: 0 [-Rpass-analysis=kernel-resource-usage]
bis_noslow.cu:1527:1: remark:     Dynamic Stack: False [-Rpass-analysis=kernel-resource-usage]
bis_noslow.cu:1527:1: remark:     Occupancy [waves/SIMD]: 5 [-Rpass-analysis=kernel-resource-usage]
bis_noslow.cu:1527:1: remark:     SGPRs Spill: 0 [-Rpass-analysis=kernel-resource-usage]
bis_noslow.cu:1527:1: remark:     VGPRs Spill: 0 [-Rpass-analysis=kernel-resource-usage]
bis_noslow.cu:1527:1: remark:     LDS Size [bytes/block]: 0 [-Rpass-analysis=kernel-resource-usage]
bis_noslow.cu:1607:1: remark: Function Name: attention_fp8_e4m3_fa2_gqa_merge_gfx1201 [-Rpass-analysis=kernel-resource-usage]
 1607 | {
      | ^
bis_noslow.cu:1607:1: remark:     TotalSGPRs: 10 [-Rpass-analysis=kernel-resource-usage]
bis_noslow.cu:1607:1: remark:     VGPRs: 17 [-Rpass-analysis=kernel-resource-usage]
bis_noslow.cu:1607:1: remark:     ScratchSize [bytes/lane]: 0 [-Rpass-analysis=kernel-resource-usage]
bis_noslow.cu:1607:1: remark:     Dynamic Stack: False [-Rpass-analysis=kernel-resource-usage]
bis_noslow.cu:1607:1: remark:     Occupancy [waves/SIMD]: 16 [-Rpass-analysis=kernel-resource-usage]
bis_noslow.cu:1607:1: remark:     SGPRs Spill: 0 [-Rpass-analysis=kernel-resource-usage]
bis_noslow.cu:1607:1: remark:     VGPRs Spill: 0 [-Rpass-analysis=kernel-resource-usage]
bis_noslow.cu:1607:1: remark:     LDS Size [bytes/block]: 0 [-Rpass-analysis=kernel-resource-usage]
