bis_nosc.cu:1299:1: remark: Function Name: attention_fp8_e4m3_fa2_gqa_gfx1201 [-Rpass-analysis=kernel-resource-usage]
 1299 | {
      | ^
bis_nosc.cu:1299:1: remark:     TotalSGPRs: 25 [-Rpass-analysis=kernel-resource-usage]
bis_nosc.cu:1299:1: remark:     VGPRs: 247 [-Rpass-analysis=kernel-resource-usage]
bis_nosc.cu:1299:1: remark:     ScratchSize [bytes/lane]: 0 [-Rpass-analysis=kernel-resource-usage]
bis_nosc.cu:1299:1: remark:     Dynamic Stack: False [-Rpass-analysis=kernel-resource-usage]
bis_nosc.cu:1299:1: remark:     Occupancy [waves/SIMD]: 5 [-Rpass-analysis=kernel-resource-usage]
bis_nosc.cu:1299:1: remark:     SGPRs Spill: 0 [-Rpass-analysis=kernel-resource-usage]
bis_nosc.cu:1299:1: remark:     VGPRs Spill: 0 [-Rpass-analysis=kernel-resource-usage]
bis_nosc.cu:1299:1: remark:     LDS Size [bytes/block]: 0 [-Rpass-analysis=kernel-resource-usage]
bis_nosc.cu:1389:1: remark: Function Name: attention_fp8_e4m3_fa2_q_preconvert_f16_gfx1201 [-Rpass-analysis=kernel-resource-usage]
 1389 | {
      | ^
bis_nosc.cu:1389:1: remark:     TotalSGPRs: 6 [-Rpass-analysis=kernel-resource-usage]
bis_nosc.cu:1389:1: remark:     VGPRs: 13 [-Rpass-analysis=kernel-resource-usage]
bis_nosc.cu:1389:1: remark:     ScratchSize [bytes/lane]: 0 [-Rpass-analysis=kernel-resource-usage]
bis_nosc.cu:1389:1: remark:     Dynamic Stack: False [-Rpass-analysis=kernel-resource-usage]
bis_nosc.cu:1389:1: remark:     Occupancy [waves/SIMD]: 16 [-Rpass-analysis=kernel-resource-usage]
bis_nosc.cu:1389:1: remark:     SGPRs Spill: 0 [-Rpass-analysis=kernel-resource-usage]
bis_nosc.cu:1389:1: remark:     VGPRs Spill: 0 [-Rpass-analysis=kernel-resource-usage]
bis_nosc.cu:1389:1: remark:     LDS Size [bytes/block]: 0 [-Rpass-analysis=kernel-resource-usage]
bis_nosc.cu:1437:1: remark: Function Name: attention_fp8_e4m3_fa2_q_preconvert_fp8_gfx1201 [-Rpass-analysis=kernel-resource-usage]
 1437 | {
      | ^
bis_nosc.cu:1437:1: remark:     TotalSGPRs: 14 [-Rpass-analysis=kernel-resource-usage]
bis_nosc.cu:1437:1: remark:     VGPRs: 56 [-Rpass-analysis=kernel-resource-usage]
bis_nosc.cu:1437:1: remark:     ScratchSize [bytes/lane]: 0 [-Rpass-analysis=kernel-resource-usage]
bis_nosc.cu:1437:1: remark:     Dynamic Stack: False [-Rpass-analysis=kernel-resource-usage]
bis_nosc.cu:1437:1: remark:     Occupancy [waves/SIMD]: 16 [-Rpass-analysis=kernel-resource-usage]
bis_nosc.cu:1437:1: remark:     SGPRs Spill: 0 [-Rpass-analysis=kernel-resource-usage]
bis_nosc.cu:1437:1: remark:     VGPRs Spill: 0 [-Rpass-analysis=kernel-resource-usage]
bis_nosc.cu:1437:1: remark:     LDS Size [bytes/block]: 0 [-Rpass-analysis=kernel-resource-usage]
bis_nosc.cu:1534:1: remark: Function Name: attention_fp8_e4m3_fa2_gqa_partial_gfx1201 [-Rpass-analysis=kernel-resource-usage]
 1534 | {
      | ^
bis_nosc.cu:1534:1: remark:     TotalSGPRs: 28 [-Rpass-analysis=kernel-resource-usage]
bis_nosc.cu:1534:1: remark:     VGPRs: 248 [-Rpass-analysis=kernel-resource-usage]
bis_nosc.cu:1534:1: remark:     ScratchSize [bytes/lane]: 0 [-Rpass-analysis=kernel-resource-usage]
bis_nosc.cu:1534:1: remark:     Dynamic Stack: False [-Rpass-analysis=kernel-resource-usage]
bis_nosc.cu:1534:1: remark:     Occupancy [waves/SIMD]: 5 [-Rpass-analysis=kernel-resource-usage]
bis_nosc.cu:1534:1: remark:     SGPRs Spill: 0 [-Rpass-analysis=kernel-resource-usage]
bis_nosc.cu:1534:1: remark:     VGPRs Spill: 0 [-Rpass-analysis=kernel-resource-usage]
bis_nosc.cu:1534:1: remark:     LDS Size [bytes/block]: 0 [-Rpass-analysis=kernel-resource-usage]
bis_nosc.cu:1614:1: remark: Function Name: attention_fp8_e4m3_fa2_gqa_merge_gfx1201 [-Rpass-analysis=kernel-resource-usage]
 1614 | {
      | ^
bis_nosc.cu:1614:1: remark:     TotalSGPRs: 10 [-Rpass-analysis=kernel-resource-usage]
bis_nosc.cu:1614:1: remark:     VGPRs: 17 [-Rpass-analysis=kernel-resource-usage]
bis_nosc.cu:1614:1: remark:     ScratchSize [bytes/lane]: 0 [-Rpass-analysis=kernel-resource-usage]
bis_nosc.cu:1614:1: remark:     Dynamic Stack: False [-Rpass-analysis=kernel-resource-usage]
bis_nosc.cu:1614:1: remark:     Occupancy [waves/SIMD]: 16 [-Rpass-analysis=kernel-resource-usage]
bis_nosc.cu:1614:1: remark:     SGPRs Spill: 0 [-Rpass-analysis=kernel-resource-usage]
bis_nosc.cu:1614:1: remark:     VGPRs Spill: 0 [-Rpass-analysis=kernel-resource-usage]
bis_nosc.cu:1614:1: remark:     LDS Size [bytes/block]: 0 [-Rpass-analysis=kernel-resource-usage]
