new_k8fp8.cu:1318:1: remark: Function Name: attention_fp8_e4m3_fa2_gqa_gfx1201 [-Rpass-analysis=kernel-resource-usage]
 1318 | {
      | ^
new_k8fp8.cu:1318:1: remark:     TotalSGPRs: 33 [-Rpass-analysis=kernel-resource-usage]
new_k8fp8.cu:1318:1: remark:     VGPRs: 209 [-Rpass-analysis=kernel-resource-usage]
new_k8fp8.cu:1318:1: remark:     ScratchSize [bytes/lane]: 0 [-Rpass-analysis=kernel-resource-usage]
new_k8fp8.cu:1318:1: remark:     Dynamic Stack: False [-Rpass-analysis=kernel-resource-usage]
new_k8fp8.cu:1318:1: remark:     Occupancy [waves/SIMD]: 7 [-Rpass-analysis=kernel-resource-usage]
new_k8fp8.cu:1318:1: remark:     SGPRs Spill: 0 [-Rpass-analysis=kernel-resource-usage]
new_k8fp8.cu:1318:1: remark:     VGPRs Spill: 0 [-Rpass-analysis=kernel-resource-usage]
new_k8fp8.cu:1318:1: remark:     LDS Size [bytes/block]: 0 [-Rpass-analysis=kernel-resource-usage]
new_k8fp8.cu:1408:1: remark: Function Name: attention_fp8_e4m3_fa2_q_preconvert_f16_gfx1201 [-Rpass-analysis=kernel-resource-usage]
 1408 | {
      | ^
new_k8fp8.cu:1408:1: remark:     TotalSGPRs: 6 [-Rpass-analysis=kernel-resource-usage]
new_k8fp8.cu:1408:1: remark:     VGPRs: 13 [-Rpass-analysis=kernel-resource-usage]
new_k8fp8.cu:1408:1: remark:     ScratchSize [bytes/lane]: 0 [-Rpass-analysis=kernel-resource-usage]
new_k8fp8.cu:1408:1: remark:     Dynamic Stack: False [-Rpass-analysis=kernel-resource-usage]
new_k8fp8.cu:1408:1: remark:     Occupancy [waves/SIMD]: 16 [-Rpass-analysis=kernel-resource-usage]
new_k8fp8.cu:1408:1: remark:     SGPRs Spill: 0 [-Rpass-analysis=kernel-resource-usage]
new_k8fp8.cu:1408:1: remark:     VGPRs Spill: 0 [-Rpass-analysis=kernel-resource-usage]
new_k8fp8.cu:1408:1: remark:     LDS Size [bytes/block]: 0 [-Rpass-analysis=kernel-resource-usage]
new_k8fp8.cu:1456:1: remark: Function Name: attention_fp8_e4m3_fa2_q_preconvert_fp8_gfx1201 [-Rpass-analysis=kernel-resource-usage]
 1456 | {
      | ^
new_k8fp8.cu:1456:1: remark:     TotalSGPRs: 14 [-Rpass-analysis=kernel-resource-usage]
new_k8fp8.cu:1456:1: remark:     VGPRs: 56 [-Rpass-analysis=kernel-resource-usage]
new_k8fp8.cu:1456:1: remark:     ScratchSize [bytes/lane]: 0 [-Rpass-analysis=kernel-resource-usage]
new_k8fp8.cu:1456:1: remark:     Dynamic Stack: False [-Rpass-analysis=kernel-resource-usage]
new_k8fp8.cu:1456:1: remark:     Occupancy [waves/SIMD]: 16 [-Rpass-analysis=kernel-resource-usage]
new_k8fp8.cu:1456:1: remark:     SGPRs Spill: 0 [-Rpass-analysis=kernel-resource-usage]
new_k8fp8.cu:1456:1: remark:     VGPRs Spill: 0 [-Rpass-analysis=kernel-resource-usage]
new_k8fp8.cu:1456:1: remark:     LDS Size [bytes/block]: 0 [-Rpass-analysis=kernel-resource-usage]
new_k8fp8.cu:1553:1: remark: Function Name: attention_fp8_e4m3_fa2_gqa_partial_gfx1201 [-Rpass-analysis=kernel-resource-usage]
 1553 | {
      | ^
new_k8fp8.cu:1553:1: remark:     TotalSGPRs: 37 [-Rpass-analysis=kernel-resource-usage]
new_k8fp8.cu:1553:1: remark:     VGPRs: 209 [-Rpass-analysis=kernel-resource-usage]
new_k8fp8.cu:1553:1: remark:     ScratchSize [bytes/lane]: 0 [-Rpass-analysis=kernel-resource-usage]
new_k8fp8.cu:1553:1: remark:     Dynamic Stack: False [-Rpass-analysis=kernel-resource-usage]
new_k8fp8.cu:1553:1: remark:     Occupancy [waves/SIMD]: 7 [-Rpass-analysis=kernel-resource-usage]
new_k8fp8.cu:1553:1: remark:     SGPRs Spill: 0 [-Rpass-analysis=kernel-resource-usage]
new_k8fp8.cu:1553:1: remark:     VGPRs Spill: 0 [-Rpass-analysis=kernel-resource-usage]
new_k8fp8.cu:1553:1: remark:     LDS Size [bytes/block]: 0 [-Rpass-analysis=kernel-resource-usage]
new_k8fp8.cu:1633:1: remark: Function Name: attention_fp8_e4m3_fa2_gqa_merge_gfx1201 [-Rpass-analysis=kernel-resource-usage]
 1633 | {
      | ^
new_k8fp8.cu:1633:1: remark:     TotalSGPRs: 10 [-Rpass-analysis=kernel-resource-usage]
new_k8fp8.cu:1633:1: remark:     VGPRs: 17 [-Rpass-analysis=kernel-resource-usage]
new_k8fp8.cu:1633:1: remark:     ScratchSize [bytes/lane]: 0 [-Rpass-analysis=kernel-resource-usage]
new_k8fp8.cu:1633:1: remark:     Dynamic Stack: False [-Rpass-analysis=kernel-resource-usage]
new_k8fp8.cu:1633:1: remark:     Occupancy [waves/SIMD]: 16 [-Rpass-analysis=kernel-resource-usage]
new_k8fp8.cu:1633:1: remark:     SGPRs Spill: 0 [-Rpass-analysis=kernel-resource-usage]
new_k8fp8.cu:1633:1: remark:     VGPRs Spill: 0 [-Rpass-analysis=kernel-resource-usage]
new_k8fp8.cu:1633:1: remark:     LDS Size [bytes/block]: 0 [-Rpass-analysis=kernel-resource-usage]
