DEVICE arch=gfx1151 name=AMD Radeon 8060S Graphics mps=20 ROCR=1 HIP=0 pid=1955305
OBJECT X5_OBJECT=/home/kaden/hipfire-land042/scratch-land042/gfx1151/abba/06-B-home/.hipfire_kernels/gfx1151/gemm_mq4g256v2_residual_mmq_iu4_gfx11_x5_symfold.c4e902d85a7eb0e1.hsaco
OBJECT V2B_MS_OBJECT=/home/kaden/hipfire-prof040/scratch-gemmv2/bin/v2b-ms-gfx1151.hsaco
OBJECT V2BP_OBJECT=/home/kaden/hipfire-v2bhalo/scratch-v2bhalo/bin/v2bp-gfx1151.hsaco
RESOURCE arm=x5 add=0 vgpr=92 private=0 static_lds=0 dynamic_lds=30720 blocks_per_mp=2 waves_per_mp=32
RESOURCE arm=x5 add=1 vgpr=92 private=0 static_lds=0 dynamic_lds=30720 blocks_per_mp=2 waves_per_mp=32
RESOURCE arm=v2b_ms add=0 vgpr=250 private=0 static_lds=0 dynamic_lds=65536 blocks_per_mp=1 waves_per_mp=16
RESOURCE arm=v2b_ms add=1 vgpr=250 private=0 static_lds=0 dynamic_lds=65536 blocks_per_mp=1 waves_per_mp=16
RESOURCE arm=v2b_prod add=0 vgpr=254 private=0 static_lds=0 dynamic_lds=65536 blocks_per_mp=1 waves_per_mp=16
RESOURCE arm=v2b_prod add=1 vgpr=254 private=0 static_lds=0 dynamic_lds=65536 blocks_per_mp=1 waves_per_mp=16
RESULT arm=x5 shape=set_m17408 M=17408 K=5120 N=8192 add=0 ms=26.240221 tops=55.650784 pct_of_105.543=52.7281 min=26.090862 max=26.328228 begin=1790147393.964332 end=1790147394.166505 all=26.3047,26.3282,26.2947,26.1732,26.2402,26.2380,26.0909,
RESULT arm=v2b_ms shape=set_m17408 M=17408 K=5120 N=8192 add=0 ms=18.027935 tops=81.001450 pct_of_105.543=76.7473 min=17.968985 max=18.063763 begin=1790147394.768184 end=1790147394.912304 all=17.9812,18.0630,18.0382,18.0279,18.0638,17.9690,17.9812,
RESULT arm=v2b_prod shape=set_m17408 M=17408 K=5120 N=8192 add=0 ms=19.395655 tops=75.289486 pct_of_105.543=71.3354 min=19.364237 max=19.454884 begin=1790147395.527174 end=1790147395.680958 all=19.4352,19.3671,19.3957,19.3963,19.4549,19.3642,19.3925,
REPACK shape=set_m17408 K=5120 N=8192 ms=0.225181 bytes_in=23592960 identical_to_cpu_pack=1
RESULT arm=x5 shape=set_m12288 M=12288 K=5120 N=8192 add=0 ms=17.440796 tops=59.102357 pct_of_105.543=55.9984 min=17.369944 max=17.565470 begin=1790147396.555546 end=1790147396.690199 all=17.3699,17.4084,17.4592,17.4408,17.4480,17.5655,17.3909,
RESULT arm=v2b_ms shape=set_m12288 M=12288 K=5120 N=8192 add=0 ms=12.588997 tops=81.880404 pct_of_105.543=77.5801 min=12.555054 max=12.688624 begin=1790147397.292428 end=1790147397.392961 all=12.5890,12.6886,12.5578,12.5551,12.5812,12.5926,12.5951,
RESULT arm=v2b_prod shape=set_m12288 M=12288 K=5120 N=8192 add=0 ms=13.649061 tops=75.521103 pct_of_105.543=71.5548 min=13.583137 max=13.680359 begin=1790147397.993478 end=1790147398.101541 all=13.6566,13.6224,13.6804,13.6356,13.5831,13.6786,13.6491,
REPACK shape=set_m12288 K=5120 N=8192 ms=0.219490 bytes_in=23592960 identical_to_cpu_pack=1
RESULT arm=x5 shape=set_m10240 M=10240 K=5120 N=8192 add=0 ms=15.195835 tops=56.528217 pct_of_105.543=53.5594 min=15.180086 max=15.283440 begin=1790147398.948204 end=1790147399.065214 all=15.2834,15.1801,15.2681,15.1834,15.2279,15.1867,15.1958,
RESULT arm=v2b_ms shape=set_m10240 M=10240 K=5120 N=8192 add=0 ms=10.493757 tops=81.857569 pct_of_105.543=77.5585 min=10.445786 max=10.525897 begin=1790147399.674554 end=1790147399.758491 all=10.4458,10.4913,10.5098,10.5031,10.4872,10.4938,10.5259,
RESULT arm=v2b_prod shape=set_m10240 M=10240 K=5120 N=8192 add=0 ms=11.399491 tops=75.353666 pct_of_105.543=71.3962 min=11.371880 max=11.478880 begin=1790147400.364023 end=1790147400.454201 all=11.3719,11.3995,11.3995,11.4789,11.4637,11.3959,11.3798,
REPACK shape=set_m10240 K=5120 N=8192 ms=0.220252 bytes_in=23592960 identical_to_cpu_pack=1
RESULT arm=x5 shape=set_m6144 M=6144 K=5120 N=8192 add=0 ms=9.163186 tops=56.246383 pct_of_105.543=53.2924 min=9.128081 max=9.226586 begin=1790147401.217889 end=1790147401.288458 all=9.1632,9.1904,9.1830,9.1613,9.1607,9.1281,9.2266,
RESULT arm=v2b_ms shape=set_m6144 M=6144 K=5120 N=8192 add=0 ms=6.440251 tops=80.027329 pct_of_105.543=75.8244 min=6.424142 max=6.466440 begin=1790147401.888714 end=1790147401.940064 all=6.4664,6.4460,6.4262,6.4305,6.4584,6.4241,6.4403,
RESULT arm=v2b_prod shape=set_m6144 M=6144 K=5120 N=8192 add=0 ms=7.003305 tops=73.593265 pct_of_105.543=69.7282 min=6.962268 max=7.137676 begin=1790147402.547566 end=1790147402.603167 all=6.9623,7.1196,6.9900,6.9859,7.0033,7.0080,7.1377,
REPACK shape=set_m6144 K=5120 N=8192 ms=0.225502 bytes_in=23592960 identical_to_cpu_pack=1
RESULT arm=x5 shape=set_m1024 M=1024 K=5120 N=8192 add=0 ms=1.689321 tops=50.848444 pct_of_105.543=48.1779 min=1.672971 max=1.734566 begin=1790147403.275064 end=1790147403.287875 all=1.7346,1.6893,1.6753,1.6967,1.6730,1.6914,1.6757,
RESULT arm=v2b_ms shape=set_m1024 M=1024 K=5120 N=8192 add=0 ms=1.298069 tops=66.174715 pct_of_105.543=62.6993 min=1.272942 max=1.330690 begin=1790147403.888421 end=1790147403.898589 all=1.3143,1.2729,1.2952,1.2981,1.3307,1.3149,1.2920,
RESULT arm=v2b_prod shape=set_m1024 M=1024 K=5120 N=8192 add=0 ms=1.411521 tops=60.855877 pct_of_105.543=57.6598 min=1.381546 max=1.442540 begin=1790147404.499430 end=1790147404.510291 all=1.4384,1.3912,1.3815,1.4374,1.4425,1.4115,1.3950,
REPACK shape=set_m1024 K=5120 N=8192 ms=0.225662 bytes_in=23592960 identical_to_cpu_pack=1
RESULT arm=x5 shape=add_k17408 M=5120 K=17408 N=8192 add=1 ms=25.552456 tops=57.148670 pct_of_105.543=54.1473 min=25.516708 max=25.663624 begin=1790147405.359116 end=1790147405.549611 all=25.5167,25.6636,25.5516,25.6468,25.5174,25.6161,25.5525,
RESULT arm=v2b_ms shape=add_k17408 M=5120 K=17408 N=8192 add=1 ms=19.184860 tops=76.116733 pct_of_105.543=72.1192 min=19.135008 max=19.314022 begin=1790147406.150347 end=1790147406.296214 all=19.2254,19.1350,19.1538,19.3120,19.1849,19.3140,19.1742,
RESULT arm=v2b_prod shape=add_k17408 M=5120 K=17408 N=8192 add=1 ms=20.240835 tops=72.145683 pct_of_105.543=68.3567 min=20.177197 max=20.263599 begin=1790147406.908934 end=1790147407.062007 all=20.2636,20.2275,20.1772,20.2255,20.2408,20.2555,20.2503,
REPACK shape=add_k17408 K=17408 N=8192 ms=0.753771 bytes_in=80216064 identical_to_cpu_pack=1
RESULT arm=x5 shape=add_k6144 M=5120 K=6144 N=8192 add=1 ms=12.208806 tops=42.215109 pct_of_105.543=39.9980 min=12.030873 max=12.355480 begin=1790147407.851011 end=1790147407.947943 all=12.2341,12.2088,12.0309,12.1631,12.2565,12.3555,12.0758,
RESULT arm=v2b_ms shape=add_k6144 M=5120 K=6144 N=8192 add=1 ms=8.895245 tops=57.940630 pct_of_105.543=54.8977 min=8.789767 max=9.085601 begin=1790147408.551039 end=1790147408.624955 all=8.7898,8.8952,8.9308,8.9188,8.8511,8.8375,9.0856,
RESULT arm=v2b_prod shape=add_k6144 M=5120 K=6144 N=8192 add=1 ms=9.447679 tops=54.552668 pct_of_105.543=51.6876 min=9.202621 max=9.569587 begin=1790147409.230544 end=1790147409.308137 all=9.2026,9.3785,9.5623,9.3509,9.5696,9.4477,9.5420,
REPACK shape=add_k6144 K=6144 N=8192 ms=0.262531 bytes_in=28311552 identical_to_cpu_pack=1
RESULT arm=x5 shape=set_m17408_n512 M=17408 K=5120 N=512 add=0 ms=1.459050 tops=62.553071 pct_of_105.543=59.2679 min=1.447950 max=1.487583 begin=1790147409.988001 end=1790147409.998909 all=1.4590,1.4688,1.4551,1.4516,1.4701,1.4876,1.4480,
RESULT arm=v2b_ms shape=set_m17408_n512 M=17408 K=5120 N=512 add=0 ms=1.185859 tops=76.963667 pct_of_105.543=72.9216 min=1.182653 max=1.193874 begin=1790147410.599178 end=1790147410.608109 all=1.1836,1.1938,1.1939,1.1852,1.1861,1.1827,1.1859,
RESULT arm=v2b_prod shape=set_m17408_n512 M=17408 K=5120 N=512 add=0 ms=1.276028 tops=71.525117 pct_of_105.543=67.7687 min=1.266931 max=1.277551 begin=1790147411.209306 end=1790147411.218853 all=1.2696,1.2725,1.2761,1.2776,1.2669,1.2760,1.2770,
REPACK shape=set_m17408_n512 K=5120 N=512 ms=0.009017 bytes_in=1474560 identical_to_cpu_pack=1
RESULT arm=x5 shape=set_m12288_n512 M=12288 K=5120 N=512 add=0 ms=1.042110 tops=61.821220 pct_of_105.543=58.5744 min=1.004559 max=1.087475 begin=1790147411.864226 end=1790147411.871957 all=1.0058,1.0046,1.0875,1.0311,1.0443,1.0421,1.0692,
RESULT arm=v2b_ms shape=set_m12288_n512 M=12288 K=5120 N=512 add=0 ms=0.840452 tops=76.654596 pct_of_105.543=72.6288 min=0.838930 max=0.842096 begin=1790147412.472659 end=1790147412.478980 all=0.8389,0.8411,0.8404,0.8405,0.8405,0.8404,0.8421,
RESULT arm=v2b_prod shape=set_m12288_n512 M=12288 K=5120 N=512 add=0 ms=0.899644 tops=71.611113 pct_of_105.543=67.8502 min=0.898241 max=0.902088 begin=1790147413.079413 end=1790147413.086145 all=0.8998,0.8982,0.8987,0.8994,0.8996,0.9021,0.9000,
REPACK shape=set_m12288_n512 K=5120 N=512 ms=0.009017 bytes_in=1474560 identical_to_cpu_pack=1
RESULT arm=x5 shape=set_m10240_n512 M=10240 K=5120 N=512 add=0 ms=0.888182 tops=60.446048 pct_of_105.543=57.2715 min=0.864097 max=0.917757 begin=1790147413.731269 end=1790147413.737861 all=0.8907,0.8794,0.8654,0.8641,0.8890,0.8882,0.9178,
RESULT arm=v2b_ms shape=set_m10240_n512 M=10240 K=5120 N=512 add=0 ms=0.673581 tops=79.703986 pct_of_105.543=75.5180 min=0.669733 max=0.675544 begin=1790147414.338258 end=1790147414.343357 all=0.6736,0.6705,0.6697,0.6722,0.6755,0.6741,0.6736,
RESULT arm=v2b_prod shape=set_m10240_n512 M=10240 K=5120 N=512 add=0 ms=0.708005 tops=75.828688 pct_of_105.543=71.8463 min=0.706081 max=0.711251 begin=1790147414.946548 end=1790147414.951905 all=0.7089,0.7113,0.7061,0.7074,0.7070,0.7080,0.7098,
REPACK shape=set_m10240_n512 K=5120 N=512 ms=0.009017 bytes_in=1474560 identical_to_cpu_pack=1
RESULT arm=x5 shape=set_m6144_n512 M=6144 K=5120 N=512 add=0 ms=0.527307 tops=61.088240 pct_of_105.543=57.8800 min=0.491801 max=0.534280 begin=1790147415.581135 end=1790147415.585054 all=0.4925,0.5299,0.5237,0.5343,0.5273,0.4918,0.5325,
RESULT arm=v2b_ms shape=set_m6144_n512 M=6144 K=5120 N=512 add=0 ms=0.495888 tops=64.958731 pct_of_105.543=61.5472 min=0.494084 max=0.496529 begin=1790147416.185348 end=1790147416.189102 all=0.4963,0.4944,0.4965,0.4962,0.4959,0.4941,0.4952,
RESULT arm=v2b_prod shape=set_m6144_n512 M=6144 K=5120 N=512 add=0 ms=0.517528 tops=62.242535 pct_of_105.543=58.9736 min=0.515805 max=0.521215 begin=1790147416.789200 end=1790147416.793103 all=0.5199,0.5175,0.5159,0.5158,0.5158,0.5189,0.5212,
REPACK shape=set_m6144_n512 K=5120 N=512 ms=0.009017 bytes_in=1474560 identical_to_cpu_pack=1
RESULT arm=x5 shape=set_m1024_n512 M=1024 K=5120 N=512 add=0 ms=0.116338 tops=46.147511 pct_of_105.543=43.7239 min=0.115737 max=0.117299 begin=1790147417.398529 end=1790147417.399534 all=0.1172,0.1163,0.1168,0.1157,0.1160,0.1173,0.1163,
RESULT arm=v2b_ms shape=set_m1024_n512 M=1024 K=5120 N=512 add=0 ms=0.166953 tops=32.157009 pct_of_105.543=30.4682 min=0.166151 max=0.169157 begin=1790147417.999594 end=1790147418.000918 all=0.1692,0.1670,0.1666,0.1664,0.1662,0.1691,0.1670,
RESULT arm=v2b_prod shape=set_m1024_n512 M=1024 K=5120 N=512 add=0 ms=0.174367 tops=30.789709 pct_of_105.543=29.1727 min=0.173285 max=0.178294 begin=1790147418.601112 end=1790147418.602561 all=0.1749,0.1737,0.1736,0.1783,0.1749,0.1744,0.1733,
REPACK shape=set_m1024_n512 K=5120 N=512 ms=0.009097 bytes_in=1474560 identical_to_cpu_pack=1
RESULT arm=x5 shape=add_k17408_n512 M=5120 K=17408 N=512 add=1 ms=1.620913 tops=56.306571 pct_of_105.543=53.3494 min=1.601277 max=1.759653 begin=1790147419.249888 end=1790147419.262301 all=1.7339,1.6026,1.7078,1.6013,1.7597,1.6209,1.6197,
RESULT arm=v2b_ms shape=add_k17408_n512 M=5120 K=17408 N=512 add=1 ms=1.128792 tops=80.854623 pct_of_105.543=76.6082 min=1.125306 max=1.130916 begin=1790147419.863094 end=1790147419.871674 all=1.1289,1.1271,1.1253,1.1300,1.1309,1.1288,1.1280,
RESULT arm=v2b_prod shape=add_k17408_n512 M=5120 K=17408 N=512 add=1 ms=1.205256 tops=75.725038 pct_of_105.543=71.7480 min=1.200927 max=1.213951 begin=1790147420.471846 end=1790147420.481090 all=1.2140,1.2053,1.2018,1.2057,1.2051,1.2009,1.2053,
REPACK shape=add_k17408_n512 K=17408 N=512 ms=0.018434 bytes_in=5013504 identical_to_cpu_pack=1
RESULT arm=x5 shape=add_k6144_n512 M=5120 K=6144 N=512 add=1 ms=0.599322 tops=53.747824 pct_of_105.543=50.9250 min=0.556040 max=0.618918 begin=1790147421.114307 end=1790147421.119088 all=0.5633,0.6189,0.5993,0.6161,0.6167,0.5741,0.5560,
RESULT arm=v2b_ms shape=add_k6144_n512 M=5120 K=6144 N=512 add=1 ms=0.415698 tops=77.489561 pct_of_105.543=73.4199 min=0.414897 max=0.417542 begin=1790147421.719320 end=1790147421.722873 all=0.4157,0.4171,0.4152,0.4154,0.4149,0.4167,0.4175,
RESULT arm=v2b_prod shape=add_k6144_n512 M=5120 K=6144 N=512 add=1 ms=0.439623 tops=73.272451 pct_of_105.543=69.4243 min=0.438701 max=0.440505 begin=1790147422.323149 end=1790147422.326886 all=0.4405,0.4397,0.4392,0.4387,0.4399,0.4396,0.4392,
REPACK shape=add_k6144_n512 K=6144 N=512 ms=0.010059 bytes_in=1769472 identical_to_cpu_pack=1
