DEVICE arch=gfx1151 name=AMD Radeon 8060S Graphics mps=20 ROCR=1 HIP=0 pid=1955654
OBJECT X5_OBJECT=/home/kaden/hipfire-land042/scratch-land042/gfx1151/abba/06-B-home/.hipfire_kernels/gfx1151/gemm_mq4g256v2_residual_mmq_iu4_gfx11_x5_symfold.c4e902d85a7eb0e1.hsaco
OBJECT V2B_MS_OBJECT=/home/kaden/hipfire-prof040/scratch-gemmv2/bin/v2b-ms-gfx1151.hsaco
OBJECT V2BP_OBJECT=/home/kaden/hipfire-v2bhalo/scratch-v2bhalo/bin/v2bp-gfx1151.hsaco
RESOURCE arm=x5 add=0 vgpr=92 private=0 static_lds=0 dynamic_lds=30720 blocks_per_mp=2 waves_per_mp=32
RESOURCE arm=x5 add=1 vgpr=92 private=0 static_lds=0 dynamic_lds=30720 blocks_per_mp=2 waves_per_mp=32
RESOURCE arm=v2b_ms add=0 vgpr=250 private=0 static_lds=0 dynamic_lds=65536 blocks_per_mp=1 waves_per_mp=16
RESOURCE arm=v2b_ms add=1 vgpr=250 private=0 static_lds=0 dynamic_lds=65536 blocks_per_mp=1 waves_per_mp=16
RESOURCE arm=v2b_prod add=0 vgpr=254 private=0 static_lds=0 dynamic_lds=65536 blocks_per_mp=1 waves_per_mp=16
RESOURCE arm=v2b_prod add=1 vgpr=254 private=0 static_lds=0 dynamic_lds=65536 blocks_per_mp=1 waves_per_mp=16
RESULT arm=v2b_prod shape=set_m17408 M=17408 K=5120 N=8192 add=0 ms=19.629732 tops=74.391687 pct_of_105.543=70.4847 min=19.567455 max=19.688280 begin=1790147423.532384 end=1790147423.687611 all=19.6443,19.6298,19.6096,19.6297,19.6883,19.5675,19.5960,
RESULT arm=v2b_ms shape=set_m17408 M=17408 K=5120 N=8192 add=0 ms=18.287340 tops=79.852448 pct_of_105.543=75.6587 min=18.259087 max=18.315392 begin=1790147424.290754 end=1790147424.436728 all=18.2831,18.2873,18.2750,18.3154,18.2591,18.3023,18.3008,
RESULT arm=x5 shape=set_m17408 M=17408 K=5120 N=8192 add=0 ms=26.021452 tops=56.118655 pct_of_105.543=53.1714 min=25.964464 max=26.103968 begin=1790147425.036907 end=1790147425.237082 all=26.1040,26.0752,25.9969,25.9645,26.0990,26.0215,25.9688,
REPACK shape=set_m17408 K=5120 N=8192 ms=0.221534 bytes_in=23592960 identical_to_cpu_pack=1
RESULT arm=v2b_prod shape=set_m12288 M=12288 K=5120 N=8192 add=0 ms=13.776740 tops=74.821195 pct_of_105.543=70.8917 min=13.762473 max=13.879211 begin=1790147426.134239 end=1790147426.243381 all=13.7767,13.8037,13.7725,13.7700,13.8792,13.7625,13.8215,
RESULT arm=v2b_ms shape=set_m12288 M=12288 K=5120 N=8192 add=0 ms=12.808889 tops=80.474748 pct_of_105.543=76.2483 min=12.786767 max=12.822434 begin=1790147426.854689 end=1790147426.956842 all=12.8050,12.8105,12.8089,12.7985,12.7868,12.8224,12.8199,
RESULT arm=x5 shape=set_m12288 M=12288 K=5120 N=8192 add=0 ms=17.537537 tops=58.776336 pct_of_105.543=55.6895 min=17.472456 max=17.674032 begin=1790147427.573352 end=1790147427.708599 all=17.5893,17.5050,17.4995,17.5375,17.4725,17.6740,17.5857,
REPACK shape=set_m12288 K=5120 N=8192 ms=0.220172 bytes_in=23592960 identical_to_cpu_pack=1
RESULT arm=v2b_prod shape=set_m10240 M=10240 K=5120 N=8192 add=0 ms=11.604195 tops=74.024393 pct_of_105.543=70.1367 min=11.570211 max=11.659738 begin=1790147428.558865 end=1790147428.650441 all=11.6597,11.6137,11.5702,11.5908,11.5931,11.6042,11.6406,
RESULT arm=v2b_ms shape=set_m10240 M=10240 K=5120 N=8192 add=0 ms=10.671970 tops=80.490615 pct_of_105.543=76.2633 min=10.628649 max=10.732163 begin=1790147429.256493 end=1790147429.341710 all=10.7166,10.7322,10.7308,10.6286,10.6583,10.6470,10.6720,
RESULT arm=x5 shape=set_m10240 M=10240 K=5120 N=8192 add=0 ms=15.203329 tops=56.500353 pct_of_105.543=53.5330 min=15.113521 max=15.275464 begin=1790147429.942575 end=1790147430.059335 all=15.1986,15.1405,15.2510,15.2666,15.2033,15.2755,15.1135,
REPACK shape=set_m10240 K=5120 N=8192 ms=0.217166 bytes_in=23592960 identical_to_cpu_pack=1
RESULT arm=v2b_prod shape=set_m6144 M=6144 K=5120 N=8192 add=0 ms=7.051355 tops=73.091779 pct_of_105.543=69.2531 min=7.016770 max=7.109824 begin=1790147430.827755 end=1790147430.883606 all=7.0532,7.1025,7.1098,7.0168,7.0514,7.0342,7.0503,
RESULT arm=v2b_ms shape=set_m6144 M=6144 K=5120 N=8192 add=0 ms=6.500043 tops=79.291180 pct_of_105.543=75.1269 min=6.477682 max=6.540719 begin=1790147431.489344 end=1790147431.541206 all=6.5142,6.4950,6.4777,6.5000,6.5407,6.5100,6.4908,
RESULT arm=x5 shape=set_m6144 M=6144 K=5120 N=8192 add=0 ms=9.200096 tops=56.020727 pct_of_105.543=53.0786 min=9.159781 max=9.253315 begin=1790147432.148165 end=1790147432.219046 all=9.1849,9.2253,9.1972,9.2533,9.1598,9.2403,9.2001,
REPACK shape=set_m6144 K=5120 N=8192 ms=0.224620 bytes_in=23592960 identical_to_cpu_pack=1
RESULT arm=v2b_prod shape=set_m1024 M=1024 K=5120 N=8192 add=0 ms=1.408596 tops=60.982243 pct_of_105.543=57.7795 min=1.399018 max=1.423063 begin=1790147432.885657 end=1790147432.896564 all=1.4122,1.4086,1.4005,1.4223,1.4231,1.3990,1.4086,
RESULT arm=v2b_ms shape=set_m1024 M=1024 K=5120 N=8192 add=0 ms=1.270257 tops=67.623596 pct_of_105.543=64.0721 min=1.257193 max=1.304681 begin=1790147433.496857 end=1790147433.506810 all=1.2619,1.3047,1.2628,1.2836,1.2718,1.2572,1.2703,
RESULT arm=x5 shape=set_m1024 M=1024 K=5120 N=8192 add=0 ms=1.690162 tops=50.823145 pct_of_105.543=48.1540 min=1.668241 max=1.728795 begin=1790147434.107462 end=1790147434.120293 all=1.6682,1.6818,1.7055,1.7046,1.6902,1.7288,1.6768,
REPACK shape=set_m1024 K=5120 N=8192 ms=0.230672 bytes_in=23592960 identical_to_cpu_pack=1
RESULT arm=v2b_prod shape=add_k17408 M=5120 K=17408 N=8192 add=1 ms=20.544683 tops=71.078675 pct_of_105.543=67.3457 min=20.468662 max=20.614134 begin=1790147434.961610 end=1790147435.116824 all=20.6141,20.6133,20.5927,20.4755,20.5447,20.4991,20.4687,
RESULT arm=v2b_ms shape=add_k17408 M=5120 K=17408 N=8192 add=1 ms=19.282484 tops=75.731367 pct_of_105.543=71.7540 min=19.080784 max=19.646204 begin=1790147435.726944 end=1790147435.873540 all=19.3404,19.3033,19.2733,19.2825,19.6462,19.2309,19.0808,
RESULT arm=x5 shape=add_k17408 M=5120 K=17408 N=8192 add=1 ms=25.764732 tops=56.677821 pct_of_105.543=53.7012 min=25.591969 max=25.833420 begin=1790147436.475250 end=1790147436.666896 all=25.7993,25.8334,25.5920,25.7647,25.6305,25.8157,25.6841,
REPACK shape=add_k17408 K=17408 N=8192 ms=0.753089 bytes_in=80216064 identical_to_cpu_pack=1
RESULT arm=v2b_prod shape=add_k6144 M=5120 K=6144 N=8192 add=1 ms=9.298600 tops=55.427276 pct_of_105.543=52.5163 min=9.224180 max=9.667370 begin=1790147437.448786 end=1790147437.526060 all=9.3680,9.2986,9.2337,9.2242,9.6674,9.4592,9.2873,
RESULT arm=v2b_ms shape=add_k6144 M=5120 K=6144 N=8192 add=1 ms=8.911916 tops=57.832243 pct_of_105.543=54.7950 min=8.819103 max=9.213761 begin=1790147438.126544 end=1790147438.200726 all=8.8191,9.2138,8.9119,8.9035,8.8233,8.9184,8.9791,
RESULT arm=x5 shape=add_k6144 M=5120 K=6144 N=8192 add=1 ms=12.133384 tops=42.477522 pct_of_105.543=40.2467 min=12.031754 max=12.403931 begin=1790147438.810754 end=1790147438.907671 all=12.1334,12.3160,12.0318,12.1109,12.4039,12.1119,12.1701,
REPACK shape=add_k6144 K=6144 N=8192 ms=0.265777 bytes_in=28311552 identical_to_cpu_pack=1
RESULT arm=v2b_prod shape=set_m17408_n512 M=17408 K=5120 N=512 add=0 ms=1.277310 tops=71.453331 pct_of_105.543=67.7007 min=1.269976 max=1.284244 begin=1790147439.586349 end=1790147439.596013 all=1.2839,1.2711,1.2700,1.2842,1.2773,1.2743,1.2806,
RESULT arm=v2b_ms shape=set_m17408_n512 M=17408 K=5120 N=512 add=0 ms=1.193714 tops=76.457219 pct_of_105.543=72.4418 min=1.188183 max=1.206698 begin=1790147440.196051 end=1790147440.205132 all=1.1954,1.2022,1.2067,1.1920,1.1882,1.1936,1.1937,
RESULT arm=x5 shape=set_m17408_n512 M=17408 K=5120 N=512 add=0 ms=1.548217 tops=58.950430 pct_of_105.543=55.8544 min=1.506219 max=1.599113 begin=1790147440.805459 end=1790147440.817094 all=1.5649,1.5482,1.5991,1.5671,1.5409,1.5062,1.5461,
REPACK shape=set_m17408_n512 K=5120 N=512 ms=0.009378 bytes_in=1474560 identical_to_cpu_pack=1
RESULT arm=v2b_prod shape=set_m12288_n512 M=12288 K=5120 N=512 add=0 ms=0.941522 tops=68.425920 pct_of_105.543=64.8323 min=0.940640 max=0.944368 begin=1790147441.488846 end=1790147441.495962 all=0.9409,0.9444,0.9415,0.9415,0.9417,0.9437,0.9406,
RESULT arm=v2b_ms shape=set_m12288_n512 M=12288 K=5120 N=512 add=0 ms=0.879405 tops=73.259201 pct_of_105.543=69.4117 min=0.874396 max=0.883213 begin=1790147442.096147 end=1790147442.102954 all=0.8794,0.8744,0.8786,0.8832,0.8794,0.8789,0.8815,
RESULT arm=x5 shape=set_m12288_n512 M=12288 K=5120 N=512 add=0 ms=1.108995 tops=58.092698 pct_of_105.543=55.0417 min=1.075372 max=1.146185 begin=1790147442.703662 end=1790147442.711968 all=1.1462,1.0999,1.1141,1.0754,1.1132,1.1090,1.1086,
REPACK shape=set_m12288_n512 K=5120 N=512 ms=0.009378 bytes_in=1474560 identical_to_cpu_pack=1
RESULT arm=v2b_prod shape=set_m10240_n512 M=10240 K=5120 N=512 add=0 ms=0.753370 tops=71.262583 pct_of_105.543=67.5200 min=0.751687 max=0.755093 begin=1790147443.385656 end=1790147443.391456 all=0.7551,0.7533,0.7537,0.7543,0.7534,0.7517,0.7533,
RESULT arm=v2b_ms shape=set_m10240_n512 M=10240 K=5120 N=512 add=0 ms=0.714337 tops=75.156532 pct_of_105.543=71.2094 min=0.710169 max=0.717622 begin=1790147443.992184 end=1790147443.997679 all=0.7143,0.7102,0.7123,0.7133,0.7149,0.7176,0.7158,
RESULT arm=x5 shape=set_m10240_n512 M=10240 K=5120 N=512 add=0 ms=0.948575 tops=56.597623 pct_of_105.543=53.6252 min=0.923287 max=0.978150 begin=1790147444.598117 end=1790147444.605268 all=0.9429,0.9782,0.9486,0.9576,0.9233,0.9448,0.9509,
REPACK shape=set_m10240_n512 K=5120 N=512 ms=0.009378 bytes_in=1474560 identical_to_cpu_pack=1
RESULT arm=v2b_prod shape=set_m6144_n512 M=6144 K=5120 N=512 add=0 ms=0.517608 tops=62.232917 pct_of_105.543=58.9645 min=0.516927 max=0.518411 begin=1790147445.259480 end=1790147445.263513 all=0.5176,0.5172,0.5176,0.5175,0.5184,0.5182,0.5169,
RESULT arm=v2b_ms shape=set_m6144_n512 M=6144 K=5120 N=512 add=0 ms=0.500817 tops=64.319411 pct_of_105.543=60.9414 min=0.499415 max=0.502179 begin=1790147445.863929 end=1790147445.867891 all=0.5008,0.5022,0.5005,0.5009,0.4994,0.5012,0.5004,
RESULT arm=x5 shape=set_m6144_n512 M=6144 K=5120 N=512 add=0 ms=0.562572 tops=57.258901 pct_of_105.543=54.2517 min=0.526025 max=0.584293 begin=1790147446.467953 end=1790147446.472273 all=0.5626,0.5260,0.5622,0.5296,0.5626,0.5843,0.5746,
REPACK shape=set_m6144_n512 K=5120 N=512 ms=0.009338 bytes_in=1474560 identical_to_cpu_pack=1
RESULT arm=v2b_prod shape=set_m1024_n512 M=1024 K=5120 N=512 add=0 ms=0.173364 tops=30.967843 pct_of_105.543=29.3414 min=0.172443 max=0.176410 begin=1790147447.081918 end=1790147447.083354 all=0.1724,0.1730,0.1764,0.1746,0.1740,0.1725,0.1734,
RESULT arm=v2b_ms shape=set_m1024_n512 M=1024 K=5120 N=512 add=0 ms=0.166632 tops=32.218957 pct_of_105.543=30.5269 min=0.166111 max=0.169597 begin=1790147447.683489 end=1790147447.684844 all=0.1670,0.1665,0.1661,0.1696,0.1666,0.1669,0.1665,
RESULT arm=x5 shape=set_m1024_n512 M=1024 K=5120 N=512 add=0 ms=0.115817 tops=46.355103 pct_of_105.543=43.9206 min=0.115296 max=0.116819 begin=1790147448.284887 end=1790147448.285899 all=0.1156,0.1153,0.1158,0.1168,0.1159,0.1163,0.1155,
REPACK shape=set_m1024_n512 K=5120 N=512 ms=0.008255 bytes_in=1474560 identical_to_cpu_pack=1
RESULT arm=v2b_prod shape=add_k17408_n512 M=5120 K=17408 N=512 add=1 ms=1.229020 tops=74.260838 pct_of_105.543=70.3607 min=1.223730 max=1.238758 begin=1790147448.935579 end=1790147448.944897 all=1.2321,1.2318,1.2245,1.2237,1.2268,1.2388,1.2290,
RESULT arm=v2b_ms shape=add_k17408_n512 M=5120 K=17408 N=512 add=1 ms=1.192352 tops=76.544553 pct_of_105.543=72.5245 min=1.188423 max=1.197040 begin=1790147449.545609 end=1790147449.554647 all=1.1961,1.1924,1.1907,1.1884,1.1898,1.1957,1.1970,
RESULT arm=x5 shape=add_k17408_n512 M=5120 K=17408 N=512 add=1 ms=1.708637 tops=53.415708 pct_of_105.543=50.6104 min=1.579356 max=1.827980 begin=1790147450.156170 end=1790147450.169095 all=1.8111,1.5794,1.6838,1.7039,1.7086,1.8280,1.8180,
REPACK shape=add_k17408_n512 K=17408 N=512 ms=0.018755 bytes_in=5013504 identical_to_cpu_pack=1
RESULT arm=v2b_prod shape=add_k6144_n512 M=5120 K=6144 N=512 add=1 ms=0.462947 tops=69.580868 pct_of_105.543=65.9266 min=0.462225 max=0.464830 begin=1790147450.828088 end=1790147450.831955 all=0.4624,0.4632,0.4630,0.4625,0.4629,0.4648,0.4622,
RESULT arm=v2b_ms shape=add_k6144_n512 M=5120 K=6144 N=512 add=1 ms=0.435134 tops=74.028357 pct_of_105.543=70.1405 min=0.434132 max=0.435575 begin=1790147451.432047 end=1790147451.435766 all=0.4348,0.4342,0.4341,0.4354,0.4356,0.4352,0.4351,
RESULT arm=x5 shape=add_k6144_n512 M=5120 K=6144 N=512 add=1 ms=0.641641 tops=50.202923 pct_of_105.543=47.5663 min=0.542415 max=0.644646 begin=1790147452.036421 end=1790147452.041378 all=0.6424,0.5918,0.6418,0.6416,0.5932,0.5424,0.6446,
REPACK shape=add_k6144_n512 K=6144 N=512 ms=0.009738 bytes_in=1769472 identical_to_cpu_pack=1
