DEVICE arch=gfx1151 name=AMD Radeon 8060S Graphics mps=20 ROCR=1 HIP=0 pid=1958693
OBJECT X5_OBJECT=/home/kaden/hipfire-land042/scratch-land042/gfx1151/abba/06-B-home/.hipfire_kernels/gfx1151/gemm_mq4g256v2_residual_mmq_iu4_gfx11_x5_symfold.c4e902d85a7eb0e1.hsaco
OBJECT V2B_MS_OBJECT=/home/kaden/hipfire-prof040/scratch-gemmv2/bin/v2b-ms-gfx1151.hsaco
OBJECT V2BP_OBJECT=/home/kaden/hipfire-v2bhalo/scratch-v2bhalo/bin/v2bp-gfx1151.hsaco
OBJECT V2BP_EXTRA_base=/home/kaden/hipfire-v2bhalo/scratch-v2bhalo/bin/v2bp-base-gfx1151.hsaco
OBJECT V2BP_EXTRA_hdr=/home/kaden/hipfire-v2bhalo/scratch-v2bhalo/bin/v2bp-hdr-gfx1151.hsaco
OBJECT V2BP_EXTRA_dx=/home/kaden/hipfire-v2bhalo/scratch-v2bhalo/bin/v2bp-dx-gfx1151.hsaco
OBJECT V2BP_EXTRA_hdrdx=/home/kaden/hipfire-v2bhalo/scratch-v2bhalo/bin/v2bp-hdrdx-gfx1151.hsaco
RESOURCE arm=x5 add=0 vgpr=92 private=0 static_lds=0 dynamic_lds=30720 blocks_per_mp=2 waves_per_mp=32
RESOURCE arm=x5 add=1 vgpr=92 private=0 static_lds=0 dynamic_lds=30720 blocks_per_mp=2 waves_per_mp=32
RESOURCE arm=v2b_ms add=0 vgpr=250 private=0 static_lds=0 dynamic_lds=65536 blocks_per_mp=1 waves_per_mp=16
RESOURCE arm=v2b_ms add=1 vgpr=250 private=0 static_lds=0 dynamic_lds=65536 blocks_per_mp=1 waves_per_mp=16
RESOURCE arm=v2b_prod add=0 vgpr=254 private=0 static_lds=0 dynamic_lds=65536 blocks_per_mp=1 waves_per_mp=16
RESOURCE arm=v2b_prod add=1 vgpr=254 private=0 static_lds=0 dynamic_lds=65536 blocks_per_mp=1 waves_per_mp=16
RESOURCE arm=base add=0 vgpr=254 private=0 static_lds=0 dynamic_lds=65536 blocks_per_mp=1 waves_per_mp=16
RESOURCE arm=base add=1 vgpr=254 private=0 static_lds=0 dynamic_lds=65536 blocks_per_mp=1 waves_per_mp=16
RESOURCE arm=hdr add=0 vgpr=246 private=0 static_lds=0 dynamic_lds=65536 blocks_per_mp=1 waves_per_mp=16
RESOURCE arm=hdr add=1 vgpr=246 private=0 static_lds=0 dynamic_lds=65536 blocks_per_mp=1 waves_per_mp=16
RESOURCE arm=dx add=0 vgpr=249 private=0 static_lds=0 dynamic_lds=65536 blocks_per_mp=1 waves_per_mp=16
RESOURCE arm=dx add=1 vgpr=249 private=0 static_lds=0 dynamic_lds=65536 blocks_per_mp=1 waves_per_mp=16
RESOURCE arm=hdrdx add=0 vgpr=244 private=0 static_lds=0 dynamic_lds=65536 blocks_per_mp=1 waves_per_mp=16
RESOURCE arm=hdrdx add=1 vgpr=244 private=0 static_lds=0 dynamic_lds=65536 blocks_per_mp=1 waves_per_mp=16
RESULT arm=x5 shape=set_m17408 M=17408 K=5120 N=8192 add=0 ms=26.132580 tops=55.880012 pct_of_105.543=52.9453 min=26.057116 max=27.074381 begin=1790147710.731482 end=1790147710.935709 all=26.1326,26.0863,26.0949,26.0571,27.0744,26.9690,26.8676,
RESULT arm=v2b_ms shape=set_m17408 M=17408 K=5120 N=8192 add=0 ms=18.069532 tops=80.814979 pct_of_105.543=76.5707 min=18.042843 max=18.187592 begin=1790147711.542104 end=1790147711.687699 all=18.0428,18.1876,18.1659,18.0431,18.0711,18.0695,18.0523,
RESULT arm=v2b_prod shape=set_m17408 M=17408 K=5120 N=8192 add=0 ms=19.453279 tops=75.066463 pct_of_105.543=71.1241 min=19.339788 max=19.573305 begin=1790147712.308026 end=1790147712.463326 all=19.4802,19.5733,19.3398,19.4533,19.4593,19.4331,19.3925,
RESULT arm=base shape=set_m17408 M=17408 K=5120 N=8192 add=0 ms=19.387880 tops=75.319677 pct_of_105.543=71.3640 min=19.367922 max=19.438696 begin=1790147713.084977 end=1790147713.239829 all=19.3879,19.3947,19.3813,19.4387,19.3770,19.3679,19.4371,
RESULT arm=hdr shape=set_m17408 M=17408 K=5120 N=8192 add=0 ms=19.091805 tops=76.487735 pct_of_105.543=72.4707 min=19.025120 max=19.160254 begin=1790147713.849821 end=1790147714.002537 all=19.1603,19.0251,19.0992,19.0751,19.1233,19.0383,19.0918,
RESULT arm=dx shape=set_m17408 M=17408 K=5120 N=8192 add=0 ms=19.869539 tops=73.493847 pct_of_105.543=69.6340 min=19.818205 max=19.934984 begin=1790147714.611979 end=1790147714.770310 all=19.9140,19.8308,19.8695,19.9350,19.8182,19.8336,19.8898,
RESULT arm=hdrdx shape=set_m17408 M=17408 K=5120 N=8192 add=0 ms=19.694815 tops=74.145855 pct_of_105.543=70.2518 min=19.587934 max=19.710171 begin=1790147715.374554 end=1790147715.531497 all=19.6160,19.6803,19.5879,19.7038,19.7102,19.6986,19.6948,
REPACK shape=set_m17408 K=5120 N=8192 ms=0.231673 bytes_in=23592960 identical_to_cpu_pack=1
RESULT arm=x5 shape=set_m12288 M=12288 K=5120 N=8192 add=0 ms=17.550882 tops=58.731643 pct_of_105.543=55.6471 min=17.375473 max=17.747248 begin=1790147716.483675 end=1790147716.619697 all=17.5509,17.5674,17.5165,17.7472,17.5867,17.3755,17.4252,
RESULT arm=v2b_ms shape=set_m12288 M=12288 K=5120 N=8192 add=0 ms=12.669869 tops=81.357756 pct_of_105.543=77.0849 min=12.606269 max=12.685938 begin=1790147717.228641 end=1790147717.330422 all=12.6549,12.6859,12.6506,12.6833,12.6769,12.6063,12.6699,
RESULT arm=v2b_prod shape=set_m12288 M=12288 K=5120 N=8192 add=0 ms=13.751893 tops=74.956382 pct_of_105.543=71.0198 min=13.720274 max=13.763755 begin=1790147717.939842 end=1790147718.049197 all=13.7203,13.7519,13.7638,13.7281,13.7607,13.7597,13.7380,
RESULT arm=base shape=set_m12288 M=12288 K=5120 N=8192 add=0 ms=13.753937 tops=74.945244 pct_of_105.543=71.0092 min=13.742436 max=13.822425 begin=1790147718.659362 end=1790147718.769061 all=13.7706,13.8079,13.7539,13.8224,13.7512,13.7509,13.7424,
RESULT arm=hdr shape=set_m12288 M=12288 K=5120 N=8192 add=0 ms=13.474735 tops=76.498138 pct_of_105.543=72.4805 min=13.439869 max=13.557370 begin=1790147719.382357 end=1790147719.489874 all=13.4851,13.5574,13.4634,13.4652,13.4747,13.4399,13.4880,
RESULT arm=dx shape=set_m12288 M=12288 K=5120 N=8192 add=0 ms=14.095176 tops=73.130848 pct_of_105.543=69.2901 min=14.023642 max=14.168152 begin=1790147720.096404 end=1790147720.208218 all=14.0549,14.1455,14.1352,14.0735,14.0952,14.0236,14.1682,
RESULT arm=hdrdx shape=set_m12288 M=12288 K=5120 N=8192 add=0 ms=13.876968 tops=74.280788 pct_of_105.543=70.3796 min=13.844546 max=13.888549 begin=1790147720.822522 end=1790147720.932247 all=13.8885,13.8770,13.8650,13.8445,13.8812,13.8476,13.8796,
REPACK shape=set_m12288 K=5120 N=8192 ms=0.220814 bytes_in=23592960 identical_to_cpu_pack=1
RESULT arm=x5 shape=set_m10240 M=10240 K=5120 N=8192 add=0 ms=15.330367 tops=56.032152 pct_of_105.543=53.0894 min=15.256749 max=15.438930 begin=1790147721.818905 end=1790147721.936714 all=15.2733,15.3306,15.3634,15.2706,15.3304,15.2567,15.4389,
RESULT arm=v2b_ms shape=set_m10240 M=10240 K=5120 N=8192 add=0 ms=10.932417 tops=78.573061 pct_of_105.543=74.4465 min=10.843491 max=11.089792 begin=1790147722.539468 end=1790147722.626744 all=11.0071,10.9971,10.9324,11.0898,10.8998,10.8843,10.8435,
RESULT arm=v2b_prod shape=set_m10240 M=10240 K=5120 N=8192 add=0 ms=11.724299 tops=73.266080 pct_of_105.543=69.4182 min=11.642226 max=11.799119 begin=1790147723.234679 end=1790147723.327215 all=11.7111,11.7521,11.7243,11.6422,11.7351,11.7991,11.6734,
RESULT arm=base shape=set_m10240 M=10240 K=5120 N=8192 add=0 ms=11.841478 tops=72.541066 pct_of_105.543=68.7313 min=11.813745 max=11.930605 begin=1790147723.935276 end=1790147724.028473 all=11.8191,11.8872,11.8459,11.9306,11.8295,11.8415,11.8137,
RESULT arm=hdr shape=set_m10240 M=10240 K=5120 N=8192 add=0 ms=11.521359 tops=74.556606 pct_of_105.543=70.6410 min=11.449505 max=11.563277 begin=1790147724.638775 end=1790147724.729738 all=11.5483,11.5319,11.4495,11.4780,11.5214,11.4903,11.5633,
RESULT arm=dx shape=set_m10240 M=10240 K=5120 N=8192 add=0 ms=11.906720 tops=72.143583 pct_of_105.543=68.3547 min=11.880431 max=11.949120 begin=1790147725.335771 end=1790147725.429592 all=11.8887,11.9491,11.9343,11.8804,11.9067,11.8826,11.9111,
RESULT arm=hdrdx shape=set_m10240 M=10240 K=5120 N=8192 add=0 ms=11.834826 tops=72.581844 pct_of_105.543=68.7699 min=11.773711 max=11.880030 begin=1790147726.041980 end=1790147726.135298 all=11.8800,11.8469,11.8348,11.7737,11.7970,11.8164,11.8719,
REPACK shape=set_m10240 K=5120 N=8192 ms=0.220011 bytes_in=23592960 identical_to_cpu_pack=1
RESULT arm=x5 shape=set_m6144 M=6144 K=5120 N=8192 add=0 ms=9.289623 tops=55.480837 pct_of_105.543=52.5670 min=9.191119 max=9.321042 begin=1790147726.890441 end=1790147726.961964 all=9.2873,9.2596,9.3210,9.1911,9.3149,9.3151,9.2896,
RESULT arm=v2b_ms shape=set_m6144 M=6144 K=5120 N=8192 add=0 ms=6.686312 tops=77.082263 pct_of_105.543=73.0340 min=6.561037 max=6.782371 begin=1790147727.563689 end=1790147727.616816 all=6.6211,6.5610,6.6506,6.7121,6.7824,6.7304,6.6863,
RESULT arm=v2b_prod shape=set_m6144 M=6144 K=5120 N=8192 add=0 ms=7.170578 tops=71.876504 pct_of_105.543=68.1016 min=7.145531 max=7.229728 begin=1790147728.222049 end=1790147728.278716 all=7.2297,7.1556,7.1717,7.1455,7.1574,7.1706,7.2090,
RESULT arm=base shape=set_m6144 M=6144 K=5120 N=8192 add=0 ms=7.147535 tops=72.108228 pct_of_105.543=68.3212 min=7.102290 max=7.247883 begin=1790147728.882786 end=1790147728.939321 all=7.1856,7.1947,7.2479,7.1452,7.1338,7.1023,7.1475,
RESULT arm=hdr shape=set_m6144 M=6144 K=5120 N=8192 add=0 ms=7.097040 tops=72.621271 pct_of_105.543=68.8073 min=6.995490 max=7.127778 begin=1790147729.543080 end=1790147729.598999 all=7.1278,6.9955,7.0168,7.1199,7.1136,7.0970,7.0578,
RESULT arm=dx shape=set_m6144 M=6144 K=5120 N=8192 add=0 ms=7.395479 tops=69.690694 pct_of_105.543=66.0306 min=7.380451 max=7.433830 begin=1790147730.199687 end=1790147730.257688 all=7.3887,7.3985,7.4338,7.3805,7.4018,7.3955,7.3955,
RESULT arm=hdrdx shape=set_m6144 M=6144 K=5120 N=8192 add=0 ms=7.291725 tops=70.682323 pct_of_105.543=66.9702 min=7.257381 max=7.414354 begin=1790147730.861419 end=1790147730.918888 all=7.3039,7.4144,7.2930,7.2823,7.2694,7.2917,7.2574,
REPACK shape=set_m6144 K=5120 N=8192 ms=0.223217 bytes_in=23592960 identical_to_cpu_pack=1
RESULT arm=x5 shape=set_m1024 M=1024 K=5120 N=8192 add=0 ms=1.696655 tops=50.628645 pct_of_105.543=47.9697 min=1.683671 max=1.729235 begin=1790147731.584701 end=1790147731.597629 all=1.7292,1.6967,1.6949,1.6944,1.7284,1.7144,1.6837,
RESULT arm=v2b_ms shape=set_m1024 M=1024 K=5120 N=8192 add=0 ms=1.257753 tops=68.295878 pct_of_105.543=64.7091 min=1.243287 max=1.309050 begin=1790147732.197981 end=1790147732.207864 all=1.2537,1.2697,1.2578,1.3031,1.2496,1.3090,1.2433,
RESULT arm=v2b_prod shape=set_m1024 M=1024 K=5120 N=8192 add=0 ms=1.427551 tops=60.172522 pct_of_105.543=57.0123 min=1.408435 max=1.434404 begin=1790147732.809349 end=1790147732.820382 all=1.4344,1.4276,1.4336,1.4328,1.4184,1.4084,1.4263,
RESULT arm=base shape=set_m1024 M=1024 K=5120 N=8192 add=0 ms=1.414006 tops=60.748926 pct_of_105.543=57.5585 min=1.400742 max=1.437610 begin=1790147733.421197 end=1790147733.432160 all=1.4096,1.4124,1.4140,1.4327,1.4376,1.4164,1.4007,
RESULT arm=hdr shape=set_m1024 M=1024 K=5120 N=8192 add=0 ms=1.403907 tops=61.185926 pct_of_105.543=57.9725 min=1.374291 max=1.423264 begin=1790147734.032951 end=1790147734.043843 all=1.4220,1.3854,1.4222,1.4039,1.3865,1.3743,1.4233,
RESULT arm=dx shape=set_m1024 M=1024 K=5120 N=8192 add=0 ms=1.449993 tops=59.241214 pct_of_105.543=56.1299 min=1.436648 max=1.463259 begin=1790147734.644157 end=1790147734.655381 all=1.4406,1.4580,1.4502,1.4368,1.4500,1.4366,1.4633,
RESULT arm=hdrdx shape=set_m1024 M=1024 K=5120 N=8192 add=0 ms=1.433964 tops=59.903418 pct_of_105.543=56.7574 min=1.410319 max=1.469590 begin=1790147735.255692 end=1790147735.266742 all=1.4399,1.4220,1.4103,1.4257,1.4340,1.4524,1.4696,
REPACK shape=set_m1024 K=5120 N=8192 ms=0.223218 bytes_in=23592960 identical_to_cpu_pack=1
RESULT arm=x5 shape=add_k17408 M=5120 K=17408 N=8192 add=1 ms=25.934330 tops=56.307176 pct_of_105.543=53.3500 min=25.839352 max=26.025419 begin=1790147736.064371 end=1790147736.257486 all=25.8394,25.9932,26.0254,25.9754,25.9205,25.9080,25.9343,
RESULT arm=v2b_ms shape=add_k17408 M=5120 K=17408 N=8192 add=1 ms=19.654819 tops=74.296733 pct_of_105.543=70.3948 min=19.369644 max=19.788109 begin=1790147736.871076 end=1790147737.019770 all=19.6817,19.6548,19.5957,19.4719,19.6563,19.3696,19.7881,
RESULT arm=v2b_prod shape=add_k17408 M=5120 K=17408 N=8192 add=1 ms=20.483770 tops=71.290043 pct_of_105.543=67.5460 min=20.398170 max=20.590773 begin=1790147737.639948 end=1790147737.794691 all=20.4065,20.4838,20.3982,20.5908,20.4991,20.4040,20.5489,
RESULT arm=base shape=add_k17408 M=5120 K=17408 N=8192 add=1 ms=20.794632 tops=70.224320 pct_of_105.543=66.5362 min=20.647999 max=20.925879 begin=1790147738.413162 end=1790147738.570139 all=20.6480,20.7946,20.8192,20.8155,20.9259,20.6560,20.7508,
RESULT arm=hdr shape=add_k17408 M=5120 K=17408 N=8192 add=1 ms=20.654209 tops=70.701757 pct_of_105.543=66.9886 min=20.484331 max=20.777000 begin=1790147739.170970 end=1790147739.326762 all=20.4843,20.4895,20.7161,20.7770,20.5843,20.6542,20.6702,
RESULT arm=dx shape=add_k17408 M=5120 K=17408 N=8192 add=1 ms=21.250965 tops=68.716356 pct_of_105.543=65.1074 min=21.096355 max=21.371391 begin=1790147739.942408 end=1790147740.102480 all=21.2510,21.3053,21.1757,21.2535,21.3714,21.0964,21.1586,
RESULT arm=hdrdx shape=add_k17408 M=5120 K=17408 N=8192 add=1 ms=21.086781 tops=69.251391 pct_of_105.543=65.6144 min=20.992924 max=21.161076 begin=1790147740.719980 end=1790147740.878863 all=20.9981,21.1018,21.0851,21.1366,20.9929,21.1611,21.0868,
REPACK shape=add_k17408 K=17408 N=8192 ms=0.751126 bytes_in=80216064 identical_to_cpu_pack=1
RESULT arm=x5 shape=add_k6144 M=5120 K=6144 N=8192 add=1 ms=12.173179 tops=42.338660 pct_of_105.543=40.1151 min=12.028909 max=12.329030 begin=1790147741.656336 end=1790147741.753127 all=12.1732,12.1746,12.0670,12.0289,12.3290,12.2081,12.1494,
RESULT arm=v2b_ms shape=add_k6144 M=5120 K=6144 N=8192 add=1 ms=8.851283 tops=58.228403 pct_of_105.543=55.1703 min=8.734945 max=8.945059 begin=1790147742.363573 end=1790147742.437224 all=8.8850,8.8513,8.7942,8.7349,8.9451,8.9227,8.8104,
RESULT arm=v2b_prod shape=add_k6144 M=5120 K=6144 N=8192 add=1 ms=9.623448 tops=53.556278 pct_of_105.543=50.7436 min=9.340839 max=9.794007 begin=1790147743.043172 end=1790147743.121975 all=9.7225,9.4330,9.6234,9.3408,9.7874,9.5546,9.7940,
RESULT arm=base shape=add_k6144 M=5120 K=6144 N=8192 add=1 ms=9.391694 tops=54.877860 pct_of_105.543=51.9957 min=9.189155 max=9.613429 begin=1790147743.726272 end=1790147743.803705 all=9.6134,9.2653,9.5292,9.3473,9.3917,9.1892,9.4963,
RESULT arm=hdr shape=add_k6144 M=5120 K=6144 N=8192 add=1 ms=9.616074 tops=53.597351 pct_of_105.543=50.7825 min=9.555721 max=9.834643 begin=1790147744.411278 end=1790147744.490649 all=9.5557,9.6009,9.6158,9.6161,9.7273,9.7781,9.8346,
RESULT arm=dx shape=add_k6144 M=5120 K=6144 N=8192 add=1 ms=9.798656 tops=52.598652 pct_of_105.543=49.8362 min=9.236123 max=9.953906 begin=1790147745.092054 end=1790147745.171398 all=9.2361,9.5401,9.8271,9.4940,9.8878,9.7987,9.9539,
RESULT arm=hdrdx shape=add_k6144 M=5120 K=6144 N=8192 add=1 ms=9.740467 tops=52.912871 pct_of_105.543=50.1339 min=9.553036 max=9.988330 begin=1790147745.779201 end=1790147745.859356 all=9.8851,9.9883,9.6192,9.9386,9.7405,9.5530,9.7276,
REPACK shape=add_k6144 K=6144 N=8192 ms=0.271067 bytes_in=28311552 identical_to_cpu_pack=1
