DEVICE arch=gfx1151 name=AMD Radeon 8060S Graphics mps=20 ROCR=1 HIP=0 pid=1960004
OBJECT X5_OBJECT=/home/kaden/hipfire-land042/scratch-land042/gfx1151/abba/06-B-home/.hipfire_kernels/gfx1151/gemm_mq4g256v2_residual_mmq_iu4_gfx11_x5_symfold.c4e902d85a7eb0e1.hsaco
OBJECT V2B_MS_OBJECT=/home/kaden/hipfire-prof040/scratch-gemmv2/bin/v2b-ms-gfx1151.hsaco
OBJECT V2BP_OBJECT=/home/kaden/hipfire-v2bhalo/scratch-v2bhalo/bin/v2bp-gfx1151.hsaco
OBJECT V2BP_EXTRA_base=/home/kaden/hipfire-v2bhalo/scratch-v2bhalo/bin/v2bp-base-gfx1151.hsaco
OBJECT V2BP_EXTRA_hdr=/home/kaden/hipfire-v2bhalo/scratch-v2bhalo/bin/v2bp-hdr-gfx1151.hsaco
OBJECT V2BP_EXTRA_dx=/home/kaden/hipfire-v2bhalo/scratch-v2bhalo/bin/v2bp-dx-gfx1151.hsaco
OBJECT V2BP_EXTRA_hdrdx=/home/kaden/hipfire-v2bhalo/scratch-v2bhalo/bin/v2bp-hdrdx-gfx1151.hsaco
RESOURCE arm=x5 add=0 vgpr=92 private=0 static_lds=0 dynamic_lds=30720 blocks_per_mp=2 waves_per_mp=32
RESOURCE arm=x5 add=1 vgpr=92 private=0 static_lds=0 dynamic_lds=30720 blocks_per_mp=2 waves_per_mp=32
RESOURCE arm=v2b_ms add=0 vgpr=250 private=0 static_lds=0 dynamic_lds=65536 blocks_per_mp=1 waves_per_mp=16
RESOURCE arm=v2b_ms add=1 vgpr=250 private=0 static_lds=0 dynamic_lds=65536 blocks_per_mp=1 waves_per_mp=16
RESOURCE arm=v2b_prod add=0 vgpr=254 private=0 static_lds=0 dynamic_lds=65536 blocks_per_mp=1 waves_per_mp=16
RESOURCE arm=v2b_prod add=1 vgpr=254 private=0 static_lds=0 dynamic_lds=65536 blocks_per_mp=1 waves_per_mp=16
RESOURCE arm=base add=0 vgpr=254 private=0 static_lds=0 dynamic_lds=65536 blocks_per_mp=1 waves_per_mp=16
RESOURCE arm=base add=1 vgpr=254 private=0 static_lds=0 dynamic_lds=65536 blocks_per_mp=1 waves_per_mp=16
RESOURCE arm=hdr add=0 vgpr=246 private=0 static_lds=0 dynamic_lds=65536 blocks_per_mp=1 waves_per_mp=16
RESOURCE arm=hdr add=1 vgpr=246 private=0 static_lds=0 dynamic_lds=65536 blocks_per_mp=1 waves_per_mp=16
RESOURCE arm=dx add=0 vgpr=249 private=0 static_lds=0 dynamic_lds=65536 blocks_per_mp=1 waves_per_mp=16
RESOURCE arm=dx add=1 vgpr=249 private=0 static_lds=0 dynamic_lds=65536 blocks_per_mp=1 waves_per_mp=16
RESOURCE arm=hdrdx add=0 vgpr=244 private=0 static_lds=0 dynamic_lds=65536 blocks_per_mp=1 waves_per_mp=16
RESOURCE arm=hdrdx add=1 vgpr=244 private=0 static_lds=0 dynamic_lds=65536 blocks_per_mp=1 waves_per_mp=16
RESULT arm=hdrdx shape=set_m17408 M=17408 K=5120 N=8192 add=0 ms=20.083300 tops=72.711602 pct_of_105.543=68.8929 min=19.865654 max=20.171024 begin=1790147747.014349 end=1790147747.172779 all=19.8657,19.9959,20.1710,20.0833,20.0958,20.0116,20.0924,
RESULT arm=dx shape=set_m17408 M=17408 K=5120 N=8192 add=0 ms=20.360420 tops=71.721942 pct_of_105.543=67.9552 min=20.331526 max=20.382580 begin=1790147747.790976 end=1790147747.951718 all=20.3595,20.3826,20.3550,20.3315,20.3666,20.3604,20.3654,
RESULT arm=hdr shape=set_m17408 M=17408 K=5120 N=8192 add=0 ms=19.555271 tops=74.674949 pct_of_105.543=70.7531 min=19.513876 max=19.601120 begin=1790147748.571597 end=1790147748.726594 all=19.5553,19.5431,19.5595,19.5601,19.5356,19.6011,19.5139,
RESULT arm=base shape=set_m17408 M=17408 K=5120 N=8192 add=0 ms=19.800093 tops=73.751618 pct_of_105.543=69.8783 min=19.775484 max=19.851707 begin=1790147749.331046 end=1790147749.487461 all=19.7848,19.8259,19.8001,19.8517,19.7755,19.8276,19.7864,
RESULT arm=v2b_prod shape=set_m17408 M=17408 K=5120 N=8192 add=0 ms=19.951977 tops=73.190185 pct_of_105.543=69.3463 min=19.804380 max=20.068672 begin=1790147750.090086 end=1790147750.247725 all=19.8356,19.8044,19.9135,20.0005,20.0687,19.9520,19.9833,
RESULT arm=v2b_ms shape=set_m17408 M=17408 K=5120 N=8192 add=0 ms=18.601128 tops=78.505395 pct_of_105.543=74.3824 min=18.545464 max=18.627655 begin=1790147750.861149 end=1790147751.009546 all=18.6011,18.5455,18.6277,18.6081,18.5868,18.6253,18.5524,
RESULT arm=x5 shape=set_m17408 M=17408 K=5120 N=8192 add=0 ms=26.097795 tops=55.954492 pct_of_105.543=53.0158 min=26.028227 max=26.205439 begin=1790147751.613977 end=1790147751.815030 all=26.2054,26.0449,26.1795,26.1105,26.0896,26.0978,26.0282,
REPACK shape=set_m17408 K=5120 N=8192 ms=0.224781 bytes_in=23592960 identical_to_cpu_pack=1
RESULT arm=hdrdx shape=set_m12288 M=12288 K=5120 N=8192 add=0 ms=14.032659 tops=73.456654 pct_of_105.543=69.5988 min=13.977035 max=14.126354 begin=1790147752.701118 end=1790147752.811771 all=14.1062,13.9770,14.0015,14.0327,14.1264,13.9960,14.0698,
RESULT arm=dx shape=set_m12288 M=12288 K=5120 N=8192 add=0 ms=14.206785 tops=72.556327 pct_of_105.543=68.7457 min=14.154087 max=14.255516 begin=1790147753.418652 end=1790147753.530678 all=14.2199,14.1956,14.1541,14.2222,14.2068,14.1701,14.2555,
RESULT arm=hdr shape=set_m12288 M=12288 K=5120 N=8192 add=0 ms=13.951547 tops=73.883719 pct_of_105.543=70.0034 min=13.925419 max=13.994788 begin=1790147754.135475 end=1790147754.245666 all=13.9948,13.9515,13.9304,13.9590,13.9708,13.9373,13.9254,
RESULT arm=base shape=set_m12288 M=12288 K=5120 N=8192 add=0 ms=14.299679 tops=72.084986 pct_of_105.543=68.2992 min=14.294349 max=14.388524 begin=1790147754.855727 end=1790147754.968587 all=14.2997,14.3381,14.2960,14.3228,14.2959,14.2943,14.3885,
RESULT arm=v2b_prod shape=set_m12288 M=12288 K=5120 N=8192 add=0 ms=14.383556 tops=71.664623 pct_of_105.543=67.9009 min=14.306130 max=14.412609 begin=1790147755.582045 end=1790147755.695265 all=14.3061,14.3631,14.3420,14.3836,14.4126,14.4043,14.4072,
RESULT arm=v2b_ms shape=set_m12288 M=12288 K=5120 N=8192 add=0 ms=13.343049 tops=77.253119 pct_of_105.543=73.1959 min=13.323893 max=13.365690 begin=1790147756.298914 end=1790147756.404910 all=13.3430,13.3657,13.3525,13.3420,13.3239,13.3267,13.3497,
RESULT arm=x5 shape=set_m12288 M=12288 K=5120 N=8192 add=0 ms=17.892721 tops=57.609580 pct_of_105.543=54.5840 min=17.853008 max=17.957283 begin=1790147757.015106 end=1790147757.152933 all=17.9314,17.8608,17.8689,17.8927,17.9253,17.9573,17.8530,
REPACK shape=set_m12288 K=5120 N=8192 ms=0.217968 bytes_in=23592960 identical_to_cpu_pack=1
RESULT arm=hdrdx shape=set_m10240 M=10240 K=5120 N=8192 add=0 ms=11.693241 tops=73.460681 pct_of_105.543=69.6026 min=11.671080 max=11.792587 begin=1790147758.051069 end=1790147758.143546 all=11.6831,11.6932,11.7590,11.6827,11.7358,11.6711,11.7926,
RESULT arm=dx shape=set_m10240 M=10240 K=5120 N=8192 add=0 ms=12.302461 tops=69.822898 pct_of_105.543=66.1559 min=12.241387 max=12.333119 begin=1790147758.748356 end=1790147758.844943 all=12.2414,12.2594,12.3320,12.3225,12.3331,12.3025,12.2509,
RESULT arm=hdr shape=set_m10240 M=10240 K=5120 N=8192 add=0 ms=11.874580 tops=72.338847 pct_of_105.543=68.5397 min=11.837431 max=11.919705 begin=1790147759.457859 end=1790147759.551394 all=11.8746,11.8882,11.8579,11.9197,11.8374,11.8914,11.8692,
RESULT arm=base shape=set_m10240 M=10240 K=5120 N=8192 add=0 ms=12.153142 tops=70.680772 pct_of_105.543=66.9687 min=12.113227 max=12.227961 begin=1790147760.164286 end=1790147760.259875 all=12.1614,12.2280,12.1205,12.1333,12.1531,12.1132,12.2122,
RESULT arm=v2b_prod shape=set_m10240 M=10240 K=5120 N=8192 add=0 ms=12.170454 tops=70.580231 pct_of_105.543=66.8734 min=12.135548 max=12.272766 begin=1790147760.860841 end=1790147760.956453 all=12.1705,12.1997,12.1355,12.2079,12.1491,12.1578,12.2728,
RESULT arm=v2b_ms shape=set_m10240 M=10240 K=5120 N=8192 add=0 ms=11.278465 tops=76.162265 pct_of_105.543=72.1623 min=11.223201 max=11.322107 begin=1790147761.567858 end=1790147761.657362 all=11.2546,11.2232,11.2305,11.3155,11.2785,11.3221,11.3052,
RESULT arm=x5 shape=set_m10240 M=10240 K=5120 N=8192 add=0 ms=15.653131 tops=54.876784 pct_of_105.543=51.9947 min=15.574744 max=15.738010 begin=1790147762.272907 end=1790147762.393080 all=15.6531,15.6585,15.7380,15.6324,15.6373,15.5747,15.6729,
REPACK shape=set_m10240 K=5120 N=8192 ms=0.217246 bytes_in=23592960 identical_to_cpu_pack=1
RESULT arm=hdrdx shape=set_m6144 M=6144 K=5120 N=8192 add=0 ms=7.468616 tops=69.008244 pct_of_105.543=65.3840 min=7.437317 max=7.592127 begin=1790147763.161677 end=1790147763.220469 all=7.5921,7.5010,7.4949,7.4686,7.4373,7.4658,7.4562,
RESULT arm=dx shape=set_m6144 M=6144 K=5120 N=8192 add=0 ms=7.566719 tops=68.113547 pct_of_105.543=64.5363 min=7.521755 max=7.645146 begin=1790147763.822086 end=1790147763.881455 all=7.6451,7.5860,7.5379,7.5667,7.5565,7.5218,7.5890,
RESULT arm=hdr shape=set_m6144 M=6144 K=5120 N=8192 add=0 ms=7.288398 tops=70.714592 pct_of_105.543=67.0007 min=7.262390 max=7.322783 begin=1790147764.488888 end=1790147764.546303 all=7.2963,7.2874,7.2624,7.2884,7.3080,7.2874,7.3228,
RESULT arm=base shape=set_m6144 M=6144 K=5120 N=8192 add=0 ms=7.463366 tops=69.056787 pct_of_105.543=65.4300 min=7.449941 max=7.491819 begin=1790147765.146927 end=1790147765.205569 all=7.4499,7.4614,7.4644,7.4634,7.4786,7.4918,7.4509,
RESULT arm=v2b_prod shape=set_m6144 M=6144 K=5120 N=8192 add=0 ms=7.450863 tops=69.172669 pct_of_105.543=65.5398 min=7.410186 max=7.470460 begin=1790147765.806699 end=1790147765.865144 all=7.4340,7.4705,7.4595,7.4102,7.4509,7.4575,7.4299,
RESULT arm=v2b_ms shape=set_m6144 M=6144 K=5120 N=8192 add=0 ms=6.881758 tops=74.893081 pct_of_105.543=70.9598 min=6.848014 max=6.924958 begin=1790147766.472046 end=1790147766.526685 all=6.8881,6.8480,6.8741,6.8802,6.8965,6.9250,6.8818,
RESULT arm=x5 shape=set_m6144 M=6144 K=5120 N=8192 add=0 ms=9.471444 tops=54.415786 pct_of_105.543=51.5579 min=9.428202 max=9.573354 begin=1790147767.127887 end=1790147767.200858 all=9.4488,9.5734,9.4714,9.5166,9.5395,9.4282,9.4699,
REPACK shape=set_m6144 K=5120 N=8192 ms=0.225542 bytes_in=23592960 identical_to_cpu_pack=1
RESULT arm=hdrdx shape=set_m1024 M=1024 K=5120 N=8192 add=0 ms=1.487303 tops=57.755108 pct_of_105.543=54.7219 min=1.458249 max=1.522449 begin=1790147767.891629 end=1790147767.903018 all=1.4696,1.5224,1.4873,1.4836,1.5081,1.4582,1.4997,
RESULT arm=dx shape=set_m1024 M=1024 K=5120 N=8192 add=0 ms=1.486542 tops=57.784675 pct_of_105.543=54.7499 min=1.452959 max=1.496601 begin=1790147768.503652 end=1790147768.515017 all=1.4966,1.4635,1.4530,1.4887,1.4949,1.4865,1.4689,
RESULT arm=hdr shape=set_m1024 M=1024 K=5120 N=8192 add=0 ms=1.421780 tops=60.416764 pct_of_105.543=57.2437 min=1.391844 max=1.465062 begin=1790147769.115367 end=1790147769.126302 all=1.4272,1.4218,1.4026,1.3937,1.4449,1.4651,1.3918,
RESULT arm=base shape=set_m1024 M=1024 K=5120 N=8192 add=0 ms=1.447629 tops=59.337957 pct_of_105.543=56.2216 min=1.430146 max=1.472956 begin=1790147769.727725 end=1790147769.738880 all=1.4301,1.4562,1.4730,1.4716,1.4444,1.4422,1.4476,
RESULT arm=v2b_prod shape=set_m1024 M=1024 K=5120 N=8192 add=0 ms=1.429194 tops=60.103350 pct_of_105.543=56.9468 min=1.414768 max=1.457608 begin=1790147770.340351 end=1790147770.351360 all=1.4209,1.4213,1.4292,1.4148,1.4542,1.4576,1.4338,
RESULT arm=v2b_ms shape=set_m1024 M=1024 K=5120 N=8192 add=0 ms=1.318347 tops=65.156857 pct_of_105.543=61.7349 min=1.304722 max=1.350207 begin=1790147770.952254 end=1790147770.962448 all=1.3090,1.3154,1.3047,1.3373,1.3183,1.3466,1.3502,
RESULT arm=x5 shape=set_m1024 M=1024 K=5120 N=8192 add=0 ms=1.722543 tops=49.867751 pct_of_105.543=47.2488 min=1.685754 max=1.756327 begin=1790147771.563210 end=1790147771.576167 all=1.7563,1.7322,1.7152,1.7426,1.7136,1.6858,1.7225,
REPACK shape=set_m1024 K=5120 N=8192 ms=0.229389 bytes_in=23592960 identical_to_cpu_pack=1
RESULT arm=hdrdx shape=add_k17408 M=5120 K=17408 N=8192 add=1 ms=22.052223 tops=66.219576 pct_of_105.543=62.7418 min=21.820312 max=22.201664 begin=1790147772.402404 end=1790147772.567983 all=22.2017,21.8203,21.8879,22.1070,21.9329,22.0522,22.0616,
RESULT arm=dx shape=add_k17408 M=5120 K=17408 N=8192 add=1 ms=22.156260 tops=65.908638 pct_of_105.543=62.4472 min=21.935246 max=22.330385 begin=1790147773.184846 end=1790147773.351400 all=22.1684,22.1563,21.9352,22.1562,22.1843,22.1226,22.3304,
RESULT arm=hdr shape=add_k17408 M=5120 K=17408 N=8192 add=1 ms=21.444208 tops=68.097123 pct_of_105.543=64.5207 min=21.268520 max=21.815784 begin=1790147773.953338 end=1790147774.115340 all=21.4867,21.2685,21.7185,21.3574,21.4442,21.8158,21.4203,
RESULT arm=base shape=add_k17408 M=5120 K=17408 N=8192 add=1 ms=21.676643 tops=67.366928 pct_of_105.543=63.8289 min=21.486889 max=21.800837 begin=1790147774.720328 end=1790147774.883309 all=21.6197,21.6978,21.6766,21.6855,21.8008,21.5854,21.4869,
RESULT arm=v2b_prod shape=add_k17408 M=5120 K=17408 N=8192 add=1 ms=21.660652 tops=67.416663 pct_of_105.543=63.8760 min=21.533976 max=21.869764 begin=1790147775.488967 end=1790147775.652187 all=21.5340,21.8698,21.6867,21.6198,21.7883,21.6030,21.6607,
RESULT arm=v2b_ms shape=add_k17408 M=5120 K=17408 N=8192 add=1 ms=20.487944 tops=71.275522 pct_of_105.543=67.5322 min=20.177563 max=20.747984 begin=1790147776.270955 end=1790147776.425913 all=20.3787,20.6481,20.7480,20.6267,20.1776,20.4879,20.3774,
RESULT arm=x5 shape=add_k17408 M=5120 K=17408 N=8192 add=1 ms=26.753864 tops=54.582354 pct_of_105.543=51.7157 min=26.588274 max=26.914925 begin=1790147777.048544 end=1790147777.247318 all=26.5883,26.7140,26.7876,26.8026,26.6207,26.9149,26.7539,
REPACK shape=add_k17408 K=17408 N=8192 ms=0.753730 bytes_in=80216064 identical_to_cpu_pack=1
RESULT arm=hdrdx shape=add_k6144 M=5120 K=6144 N=8192 add=1 ms=9.832880 tops=52.415577 pct_of_105.543=49.6628 min=9.504465 max=9.914754 begin=1790147778.044624 end=1790147778.125015 all=9.8788,9.8062,9.5045,9.8143,9.8329,9.9047,9.9148,
RESULT arm=dx shape=add_k6144 M=5120 K=6144 N=8192 add=1 ms=9.786833 tops=52.662193 pct_of_105.543=49.8964 min=9.490600 max=9.990295 begin=1790147778.735816 end=1790147778.815957 all=9.7769,9.7724,9.8355,9.9903,9.8358,9.7868,9.4906,
RESULT arm=hdr shape=add_k6144 M=5120 K=6144 N=8192 add=1 ms=9.646010 tops=53.431010 pct_of_105.543=50.6249 min=9.409568 max=9.782706 begin=1790147779.421119 end=1790147779.499947 all=9.5160,9.7484,9.7080,9.7827,9.4096,9.4151,9.6460,
RESULT arm=base shape=add_k6144 M=5120 K=6144 N=8192 add=1 ms=9.623408 tops=53.556501 pct_of_105.543=50.7438 min=9.232637 max=9.791442 begin=1790147780.102618 end=1790147780.181084 all=9.7888,9.2326,9.7914,9.2433,9.4438,9.7494,9.6234,
RESULT arm=v2b_prod shape=add_k6144 M=5120 K=6144 N=8192 add=1 ms=9.595997 tops=53.709488 pct_of_105.543=50.8887 min=9.146195 max=9.795049 begin=1790147780.784284 end=1790147780.862577 all=9.6188,9.6360,9.7950,9.5197,9.2083,9.1462,9.5960,
RESULT arm=v2b_ms shape=add_k6144 M=5120 K=6144 N=8192 add=1 ms=8.921374 tops=57.770928 pct_of_105.543=54.7369 min=8.812811 max=9.055505 begin=1790147781.465592 end=1790147781.539801 all=8.8200,8.9919,8.9214,9.0515,8.9043,9.0555,8.8128,
RESULT arm=x5 shape=add_k6144 M=5120 K=6144 N=8192 add=1 ms=12.144365 tops=42.439112 pct_of_105.543=40.2103 min=12.066740 max=12.277214 begin=1790147782.148048 end=1790147782.244788 all=12.2772,12.1068,12.1444,12.0667,12.1560,12.2329,12.1283,
REPACK shape=add_k6144 K=6144 N=8192 ms=0.271428 bytes_in=28311552 identical_to_cpu_pack=1
