DEVICE arch=gfx1151 name=AMD Radeon 8060S Graphics mps=20 ROCR=1 HIP=0 pid=1960764
OBJECT X5_OBJECT=/home/kaden/hipfire-land042/scratch-land042/gfx1151/abba/06-B-home/.hipfire_kernels/gfx1151/gemm_mq4g256v2_residual_mmq_iu4_gfx11_x5_symfold.c4e902d85a7eb0e1.hsaco
OBJECT V2B_MS_OBJECT=/home/kaden/hipfire-prof040/scratch-gemmv2/bin/v2b-ms-gfx1151.hsaco
OBJECT V2BP_OBJECT=/home/kaden/hipfire-v2bhalo/scratch-v2bhalo/bin/v2bp-gfx1151.hsaco
OBJECT V2BP_EXTRA_hdr=/home/kaden/hipfire-v2bhalo/scratch-v2bhalo/bin/v2bp-hdr-gfx1151.hsaco
RESOURCE arm=x5 add=0 vgpr=92 private=0 static_lds=0 dynamic_lds=30720 blocks_per_mp=2 waves_per_mp=32
RESOURCE arm=x5 add=1 vgpr=92 private=0 static_lds=0 dynamic_lds=30720 blocks_per_mp=2 waves_per_mp=32
RESOURCE arm=v2b_ms add=0 vgpr=250 private=0 static_lds=0 dynamic_lds=65536 blocks_per_mp=1 waves_per_mp=16
RESOURCE arm=v2b_ms add=1 vgpr=250 private=0 static_lds=0 dynamic_lds=65536 blocks_per_mp=1 waves_per_mp=16
RESOURCE arm=v2b_prod add=0 vgpr=246 private=0 static_lds=0 dynamic_lds=65536 blocks_per_mp=1 waves_per_mp=16
RESOURCE arm=v2b_prod add=1 vgpr=246 private=0 static_lds=0 dynamic_lds=65536 blocks_per_mp=1 waves_per_mp=16
RESOURCE arm=hdr add=0 vgpr=246 private=0 static_lds=0 dynamic_lds=65536 blocks_per_mp=1 waves_per_mp=16
RESOURCE arm=hdr add=1 vgpr=246 private=0 static_lds=0 dynamic_lds=65536 blocks_per_mp=1 waves_per_mp=16
RESULT arm=x5 shape=set_m17408 M=17408 K=5120 N=8192 add=0 ms=25.931320 tops=56.313711 pct_of_105.543=53.3562 min=25.863194 max=25.985182 begin=1790147827.886432 end=1790147828.086030 all=25.8632,25.9313,25.9852,25.9572,25.9561,25.9214,25.8672,
RESULT arm=v2b_ms shape=set_m17408 M=17408 K=5120 N=8192 add=0 ms=18.113935 tops=80.616875 pct_of_105.543=76.3830 min=18.044767 max=18.155775 begin=1790147828.705803 end=1790147828.850471 all=18.1084,18.0448,18.1244,18.1151,18.1139,18.0618,18.1558,
RESULT arm=v2b_prod shape=set_m17408 M=17408 K=5120 N=8192 add=0 ms=19.200647 tops=76.054148 pct_of_105.543=72.0599 min=19.162617 max=19.244812 begin=1790147829.457871 end=1790147829.610194 all=19.2006,19.1654,19.2039,19.2008,19.1626,19.1936,19.2448,
RESULT arm=hdr shape=set_m17408 M=17408 K=5120 N=8192 add=0 ms=19.200607 tops=76.054307 pct_of_105.543=72.0600 min=19.170153 max=19.251984 begin=1790147830.219303 end=1790147830.371653 all=19.1986,19.1702,19.2520,19.2006,19.1802,19.2047,19.2076,
REPACK shape=set_m17408 K=5120 N=8192 ms=0.219932 bytes_in=23592960 identical_to_cpu_pack=1
RESULT arm=x5 shape=set_m12288 M=12288 K=5120 N=8192 add=0 ms=17.506760 tops=58.879665 pct_of_105.543=55.7874 min=17.435705 max=17.535975 begin=1790147831.323056 end=1790147831.457919 all=17.5292,17.4636,17.5360,17.4357,17.5068,17.4902,17.5241,
RESULT arm=v2b_ms shape=set_m12288 M=12288 K=5120 N=8192 add=0 ms=12.833655 tops=80.319451 pct_of_105.543=76.1012 min=12.808127 max=12.869202 begin=1790147832.069833 end=1790147832.172016 all=12.8351,12.8081,12.8245,12.8692,12.8115,12.8337,12.8675,
RESULT arm=v2b_prod shape=set_m12288 M=12288 K=5120 N=8192 add=0 ms=13.575724 tops=75.929076 pct_of_105.543=71.9414 min=13.471208 max=13.582256 begin=1790147832.784930 end=1790147832.892246 all=13.5757,13.5642,13.5823,13.5782,13.5704,13.4712,13.5786,
RESULT arm=hdr shape=set_m12288 M=12288 K=5120 N=8192 add=0 ms=13.557330 tops=76.032090 pct_of_105.543=72.0390 min=13.480785 max=13.587105 begin=1790147833.505807 end=1790147833.613083 all=13.5748,13.5573,13.5871,13.5353,13.5826,13.4808,13.5392,
REPACK shape=set_m12288 K=5120 N=8192 ms=0.217607 bytes_in=23592960 identical_to_cpu_pack=1
RESULT arm=x5 shape=set_m10240 M=10240 K=5120 N=8192 add=0 ms=15.455400 tops=55.578858 pct_of_105.543=52.6599 min=15.338022 max=15.498923 begin=1790147834.504381 end=1790147834.622996 all=15.4989,15.3380,15.4732,15.4805,15.4554,15.4541,15.4197,
RESULT arm=v2b_ms shape=set_m10240 M=10240 K=5120 N=8192 add=0 ms=10.713888 tops=80.175698 pct_of_105.543=75.9650 min=10.695534 max=10.739737 begin=1790147835.232058 end=1790147835.317469 all=10.7139,10.7144,10.6955,10.6967,10.7366,10.7397,10.7059,
RESULT arm=v2b_prod shape=set_m10240 M=10240 K=5120 N=8192 add=0 ms=11.384303 tops=75.454198 pct_of_105.543=71.4914 min=11.274778 max=11.459163 begin=1790147835.920605 end=1790147836.010763 all=11.3280,11.4221,11.4592,11.3356,11.3843,11.4142,11.2748,
RESULT arm=hdr shape=set_m10240 M=10240 K=5120 N=8192 add=0 ms=11.390034 tops=75.416235 pct_of_105.543=71.4555 min=11.335051 max=11.451068 begin=1790147836.614467 end=1790147836.704653 all=11.3969,11.3579,11.4227,11.4511,11.3900,11.3351,11.3873,
REPACK shape=set_m10240 K=5120 N=8192 ms=0.222095 bytes_in=23592960 identical_to_cpu_pack=1
RESULT arm=x5 shape=set_m6144 M=6144 K=5120 N=8192 add=0 ms=9.223860 tops=55.876400 pct_of_105.543=52.9418 min=9.198934 max=9.301846 begin=1790147837.491634 end=1790147837.562401 all=9.2053,9.1989,9.2239,9.2599,9.3018,9.2541,9.2209,
RESULT arm=v2b_ms shape=set_m6144 M=6144 K=5120 N=8192 add=0 ms=6.565626 tops=78.499151 pct_of_105.543=74.3765 min=6.538035 max=6.586966 begin=1790147838.164176 end=1790147838.216274 all=6.5656,6.5733,6.5521,6.5747,6.5656,6.5870,6.5380,
RESULT arm=v2b_prod shape=set_m6144 M=6144 K=5120 N=8192 add=0 ms=6.999778 tops=73.630348 pct_of_105.543=69.7634 min=6.972969 max=7.068707 begin=1790147838.820249 end=1790147838.875437 all=6.9730,7.0473,7.0687,6.9938,6.9900,7.0120,6.9998,
RESULT arm=hdr shape=set_m6144 M=6144 K=5120 N=8192 add=0 ms=7.008755 tops=73.536036 pct_of_105.543=69.6740 min=6.975012 max=7.066383 begin=1790147839.481704 end=1790147839.536920 all=7.0664,6.9750,7.0088,6.9945,7.0406,7.0543,6.9765,
REPACK shape=set_m6144 K=5120 N=8192 ms=0.217367 bytes_in=23592960 identical_to_cpu_pack=1
RESULT arm=x5 shape=set_m1024 M=1024 K=5120 N=8192 add=0 ms=1.685394 tops=50.966921 pct_of_105.543=48.2902 min=1.662231 max=1.735568 begin=1790147840.222954 end=1790147840.235798 all=1.6854,1.6737,1.6811,1.7163,1.6622,1.7356,1.7296,
RESULT arm=v2b_ms shape=set_m1024 M=1024 K=5120 N=8192 add=0 ms=1.280957 tops=67.058728 pct_of_105.543=63.5369 min=1.240963 max=1.305603 begin=1790147840.836704 end=1790147840.846646 all=1.2802,1.2410,1.3056,1.2978,1.2810,1.2884,1.2781,
RESULT arm=v2b_prod shape=set_m1024 M=1024 K=5120 N=8192 add=0 ms=1.417452 tops=60.601239 pct_of_105.543=57.4185 min=1.369483 max=1.448110 begin=1790147841.447442 end=1790147841.458370 all=1.3883,1.4331,1.4360,1.4003,1.3695,1.4481,1.4175,
RESULT arm=hdr shape=set_m1024 M=1024 K=5120 N=8192 add=0 ms=1.409397 tops=60.947586 pct_of_105.543=57.7467 min=1.362028 max=1.425988 begin=1790147842.059134 end=1790147842.069927 all=1.4134,1.4126,1.3620,1.3800,1.4260,1.3741,1.4094,
REPACK shape=set_m1024 K=5120 N=8192 ms=0.223579 bytes_in=23592960 identical_to_cpu_pack=1
RESULT arm=x5 shape=add_k17408 M=5120 K=17408 N=8192 add=1 ms=25.774469 tops=56.656409 pct_of_105.543=53.6809 min=25.695642 max=25.894054 begin=1790147842.910278 end=1790147843.102140 all=25.8042,25.8941,25.7745,25.7289,25.7115,25.7754,25.6956,
RESULT arm=v2b_ms shape=add_k17408 M=5120 K=17408 N=8192 add=1 ms=19.685717 tops=74.180123 pct_of_105.543=70.2843 min=19.416252 max=19.922680 begin=1790147843.719820 end=1790147843.869000 all=19.9227,19.8130,19.6293,19.4828,19.4163,19.6857,19.7908,
RESULT arm=v2b_prod shape=add_k17408 M=5120 K=17408 N=8192 add=1 ms=20.883078 tops=69.926900 pct_of_105.543=66.2544 min=20.662987 max=21.096476 begin=1790147844.472881 end=1790147844.630299 all=20.8831,20.9223,21.0215,21.0965,20.6630,20.7742,20.6927,
RESULT arm=hdr shape=add_k17408 M=5120 K=17408 N=8192 add=1 ms=20.927799 tops=69.777470 pct_of_105.543=66.1128 min=20.668276 max=21.212856 begin=1790147845.237598 end=1790147845.395445 all=20.9278,20.8189,20.6683,21.2129,21.0476,20.8931,21.0586,
REPACK shape=add_k17408 K=17408 N=8192 ms=0.753971 bytes_in=80216064 identical_to_cpu_pack=1
RESULT arm=x5 shape=add_k6144 M=5120 K=6144 N=8192 add=1 ms=12.196783 tops=42.256722 pct_of_105.543=40.0374 min=12.132463 max=12.393270 begin=1790147846.205524 end=1790147846.302883 all=12.3376,12.3635,12.1490,12.1814,12.1325,12.3933,12.1968,
RESULT arm=v2b_ms shape=add_k6144 M=5120 K=6144 N=8192 add=1 ms=8.913159 tops=57.824174 pct_of_105.543=54.7873 min=8.813733 max=9.184547 begin=1790147846.903508 end=1790147846.977837 all=8.8326,8.9484,9.1120,8.8668,9.1845,8.8137,8.9132,
RESULT arm=v2b_prod shape=add_k6144 M=5120 K=6144 N=8192 add=1 ms=9.697426 tops=53.147720 pct_of_105.543=50.3565 min=9.545021 max=9.870270 begin=1790147847.584209 end=1790147847.663658 all=9.8703,9.5450,9.6197,9.7026,9.6228,9.7312,9.6974,
RESULT arm=hdr shape=add_k6144 M=5120 K=6144 N=8192 add=1 ms=9.569426 tops=53.858622 pct_of_105.543=51.0300 min=9.332343 max=9.720309 begin=1790147848.270420 end=1790147848.349012 all=9.4633,9.5694,9.3323,9.7203,9.6626,9.7135,9.5328,
REPACK shape=add_k6144 K=6144 N=8192 ms=0.272670 bytes_in=28311552 identical_to_cpu_pack=1
RESULT arm=x5 shape=set_m17408_n512 M=17408 K=5120 N=512 add=0 ms=1.533068 tops=59.532949 pct_of_105.543=56.4063 min=1.500809 max=1.616505 begin=1790147849.039001 end=1790147849.050376 all=1.5008,1.5280,1.5640,1.6104,1.5331,1.6165,1.5038,
RESULT arm=v2b_ms shape=set_m17408_n512 M=17408 K=5120 N=512 add=0 ms=1.228820 tops=74.272927 pct_of_105.543=70.3722 min=1.227577 max=1.240721 begin=1790147849.651563 end=1790147849.660894 all=1.2307,1.2373,1.2288,1.2280,1.2288,1.2407,1.2276,
RESULT arm=v2b_prod shape=set_m17408_n512 M=17408 K=5120 N=512 add=0 ms=1.309169 tops=69.714492 pct_of_105.543=66.0532 min=1.305042 max=1.317465 begin=1790147850.261798 end=1790147850.271668 all=1.3050,1.3064,1.3092,1.3061,1.3175,1.3148,1.3163,
RESULT arm=hdr shape=set_m17408_n512 M=17408 K=5120 N=512 add=0 ms=1.309209 tops=69.712365 pct_of_105.543=66.0511 min=1.303519 max=1.318067 begin=1790147850.872413 end=1790147850.882401 all=1.3092,1.3035,1.3082,1.3148,1.3078,1.3181,1.3105,
REPACK shape=set_m17408_n512 K=5120 N=512 ms=0.009178 bytes_in=1474560 identical_to_cpu_pack=1
RESULT arm=x5 shape=set_m12288_n512 M=12288 K=5120 N=512 add=0 ms=1.086153 tops=59.314395 pct_of_105.543=56.1993 min=1.060624 max=1.142738 begin=1790147851.532887 end=1790147851.541065 all=1.1427,1.0832,1.0993,1.0668,1.0862,1.1296,1.0606,
RESULT arm=v2b_ms shape=set_m12288_n512 M=12288 K=5120 N=512 add=0 ms=0.879205 tops=73.275869 pct_of_105.543=69.4275 min=0.875718 max=0.880888 begin=1790147852.141249 end=1790147852.147882 all=0.8774,0.8809,0.8795,0.8757,0.8792,0.8800,0.8788,
RESULT arm=v2b_prod shape=set_m12288_n512 M=12288 K=5120 N=512 add=0 ms=0.930061 tops=69.269124 pct_of_105.543=65.6312 min=0.928257 max=0.935390 begin=1790147852.747983 end=1790147852.755001 all=0.9283,0.9295,0.9301,0.9288,0.9312,0.9339,0.9354,
RESULT arm=hdr shape=set_m12288_n512 M=12288 K=5120 N=512 add=0 ms=0.934950 tops=68.906904 pct_of_105.543=65.2880 min=0.933386 max=0.940119 begin=1790147853.355380 end=1790147853.362445 all=0.9349,0.9401,0.9354,0.9341,0.9334,0.9360,0.9341,
REPACK shape=set_m12288_n512 K=5120 N=512 ms=0.009217 bytes_in=1474560 identical_to_cpu_pack=1
RESULT arm=x5 shape=set_m10240_n512 M=10240 K=5120 N=512 add=0 ms=0.926374 tops=57.954012 pct_of_105.543=54.9103 min=0.918078 max=0.963843 begin=1790147854.012245 end=1790147854.019303 all=0.9264,0.9637,0.9232,0.9638,0.9181,0.9188,0.9576,
RESULT arm=v2b_ms shape=set_m10240_n512 M=10240 K=5120 N=512 add=0 ms=0.711011 tops=75.508103 pct_of_105.543=71.5425 min=0.710008 max=0.712012 begin=1790147854.619981 end=1790147854.625428 all=0.7106,0.7113,0.7120,0.7110,0.7113,0.7109,0.7100,
RESULT arm=v2b_prod shape=set_m10240_n512 M=10240 K=5120 N=512 add=0 ms=0.746477 tops=71.920623 pct_of_105.543=68.1434 min=0.744514 max=0.748281 begin=1790147855.226127 end=1790147855.231909 all=0.7445,0.7461,0.7482,0.7457,0.7483,0.7465,0.7470,
RESULT arm=hdr shape=set_m10240_n512 M=10240 K=5120 N=512 add=0 ms=0.746357 tops=71.932185 pct_of_105.543=68.1544 min=0.743190 max=0.748200 begin=1790147855.832684 end=1790147855.838382 all=0.7432,0.7456,0.7472,0.7464,0.7473,0.7441,0.7482,
REPACK shape=set_m10240_n512 K=5120 N=512 ms=0.009178 bytes_in=1474560 identical_to_cpu_pack=1
RESULT arm=x5 shape=set_m6144_n512 M=6144 K=5120 N=512 add=0 ms=0.558364 tops=57.690425 pct_of_105.543=54.6606 min=0.520173 max=0.573072 begin=1790147856.466909 end=1790147856.471128 all=0.5731,0.5236,0.5618,0.5625,0.5584,0.5202,0.5565,
RESULT arm=v2b_ms shape=set_m6144_n512 M=6144 K=5120 N=512 add=0 ms=0.499775 tops=64.453514 pct_of_105.543=61.0685 min=0.497531 max=0.501819 begin=1790147857.071290 end=1790147857.075107 all=0.4991,0.4975,0.4993,0.5018,0.4998,0.5011,0.5009,
RESULT arm=v2b_prod shape=set_m6144_n512 M=6144 K=5120 N=512 add=0 ms=0.520253 tops=61.916519 pct_of_105.543=58.6647 min=0.518450 max=0.521496 begin=1790147857.675674 end=1790147857.679630 all=0.5205,0.5185,0.5215,0.5208,0.5203,0.5196,0.5192,
RESULT arm=hdr shape=set_m6144_n512 M=6144 K=5120 N=512 add=0 ms=0.519252 tops=62.035880 pct_of_105.543=58.7778 min=0.516246 max=0.520615 begin=1790147858.279647 end=1790147858.283595 all=0.5189,0.5193,0.5201,0.5206,0.5206,0.5180,0.5162,
REPACK shape=set_m6144_n512 K=5120 N=512 ms=0.009017 bytes_in=1474560 identical_to_cpu_pack=1
RESULT arm=x5 shape=set_m1024_n512 M=1024 K=5120 N=512 add=0 ms=0.115696 tops=46.403585 pct_of_105.543=43.9665 min=0.115256 max=0.116779 begin=1790147858.888778 end=1790147858.889813 all=0.1157,0.1167,0.1155,0.1159,0.1153,0.1156,0.1168,
RESULT arm=v2b_ms shape=set_m1024_n512 M=1024 K=5120 N=512 add=0 ms=0.166953 tops=32.157009 pct_of_105.543=30.4682 min=0.166110 max=0.169758 begin=1790147859.489870 end=1790147859.491264 all=0.1670,0.1664,0.1698,0.1670,0.1673,0.1668,0.1661,
RESULT arm=v2b_prod shape=set_m1024_n512 M=1024 K=5120 N=512 add=0 ms=0.173485 tops=30.946245 pct_of_105.543=29.3210 min=0.172483 max=0.176611 begin=1790147860.091411 end=1790147860.092851 all=0.1735,0.1726,0.1725,0.1766,0.1736,0.1738,0.1729,
RESULT arm=hdr shape=set_m1024_n512 M=1024 K=5120 N=512 add=0 ms=0.173605 tops=30.924854 pct_of_105.543=29.3007 min=0.172482 max=0.176170 begin=1790147860.692921 end=1790147860.694369 all=0.1760,0.1738,0.1733,0.1726,0.1725,0.1762,0.1736,
REPACK shape=set_m1024_n512 K=5120 N=512 ms=0.008977 bytes_in=1474560 identical_to_cpu_pack=1
RESULT arm=x5 shape=add_k17408_n512 M=5120 K=17408 N=512 add=1 ms=1.668602 tops=54.697319 pct_of_105.543=51.8247 min=1.539681 max=1.799167 begin=1790147861.342613 end=1790147861.355172 all=1.6686,1.7722,1.6334,1.5397,1.7992,1.7621,1.6389,
RESULT arm=v2b_ms shape=add_k17408_n512 M=5120 K=17408 N=512 add=1 ms=1.193994 tops=76.439288 pct_of_105.543=72.4248 min=1.191189 max=1.195837 begin=1790147861.956080 end=1790147861.965110 all=1.1940,1.1933,1.1951,1.1958,1.1950,1.1924,1.1912,
RESULT arm=v2b_prod shape=add_k17408_n512 M=5120 K=17408 N=512 add=1 ms=1.250179 tops=73.003987 pct_of_105.543=69.1699 min=1.245891 max=1.255350 begin=1790147862.565791 end=1790147862.575219 all=1.2491,1.2505,1.2502,1.2522,1.2553,1.2459,1.2474,
RESULT arm=hdr shape=add_k17408_n512 M=5120 K=17408 N=512 add=1 ms=1.252784 tops=72.852187 pct_of_105.543=69.0261 min=1.249337 max=1.258635 begin=1790147863.175961 end=1790147863.185436 all=1.2586,1.2555,1.2563,1.2508,1.2493,1.2528,1.2498,
REPACK shape=add_k17408_n512 K=17408 N=512 ms=0.018635 bytes_in=5013504 identical_to_cpu_pack=1
RESULT arm=x5 shape=add_k6144_n512 M=5120 K=6144 N=512 add=1 ms=0.590585 tops=54.542962 pct_of_105.543=51.6784 min=0.582330 max=0.631262 begin=1790147863.822525 end=1790147863.827421 all=0.5906,0.5823,0.6313,0.5846,0.5904,0.6292,0.5915,
RESULT arm=v2b_ms shape=add_k6144_n512 M=5120 K=6144 N=512 add=1 ms=0.426679 tops=75.495292 pct_of_105.543=71.5304 min=0.425837 max=0.427761 begin=1790147864.427806 end=1790147864.431514 all=0.4260,0.4263,0.4278,0.4275,0.4274,0.4267,0.4258,
RESULT arm=v2b_prod shape=add_k6144_n512 M=5120 K=6144 N=512 add=1 ms=0.452927 tops=71.120192 pct_of_105.543=67.3850 min=0.450604 max=0.453769 begin=1790147865.031888 end=1790147865.035694 all=0.4507,0.4506,0.4535,0.4535,0.4529,0.4538,0.4527,
RESULT arm=hdr shape=add_k6144_n512 M=5120 K=6144 N=512 add=1 ms=0.453809 tops=70.981966 pct_of_105.543=67.2541 min=0.451966 max=0.454170 begin=1790147865.636180 end=1790147865.639993 all=0.4538,0.4520,0.4538,0.4540,0.4524,0.4538,0.4542,
REPACK shape=add_k6144_n512 K=6144 N=512 ms=0.010219 bytes_in=1769472 identical_to_cpu_pack=1
RESULT arm=x5 shape=set:1024:5120:256 M=1024 K=5120 N=256 add=0 ms=0.076342 tops=35.162224 pct_of_105.543=33.3155 min=0.076103 max=0.076463 begin=1790147866.243669 end=1790147866.244420 all=0.0761,0.0765,0.0765,0.0763,0.0763,0.0761,0.0763,
RESULT arm=v2b_ms shape=set:1024:5120:256 M=1024 K=5120 N=256 add=0 ms=0.165230 tops=16.246169 pct_of_105.543=15.3929 min=0.164788 max=0.166552 begin=1790147866.844514 end=1790147866.845886 all=0.1652,0.1657,0.1648,0.1663,0.1666,0.1651,0.1651,
RESULT arm=v2b_prod shape=set:1024:5120:256 M=1024 K=5120 N=256 add=0 ms=0.171481 tops=15.653948 pct_of_105.543=14.8318 min=0.170520 max=0.172764 begin=1790147867.446037 end=1790147867.447452 all=0.1724,0.1715,0.1714,0.1705,0.1723,0.1728,0.1710,
RESULT arm=hdr shape=set:1024:5120:256 M=1024 K=5120 N=256 add=0 ms=0.171521 tops=15.650297 pct_of_105.543=14.8284 min=0.170759 max=0.172923 begin=1790147868.047597 end=1790147868.049012 all=0.1708,0.1722,0.1729,0.1713,0.1715,0.1708,0.1722,
REPACK shape=set:1024:5120:256 K=5120 N=256 ms=0.006532 bytes_in=737280 identical_to_cpu_pack=1
RESULT arm=x5 shape=set:1024:5120:768 M=1024 K=5120 N=768 add=0 ms=0.152125 tops=52.937148 pct_of_105.543=50.1569 min=0.151203 max=0.152405 begin=1790147868.654432 end=1790147868.655730 all=0.1522,0.1521,0.1516,0.1524,0.1512,0.1524,0.1520,
RESULT arm=v2b_ms shape=set:1024:5120:768 M=1024 K=5120 N=768 add=0 ms=0.169157 tops=47.607038 pct_of_105.543=45.1068 min=0.167593 max=0.170960 begin=1790147869.255920 end=1790147869.257350 all=0.1676,0.1705,0.1685,0.1692,0.1710,0.1678,0.1706,
RESULT arm=v2b_prod shape=set:1024:5120:768 M=1024 K=5120 N=768 add=0 ms=0.175649 tops=45.847478 pct_of_105.543=43.4396 min=0.174727 max=0.178054 begin=1790147869.857419 end=1790147869.858891 all=0.1781,0.1747,0.1771,0.1749,0.1756,0.1779,0.1750,
RESULT arm=hdr shape=set:1024:5120:768 M=1024 K=5120 N=768 add=0 ms=0.175809 tops=45.805754 pct_of_105.543=43.4001 min=0.174646 max=0.178054 begin=1790147870.459035 end=1790147870.460528 all=0.1781,0.1748,0.1772,0.1746,0.1758,0.1779,0.1752,
REPACK shape=set:1024:5120:768 K=5120 N=768 ms=0.011141 bytes_in=2211840 identical_to_cpu_pack=1
RESULT arm=x5 shape=set:1024:5120:1024 M=1024 K=5120 N=1024 add=0 ms=0.195486 tops=54.926790 pct_of_105.543=52.0421 min=0.194884 max=0.196368 begin=1790147871.067822 end=1790147871.069455 all=0.1951,0.1955,0.1958,0.1949,0.1950,0.1962,0.1964,
RESULT arm=v2b_ms shape=set:1024:5120:1024 M=1024 K=5120 N=1024 add=0 ms=0.171561 tops=62.586591 pct_of_105.543=59.2996 min=0.169837 max=0.171922 begin=1790147871.669484 end=1790147871.670927 all=0.1716,0.1698,0.1701,0.1716,0.1716,0.1719,0.1700,
RESULT arm=v2b_prod shape=set:1024:5120:1024 M=1024 K=5120 N=1024 add=0 ms=0.177812 tops=60.386355 pct_of_105.543=57.2149 min=0.176610 max=0.178694 begin=1790147872.271029 end=1790147872.272552 all=0.1781,0.1785,0.1766,0.1768,0.1772,0.1778,0.1787,
RESULT arm=hdr shape=set:1024:5120:1024 M=1024 K=5120 N=1024 add=0 ms=0.178895 tops=60.020786 pct_of_105.543=56.8686 min=0.176891 max=0.179335 begin=1790147872.872568 end=1790147872.874058 all=0.1791,0.1789,0.1769,0.1772,0.1786,0.1791,0.1793,
REPACK shape=set:1024:5120:1024 K=5120 N=1024 ms=0.013065 bytes_in=2949120 identical_to_cpu_pack=1
RESULT arm=x5 shape=set:1024:5120:2048 M=1024 K=5120 N=2048 add=0 ms=0.397143 tops=54.073309 pct_of_105.543=51.2334 min=0.361156 max=0.403275 begin=1790147873.485014 end=1790147873.488049 all=0.3920,0.3971,0.3939,0.4017,0.3987,0.3612,0.4033,
RESULT arm=v2b_ms shape=set:1024:5120:2048 M=1024 K=5120 N=2048 add=0 ms=0.335829 tops=63.945750 pct_of_105.543=60.5874 min=0.335388 max=0.336389 begin=1790147874.088305 end=1790147874.090939 all=0.3358,0.3360,0.3358,0.3354,0.3364,0.3358,0.3363,
RESULT arm=v2b_prod shape=set:1024:5120:2048 M=1024 K=5120 N=2048 add=0 ms=0.350216 tops=61.318833 pct_of_105.543=58.0984 min=0.348532 max=0.351979 begin=1790147874.691149 end=1790147874.693877 all=0.3490,0.3485,0.3502,0.3499,0.3516,0.3520,0.3505,
RESULT arm=hdr shape=set:1024:5120:2048 M=1024 K=5120 N=2048 add=0 ms=0.355465 tops=60.413365 pct_of_105.543=57.2405 min=0.353903 max=0.357068 begin=1790147875.294233 end=1790147875.297030 all=0.3539,0.3559,0.3569,0.3571,0.3542,0.3547,0.3555,
REPACK shape=set:1024:5120:2048 K=5120 N=2048 ms=0.020118 bytes_in=5898240 identical_to_cpu_pack=1
RESULT arm=x5 shape=set:1024:5120:4096 M=1024 K=5120 N=4096 add=0 ms=0.766314 tops=56.047096 pct_of_105.543=53.1036 min=0.726439 max=0.771885 begin=1790147875.915870 end=1790147875.921568 all=0.7264,0.7663,0.7617,0.7711,0.7288,0.7719,0.7690,
RESULT arm=v2b_ms shape=set:1024:5120:4096 M=1024 K=5120 N=4096 add=0 ms=0.672979 tops=63.820228 pct_of_105.543=60.4685 min=0.670535 max=0.675384 begin=1790147876.521889 end=1790147876.526997 all=0.6732,0.6705,0.6730,0.6728,0.6754,0.6749,0.6725,
RESULT arm=v2b_prod shape=set:1024:5120:4096 M=1024 K=5120 N=4096 add=0 ms=0.703636 tops=61.039619 pct_of_105.543=57.8339 min=0.700751 max=0.704639 begin=1790147877.127006 end=1790147877.132344 all=0.7008,0.7046,0.7037,0.7034,0.7046,0.7021,0.7036,
RESULT arm=hdr shape=set:1024:5120:4096 M=1024 K=5120 N=4096 add=0 ms=0.698147 tops=61.519527 pct_of_105.543=58.2886 min=0.696864 max=0.700671 begin=1790147877.732722 end=1790147877.738005 all=0.7004,0.6987,0.6981,0.7007,0.6979,0.6969,0.6975,
REPACK shape=set:1024:5120:4096 K=5120 N=4096 ms=0.034104 bytes_in=11796480 identical_to_cpu_pack=1
RESULT arm=x5 shape=set:6144:5120:256 M=6144 K=5120 N=256 add=0 ms=0.308617 tops=52.188076 pct_of_105.543=49.4472 min=0.306613 max=0.311022 begin=1790147878.354686 end=1790147878.357123 all=0.3110,0.3086,0.3102,0.3086,0.3086,0.3072,0.3066,
RESULT arm=v2b_ms shape=set:6144:5120:256 M=6144 K=5120 N=256 add=0 ms=0.331300 tops=48.614935 pct_of_105.543=46.0617 min=0.330098 max=0.332903 begin=1790147878.957156 end=1790147878.959775 all=0.3304,0.3301,0.3313,0.3301,0.3329,0.3320,0.3321,
RESULT arm=v2b_prod shape=set:6144:5120:256 M=6144 K=5120 N=256 add=0 ms=0.345006 tops=46.683617 pct_of_105.543=44.2318 min=0.344204 max=0.345968 begin=1790147879.559982 end=1790147879.562699 all=0.3445,0.3450,0.3444,0.3460,0.3454,0.3457,0.3442,
RESULT arm=hdr shape=set:6144:5120:256 M=6144 K=5120 N=256 add=0 ms=0.344885 tops=46.699995 pct_of_105.543=44.2474 min=0.344565 max=0.345808 begin=1790147880.163026 end=1790147880.165700 all=0.3449,0.3451,0.3448,0.3446,0.3452,0.3458,0.3446,
REPACK shape=set:6144:5120:256 K=5120 N=256 ms=0.006452 bytes_in=737280 identical_to_cpu_pack=1
RESULT arm=x5 shape=set:10240:5120:256 M=10240 K=5120 N=256 add=0 ms=0.528829 tops=50.760353 pct_of_105.543=48.0945 min=0.480339 max=0.556080 begin=1790147880.789796 end=1790147880.793783 all=0.4803,0.5553,0.5171,0.5561,0.5288,0.4982,0.5387,
RESULT arm=v2b_ms shape=set:10240:5120:256 M=10240 K=5120 N=256 add=0 ms=0.357950 tops=74.992444 pct_of_105.543=71.0539 min=0.357229 max=0.359553 begin=1790147881.393923 end=1790147881.396736 all=0.3594,0.3596,0.3584,0.3576,0.3577,0.3580,0.3572,
RESULT arm=v2b_prod shape=set:10240:5120:256 M=10240 K=5120 N=256 add=0 ms=0.375904 tops=71.410642 pct_of_105.543=67.6602 min=0.375583 max=0.377226 begin=1790147881.996863 end=1790147881.999797 all=0.3759,0.3757,0.3757,0.3756,0.3765,0.3761,0.3772,
RESULT arm=hdr shape=set:10240:5120:256 M=10240 K=5120 N=256 add=0 ms=0.376825 tops=71.236105 pct_of_105.543=67.4949 min=0.374621 max=0.377066 begin=1790147882.600175 end=1790147882.603109 all=0.3771,0.3768,0.3768,0.3771,0.3766,0.3770,0.3746,
REPACK shape=set:10240:5120:256 K=5120 N=256 ms=0.006692 bytes_in=737280 identical_to_cpu_pack=1
RESULT arm=x5 shape=set:12288:5120:256 M=12288 K=5120 N=256 add=0 ms=0.633626 tops=50.837964 pct_of_105.543=48.1680 min=0.613308 max=0.649615 begin=1790147883.250437 end=1790147883.255215 all=0.6376,0.6416,0.6496,0.6210,0.6336,0.6271,0.6133,
RESULT arm=v2b_ms shape=set:12288:5120:256 M=12288 K=5120 N=256 add=0 ms=0.512039 tops=62.909767 pct_of_105.543=59.6058 min=0.509032 max=0.517168 begin=1790147883.855346 end=1790147883.859267 all=0.5172,0.5141,0.5150,0.5120,0.5104,0.5107,0.5090,
RESULT arm=v2b_prod shape=set:12288:5120:256 M=12288 K=5120 N=256 add=0 ms=0.535322 tops=60.173604 pct_of_105.543=57.0134 min=0.532637 max=0.535843 begin=1790147884.459304 end=1790147884.463369 all=0.5355,0.5352,0.5353,0.5326,0.5358,0.5348,0.5354,
RESULT arm=hdr shape=set:12288:5120:256 M=12288 K=5120 N=256 add=0 ms=0.532277 tops=60.517842 pct_of_105.543=57.3395 min=0.530873 max=0.536604 begin=1790147885.063433 end=1790147885.067486 all=0.5366,0.5356,0.5342,0.5320,0.5321,0.5323,0.5309,
REPACK shape=set:12288:5120:256 K=5120 N=256 ms=0.006612 bytes_in=737280 identical_to_cpu_pack=1
RESULT arm=x5 shape=set:17408:5120:256 M=17408 K=5120 N=256 add=0 ms=0.844300 tops=54.049543 pct_of_105.543=51.2109 min=0.830715 max=0.874357 begin=1790147885.732282 end=1790147885.738657 all=0.8412,0.8429,0.8693,0.8443,0.8307,0.8524,0.8744,
RESULT arm=v2b_ms shape=set:17408:5120:256 M=17408 K=5120 N=256 add=0 ms=0.694219 tops=65.734340 pct_of_105.543=62.2820 min=0.693177 max=0.698988 begin=1790147886.339199 end=1790147886.344474 all=0.6979,0.6971,0.6990,0.6932,0.6942,0.6940,0.6940,
RESULT arm=v2b_prod shape=set:17408:5120:256 M=17408 K=5120 N=256 add=0 ms=0.732851 tops=62.269178 pct_of_105.543=58.9989 min=0.726520 max=0.737339 begin=1790147886.945036 end=1790147886.950663 all=0.7329,0.7373,0.7363,0.7326,0.7316,0.7367,0.7265,
RESULT arm=hdr shape=set:17408:5120:256 M=17408 K=5120 N=256 add=0 ms=0.735456 tops=62.048618 pct_of_105.543=58.7899 min=0.732130 max=0.740706 begin=1790147887.550875 end=1790147887.556427 all=0.7325,0.7321,0.7332,0.7355,0.7355,0.7407,0.7365,
REPACK shape=set:17408:5120:256 K=5120 N=256 ms=0.006733 bytes_in=737280 identical_to_cpu_pack=1
RESULT arm=x5 shape=add:5120:6144:256 M=5120 K=6144 N=256 add=1 ms=0.264375 tops=60.921522 pct_of_105.543=57.7220 min=0.262531 max=0.265297 begin=1790147888.179978 end=1790147888.182132 all=0.2653,0.2650,0.2646,0.2644,0.2636,0.2625,0.2638,
RESULT arm=v2b_ms shape=add:5120:6144:256 M=5120 K=6144 N=256 add=1 ms=0.222056 tops=72.531826 pct_of_105.543=68.7225 min=0.221214 max=0.223218 begin=1790147888.782380 end=1790147888.784357 all=0.2224,0.2212,0.2219,0.2221,0.2219,0.2223,0.2232,
RESULT arm=v2b_prod shape=add:5120:6144:256 M=5120 K=6144 N=256 add=1 ms=0.233196 tops=69.066909 pct_of_105.543=65.4396 min=0.232154 max=0.234639 begin=1790147889.384496 end=1790147889.386351 all=0.2332,0.2331,0.2346,0.2332,0.2336,0.2322,0.2322,
RESULT arm=hdr shape=add:5120:6144:256 M=5120 K=6144 N=256 add=1 ms=0.233678 tops=68.924449 pct_of_105.543=65.3046 min=0.232476 max=0.233958 begin=1790147889.986560 end=1790147889.988485 all=0.2325,0.2328,0.2340,0.2337,0.2338,0.2331,0.2339,
REPACK shape=add:5120:6144:256 K=6144 N=256 ms=0.007093 bytes_in=884736 identical_to_cpu_pack=1
RESULT arm=x5 shape=add:5120:17408:256 M=5120 K=17408 N=256 add=1 ms=0.802021 tops=56.898792 pct_of_105.543=53.9105 min=0.787954 max=0.816167 begin=1790147890.639228 end=1790147890.645299 all=0.7979,0.8162,0.8020,0.7880,0.8040,0.7927,0.8044,
RESULT arm=v2b_ms shape=add:5120:17408:256 M=5120 K=17408 N=256 add=1 ms=0.614670 tops=74.241510 pct_of_105.543=70.3424 min=0.613789 max=0.619520 begin=1790147891.245979 end=1790147891.250817 all=0.6138,0.6195,0.6145,0.6139,0.6160,0.6151,0.6147,
RESULT arm=v2b_prod shape=add:5120:17408:256 M=5120 K=17408 N=256 add=1 ms=0.649937 tops=70.213004 pct_of_105.543=66.5255 min=0.645448 max=0.651058 begin=1790147891.851362 end=1790147891.856318 all=0.6502,0.6494,0.6454,0.6499,0.6491,0.6511,0.6502,
RESULT arm=hdr shape=add:5120:17408:256 M=5120 K=17408 N=256 add=1 ms=0.652822 tops=69.902709 pct_of_105.543=66.2315 min=0.646850 max=0.654264 begin=1790147892.456572 end=1790147892.461550 all=0.6468,0.6528,0.6531,0.6543,0.6526,0.6533,0.6527,
REPACK shape=add:5120:17408:256 K=17408 N=256 ms=0.012303 bytes_in=2506752 identical_to_cpu_pack=1
RESULT arm=x5 shape=set:6144:5120:768 M=6144 K=5120 N=768 add=0 ms=0.856804 tops=56.393739 pct_of_105.543=53.4320 min=0.848988 max=0.873835 begin=1790147893.091006 end=1790147893.097451 all=0.8490,0.8738,0.8568,0.8578,0.8546,0.8697,0.8496,
RESULT arm=v2b_ms shape=set:6144:5120:768 M=6144 K=5120 N=768 add=0 ms=0.695542 tops=69.468679 pct_of_105.543=65.8203 min=0.693217 max=0.699589 begin=1790147893.697649 end=1790147893.702962 all=0.6971,0.6955,0.6954,0.6932,0.6946,0.6960,0.6996,
RESULT arm=v2b_prod shape=set:6144:5120:768 M=6144 K=5120 N=768 add=0 ms=0.736458 tops=65.609148 pct_of_105.543=62.1634 min=0.734415 max=0.741227 begin=1790147894.303527 end=1790147894.309106 all=0.7362,0.7365,0.7344,0.7370,0.7357,0.7366,0.7412,
RESULT arm=hdr shape=set:6144:5120:768 M=6144 K=5120 N=768 add=0 ms=0.731128 tops=66.087448 pct_of_105.543=62.6166 min=0.729886 max=0.733853 begin=1790147894.909730 end=1790147894.915269 all=0.7308,0.7329,0.7299,0.7339,0.7334,0.7311,0.7305,
REPACK shape=set:6144:5120:768 K=5120 N=768 ms=0.011342 bytes_in=2211840 identical_to_cpu_pack=1
RESULT arm=x5 shape=add:5120:6144:768 M=5120 K=6144 N=768 add=1 ms=0.847666 tops=57.001674 pct_of_105.543=54.0080 min=0.832558 max=0.898562 begin=1790147895.535681 end=1790147895.542572 all=0.8502,0.8376,0.8326,0.8438,0.8945,0.8477,0.8986,
RESULT arm=v2b_ms shape=add:5120:6144:768 M=5120 K=6144 N=768 add=1 ms=0.656709 tops=73.576548 pct_of_105.543=69.7124 min=0.655868 max=0.658673 begin=1790147896.142861 end=1790147896.148315 all=0.6567,0.6559,0.6565,0.6568,0.6587,0.6571,0.6560,
RESULT arm=v2b_prod shape=add:5120:6144:768 M=5120 K=6144 N=768 add=1 ms=0.692335 tops=69.790465 pct_of_105.543=66.1251 min=0.689010 max=0.694420 begin=1790147896.748532 end=1790147896.754239 all=0.6922,0.6890,0.6915,0.6923,0.6944,0.6938,0.6925,
RESULT arm=hdr shape=add:5120:6144:768 M=5120 K=6144 N=768 add=1 ms=0.694540 tops=69.568895 pct_of_105.543=65.9152 min=0.689249 max=0.706763 begin=1790147897.354315 end=1790147897.360117 all=0.6893,0.6892,0.7059,0.6943,0.7068,0.6945,0.6973,
REPACK shape=add:5120:6144:768 K=6144 N=768 ms=0.012464 bytes_in=2654208 identical_to_cpu_pack=1
