DEVICE arch=gfx1151 name=AMD Radeon 8060S Graphics mps=20 ROCR=1 HIP=0 pid=1961511
OBJECT X5_OBJECT=/home/kaden/hipfire-land042/scratch-land042/gfx1151/abba/06-B-home/.hipfire_kernels/gfx1151/gemm_mq4g256v2_residual_mmq_iu4_gfx11_x5_symfold.c4e902d85a7eb0e1.hsaco
OBJECT V2B_MS_OBJECT=/home/kaden/hipfire-prof040/scratch-gemmv2/bin/v2b-ms-gfx1151.hsaco
OBJECT V2BP_OBJECT=/home/kaden/hipfire-v2bhalo/scratch-v2bhalo/bin/v2bp-gfx1151.hsaco
OBJECT V2BP_EXTRA_hdr=/home/kaden/hipfire-v2bhalo/scratch-v2bhalo/bin/v2bp-hdr-gfx1151.hsaco
RESOURCE arm=x5 add=0 vgpr=92 private=0 static_lds=0 dynamic_lds=30720 blocks_per_mp=2 waves_per_mp=32
RESOURCE arm=x5 add=1 vgpr=92 private=0 static_lds=0 dynamic_lds=30720 blocks_per_mp=2 waves_per_mp=32
RESOURCE arm=v2b_ms add=0 vgpr=250 private=0 static_lds=0 dynamic_lds=65536 blocks_per_mp=1 waves_per_mp=16
RESOURCE arm=v2b_ms add=1 vgpr=250 private=0 static_lds=0 dynamic_lds=65536 blocks_per_mp=1 waves_per_mp=16
RESOURCE arm=v2b_prod add=0 vgpr=246 private=0 static_lds=0 dynamic_lds=65536 blocks_per_mp=1 waves_per_mp=16
RESOURCE arm=v2b_prod add=1 vgpr=246 private=0 static_lds=0 dynamic_lds=65536 blocks_per_mp=1 waves_per_mp=16
RESOURCE arm=hdr add=0 vgpr=246 private=0 static_lds=0 dynamic_lds=65536 blocks_per_mp=1 waves_per_mp=16
RESOURCE arm=hdr add=1 vgpr=246 private=0 static_lds=0 dynamic_lds=65536 blocks_per_mp=1 waves_per_mp=16
RESULT arm=hdr shape=set_m17408 M=17408 K=5120 N=8192 add=0 ms=19.860651 tops=73.526738 pct_of_105.543=69.6652 min=19.805471 max=20.012337 begin=1790147898.584646 end=1790147898.741562 all=19.8925,19.8055,19.8132,19.8607,19.8391,20.0123,19.9130,
RESULT arm=v2b_prod shape=set_m17408 M=17408 K=5120 N=8192 add=0 ms=20.355419 tops=71.739563 pct_of_105.543=67.9719 min=20.320314 max=20.442505 begin=1790147899.355497 end=1790147899.515882 all=20.3274,20.3203,20.3754,20.3230,20.3554,20.4425,20.4272,
RESULT arm=v2b_ms shape=set_m17408 M=17408 K=5120 N=8192 add=0 ms=19.454575 tops=75.061466 pct_of_105.543=71.1193 min=19.263256 max=19.518131 begin=1790147900.129840 end=1790147900.283748 all=19.5150,19.3272,19.2633,19.5122,19.5181,19.4546,19.4217,
RESULT arm=x5 shape=set_m17408 M=17408 K=5120 N=8192 add=0 ms=26.627239 tops=54.841918 pct_of_105.543=51.9617 min=26.504007 max=26.708351 begin=1790147900.895087 end=1790147901.099228 all=26.5636,26.6551,26.5040,26.7084,26.6272,26.5787,26.6543,
REPACK shape=set_m17408 K=5120 N=8192 ms=0.222857 bytes_in=23592960 identical_to_cpu_pack=1
RESULT arm=hdr shape=set_m12288 M=12288 K=5120 N=8192 add=0 ms=14.298443 tops=72.091217 pct_of_105.543=68.3051 min=14.213364 max=14.390937 begin=1790147902.049567 end=1790147902.161925 all=14.3909,14.3297,14.2395,14.2172,14.2984,14.2134,14.3265,
RESULT arm=v2b_prod shape=set_m12288 M=12288 K=5120 N=8192 add=0 ms=14.352624 tops=71.819073 pct_of_105.543=68.0472 min=14.306819 max=14.515129 begin=1790147902.774320 end=1790147902.887470 all=14.3382,14.3115,14.4381,14.5151,14.3068,14.3526,14.4662,
RESULT arm=v2b_ms shape=set_m12288 M=12288 K=5120 N=8192 add=0 ms=13.747132 tops=74.982340 pct_of_105.543=71.0444 min=13.682250 max=13.803476 begin=1790147903.491540 end=1790147903.600077 all=13.7471,13.8035,13.7490,13.6823,13.6847,13.7454,13.7472,
RESULT arm=x5 shape=set_m12288 M=12288 K=5120 N=8192 add=0 ms=18.056036 tops=57.088508 pct_of_105.543=54.0903 min=17.997005 max=18.172417 begin=1790147904.216826 end=1790147904.355767 all=18.0560,18.0861,18.1105,17.9970,18.0059,17.9972,18.1724,
REPACK shape=set_m12288 K=5120 N=8192 ms=0.218449 bytes_in=23592960 identical_to_cpu_pack=1
RESULT arm=hdr shape=set_m10240 M=10240 K=5120 N=8192 add=0 ms=11.938867 tops=71.949330 pct_of_105.543=68.1706 min=11.843569 max=12.000261 begin=1790147905.255458 end=1790147905.349394 all=11.9549,11.9389,11.8436,11.9095,11.8893,12.0003,11.9401,
RESULT arm=v2b_prod shape=set_m10240 M=10240 K=5120 N=8192 add=0 ms=12.048832 tops=71.292675 pct_of_105.543=67.5485 min=11.968002 max=12.126258 begin=1790147905.956383 end=1790147906.051129 all=12.0763,12.1026,11.9680,11.9827,12.0488,12.1263,11.9705,
RESULT arm=v2b_ms shape=set_m10240 M=10240 K=5120 N=8192 add=0 ms=11.438330 tops=75.097806 pct_of_105.543=71.1538 min=11.390721 max=11.515234 begin=1790147906.658743 end=1790147906.749246 all=11.4502,11.3907,11.5152,11.4519,11.4383,11.3976,11.4191,
RESULT arm=x5 shape=set_m10240 M=10240 K=5120 N=8192 add=0 ms=15.869184 tops=54.129657 pct_of_105.543=51.2868 min=15.732768 max=15.962077 begin=1790147907.355764 end=1790147907.477308 all=15.8271,15.9621,15.8800,15.7328,15.8212,15.8692,15.9345,
REPACK shape=set_m10240 K=5120 N=8192 ms=0.224340 bytes_in=23592960 identical_to_cpu_pack=1
RESULT arm=hdr shape=set_m6144 M=6144 K=5120 N=8192 add=0 ms=7.332765 tops=70.286729 pct_of_105.543=66.5953 min=7.278504 max=7.375365 begin=1790147908.263951 end=1790147908.321315 all=7.3754,7.2831,7.3328,7.3357,7.3538,7.2994,7.2785,
RESULT arm=v2b_prod shape=set_m6144 M=6144 K=5120 N=8192 add=0 ms=7.367471 tops=69.955628 pct_of_105.543=66.2816 min=7.288763 max=7.381416 begin=1790147908.928304 end=1790147908.985937 all=7.3814,7.3413,7.3791,7.3764,7.3675,7.2888,7.3659,
RESULT arm=v2b_ms shape=set_m6144 M=6144 K=5120 N=8192 add=0 ms=6.939830 tops=74.266385 pct_of_105.543=70.3660 min=6.916626 max=6.986637 begin=1790147909.587055 end=1790147909.641833 all=6.9607,6.9866,6.9442,6.9337,6.9313,6.9398,6.9166,
RESULT arm=x5 shape=set_m6144 M=6144 K=5120 N=8192 add=0 ms=9.489443 tops=54.312575 pct_of_105.543=51.4601 min=9.475295 max=9.575082 begin=1790147910.251172 end=1790147910.323870 all=9.5391,9.4753,9.4894,9.5023,9.5751,9.4775,9.4835,
REPACK shape=set_m6144 K=5120 N=8192 ms=0.219772 bytes_in=23592960 identical_to_cpu_pack=1
RESULT arm=hdr shape=set_m1024 M=1024 K=5120 N=8192 add=0 ms=1.438172 tops=59.728146 pct_of_105.543=56.5913 min=1.390563 max=1.476644 begin=1790147911.003904 end=1790147911.015018 all=1.4766,1.4505,1.4413,1.4381,1.4382,1.3906,1.3952,
RESULT arm=v2b_prod shape=set_m1024 M=1024 K=5120 N=8192 add=0 ms=1.444424 tops=59.469618 pct_of_105.543=56.3463 min=1.423865 max=1.466385 begin=1790147911.615539 end=1790147911.626712 all=1.4437,1.4239,1.4444,1.4365,1.4524,1.4664,1.4512,
RESULT arm=v2b_ms shape=set_m1024 M=1024 K=5120 N=8192 add=0 ms=1.341231 tops=64.045155 pct_of_105.543=60.6816 min=1.301196 max=1.349005 begin=1790147912.227209 end=1790147912.237600 all=1.3434,1.3056,1.3412,1.3457,1.3012,1.3490,1.3153,
RESULT arm=x5 shape=set_m1024 M=1024 K=5120 N=8192 add=0 ms=1.733204 tops=49.561013 pct_of_105.543=46.9581 min=1.715170 max=1.775523 begin=1790147912.838968 end=1790147912.852108 all=1.7155,1.7332,1.7755,1.7568,1.7408,1.7152,1.7172,
REPACK shape=set_m1024 K=5120 N=8192 ms=0.226584 bytes_in=23592960 identical_to_cpu_pack=1
RESULT arm=hdr shape=add_k17408 M=5120 K=17408 N=8192 add=1 ms=21.527054 tops=67.835055 pct_of_105.543=64.2724 min=21.234386 max=21.676092 begin=1790147913.701796 end=1790147913.863439 all=21.6761,21.2344,21.5550,21.3603,21.5271,21.3041,21.6078,
RESULT arm=v2b_prod shape=add_k17408 M=5120 K=17408 N=8192 add=1 ms=21.722340 tops=67.225212 pct_of_105.543=63.6946 min=21.575905 max=21.979099 begin=1790147914.466603 end=1790147914.629951 all=21.7223,21.9791,21.5759,21.7530,21.6049,21.5792,21.7455,
RESULT arm=v2b_ms shape=add_k17408 M=5120 K=17408 N=8192 add=1 ms=20.539003 tops=71.098332 pct_of_105.543=67.3643 min=20.226021 max=20.808708 begin=1790147915.251279 end=1790147915.406328 all=20.3041,20.2260,20.5390,20.8087,20.3676,20.6190,20.7613,
RESULT arm=x5 shape=add_k17408 M=5120 K=17408 N=8192 add=1 ms=26.711800 tops=54.668308 pct_of_105.543=51.7972 min=26.550177 max=26.900711 begin=1790147916.026978 end=1790147916.225453 all=26.7118,26.6224,26.7390,26.9007,26.5502,26.6679,26.7833,
REPACK shape=add_k17408 K=17408 N=8192 ms=0.754212 bytes_in=80216064 identical_to_cpu_pack=1
RESULT arm=hdr shape=add_k6144 M=5120 K=6144 N=8192 add=1 ms=9.585462 tops=53.768519 pct_of_105.543=50.9447 min=9.234846 max=9.668136 begin=1790147917.035754 end=1790147917.114220 all=9.5855,9.6587,9.6681,9.2348,9.6077,9.4331,9.5449,
RESULT arm=v2b_prod shape=add_k6144 M=5120 K=6144 N=8192 add=1 ms=9.681161 tops=53.237011 pct_of_105.543=50.4411 min=9.527473 max=9.882859 begin=1790147917.721095 end=1790147917.800490 all=9.6473,9.7240,9.8829,9.6812,9.7501,9.5513,9.5275,
RESULT arm=v2b_ms shape=add_k6144 M=5120 K=6144 N=8192 add=1 ms=8.911521 tops=57.834805 pct_of_105.543=54.7974 min=8.769214 max=9.270513 begin=1790147918.403358 end=1790147918.477759 all=8.8987,9.2705,8.9872,8.8418,8.7692,8.9115,9.0583,
RESULT arm=x5 shape=add_k6144 M=5120 K=6144 N=8192 add=1 ms=12.217909 tops=42.183657 pct_of_105.543=39.9682 min=12.079169 max=12.396604 begin=1790147919.087606 end=1790147919.184989 all=12.1705,12.1330,12.3491,12.3966,12.2179,12.2832,12.0792,
REPACK shape=add_k6144 K=6144 N=8192 ms=0.265898 bytes_in=28311552 identical_to_cpu_pack=1
RESULT arm=hdr shape=set_m17408_n512 M=17408 K=5120 N=512 add=0 ms=1.361188 tops=67.050291 pct_of_105.543=63.5289 min=1.351410 max=1.370686 begin=1790147919.881808 end=1790147919.892043 all=1.3659,1.3612,1.3543,1.3707,1.3642,1.3591,1.3514,
RESULT arm=v2b_prod shape=set_m17408_n512 M=17408 K=5120 N=512 add=0 ms=1.347762 tops=67.718229 pct_of_105.543=64.1617 min=1.343074 max=1.358543 begin=1790147920.493153 end=1790147920.503316 all=1.3556,1.3521,1.3453,1.3457,1.3431,1.3478,1.3585,
RESULT arm=v2b_ms shape=set_m17408_n512 M=17408 K=5120 N=512 add=0 ms=1.282641 tops=71.156349 pct_of_105.543=67.4193 min=1.277350 max=1.287691 begin=1790147921.103526 end=1790147921.113315 all=1.2862,1.2877,1.2831,1.2794,1.2826,1.2773,1.2796,
RESULT arm=x5 shape=set_m17408_n512 M=17408 K=5120 N=512 add=0 ms=1.598312 tops=57.102777 pct_of_105.543=54.1038 min=1.564087 max=1.636464 begin=1790147921.713924 end=1790147921.725842 all=1.5908,1.5641,1.6263,1.6365,1.6008,1.5816,1.5983,
REPACK shape=set_m17408_n512 K=5120 N=512 ms=0.009498 bytes_in=1474560 identical_to_cpu_pack=1
RESULT arm=hdr shape=set_m12288_n512 M=12288 K=5120 N=512 add=0 ms=0.965046 tops=66.757968 pct_of_105.543=63.2519 min=0.960077 max=0.968613 begin=1790147922.374942 end=1790147922.382308 all=0.9664,0.9650,0.9626,0.9675,0.9650,0.9686,0.9601,
RESULT arm=v2b_prod shape=set_m12288_n512 M=12288 K=5120 N=512 add=0 ms=0.964085 tops=66.824513 pct_of_105.543=63.3150 min=0.961920 max=0.967411 begin=1790147922.982718 end=1790147922.989979 all=0.9669,0.9668,0.9638,0.9621,0.9674,0.9641,0.9619,
RESULT arm=v2b_ms shape=set_m12288_n512 M=12288 K=5120 N=512 add=0 ms=0.906377 tops=71.079152 pct_of_105.543=67.3462 min=0.901889 max=0.909542 begin=1790147923.590229 end=1790147923.597179 all=0.9083,0.9088,0.9095,0.9062,0.9026,0.9064,0.9019,
RESULT arm=x5 shape=set_m12288_n512 M=12288 K=5120 N=512 add=0 ms=1.134964 tops=56.763483 pct_of_105.543=53.7823 min=1.113965 max=1.200247 begin=1790147924.197851 end=1790147924.206381 all=1.1588,1.1344,1.2002,1.1363,1.1350,1.1181,1.1140,
REPACK shape=set_m12288_n512 K=5120 N=512 ms=0.009498 bytes_in=1474560 identical_to_cpu_pack=1
RESULT arm=hdr shape=set_m10240_n512 M=10240 K=5120 N=512 add=0 ms=0.768158 tops=69.890686 pct_of_105.543=66.2201 min=0.761225 max=0.770402 begin=1790147924.855948 end=1790147924.861822 all=0.7612,0.7623,0.7680,0.7690,0.7682,0.7704,0.7701,
RESULT arm=v2b_prod shape=set_m10240_n512 M=10240 K=5120 N=512 add=0 ms=0.763229 tops=70.342047 pct_of_105.543=66.6478 min=0.762187 max=0.768999 begin=1790147925.462470 end=1790147925.468307 all=0.7690,0.7647,0.7627,0.7631,0.7632,0.7636,0.7622,
RESULT arm=v2b_ms shape=set_m10240_n512 M=10240 K=5120 N=512 add=0 ms=0.734214 tops=73.121856 pct_of_105.543=69.2816 min=0.732892 max=0.739704 begin=1790147926.068495 end=1790147926.074164 all=0.7334,0.7342,0.7397,0.7377,0.7353,0.7331,0.7329,
RESULT arm=x5 shape=set_m10240_n512 M=10240 K=5120 N=512 add=0 ms=0.976588 tops=54.974145 pct_of_105.543=52.0870 min=0.950098 max=1.007245 begin=1790147926.674990 end=1790147926.682331 all=0.9774,0.9501,0.9697,1.0004,1.0072,0.9766,0.9706,
REPACK shape=set_m10240_n512 K=5120 N=512 ms=0.009377 bytes_in=1474560 identical_to_cpu_pack=1
RESULT arm=hdr shape=set_m6144_n512 M=6144 K=5120 N=512 add=0 ms=0.540171 tops=59.633437 pct_of_105.543=56.5016 min=0.538408 max=0.541894 begin=1790147927.314952 end=1790147927.319081 all=0.5402,0.5407,0.5384,0.5410,0.5419,0.5394,0.5398,
RESULT arm=v2b_prod shape=set_m6144_n512 M=6144 K=5120 N=512 add=0 ms=0.535603 tops=60.142037 pct_of_105.543=56.9834 min=0.531274 max=0.538127 begin=1790147927.919353 end=1790147927.923415 all=0.5366,0.5381,0.5362,0.5348,0.5356,0.5313,0.5326,
RESULT arm=v2b_ms shape=set_m6144_n512 M=6144 K=5120 N=512 add=0 ms=0.514483 tops=62.610925 pct_of_105.543=59.3227 min=0.513641 max=0.517128 begin=1790147928.523726 end=1790147928.527647 all=0.5139,0.5144,0.5136,0.5145,0.5152,0.5171,0.5166,
RESULT arm=x5 shape=set_m6144_n512 M=6144 K=5120 N=512 add=0 ms=0.581127 tops=55.430664 pct_of_105.543=52.5195 min=0.539329 max=0.593110 begin=1790147929.127955 end=1790147929.132239 all=0.5811,0.5885,0.5859,0.5393,0.5394,0.5931,0.5403,
REPACK shape=set_m6144_n512 K=5120 N=512 ms=0.009458 bytes_in=1474560 identical_to_cpu_pack=1
RESULT arm=hdr shape=set_m1024_n512 M=1024 K=5120 N=512 add=0 ms=0.173284 tops=30.982141 pct_of_105.543=29.3550 min=0.172242 max=0.175850 begin=1790147929.737957 end=1790147929.739402 all=0.1727,0.1759,0.1738,0.1733,0.1722,0.1726,0.1752,
RESULT arm=v2b_prod shape=set_m1024_n512 M=1024 K=5120 N=512 add=0 ms=0.173405 tops=30.960520 pct_of_105.543=29.3345 min=0.172723 max=0.176250 begin=1790147930.339541 end=1790147930.340979 all=0.1734,0.1727,0.1728,0.1762,0.1736,0.1737,0.1732,
RESULT arm=v2b_ms shape=set_m1024_n512 M=1024 K=5120 N=512 add=0 ms=0.167032 tops=32.141799 pct_of_105.543=30.4537 min=0.166271 max=0.169438 begin=1790147930.941006 end=1790147930.942404 all=0.1670,0.1671,0.1665,0.1663,0.1694,0.1670,0.1672,
RESULT arm=x5 shape=set_m1024_n512 M=1024 K=5120 N=512 add=0 ms=0.116298 tops=46.163384 pct_of_105.543=43.7389 min=0.115697 max=0.117219 begin=1790147931.542462 end=1790147931.543502 all=0.1158,0.1172,0.1161,0.1167,0.1157,0.1163,0.1171,
REPACK shape=set_m1024_n512 K=5120 N=512 ms=0.009017 bytes_in=1474560 identical_to_cpu_pack=1
RESULT arm=hdr shape=add_k17408_n512 M=5120 K=17408 N=512 add=1 ms=1.276590 tops=71.493632 pct_of_105.543=67.7389 min=1.270658 max=1.283843 begin=1790147932.194404 end=1790147932.204048 all=1.2838,1.2766,1.2707,1.2721,1.2741,1.2829,1.2834,
RESULT arm=v2b_prod shape=add_k17408_n512 M=5120 K=17408 N=512 add=1 ms=1.283643 tops=71.100808 pct_of_105.543=67.3667 min=1.279836 max=1.291337 begin=1790147932.804225 end=1790147932.813975 all=1.2896,1.2913,1.2874,1.2836,1.2803,1.2808,1.2798,
RESULT arm=v2b_ms shape=add_k17408_n512 M=5120 K=17408 N=512 add=1 ms=1.236916 tops=73.786788 pct_of_105.543=69.9116 min=1.233148 max=1.242366 begin=1790147933.414511 end=1790147933.423859 all=1.2331,1.2369,1.2424,1.2398,1.2364,1.2384,1.2334,
RESULT arm=x5 shape=add_k17408_n512 M=5120 K=17408 N=512 add=1 ms=1.721903 tops=53.004180 pct_of_105.543=50.2205 min=1.693530 max=1.863248 begin=1790147934.024248 end=1790147934.037372 all=1.8569,1.7033,1.8413,1.7219,1.8632,1.6935,1.7098,
REPACK shape=add_k17408_n512 K=17408 N=512 ms=0.018756 bytes_in=5013504 identical_to_cpu_pack=1
RESULT arm=hdr shape=add_k6144_n512 M=5120 K=6144 N=512 add=1 ms=0.465712 tops=69.167756 pct_of_105.543=65.5351 min=0.464549 max=0.467916 begin=1790147934.673505 end=1790147934.677407 all=0.4649,0.4657,0.4675,0.4679,0.4658,0.4645,0.4648,
RESULT arm=v2b_prod shape=add_k6144_n512 M=5120 K=6144 N=512 add=1 ms=0.465111 tops=69.257136 pct_of_105.543=65.6198 min=0.463748 max=0.469479 begin=1790147935.277625 end=1790147935.281436 all=0.4651,0.4651,0.4695,0.4651,0.4639,0.4637,0.4651,
RESULT arm=v2b_ms shape=add_k6144_n512 M=5120 K=6144 N=512 add=1 ms=0.445715 tops=72.270967 pct_of_105.543=68.4754 min=0.444231 max=0.447157 begin=1790147935.881884 end=1790147935.885571 all=0.4457,0.4453,0.4472,0.4464,0.4458,0.4442,0.4443,
RESULT arm=x5 shape=add_k6144_n512 M=5120 K=6144 N=512 add=1 ms=0.598200 tops=53.848635 pct_of_105.543=51.0206 min=0.552594 max=0.642282 begin=1790147936.486058 end=1790147936.490929 all=0.5526,0.6423,0.5942,0.6390,0.5982,0.5976,0.6061,
REPACK shape=add_k6144_n512 K=6144 N=512 ms=0.010219 bytes_in=1769472 identical_to_cpu_pack=1
RESULT arm=hdr shape=set:1024:5120:256 M=1024 K=5120 N=256 add=0 ms=0.171562 tops=15.646557 pct_of_105.543=14.8248 min=0.170599 max=0.172163 begin=1790147937.095371 end=1790147937.096822 all=0.1708,0.1721,0.1722,0.1712,0.1716,0.1706,0.1720,
RESULT arm=v2b_prod shape=set:1024:5120:256 M=1024 K=5120 N=256 add=0 ms=0.171922 tops=15.613793 pct_of_105.543=14.7938 min=0.170720 max=0.172563 begin=1790147937.696846 end=1790147937.698261 all=0.1719,0.1726,0.1714,0.1715,0.1707,0.1723,0.1723,
RESULT arm=v2b_ms shape=set:1024:5120:256 M=1024 K=5120 N=256 add=0 ms=0.165310 tops=16.238308 pct_of_105.543=15.3855 min=0.164708 max=0.166431 begin=1790147938.298394 end=1790147938.299768 all=0.1652,0.1653,0.1647,0.1658,0.1664,0.1653,0.1654,
RESULT arm=x5 shape=set:1024:5120:256 M=1024 K=5120 N=256 add=0 ms=0.076223 tops=35.217120 pct_of_105.543=33.3676 min=0.076102 max=0.076544 begin=1790147938.899805 end=1790147938.900554 all=0.0762,0.0765,0.0765,0.0762,0.0763,0.0761,0.0762,
REPACK shape=set:1024:5120:256 K=5120 N=256 ms=0.006532 bytes_in=737280 identical_to_cpu_pack=1
RESULT arm=hdr shape=set:1024:5120:768 M=1024 K=5120 N=768 add=0 ms=0.175729 tops=45.826604 pct_of_105.543=43.4198 min=0.174847 max=0.177492 begin=1790147939.506296 end=1790147939.507765 all=0.1769,0.1753,0.1757,0.1775,0.1751,0.1770,0.1748,
RESULT arm=v2b_prod shape=set:1024:5120:768 M=1024 K=5120 N=768 add=0 ms=0.175529 tops=45.878821 pct_of_105.543=43.4693 min=0.174486 max=0.177412 begin=1790147940.107921 end=1790147940.109386 all=0.1746,0.1765,0.1745,0.1755,0.1774,0.1750,0.1764,
RESULT arm=v2b_ms shape=set:1024:5120:768 M=1024 K=5120 N=768 add=0 ms=0.168876 tops=47.686255 pct_of_105.543=45.1818 min=0.167834 max=0.170559 begin=1790147940.709570 end=1790147940.710984 all=0.1689,0.1706,0.1678,0.1698,0.1680,0.1685,0.1702,
RESULT arm=x5 shape=set:1024:5120:768 M=1024 K=5120 N=768 add=0 ms=0.152646 tops=52.756465 pct_of_105.543=49.9858 min=0.151924 max=0.153367 begin=1790147941.311231 end=1790147941.312535 all=0.1521,0.1528,0.1526,0.1520,0.1534,0.1519,0.1530,
REPACK shape=set:1024:5120:768 K=5120 N=768 ms=0.011101 bytes_in=2211840 identical_to_cpu_pack=1
RESULT arm=hdr shape=set:1024:5120:1024 M=1024 K=5120 N=1024 add=0 ms=0.178053 tops=60.304616 pct_of_105.543=57.1375 min=0.176490 max=0.179135 begin=1790147941.919706 end=1790147941.921222 all=0.1769,0.1781,0.1783,0.1791,0.1765,0.1773,0.1782,
RESULT arm=v2b_prod shape=set:1024:5120:1024 M=1024 K=5120 N=1024 add=0 ms=0.177893 tops=60.358858 pct_of_105.543=57.1889 min=0.176771 max=0.178654 begin=1790147942.521249 end=1790147942.522733 all=0.1771,0.1779,0.1783,0.1787,0.1768,0.1772,0.1783,
RESULT arm=v2b_ms shape=set:1024:5120:1024 M=1024 K=5120 N=1024 add=0 ms=0.171562 tops=62.586226 pct_of_105.543=59.2993 min=0.170840 max=0.173605 begin=1790147943.122932 end=1790147943.124382 all=0.1708,0.1716,0.1733,0.1734,0.1736,0.1712,0.1714,
RESULT arm=x5 shape=set:1024:5120:1024 M=1024 K=5120 N=1024 add=0 ms=0.202699 tops=52.972229 pct_of_105.543=50.1902 min=0.202179 max=0.204062 begin=1790147943.724549 end=1790147943.726300 all=0.2024,0.2041,0.2022,0.2028,0.2029,0.2027,0.2023,
REPACK shape=set:1024:5120:1024 K=5120 N=1024 ms=0.013265 bytes_in=2949120 identical_to_cpu_pack=1
RESULT arm=hdr shape=set:1024:5120:2048 M=1024 K=5120 N=2048 add=0 ms=0.358631 tops=59.880037 pct_of_105.543=56.7352 min=0.357709 max=0.359393 begin=1790147944.337575 end=1790147944.340373 all=0.3582,0.3594,0.3594,0.3590,0.3584,0.3586,0.3577,
RESULT arm=v2b_prod shape=set:1024:5120:2048 M=1024 K=5120 N=2048 add=0 ms=0.360675 tops=59.540684 pct_of_105.543=56.4137 min=0.359393 max=0.361556 begin=1790147944.940418 end=1790147944.943223 all=0.3616,0.3607,0.3605,0.3612,0.3594,0.3608,0.3606,
RESULT arm=v2b_ms shape=set:1024:5120:2048 M=1024 K=5120 N=2048 add=0 ms=0.342521 tops=62.696406 pct_of_105.543=59.4037 min=0.340838 max=0.344285 begin=1790147945.543497 end=1790147945.546174 all=0.3410,0.3431,0.3408,0.3425,0.3421,0.3443,0.3429,
RESULT arm=x5 shape=set:1024:5120:2048 M=1024 K=5120 N=2048 add=0 ms=0.407322 tops=52.722016 pct_of_105.543=49.9531 min=0.404638 max=0.409807 begin=1790147946.146322 end=1790147946.149443 all=0.4073,0.4081,0.4076,0.4068,0.4052,0.4098,0.4046,
REPACK shape=set:1024:5120:2048 K=5120 N=2048 ms=0.020398 bytes_in=5898240 identical_to_cpu_pack=1
RESULT arm=hdr shape=set:1024:5120:4096 M=1024 K=5120 N=4096 add=0 ms=0.714938 tops=60.074683 pct_of_105.543=56.9196 min=0.711292 max=0.715860 begin=1790147946.771077 end=1790147946.776477 all=0.7142,0.7155,0.7153,0.7159,0.7113,0.7119,0.7149,
RESULT arm=v2b_prod shape=set:1024:5120:4096 M=1024 K=5120 N=4096 add=0 ms=0.719307 tops=59.709794 pct_of_105.543=56.5739 min=0.717022 max=0.722191 begin=1790147947.377120 end=1790147947.382548 all=0.7170,0.7200,0.7192,0.7194,0.7222,0.7193,0.7175,
RESULT arm=v2b_ms shape=set:1024:5120:4096 M=1024 K=5120 N=4096 add=0 ms=0.695782 tops=61.728634 pct_of_105.543=58.4867 min=0.693257 max=0.698388 begin=1790147947.982805 end=1790147947.988029 all=0.6966,0.6944,0.6958,0.6949,0.6984,0.6983,0.6933,
RESULT arm=x5 shape=set:1024:5120:4096 M=1024 K=5120 N=4096 add=0 ms=0.777535 tops=55.238249 pct_of_105.543=52.3372 min=0.737821 max=0.782304 begin=1790147948.588606 end=1790147948.594348 all=0.7793,0.7823,0.7384,0.7479,0.7808,0.7378,0.7775,
REPACK shape=set:1024:5120:4096 K=5120 N=4096 ms=0.034625 bytes_in=11796480 identical_to_cpu_pack=1
RESULT arm=hdr shape=set:6144:5120:256 M=6144 K=5120 N=256 add=0 ms=0.344004 tops=46.819593 pct_of_105.543=44.3607 min=0.343363 max=0.346488 begin=1790147949.211993 end=1790147949.214667 all=0.3434,0.3440,0.3465,0.3436,0.3446,0.3443,0.3434,
RESULT arm=v2b_prod shape=set:6144:5120:256 M=6144 K=5120 N=256 add=0 ms=0.343803 tops=46.846967 pct_of_105.543=44.3866 min=0.342801 max=0.345446 begin=1790147949.814912 end=1790147949.817591 all=0.3454,0.3428,0.3438,0.3439,0.3432,0.3434,0.3444,
RESULT arm=v2b_ms shape=set:6144:5120:256 M=6144 K=5120 N=256 add=0 ms=0.330899 tops=48.673847 pct_of_105.543=46.1176 min=0.330298 max=0.331821 begin=1790147950.417928 end=1790147950.420506 all=0.3318,0.3309,0.3309,0.3314,0.3318,0.3303,0.3308,
RESULT arm=x5 shape=set:6144:5120:256 M=6144 K=5120 N=256 add=0 ms=0.314028 tops=51.288827 pct_of_105.543=48.5952 min=0.312505 max=0.315992 begin=1790147951.020602 end=1790147951.023067 all=0.3127,0.3134,0.3125,0.3140,0.3152,0.3160,0.3155,
REPACK shape=set:6144:5120:256 K=5120 N=256 ms=0.006692 bytes_in=737280 identical_to_cpu_pack=1
RESULT arm=hdr shape=set:10240:5120:256 M=10240 K=5120 N=256 add=0 ms=0.378909 tops=70.844309 pct_of_105.543=67.1236 min=0.378468 max=0.381755 begin=1790147951.647830 end=1790147951.650802 all=0.3810,0.3789,0.3793,0.3788,0.3788,0.3785,0.3818,
RESULT arm=v2b_prod shape=set:10240:5120:256 M=10240 K=5120 N=256 add=0 ms=0.382596 tops=70.161598 pct_of_105.543=66.4768 min=0.381394 max=0.383798 begin=1790147952.251031 end=1790147952.254045 all=0.3814,0.3821,0.3826,0.3836,0.3838,0.3827,0.3823,
RESULT arm=v2b_ms shape=set:10240:5120:256 M=10240 K=5120 N=256 add=0 ms=0.368770 tops=72.792107 pct_of_105.543=68.9691 min=0.366886 max=0.369732 begin=1790147952.854221 end=1790147952.857108 all=0.3690,0.3682,0.3691,0.3669,0.3688,0.3686,0.3697,
RESULT arm=x5 shape=set:10240:5120:256 M=10240 K=5120 N=256 add=0 ms=0.572912 tops=46.854572 pct_of_105.543=44.3938 min=0.534360 max=0.585216 begin=1790147953.457630 end=1790147953.461923 all=0.5808,0.5852,0.5344,0.5729,0.5606,0.5772,0.5729,
REPACK shape=set:10240:5120:256 K=5120 N=256 ms=0.006653 bytes_in=737280 identical_to_cpu_pack=1
RESULT arm=hdr shape=set:12288:5120:256 M=12288 K=5120 N=256 add=0 ms=0.542937 tops=59.329638 pct_of_105.543=56.2137 min=0.542335 max=0.544899 begin=1790147954.109447 end=1790147954.113614 all=0.5424,0.5439,0.5429,0.5423,0.5449,0.5440,0.5427,
RESULT arm=v2b_prod shape=set:12288:5120:256 M=12288 K=5120 N=256 add=0 ms=0.540411 tops=59.606957 pct_of_105.543=56.4765 min=0.537847 max=0.543818 begin=1790147954.714134 end=1790147954.718237 all=0.5394,0.5419,0.5438,0.5414,0.5404,0.5380,0.5378,
RESULT arm=v2b_ms shape=set:12288:5120:256 M=12288 K=5120 N=256 add=0 ms=0.516887 tops=62.319722 pct_of_105.543=59.0468 min=0.516046 max=0.520574 begin=1790147955.318418 end=1790147955.322360 all=0.5167,0.5175,0.5162,0.5169,0.5206,0.5185,0.5160,
RESULT arm=x5 shape=set:12288:5120:256 M=12288 K=5120 N=256 add=0 ms=0.653945 tops=49.258357 pct_of_105.543=46.6714 min=0.614230 max=0.667129 begin=1790147955.923036 end=1790147955.928017 all=0.6142,0.6527,0.6478,0.6671,0.6539,0.6547,0.6668,
REPACK shape=set:12288:5120:256 K=5120 N=256 ms=0.006773 bytes_in=737280 identical_to_cpu_pack=1
RESULT arm=hdr shape=set:17408:5120:256 M=17408 K=5120 N=256 add=0 ms=0.738021 tops=61.832965 pct_of_105.543=58.5856 min=0.729886 max=0.742309 begin=1790147956.591193 end=1790147956.596776 all=0.7380,0.7377,0.7392,0.7423,0.7371,0.7299,0.7402,
RESULT arm=v2b_prod shape=set:17408:5120:256 M=17408 K=5120 N=256 add=0 ms=0.738743 tops=61.772534 pct_of_105.543=58.5283 min=0.734455 max=0.741548 begin=1790147957.197216 end=1790147957.202792 all=0.7345,0.7356,0.7378,0.7387,0.7395,0.7402,0.7415,
RESULT arm=v2b_ms shape=set:17408:5120:256 M=17408 K=5120 N=256 add=0 ms=0.701553 tops=65.047157 pct_of_105.543=61.6310 min=0.699389 max=0.703998 begin=1790147957.802830 end=1790147957.808167 all=0.6994,0.7029,0.7021,0.7006,0.7010,0.7016,0.7040,
RESULT arm=x5 shape=set:17408:5120:256 M=17408 K=5120 N=256 add=0 ms=0.870789 tops=52.405379 pct_of_105.543=49.6531 min=0.856804 max=0.888423 begin=1790147958.408833 end=1790147958.415581 all=0.8884,0.8568,0.8595,0.8708,0.8691,0.8732,0.8829,
REPACK shape=set:17408:5120:256 K=5120 N=256 ms=0.006813 bytes_in=737280 identical_to_cpu_pack=1
RESULT arm=hdr shape=add:5120:6144:256 M=5120 K=6144 N=256 add=1 ms=0.237124 tops=67.922807 pct_of_105.543=64.3556 min=0.236042 max=0.237965 begin=1790147959.041042 end=1790147959.043095 all=0.2380,0.2378,0.2360,0.2371,0.2366,0.2367,0.2372,
RESULT arm=v2b_prod shape=add:5120:6144:256 M=5120 K=6144 N=256 add=1 ms=0.234760 tops=68.606778 pct_of_105.543=65.0036 min=0.233958 max=0.235962 begin=1790147959.643213 end=1790147959.645136 all=0.2344,0.2340,0.2342,0.2358,0.2360,0.2354,0.2348,
RESULT arm=v2b_ms shape=add:5120:6144:256 M=5120 K=6144 N=256 add=1 ms=0.225342 tops=71.474146 pct_of_105.543=67.7204 min=0.224821 max=0.225943 begin=1790147960.245287 end=1790147960.247151 all=0.2248,0.2253,0.2253,0.2256,0.2255,0.2248,0.2259,
RESULT arm=x5 shape=add:5120:6144:256 M=5120 K=6144 N=256 add=1 ms=0.269665 tops=59.726428 pct_of_105.543=56.5897 min=0.267501 max=0.271588 begin=1790147960.847361 end=1790147960.849671 all=0.2714,0.2695,0.2716,0.2697,0.2700,0.2684,0.2675,
REPACK shape=add:5120:6144:256 K=6144 N=256 ms=0.007374 bytes_in=884736 identical_to_cpu_pack=1
RESULT arm=hdr shape=add:5120:17408:256 M=5120 K=17408 N=256 add=1 ms=0.662039 tops=68.929517 pct_of_105.543=65.3094 min=0.658473 max=0.665085 begin=1790147961.500957 end=1790147961.506012 all=0.6596,0.6635,0.6626,0.6620,0.6651,0.6602,0.6585,
RESULT arm=v2b_prod shape=add:5120:17408:256 M=5120 K=17408 N=256 add=1 ms=0.660797 tops=69.059072 pct_of_105.543=65.4322 min=0.658593 max=0.662641 begin=1790147962.106611 end=1790147962.111648 all=0.6608,0.6620,0.6590,0.6622,0.6626,0.6598,0.6586,
RESULT arm=v2b_ms shape=add:5120:17408:256 M=5120 K=17408 N=256 add=1 ms=0.619479 tops=73.665173 pct_of_105.543=69.7964 min=0.618718 max=0.621403 begin=1790147962.712249 end=1790147962.716985 all=0.6198,0.6192,0.6188,0.6195,0.6187,0.6214,0.6203,
RESULT arm=x5 shape=add:5120:17408:256 M=5120 K=17408 N=256 add=1 ms=0.809956 tops=56.341365 pct_of_105.543=53.3824 min=0.799858 max=0.821578 begin=1790147963.317159 end=1790147963.323253 all=0.8100,0.7999,0.8195,0.8053,0.8193,0.8079,0.8216,
REPACK shape=add:5120:17408:256 K=17408 N=256 ms=0.012543 bytes_in=2506752 identical_to_cpu_pack=1
RESULT arm=hdr shape=set:6144:5120:768 M=6144 K=5120 N=768 add=0 ms=0.746037 tops=64.766736 pct_of_105.543=61.3653 min=0.743151 max=0.748240 begin=1790147963.953155 end=1790147963.958798 all=0.7461,0.7460,0.7477,0.7482,0.7441,0.7432,0.7432,
RESULT arm=v2b_prod shape=set:6144:5120:768 M=6144 K=5120 N=768 add=0 ms=0.740827 tops=65.222219 pct_of_105.543=61.7968 min=0.738742 max=0.744433 begin=1790147964.559611 end=1790147964.565222 all=0.7425,0.7419,0.7387,0.7389,0.7444,0.7401,0.7408,
RESULT arm=v2b_ms shape=set:6144:5120:768 M=6144 K=5120 N=768 add=0 ms=0.706402 tops=68.400687 pct_of_105.543=64.8084 min=0.703357 max=0.708687 begin=1790147965.165293 end=1790147965.170653 all=0.7073,0.7034,0.7087,0.7064,0.7065,0.7047,0.7059,
RESULT arm=x5 shape=set:6144:5120:768 M=6144 K=5120 N=768 add=0 ms=0.871792 tops=55.424208 pct_of_105.543=52.5134 min=0.862694 max=0.881450 begin=1790147965.770889 end=1790147965.777442 all=0.8781,0.8811,0.8718,0.8627,0.8704,0.8814,0.8708,
REPACK shape=set:6144:5120:768 K=5120 N=768 ms=0.011702 bytes_in=2211840 identical_to_cpu_pack=1
RESULT arm=hdr shape=add:5120:6144:768 M=5120 K=6144 N=768 add=1 ms=0.704840 tops=68.552270 pct_of_105.543=64.9520 min=0.700551 max=0.707724 begin=1790147966.397266 end=1790147966.403069 all=0.7006,0.7028,0.7077,0.7073,0.7067,0.7048,0.7011,
RESULT arm=v2b_prod shape=add:5120:6144:768 M=5120 K=6144 N=768 add=1 ms=0.701353 tops=68.893098 pct_of_105.543=65.2749 min=0.697987 max=0.704037 begin=1790147967.003589 end=1790147967.009350 all=0.6980,0.6983,0.7007,0.7014,0.7020,0.7040,0.7018,
RESULT arm=v2b_ms shape=add:5120:6144:768 M=5120 K=6144 N=768 add=1 ms=0.669052 tops=72.219172 pct_of_105.543=68.4263 min=0.665285 max=0.672058 begin=1790147967.609933 end=1790147967.615475 all=0.6666,0.6653,0.6676,0.6713,0.6721,0.6691,0.6697,
RESULT arm=x5 shape=add:5120:6144:768 M=5120 K=6144 N=768 add=1 ms=0.877042 tops=55.092438 pct_of_105.543=52.1990 min=0.854921 max=0.933027 begin=1790147968.216223 end=1790147968.223312 all=0.8987,0.8770,0.8626,0.8549,0.8602,0.9082,0.9330,
REPACK shape=add:5120:6144:768 K=6144 N=768 ms=0.012784 bytes_in=2654208 identical_to_cpu_pack=1
