{"tag": "warmup", "arm": "nogrid", "pp8192_samples": [3743.4, 3739.8, 3734.3], "pp8192_median": 3739.8, "tg128_samples": [36.48222934348435, 36.4708767906589, 36.460658372369934], "tg128_median": 36.4708767906589}
{"tag": "p0-nogrid", "arm": "nogrid", "pp8192_samples": [3728.2, 3727.9, 3726.4], "pp8192_median": 3727.9, "tg128_samples": [28.68600938686324, 28.699286686673283, 28.66571525978873], "tg128_median": 28.68600938686324}
{"tag": "p1-grid", "arm": "grid", "pp8192_samples": [3725.3, 3727.7, 3726.0], "pp8192_median": 3726.0, "tg128_samples": [28.763004440518692, 28.794868070631697, 28.77039474450228], "tg128_median": 28.77039474450228}
{"tag": "p2-grid", "arm": "grid", "pp8192_samples": [3735.2, 3733.9, 3713.7], "pp8192_median": 3733.9, "tg128_samples": [36.470638169899686, 36.48898221653065, 36.47909286874337], "tg128_median": 36.47909286874337}
{"tag": "p3-nogrid", "arm": "nogrid", "pp8192_samples": [3730.7, 3731.0, 3730.3], "pp8192_median": 3730.7, "tg128_samples": [28.714748644201567, 28.723213211575107, 28.72235087575275], "tg128_median": 28.72235087575275}
{"tag": "p4-grid", "arm": "grid", "pp8192_samples": [3725.4, 3723.6, 3723.6], "pp8192_median": 3723.6, "tg128_samples": [36.505095090130105, 36.49784295524047, 36.5003418717548], "tg128_median": 36.5003418717548}
{"tag": "p5-nogrid", "arm": "nogrid", "pp8192_samples": [3724.5, 3726.1, 3721.3], "pp8192_median": 3724.5, "tg128_samples": [36.494851757652704, 36.49020143516276, 36.480352255558195], "tg128_median": 36.49020143516276}
{"tag": "p6-nogrid", "arm": "nogrid", "pp8192_samples": [3721.7, 3725.4, 3722.3], "pp8192_median": 3722.3, "tg128_samples": [36.40627024703255, 36.51805626362149, 36.52457312714834], "tg128_median": 36.51805626362149}
{"tag": "p7-grid", "arm": "grid", "pp8192_samples": [3719.8, 3720.6, 3720.1], "pp8192_median": 3720.1, "tg128_samples": [28.768998415827237, 28.839006425969597, 28.798305498345027], "tg128_median": 28.798305498345027}
{
  "label": "grid-E",
  "card": "E",
  "nogrid_pp8192": {
    "process_medians": [
      3727.9,
      3730.7,
      3724.5,
      3722.3
    ],
    "mean": 3726.35
  },
  "nogrid_tg128": {
    "process_medians": [
      28.68600938686324,
      28.72235087575275,
      36.49020143516276,
      36.51805626362149
    ],
    "mean": 32.60415449035006
  },
  "grid_pp8192": {
    "process_medians": [
      3726.0,
      3733.9,
      3723.6,
      3720.1
    ],
    "mean": 3725.9
  },
  "grid_tg128": {
    "process_medians": [
      28.77039474450228,
      36.47909286874337,
      36.5003418717548,
      28.798305498345027
    ],
    "mean": 32.63703374583637
  },
  "delta_pct": -0.012076160317731066
}
