remark: baseline.hip:135:0: Function Name: quantize_int4_mmq_ds128 [-Rpass-analysis=kernel-resource-usage]
remark: baseline.hip:135:0:     TotalSGPRs: 14 [-Rpass-analysis=kernel-resource-usage]
remark: baseline.hip:135:0:     VGPRs: 36 [-Rpass-analysis=kernel-resource-usage]
remark: baseline.hip:135:0:     ScratchSize [bytes/lane]: 0 [-Rpass-analysis=kernel-resource-usage]
remark: baseline.hip:135:0:     Dynamic Stack: False [-Rpass-analysis=kernel-resource-usage]
remark: baseline.hip:135:0:     Occupancy [waves/SIMD]: 16 [-Rpass-analysis=kernel-resource-usage]
remark: baseline.hip:135:0:     SGPRs Spill: 0 [-Rpass-analysis=kernel-resource-usage]
remark: baseline.hip:135:0:     VGPRs Spill: 0 [-Rpass-analysis=kernel-resource-usage]
remark: baseline.hip:135:0:     LDS Size [bytes/block]: 0 [-Rpass-analysis=kernel-resource-usage]
remark: baseline.hip:820:0: Function Name: gemm_mq4g256v2_residual_mmq_iu4 [-Rpass-analysis=kernel-resource-usage]
remark: baseline.hip:820:0:     TotalSGPRs: 43 [-Rpass-analysis=kernel-resource-usage]
remark: baseline.hip:820:0:     VGPRs: 202 [-Rpass-analysis=kernel-resource-usage]
remark: baseline.hip:820:0:     ScratchSize [bytes/lane]: 0 [-Rpass-analysis=kernel-resource-usage]
remark: baseline.hip:820:0:     Dynamic Stack: False [-Rpass-analysis=kernel-resource-usage]
remark: baseline.hip:820:0:     Occupancy [waves/SIMD]: 7 [-Rpass-analysis=kernel-resource-usage]
remark: baseline.hip:820:0:     SGPRs Spill: 0 [-Rpass-analysis=kernel-resource-usage]
remark: baseline.hip:820:0:     VGPRs Spill: 0 [-Rpass-analysis=kernel-resource-usage]
remark: baseline.hip:820:0:     LDS Size [bytes/block]: 0 [-Rpass-analysis=kernel-resource-usage]
remark: baseline.hip:834:0: Function Name: gemm_mq4g256v2_residual_mmq_iu4_full_add [-Rpass-analysis=kernel-resource-usage]
remark: baseline.hip:834:0:     TotalSGPRs: 40 [-Rpass-analysis=kernel-resource-usage]
remark: baseline.hip:834:0:     VGPRs: 202 [-Rpass-analysis=kernel-resource-usage]
remark: baseline.hip:834:0:     ScratchSize [bytes/lane]: 0 [-Rpass-analysis=kernel-resource-usage]
remark: baseline.hip:834:0:     Dynamic Stack: False [-Rpass-analysis=kernel-resource-usage]
remark: baseline.hip:834:0:     Occupancy [waves/SIMD]: 7 [-Rpass-analysis=kernel-resource-usage]
remark: baseline.hip:834:0:     SGPRs Spill: 0 [-Rpass-analysis=kernel-resource-usage]
remark: baseline.hip:834:0:     VGPRs Spill: 0 [-Rpass-analysis=kernel-resource-usage]
remark: baseline.hip:834:0:     LDS Size [bytes/block]: 0 [-Rpass-analysis=kernel-resource-usage]
remark: baseline.hip:844:0: Function Name: gemm_mq4g256v2_residual_mmq_iu4_full_set [-Rpass-analysis=kernel-resource-usage]
remark: baseline.hip:844:0:     TotalSGPRs: 40 [-Rpass-analysis=kernel-resource-usage]
remark: baseline.hip:844:0:     VGPRs: 202 [-Rpass-analysis=kernel-resource-usage]
remark: baseline.hip:844:0:     ScratchSize [bytes/lane]: 0 [-Rpass-analysis=kernel-resource-usage]
remark: baseline.hip:844:0:     Dynamic Stack: False [-Rpass-analysis=kernel-resource-usage]
remark: baseline.hip:844:0:     Occupancy [waves/SIMD]: 7 [-Rpass-analysis=kernel-resource-usage]
remark: baseline.hip:844:0:     SGPRs Spill: 0 [-Rpass-analysis=kernel-resource-usage]
remark: baseline.hip:844:0:     VGPRs Spill: 0 [-Rpass-analysis=kernel-resource-usage]
remark: baseline.hip:844:0:     LDS Size [bytes/block]: 0 [-Rpass-analysis=kernel-resource-usage]
