new.cu:1362:1: remark: Function Name: attention_q8_0_fa2_gqa_gfx1201 [-Rpass-analysis=kernel-resource-usage]
 1362 | {
      | ^
new.cu:1362:1: remark:     TotalSGPRs: 27 [-Rpass-analysis=kernel-resource-usage]
new.cu:1362:1: remark:     VGPRs: 238 [-Rpass-analysis=kernel-resource-usage]
new.cu:1362:1: remark:     ScratchSize [bytes/lane]: 0 [-Rpass-analysis=kernel-resource-usage]
new.cu:1362:1: remark:     Dynamic Stack: False [-Rpass-analysis=kernel-resource-usage]
new.cu:1362:1: remark:     Occupancy [waves/SIMD]: 6 [-Rpass-analysis=kernel-resource-usage]
new.cu:1362:1: remark:     SGPRs Spill: 0 [-Rpass-analysis=kernel-resource-usage]
new.cu:1362:1: remark:     VGPRs Spill: 0 [-Rpass-analysis=kernel-resource-usage]
new.cu:1362:1: remark:     LDS Size [bytes/block]: 0 [-Rpass-analysis=kernel-resource-usage]
new.cu:1420:1: remark: Function Name: attention_fa2_q_preconvert_gfx1201 [-Rpass-analysis=kernel-resource-usage]
 1420 | {
      | ^
new.cu:1420:1: remark:     TotalSGPRs: 6 [-Rpass-analysis=kernel-resource-usage]
new.cu:1420:1: remark:     VGPRs: 13 [-Rpass-analysis=kernel-resource-usage]
new.cu:1420:1: remark:     ScratchSize [bytes/lane]: 0 [-Rpass-analysis=kernel-resource-usage]
new.cu:1420:1: remark:     Dynamic Stack: False [-Rpass-analysis=kernel-resource-usage]
new.cu:1420:1: remark:     Occupancy [waves/SIMD]: 16 [-Rpass-analysis=kernel-resource-usage]
new.cu:1420:1: remark:     SGPRs Spill: 0 [-Rpass-analysis=kernel-resource-usage]
new.cu:1420:1: remark:     VGPRs Spill: 0 [-Rpass-analysis=kernel-resource-usage]
new.cu:1420:1: remark:     LDS Size [bytes/block]: 0 [-Rpass-analysis=kernel-resource-usage]
new.cu:1606:1: remark: Function Name: attention_q8_0_fa2_gqa_partial_gfx1201 [-Rpass-analysis=kernel-resource-usage]
 1606 | {
      | ^
new.cu:1606:1: remark:     TotalSGPRs: 30 [-Rpass-analysis=kernel-resource-usage]
new.cu:1606:1: remark:     VGPRs: 239 [-Rpass-analysis=kernel-resource-usage]
new.cu:1606:1: remark:     ScratchSize [bytes/lane]: 0 [-Rpass-analysis=kernel-resource-usage]
new.cu:1606:1: remark:     Dynamic Stack: False [-Rpass-analysis=kernel-resource-usage]
new.cu:1606:1: remark:     Occupancy [waves/SIMD]: 6 [-Rpass-analysis=kernel-resource-usage]
new.cu:1606:1: remark:     SGPRs Spill: 0 [-Rpass-analysis=kernel-resource-usage]
new.cu:1606:1: remark:     VGPRs Spill: 0 [-Rpass-analysis=kernel-resource-usage]
new.cu:1606:1: remark:     LDS Size [bytes/block]: 0 [-Rpass-analysis=kernel-resource-usage]
new.cu:1691:1: remark: Function Name: attention_q8_0_fa2_gqa_merge_gfx1201 [-Rpass-analysis=kernel-resource-usage]
 1691 | {
      | ^
new.cu:1691:1: remark:     TotalSGPRs: 10 [-Rpass-analysis=kernel-resource-usage]
new.cu:1691:1: remark:     VGPRs: 17 [-Rpass-analysis=kernel-resource-usage]
new.cu:1691:1: remark:     ScratchSize [bytes/lane]: 0 [-Rpass-analysis=kernel-resource-usage]
new.cu:1691:1: remark:     Dynamic Stack: False [-Rpass-analysis=kernel-resource-usage]
new.cu:1691:1: remark:     Occupancy [waves/SIMD]: 16 [-Rpass-analysis=kernel-resource-usage]
new.cu:1691:1: remark:     SGPRs Spill: 0 [-Rpass-analysis=kernel-resource-usage]
new.cu:1691:1: remark:     VGPRs Spill: 0 [-Rpass-analysis=kernel-resource-usage]
new.cu:1691:1: remark:     LDS Size [bytes/block]: 0 [-Rpass-analysis=kernel-resource-usage]
