COMMAND ['/opt/rocm/core/bin/hipcc', '-O3', '--offload-arch=gfx1201', '--cuda-device-only', '-S', '-gline-tables-only', '-Rpass-analysis=kernel-resource-usage', '-DHIPFIRE_FA2_FP8=1', '-DHIPFIRE_FA2_KMODE=8', '/home/kaden/ClaudeCode/warpfront/wt-fapkt/kernels/src/attention_q8_0_fa2_gqa.gfx1201.hip', '-o', '/home/kaden/ClaudeCode/warpfront/wt-fapkt/scratch-2026-09-17/FaPacketPlan/baseline.s']
clang++: warning: argument unused during compilation: '--hip-link' [-Wunused-command-line-argument]
/home/kaden/ClaudeCode/warpfront/wt-fapkt/kernels/src/attention_q8_0_fa2_gqa.gfx1201.hip:1332:1: remark: Function Name: attention_fp8_e4m3_fa2_gqa_gfx1201 [-Rpass-analysis=kernel-resource-usage]
 1332 | {
      | ^
/home/kaden/ClaudeCode/warpfront/wt-fapkt/kernels/src/attention_q8_0_fa2_gqa.gfx1201.hip:1332:1: remark:     TotalSGPRs: 33 [-Rpass-analysis=kernel-resource-usage]
/home/kaden/ClaudeCode/warpfront/wt-fapkt/kernels/src/attention_q8_0_fa2_gqa.gfx1201.hip:1332:1: remark:     VGPRs: 190 [-Rpass-analysis=kernel-resource-usage]
/home/kaden/ClaudeCode/warpfront/wt-fapkt/kernels/src/attention_q8_0_fa2_gqa.gfx1201.hip:1332:1: remark:     ScratchSize [bytes/lane]: 0 [-Rpass-analysis=kernel-resource-usage]
/home/kaden/ClaudeCode/warpfront/wt-fapkt/kernels/src/attention_q8_0_fa2_gqa.gfx1201.hip:1332:1: remark:     Dynamic Stack: False [-Rpass-analysis=kernel-resource-usage]
/home/kaden/ClaudeCode/warpfront/wt-fapkt/kernels/src/attention_q8_0_fa2_gqa.gfx1201.hip:1332:1: remark:     Occupancy [waves/SIMD]: 8 [-Rpass-analysis=kernel-resource-usage]
/home/kaden/ClaudeCode/warpfront/wt-fapkt/kernels/src/attention_q8_0_fa2_gqa.gfx1201.hip:1332:1: remark:     SGPRs Spill: 0 [-Rpass-analysis=kernel-resource-usage]
/home/kaden/ClaudeCode/warpfront/wt-fapkt/kernels/src/attention_q8_0_fa2_gqa.gfx1201.hip:1332:1: remark:     VGPRs Spill: 0 [-Rpass-analysis=kernel-resource-usage]
/home/kaden/ClaudeCode/warpfront/wt-fapkt/kernels/src/attention_q8_0_fa2_gqa.gfx1201.hip:1332:1: remark:     LDS Size [bytes/block]: 0 [-Rpass-analysis=kernel-resource-usage]
/home/kaden/ClaudeCode/warpfront/wt-fapkt/kernels/src/attention_q8_0_fa2_gqa.gfx1201.hip:1422:1: remark: Function Name: attention_fp8_e4m3_fa2_q_preconvert_f16_gfx1201 [-Rpass-analysis=kernel-resource-usage]
 1422 | {
      | ^
/home/kaden/ClaudeCode/warpfront/wt-fapkt/kernels/src/attention_q8_0_fa2_gqa.gfx1201.hip:1422:1: remark:     TotalSGPRs: 6 [-Rpass-analysis=kernel-resource-usage]
/home/kaden/ClaudeCode/warpfront/wt-fapkt/kernels/src/attention_q8_0_fa2_gqa.gfx1201.hip:1422:1: remark:     VGPRs: 13 [-Rpass-analysis=kernel-resource-usage]
/home/kaden/ClaudeCode/warpfront/wt-fapkt/kernels/src/attention_q8_0_fa2_gqa.gfx1201.hip:1422:1: remark:     ScratchSize [bytes/lane]: 0 [-Rpass-analysis=kernel-resource-usage]
/home/kaden/ClaudeCode/warpfront/wt-fapkt/kernels/src/attention_q8_0_fa2_gqa.gfx1201.hip:1422:1: remark:     Dynamic Stack: False [-Rpass-analysis=kernel-resource-usage]
/home/kaden/ClaudeCode/warpfront/wt-fapkt/kernels/src/attention_q8_0_fa2_gqa.gfx1201.hip:1422:1: remark:     Occupancy [waves/SIMD]: 16 [-Rpass-analysis=kernel-resource-usage]
/home/kaden/ClaudeCode/warpfront/wt-fapkt/kernels/src/attention_q8_0_fa2_gqa.gfx1201.hip:1422:1: remark:     SGPRs Spill: 0 [-Rpass-analysis=kernel-resource-usage]
/home/kaden/ClaudeCode/warpfront/wt-fapkt/kernels/src/attention_q8_0_fa2_gqa.gfx1201.hip:1422:1: remark:     VGPRs Spill: 0 [-Rpass-analysis=kernel-resource-usage]
/home/kaden/ClaudeCode/warpfront/wt-fapkt/kernels/src/attention_q8_0_fa2_gqa.gfx1201.hip:1422:1: remark:     LDS Size [bytes/block]: 0 [-Rpass-analysis=kernel-resource-usage]
/home/kaden/ClaudeCode/warpfront/wt-fapkt/kernels/src/attention_q8_0_fa2_gqa.gfx1201.hip:1470:1: remark: Function Name: attention_fp8_e4m3_fa2_q_preconvert_fp8_gfx1201 [-Rpass-analysis=kernel-resource-usage]
 1470 | {
      | ^
/home/kaden/ClaudeCode/warpfront/wt-fapkt/kernels/src/attention_q8_0_fa2_gqa.gfx1201.hip:1470:1: remark:     TotalSGPRs: 14 [-Rpass-analysis=kernel-resource-usage]
/home/kaden/ClaudeCode/warpfront/wt-fapkt/kernels/src/attention_q8_0_fa2_gqa.gfx1201.hip:1470:1: remark:     VGPRs: 56 [-Rpass-analysis=kernel-resource-usage]
/home/kaden/ClaudeCode/warpfront/wt-fapkt/kernels/src/attention_q8_0_fa2_gqa.gfx1201.hip:1470:1: remark:     ScratchSize [bytes/lane]: 0 [-Rpass-analysis=kernel-resource-usage]
/home/kaden/ClaudeCode/warpfront/wt-fapkt/kernels/src/attention_q8_0_fa2_gqa.gfx1201.hip:1470:1: remark:     Dynamic Stack: False [-Rpass-analysis=kernel-resource-usage]
/home/kaden/ClaudeCode/warpfront/wt-fapkt/kernels/src/attention_q8_0_fa2_gqa.gfx1201.hip:1470:1: remark:     Occupancy [waves/SIMD]: 16 [-Rpass-analysis=kernel-resource-usage]
/home/kaden/ClaudeCode/warpfront/wt-fapkt/kernels/src/attention_q8_0_fa2_gqa.gfx1201.hip:1470:1: remark:     SGPRs Spill: 0 [-Rpass-analysis=kernel-resource-usage]
/home/kaden/ClaudeCode/warpfront/wt-fapkt/kernels/src/attention_q8_0_fa2_gqa.gfx1201.hip:1470:1: remark:     VGPRs Spill: 0 [-Rpass-analysis=kernel-resource-usage]
/home/kaden/ClaudeCode/warpfront/wt-fapkt/kernels/src/attention_q8_0_fa2_gqa.gfx1201.hip:1470:1: remark:     LDS Size [bytes/block]: 0 [-Rpass-analysis=kernel-resource-usage]
/home/kaden/ClaudeCode/warpfront/wt-fapkt/kernels/src/attention_q8_0_fa2_gqa.gfx1201.hip:1567:1: remark: Function Name: attention_fp8_e4m3_fa2_gqa_partial_gfx1201 [-Rpass-analysis=kernel-resource-usage]
 1567 | {
      | ^
/home/kaden/ClaudeCode/warpfront/wt-fapkt/kernels/src/attention_q8_0_fa2_gqa.gfx1201.hip:1567:1: remark:     TotalSGPRs: 37 [-Rpass-analysis=kernel-resource-usage]
/home/kaden/ClaudeCode/warpfront/wt-fapkt/kernels/src/attention_q8_0_fa2_gqa.gfx1201.hip:1567:1: remark:     VGPRs: 191 [-Rpass-analysis=kernel-resource-usage]
/home/kaden/ClaudeCode/warpfront/wt-fapkt/kernels/src/attention_q8_0_fa2_gqa.gfx1201.hip:1567:1: remark:     ScratchSize [bytes/lane]: 0 [-Rpass-analysis=kernel-resource-usage]
/home/kaden/ClaudeCode/warpfront/wt-fapkt/kernels/src/attention_q8_0_fa2_gqa.gfx1201.hip:1567:1: remark:     Dynamic Stack: False [-Rpass-analysis=kernel-resource-usage]
/home/kaden/ClaudeCode/warpfront/wt-fapkt/kernels/src/attention_q8_0_fa2_gqa.gfx1201.hip:1567:1: remark:     Occupancy [waves/SIMD]: 8 [-Rpass-analysis=kernel-resource-usage]
/home/kaden/ClaudeCode/warpfront/wt-fapkt/kernels/src/attention_q8_0_fa2_gqa.gfx1201.hip:1567:1: remark:     SGPRs Spill: 0 [-Rpass-analysis=kernel-resource-usage]
/home/kaden/ClaudeCode/warpfront/wt-fapkt/kernels/src/attention_q8_0_fa2_gqa.gfx1201.hip:1567:1: remark:     VGPRs Spill: 0 [-Rpass-analysis=kernel-resource-usage]
/home/kaden/ClaudeCode/warpfront/wt-fapkt/kernels/src/attention_q8_0_fa2_gqa.gfx1201.hip:1567:1: remark:     LDS Size [bytes/block]: 0 [-Rpass-analysis=kernel-resource-usage]
/home/kaden/ClaudeCode/warpfront/wt-fapkt/kernels/src/attention_q8_0_fa2_gqa.gfx1201.hip:1647:1: remark: Function Name: attention_fp8_e4m3_fa2_gqa_merge_gfx1201 [-Rpass-analysis=kernel-resource-usage]
 1647 | {
      | ^
/home/kaden/ClaudeCode/warpfront/wt-fapkt/kernels/src/attention_q8_0_fa2_gqa.gfx1201.hip:1647:1: remark:     TotalSGPRs: 10 [-Rpass-analysis=kernel-resource-usage]
/home/kaden/ClaudeCode/warpfront/wt-fapkt/kernels/src/attention_q8_0_fa2_gqa.gfx1201.hip:1647:1: remark:     VGPRs: 17 [-Rpass-analysis=kernel-resource-usage]
/home/kaden/ClaudeCode/warpfront/wt-fapkt/kernels/src/attention_q8_0_fa2_gqa.gfx1201.hip:1647:1: remark:     ScratchSize [bytes/lane]: 0 [-Rpass-analysis=kernel-resource-usage]
/home/kaden/ClaudeCode/warpfront/wt-fapkt/kernels/src/attention_q8_0_fa2_gqa.gfx1201.hip:1647:1: remark:     Dynamic Stack: False [-Rpass-analysis=kernel-resource-usage]
/home/kaden/ClaudeCode/warpfront/wt-fapkt/kernels/src/attention_q8_0_fa2_gqa.gfx1201.hip:1647:1: remark:     Occupancy [waves/SIMD]: 16 [-Rpass-analysis=kernel-resource-usage]
/home/kaden/ClaudeCode/warpfront/wt-fapkt/kernels/src/attention_q8_0_fa2_gqa.gfx1201.hip:1647:1: remark:     SGPRs Spill: 0 [-Rpass-analysis=kernel-resource-usage]
/home/kaden/ClaudeCode/warpfront/wt-fapkt/kernels/src/attention_q8_0_fa2_gqa.gfx1201.hip:1647:1: remark:     VGPRs Spill: 0 [-Rpass-analysis=kernel-resource-usage]
/home/kaden/ClaudeCode/warpfront/wt-fapkt/kernels/src/attention_q8_0_fa2_gqa.gfx1201.hip:1647:1: remark:     LDS Size [bytes/block]: 0 [-Rpass-analysis=kernel-resource-usage]
