device=gfx1201 CUs=32 blocks=64 threads=256 KT16iters=512 LDS=49408
occupancy_API_resident_WG_per_reported_MP exact=1 partner=1 rcp=1
sample,0,4,191.241989
sample,0,3,222.523010
sample,0,2,410.286011
sample,0,1,539.208008
sample,0,0,560.967957
sample,1,0,542.168030
sample,1,1,519.967041
sample,1,2,393.604980
sample,1,3,209.123001
sample,1,4,178.481995
sample,2,4,178.322998
sample,2,3,208.042999
sample,2,2,381.886017
sample,2,1,501.286987
sample,2,0,515.127991
sample,3,0,522.767029
sample,3,1,515.687988
sample,3,2,393.406006
sample,3,3,210.843002
sample,3,4,182.243011
sample,4,4,181.802002
sample,4,3,209.282990
sample,4,2,390.204987
sample,4,1,525.807007
sample,4,0,538.088013
sample,5,0,535.085999
sample,5,1,522.445984
sample,5,2,407.204987
sample,5,3,219.162994
sample,5,4,191.281998
sample,6,4,189.682007
sample,6,3,218.483002
sample,6,2,407.005005
sample,6,1,532.766968
sample,6,0,544.966003
sample,7,0,546.966980
sample,7,1,535.007019
sample,7,2,405.804993
sample,7,3,218.162994
sample,7,4,191.962006
sample,8,4,194.962997
sample,8,3,220.763000
sample,8,2,411.804993
sample,8,1,561.367004
sample,8,0,570.367004
sample,9,0,571.487000
sample,9,1,560.367004
sample,9,2,423.004974
sample,9,3,226.042999
sample,9,4,197.522995
sample,10,4,196.441986
sample,10,3,224.443008
sample,10,2,418.965027
sample,10,1,546.325989
sample,10,0,567.287048
sample,11,0,567.406982
sample,11,1,543.725037
sample,11,2,409.563995
sample,11,3,219.001999
sample,11,4,193.001999
sample,12,4,193.242004
sample,12,3,218.682007
sample,12,2,409.324005
sample,12,1,543.406006
sample,12,0,565.125000
sample,13,0,575.806030
sample,13,1,565.804993
sample,13,2,424.684998
sample,13,3,226.881989
sample,13,4,199.442001
sample,14,4,199.481995
sample,14,3,230.001999
sample,14,2,431.444000
sample,14,1,580.565002
sample,14,0,595.526001
median,exact_shfl,560.967957,min=515.127991,max=595.526001
median,exact_permlane,539.208008,min=501.286987,max=580.565002
median,approx_rcp,409.324005,min=381.886017,max=431.444000
median,matrix,219.001999,min=208.042999,max=230.001999
median,softmax,191.962006,min=178.322998,max=199.481995
compare,exact_permlane,components=2293760,bitdiff=0,nonfinite=0,maxabs=0,maxrel=0
compare,approx_rcp,components=2293760,bitdiff=131072,nonfinite=0,maxabs=0.00680541992,maxrel=2.28219386e-05
