device=gfx1201 CUs=32 blocks=64 threads=512 KT16iters=512 LDS=49408
occupancy_API_resident_WG_per_reported_MP exact=1 partner=1 rcp=1
sample,0,4,328.081024
sample,0,3,506.762970
sample,0,2,790.724976
sample,0,1,1020.247009
sample,0,0,1043.126953
sample,1,0,1050.046997
sample,1,1,1027.567017
sample,1,2,798.445984
sample,1,3,427.522980
sample,1,4,341.921997
sample,2,4,342.121979
sample,2,3,427.481995
sample,2,2,796.446045
sample,2,1,1035.246948
sample,2,0,1070.687988
sample,3,0,1092.328003
sample,3,1,1086.928955
sample,3,2,854.206970
sample,3,3,455.684021
sample,3,4,359.923004
sample,4,4,357.842010
sample,4,3,450.042999
sample,4,2,837.886963
sample,4,1,1073.249023
sample,4,0,1087.968018
sample,5,0,1103.528931
sample,5,1,1079.888916
sample,5,2,830.685974
sample,5,3,442.763000
sample,5,4,354.763000
sample,6,4,356.042999
sample,6,3,448.044006
sample,6,2,832.246033
sample,6,1,1063.646973
sample,6,0,1090.927979
sample,7,0,1090.127930
sample,7,1,1088.808960
sample,7,2,839.565979
sample,7,3,451.843994
sample,7,4,365.283020
sample,8,4,365.321991
sample,8,3,452.243011
sample,8,2,842.765991
sample,8,1,1072.127930
sample,8,0,1087.648071
sample,9,0,1082.648071
sample,9,1,1059.567993
sample,9,2,834.766968
sample,9,3,450.282990
sample,9,4,360.123016
sample,10,4,360.282990
sample,10,3,453.283020
sample,10,2,856.606018
sample,10,1,1102.247925
sample,10,0,1109.408081
sample,11,0,1098.567993
sample,11,1,1064.928101
sample,11,2,822.487000
sample,11,3,438.923981
sample,11,4,350.362976
sample,12,4,350.683014
sample,12,3,439.003998
sample,12,2,812.005981
sample,12,1,1047.889038
sample,12,0,1081.249023
sample,13,0,1084.129028
sample,13,1,1070.569092
sample,13,2,837.647034
sample,13,3,448.403015
sample,13,4,357.603027
sample,14,4,351.922974
sample,14,3,440.843994
sample,14,2,817.526978
sample,14,1,1048.047974
sample,14,0,1066.247925
median,exact_shfl,1087.648071,min=1043.126953,max=1109.408081
median,exact_permlane,1064.928101,min=1020.247009,max=1102.247925
median,approx_rcp,832.246033,min=790.724976,max=856.606018
median,matrix,448.403015,min=427.481995,max=506.762970
median,softmax,356.042999,min=328.081024,max=365.321991
compare,exact_permlane,components=4587520,bitdiff=0,nonfinite=0,maxabs=0,maxrel=0
compare,approx_rcp,components=4587520,bitdiff=262144,nonfinite=0,maxabs=0.00680541992,maxrel=2.28219386e-05
