device=gfx1201 CUs=32 blocks=64 threads=128 KT16iters=512 LDS=32768
occupancy_API_resident_WG_per_reported_MP exact=2 partner=2 rcp=2
sample,0,4,118.922005
sample,0,3,116.842003
sample,0,2,219.643997
sample,0,1,312.085999
sample,0,0,322.205994
sample,1,0,322.605988
sample,1,1,310.766022
sample,1,2,218.444000
sample,1,3,114.642998
sample,1,4,117.841995
sample,2,4,118.001999
sample,2,3,115.521996
sample,2,2,217.044998
sample,2,1,308.205994
sample,2,0,318.765991
sample,3,0,318.886017
sample,3,1,306.926025
sample,3,2,215.923996
sample,3,3,114.482002
sample,3,4,116.722000
sample,4,4,116.562004
sample,4,3,113.321999
sample,4,2,214.683990
sample,4,1,303.925995
sample,4,0,315.005981
sample,5,0,314.006012
sample,5,1,299.526001
sample,5,2,209.764008
sample,5,3,110.442993
sample,5,4,114.042000
sample,6,4,114.001999
sample,6,3,109.442001
sample,6,2,205.363998
sample,6,1,292.726013
sample,6,0,303.686005
sample,7,0,298.526001
sample,7,1,288.605011
sample,7,2,202.363007
sample,7,3,108.561996
sample,7,4,109.842003
sample,8,4,108.402000
sample,8,3,106.282005
sample,8,2,198.044006
sample,8,1,281.321991
sample,8,0,293.442017
sample,9,0,294.641998
sample,9,1,284.041992
sample,9,2,200.001999
sample,9,3,109.280998
sample,9,4,110.280998
sample,10,4,110.921005
sample,10,3,109.200996
sample,10,2,203.082001
sample,10,1,289.483002
sample,10,0,306.243011
sample,11,0,305.842987
sample,11,1,295.123016
sample,11,2,208.641998
sample,11,3,110.041000
sample,11,4,112.880997
sample,12,4,113.200996
sample,12,3,110.041000
sample,12,2,208.682007
sample,12,1,294.562012
sample,12,0,304.722015
sample,13,0,305.123016
sample,13,1,295.641998
sample,13,2,207.841995
sample,13,3,110.641006
sample,13,4,113.241005
sample,14,4,113.280998
sample,14,3,110.441002
sample,14,2,210.881989
sample,14,1,300.763000
sample,14,0,312.002991
median,exact_shfl,306.243011,min=293.442017,max=322.605988
median,exact_permlane,295.641998,min=281.321991,max=312.085999
median,approx_rcp,208.682007,min=198.044006,max=219.643997
median,matrix,110.441002,min=106.282005,max=116.842003
median,softmax,113.280998,min=108.402000,max=118.922005
compare,exact_permlane,components=1146880,bitdiff=0,nonfinite=0,maxabs=0,maxrel=0
compare,approx_rcp,components=1146880,bitdiff=65536,nonfinite=0,maxabs=0.00680541992,maxrel=2.28219386e-05
