device=gfx1201 CUs=32 blocks=256 threads=256 KT16iters=512 LDS=49408
occupancy_API_resident_WG_per_reported_MP exact=1 partner=1 rcp=1
sample,0,4,708.288025
sample,0,3,885.411011
sample,0,2,1646.380005
sample,0,1,2147.345947
sample,0,0,2176.506104
sample,1,0,2169.266846
sample,1,1,2117.506104
sample,1,2,1651.819946
sample,1,3,895.811035
sample,1,4,706.968994
sample,2,4,710.085999
sample,2,3,887.687012
sample,2,2,1629.814087
sample,2,1,2142.379150
sample,2,0,2193.218994
sample,3,0,2180.818115
sample,3,1,2157.218018
sample,3,2,1654.773926
sample,3,3,887.767944
sample,3,4,700.685974
sample,4,4,703.486023
sample,4,3,883.127991
sample,4,2,1628.533936
sample,4,1,2100.856934
sample,4,0,2159.857910
sample,5,0,2193.857910
sample,5,1,2121.017822
sample,5,2,1612.093018
sample,5,3,881.088013
sample,5,4,708.245972
sample,6,4,710.046021
sample,6,3,885.687012
sample,6,2,1611.292969
sample,6,1,2082.656982
sample,6,0,2162.978027
sample,7,0,2153.377930
sample,7,1,2084.816895
sample,7,2,1593.614014
sample,7,3,864.526978
sample,7,4,696.366028
sample,8,4,697.885986
sample,8,3,874.528015
sample,8,2,1600.334106
sample,8,1,2072.698975
sample,8,0,2148.818848
sample,9,0,2155.618896
sample,9,1,2080.137939
sample,9,2,1581.693970
sample,9,3,855.607971
sample,9,4,686.725952
sample,10,4,687.966003
sample,10,3,854.726990
sample,10,2,1580.453979
sample,10,1,2057.617920
sample,10,0,2101.979004
sample,11,0,2104.018066
sample,11,1,2099.298096
sample,11,2,1591.174927
sample,11,3,856.567017
sample,11,4,675.286011
sample,12,4,675.966003
sample,12,3,854.526978
sample,12,2,1583.374023
sample,12,1,2041.618164
sample,12,0,2078.377930
sample,13,0,2071.937988
sample,13,1,2019.699097
sample,13,2,1549.734009
sample,13,3,845.767029
sample,13,4,674.606018
sample,14,4,674.526001
sample,14,3,844.168030
sample,14,2,1557.533936
sample,14,1,2023.217896
sample,14,0,2066.858887
median,exact_shfl,2155.618896,min=2066.858887,max=2193.857910
median,exact_permlane,2084.816895,min=2019.699097,max=2157.218018
median,approx_rcp,1600.334106,min=1549.734009,max=1654.773926
median,matrix,874.528015,min=844.168030,max=895.811035
median,softmax,697.885986,min=674.526001,max=710.085999
compare,exact_permlane,components=9175040,bitdiff=0,nonfinite=0,maxabs=0,maxrel=0
compare,approx_rcp,components=9175040,bitdiff=524288,nonfinite=0,maxabs=0.00680541992,maxrel=2.28219386e-05
