device=gfx1201 CUs=32 blocks=256 threads=256 KT16iters=128 LDS=40960
sample,0,4,170.639999
sample,0,3,223.280991
sample,0,2,399.480988
sample,0,1,503.362000
sample,0,0,507.881989
sample,1,0,506.802032
sample,1,1,489.201019
sample,1,2,388.401978
sample,1,3,224.640991
sample,1,4,162.360001
sample,2,4,162.121002
sample,2,3,213.360992
sample,2,2,377.481018
sample,2,1,471.401978
sample,2,0,487.802002
sample,3,0,493.160980
sample,3,1,494.522003
sample,3,2,397.601013
sample,3,3,221.599991
sample,3,4,169.880005
sample,4,4,170.320999
sample,4,3,222.880997
sample,4,2,400.442017
sample,4,1,497.601990
sample,4,0,506.802032
sample,5,0,505.082001
sample,5,1,495.362000
sample,5,2,397.201996
sample,5,3,221.800995
sample,5,4,169.761002
sample,6,4,169.641006
sample,6,3,221.240997
sample,6,2,396.921021
sample,6,1,499.242004
sample,6,0,506.682983
sample,7,0,509.562012
sample,7,1,501.481995
sample,7,2,396.682007
sample,7,3,220.600998
sample,7,4,169.839996
sample,8,4,169.920990
sample,8,3,221.000992
sample,8,2,398.000977
sample,8,1,502.641968
sample,8,0,512.961975
sample,9,0,513.882996
sample,9,1,509.441986
sample,9,2,403.481995
sample,9,3,226.120987
sample,9,4,174.721008
sample,10,4,174.481003
sample,10,3,226.000992
sample,10,2,414.721985
sample,10,1,524.562012
sample,10,0,537.123047
sample,11,0,537.921997
sample,11,1,525.963013
sample,11,2,416.721985
sample,11,3,230.001007
sample,11,4,176.561005
sample,12,4,176.561005
sample,12,3,229.800995
sample,12,2,409.722015
sample,12,1,514.841980
sample,12,0,526.482971
sample,13,0,527.001953
sample,13,1,515.923035
sample,13,2,408.480988
sample,13,3,227.281006
sample,13,4,175.080002
sample,14,4,174.960999
sample,14,3,227.320999
sample,14,2,406.483002
sample,14,1,511.923004
sample,14,0,525.483032
median,exact_shfl,509.562012,min=487.802002,max=537.921997
median,exact_permlane,502.641968,min=471.401978,max=525.963013
median,approx_rcp,399.480988,min=377.481018,max=416.721985
median,matrix,223.280991,min=213.360992,max=230.001007
median,softmax,170.320999,min=162.121002,max=176.561005
compare,exact_permlane,components=9175040,bitdiff=0,nonfinite=0,maxabs=0,maxrel=0
compare,approx_rcp,components=9175040,bitdiff=524288,nonfinite=0,maxabs=0.000419616699,maxrel=5.73474353e-06
