device=gfx1201 CUs=32 blocks=64 threads=256 KT16iters=128 LDS=40960
sample,0,4,58.368999
sample,0,3,66.450996
sample,0,2,115.739998
sample,0,1,148.945999
sample,0,0,152.825989
sample,1,0,152.466995
sample,1,1,148.904999
sample,1,2,115.699997
sample,1,3,66.451996
sample,1,4,58.370003
sample,2,4,58.570000
sample,2,3,66.450996
sample,2,2,115.739998
sample,2,1,148.785995
sample,2,0,152.666000
sample,3,0,152.585999
sample,3,1,148.744995
sample,3,2,115.218994
sample,3,3,66.291000
sample,3,4,58.130001
sample,4,4,58.329998
sample,4,3,66.012001
sample,4,2,115.019997
sample,4,1,147.945007
sample,4,0,151.705002
sample,5,0,151.626007
sample,5,1,147.104996
sample,5,2,114.378998
sample,5,3,65.770996
sample,5,4,57.849998
sample,6,4,58.010002
sample,6,3,65.691002
sample,6,2,114.298996
sample,6,1,147.065002
sample,6,0,150.464996
sample,7,0,149.826004
sample,7,1,146.345001
sample,7,2,113.859001
sample,7,3,65.291000
sample,7,4,57.770000
sample,8,4,57.688999
sample,8,3,65.291000
sample,8,2,113.539001
sample,8,1,145.264999
sample,8,0,149.385010
sample,9,0,148.945007
sample,9,1,145.425003
sample,9,2,113.260002
sample,9,3,65.011002
sample,9,4,57.289997
sample,10,4,57.448997
sample,10,3,64.810997
sample,10,2,112.499001
sample,10,1,144.904999
sample,10,0,148.505005
sample,11,0,148.304993
sample,11,1,144.665009
sample,11,2,112.500000
sample,11,3,64.250999
sample,11,4,56.650002
sample,12,4,56.848999
sample,12,3,64.211006
sample,12,2,111.299004
sample,12,1,143.304001
sample,12,0,147.145004
sample,13,0,147.065002
sample,13,1,142.481003
sample,13,2,109.360001
sample,13,3,63.000000
sample,13,4,55.920998
sample,14,4,55.840000
sample,14,3,62.801003
sample,14,2,109.280998
sample,14,1,140.480988
sample,14,0,144.160995
median,exact_shfl,149.826004,min=144.160995,max=152.825989
median,exact_permlane,146.345001,min=140.480988,max=148.945999
median,approx_rcp,113.859001,min=109.280998,max=115.739998
median,matrix,65.291000,min=62.801003,max=66.451996
median,softmax,57.770000,min=55.840000,max=58.570000
compare,exact_permlane,components=2293760,bitdiff=0,nonfinite=0,maxabs=0,maxrel=0
compare,approx_rcp,components=2293760,bitdiff=131072,nonfinite=0,maxabs=0.000419616699,maxrel=5.73474353e-06
