device=gfx1201 CUs=32 blocks=64 threads=256 KT16iters=128 LDS=32768
sample,0,4,58.320000
sample,0,3,66.441002
sample,0,2,115.760994
sample,0,1,148.720993
sample,0,0,152.522003
sample,1,0,152.602005
sample,1,1,148.921997
sample,1,2,115.760994
sample,1,3,66.639999
sample,1,4,58.521000
sample,2,4,58.361000
sample,2,3,66.520996
sample,2,2,115.760994
sample,2,1,148.882004
sample,2,0,152.522003
sample,3,0,152.761993
sample,3,1,148.722000
sample,3,2,115.240997
sample,3,3,66.481003
sample,3,4,58.120998
sample,4,4,58.440998
sample,4,3,66.041000
sample,4,2,115.080994
sample,4,1,147.882004
sample,4,0,151.562012
sample,5,0,151.761993
sample,5,1,147.001999
sample,5,2,114.441002
sample,5,3,65.961006
sample,5,4,57.881001
sample,6,4,57.841000
sample,6,3,65.840996
sample,6,2,114.481003
sample,6,1,147.162003
sample,6,0,150.442001
sample,7,0,149.841995
sample,7,1,146.281006
sample,7,2,113.761002
sample,7,3,65.320999
sample,7,4,57.521000
sample,8,4,57.719997
sample,8,3,65.320000
sample,8,2,113.681999
sample,8,1,145.602005
sample,8,0,149.520996
sample,9,0,149.121002
sample,9,1,145.482010
sample,9,2,113.201996
sample,9,3,65.119995
sample,9,4,57.519997
sample,10,4,57.401001
sample,10,3,64.680000
sample,10,2,112.640999
sample,10,1,144.841995
sample,10,0,148.401001
sample,11,0,148.201004
sample,11,1,144.641998
sample,11,2,112.521004
sample,11,3,64.439995
sample,11,4,56.561001
sample,12,4,56.960999
sample,12,3,64.121002
sample,12,2,111.401001
sample,12,1,143.162003
sample,12,0,147.001999
sample,13,0,146.761002
sample,13,1,142.642014
sample,13,2,109.600998
sample,13,3,63.160004
sample,13,4,56.000999
sample,14,4,55.961002
sample,14,3,62.960999
sample,14,2,109.521004
sample,14,1,140.921997
sample,14,0,144.600998
median,exact_shfl,149.841995,min=144.600998,max=152.761993
median,exact_permlane,146.281006,min=140.921997,max=148.921997
median,approx_rcp,113.761002,min=109.521004,max=115.760994
median,matrix,65.320999,min=62.960999,max=66.639999
median,softmax,57.719997,min=55.961002,max=58.521000
compare,exact_permlane,components=2293760,bitdiff=0,nonfinite=0,maxabs=0,maxrel=0
compare,approx_rcp,components=2293760,bitdiff=131072,nonfinite=0,maxabs=0.000419616699,maxrel=5.73474353e-06
