device=gfx1201 CUs=32 blocks=64 threads=128 KT16iters=128 LDS=32768
sample,0,4,38.880001
sample,0,3,38.439999
sample,0,2,65.961006
sample,0,1,89.280998
sample,0,0,92.081001
sample,1,0,91.681000
sample,1,1,88.241005
sample,1,2,65.081001
sample,1,3,38.600002
sample,1,4,38.920998
sample,2,4,39.000000
sample,2,3,38.601002
sample,2,2,65.000000
sample,2,1,88.081001
sample,2,0,91.721001
sample,3,0,91.840996
sample,3,1,88.041000
sample,3,2,64.960999
sample,3,3,38.399998
sample,3,4,38.840000
sample,4,4,38.880001
sample,4,3,38.360001
sample,4,2,65.081001
sample,4,1,88.241005
sample,4,0,91.521004
sample,5,0,91.761002
sample,5,1,88.119995
sample,5,2,65.119995
sample,5,3,38.521000
sample,5,4,38.920002
sample,6,4,38.761002
sample,6,3,38.480000
sample,6,2,65.081001
sample,6,1,88.201004
sample,6,0,91.361000
sample,7,0,91.280998
sample,7,1,87.920998
sample,7,2,64.880997
sample,7,3,38.399998
sample,7,4,38.681000
sample,8,4,38.679996
sample,8,3,38.440998
sample,8,2,64.760002
sample,8,1,87.681000
sample,8,0,91.241005
sample,9,0,91.241005
sample,9,1,87.761002
sample,9,2,64.640999
sample,9,3,38.160000
sample,9,4,38.559998
sample,10,4,38.439999
sample,10,3,38.279999
sample,10,2,64.320999
sample,10,1,87.440994
sample,10,0,90.880997
sample,11,0,90.801003
sample,11,1,87.160995
sample,11,2,64.400002
sample,11,3,38.000999
sample,11,4,38.320000
sample,12,4,38.521000
sample,12,3,38.040001
sample,12,2,63.960999
sample,12,1,87.081001
sample,12,0,90.361000
sample,13,0,90.480995
sample,13,1,86.721001
sample,13,2,64.040993
sample,13,3,38.160000
sample,13,4,38.561001
sample,14,4,38.559998
sample,14,3,37.921001
sample,14,2,63.799999
sample,14,1,86.240997
sample,14,0,89.960999
median,exact_shfl,91.280998,min=89.960999,max=92.081001
median,exact_permlane,87.920998,min=86.240997,max=89.280998
median,approx_rcp,64.880997,min=63.799999,max=65.961006
median,matrix,38.399998,min=37.921001,max=38.601002
median,softmax,38.681000,min=38.320000,max=39.000000
compare,exact_permlane,components=1146880,bitdiff=0,nonfinite=0,maxabs=0,maxrel=0
compare,approx_rcp,components=1146880,bitdiff=65536,nonfinite=0,maxabs=0.000419616699,maxrel=5.73474353e-06
