COMMAND ['/opt/rocm/core/bin/hipcc', '-O3', '--offload-arch=gfx1201', '-Rpass-analysis=kernel-resource-usage', '--save-temps', '/home/kaden/ClaudeCode/warpfront/wt-fapkt/scratch-2026-09-17/FaPacketPlan/floor.hip', '-o', '/home/kaden/ClaudeCode/warpfront/wt-fapkt/scratch-2026-09-17/FaPacketPlan/floor']
remark: floor.hip:21:0: Function Name: _Z12floor_kernelILi0EEvPKjPfi [-Rpass-analysis=kernel-resource-usage]
remark: floor.hip:21:0:     TotalSGPRs: 18 [-Rpass-analysis=kernel-resource-usage]
remark: floor.hip:21:0:     VGPRs: 187 [-Rpass-analysis=kernel-resource-usage]
remark: floor.hip:21:0:     ScratchSize [bytes/lane]: 0 [-Rpass-analysis=kernel-resource-usage]
remark: floor.hip:21:0:     Dynamic Stack: False [-Rpass-analysis=kernel-resource-usage]
remark: floor.hip:21:0:     Occupancy [waves/SIMD]: 8 [-Rpass-analysis=kernel-resource-usage]
remark: floor.hip:21:0:     SGPRs Spill: 0 [-Rpass-analysis=kernel-resource-usage]
remark: floor.hip:21:0:     VGPRs Spill: 0 [-Rpass-analysis=kernel-resource-usage]
remark: floor.hip:21:0:     LDS Size [bytes/block]: 0 [-Rpass-analysis=kernel-resource-usage]
remark: floor.hip:21:0: Function Name: _Z12floor_kernelILi1EEvPKjPfi [-Rpass-analysis=kernel-resource-usage]
remark: floor.hip:21:0:     TotalSGPRs: 18 [-Rpass-analysis=kernel-resource-usage]
remark: floor.hip:21:0:     VGPRs: 185 [-Rpass-analysis=kernel-resource-usage]
remark: floor.hip:21:0:     ScratchSize [bytes/lane]: 0 [-Rpass-analysis=kernel-resource-usage]
remark: floor.hip:21:0:     Dynamic Stack: False [-Rpass-analysis=kernel-resource-usage]
remark: floor.hip:21:0:     Occupancy [waves/SIMD]: 8 [-Rpass-analysis=kernel-resource-usage]
remark: floor.hip:21:0:     SGPRs Spill: 0 [-Rpass-analysis=kernel-resource-usage]
remark: floor.hip:21:0:     VGPRs Spill: 0 [-Rpass-analysis=kernel-resource-usage]
remark: floor.hip:21:0:     LDS Size [bytes/block]: 0 [-Rpass-analysis=kernel-resource-usage]
remark: floor.hip:21:0: Function Name: _Z12floor_kernelILi2EEvPKjPfi [-Rpass-analysis=kernel-resource-usage]
remark: floor.hip:21:0:     TotalSGPRs: 18 [-Rpass-analysis=kernel-resource-usage]
remark: floor.hip:21:0:     VGPRs: 185 [-Rpass-analysis=kernel-resource-usage]
remark: floor.hip:21:0:     ScratchSize [bytes/lane]: 0 [-Rpass-analysis=kernel-resource-usage]
remark: floor.hip:21:0:     Dynamic Stack: False [-Rpass-analysis=kernel-resource-usage]
remark: floor.hip:21:0:     Occupancy [waves/SIMD]: 8 [-Rpass-analysis=kernel-resource-usage]
remark: floor.hip:21:0:     SGPRs Spill: 0 [-Rpass-analysis=kernel-resource-usage]
remark: floor.hip:21:0:     VGPRs Spill: 0 [-Rpass-analysis=kernel-resource-usage]
remark: floor.hip:21:0:     LDS Size [bytes/block]: 0 [-Rpass-analysis=kernel-resource-usage]
remark: floor.hip:21:0: Function Name: _Z12floor_kernelILi3EEvPKjPfi [-Rpass-analysis=kernel-resource-usage]
remark: floor.hip:21:0:     TotalSGPRs: 18 [-Rpass-analysis=kernel-resource-usage]
remark: floor.hip:21:0:     VGPRs: 152 [-Rpass-analysis=kernel-resource-usage]
remark: floor.hip:21:0:     ScratchSize [bytes/lane]: 0 [-Rpass-analysis=kernel-resource-usage]
remark: floor.hip:21:0:     Dynamic Stack: False [-Rpass-analysis=kernel-resource-usage]
remark: floor.hip:21:0:     Occupancy [waves/SIMD]: 9 [-Rpass-analysis=kernel-resource-usage]
remark: floor.hip:21:0:     SGPRs Spill: 0 [-Rpass-analysis=kernel-resource-usage]
remark: floor.hip:21:0:     VGPRs Spill: 0 [-Rpass-analysis=kernel-resource-usage]
remark: floor.hip:21:0:     LDS Size [bytes/block]: 0 [-Rpass-analysis=kernel-resource-usage]
remark: floor.hip:21:0: Function Name: _Z12floor_kernelILi4EEvPKjPfi [-Rpass-analysis=kernel-resource-usage]
remark: floor.hip:21:0:     TotalSGPRs: 14 [-Rpass-analysis=kernel-resource-usage]
remark: floor.hip:21:0:     VGPRs: 174 [-Rpass-analysis=kernel-resource-usage]
remark: floor.hip:21:0:     ScratchSize [bytes/lane]: 0 [-Rpass-analysis=kernel-resource-usage]
remark: floor.hip:21:0:     Dynamic Stack: False [-Rpass-analysis=kernel-resource-usage]
remark: floor.hip:21:0:     Occupancy [waves/SIMD]: 8 [-Rpass-analysis=kernel-resource-usage]
remark: floor.hip:21:0:     SGPRs Spill: 0 [-Rpass-analysis=kernel-resource-usage]
remark: floor.hip:21:0:     VGPRs Spill: 0 [-Rpass-analysis=kernel-resource-usage]
remark: floor.hip:21:0:     LDS Size [bytes/block]: 0 [-Rpass-analysis=kernel-resource-usage]
