device=gfx1201 CUs=32 blocks=256 threads=128 KT16iters=128 LDS=32768
sample,0,4,99.040001
sample,0,3,120.600998
sample,0,2,213.643005
sample,0,1,274.363983
sample,0,0,281.845001
sample,1,0,281.324005
sample,1,1,272.884003
sample,1,2,212.042999
sample,1,3,119.241997
sample,1,4,97.920998
sample,2,4,97.760994
sample,2,3,118.522003
sample,2,2,210.563004
sample,2,1,270.924011
sample,2,0,278.403992
sample,3,0,277.604004
sample,3,1,269.764008
sample,3,2,209.602997
sample,3,3,117.722000
sample,3,4,96.922005
sample,4,4,97.200996
sample,4,3,117.880997
sample,4,2,208.483002
sample,4,1,268.243988
sample,4,0,275.484009
sample,5,0,273.164001
sample,5,1,265.484009
sample,5,2,206.203003
sample,5,3,116.201996
sample,5,4,95.721001
sample,6,4,94.281006
sample,6,3,114.001999
sample,6,2,202.602997
sample,6,1,260.964020
sample,6,0,267.204987
sample,7,0,262.084015
sample,7,1,254.963989
sample,7,2,198.322998
sample,7,3,111.722000
sample,7,4,92.120995
sample,8,4,91.241005
sample,8,3,111.162003
sample,8,2,195.843002
sample,8,1,251.924011
sample,8,0,259.003998
sample,9,0,257.524017
sample,9,1,250.963989
sample,9,2,195.803009
sample,9,3,111.601997
sample,9,4,91.960999
sample,10,4,92.441002
sample,10,3,111.922005
sample,10,2,198.804001
sample,10,1,255.843994
sample,10,0,263.523987
sample,11,0,265.484985
sample,11,1,258.444000
sample,11,2,200.922989
sample,11,3,113.241997
sample,11,4,93.521996
sample,12,4,93.921997
sample,12,3,113.842003
sample,12,2,202.084000
sample,12,1,259.963989
sample,12,0,266.764984
sample,13,0,266.164978
sample,13,1,259.044006
sample,13,2,201.444000
sample,13,3,113.881996
sample,13,4,93.882004
sample,14,4,93.960999
sample,14,3,113.522003
sample,14,2,201.403000
sample,14,1,259.243011
sample,14,0,267.803009
median,exact_shfl,267.204987,min=257.524017,max=281.845001
median,exact_permlane,259.963989,min=250.963989,max=274.363983
median,approx_rcp,202.084000,min=195.803009,max=213.643005
median,matrix,113.881996,min=111.162003,max=120.600998
median,softmax,93.960999,min=91.241005,max=99.040001
compare,exact_permlane,components=4587520,bitdiff=0,nonfinite=0,maxabs=0,maxrel=0
compare,approx_rcp,components=4587520,bitdiff=262144,nonfinite=0,maxabs=0.000419616699,maxrel=5.73474353e-06
