device=gfx1201 CUs=32 blocks=256 threads=256 KT16iters=128 LDS=32768
sample,0,4,168.320999
sample,0,3,219.962997
sample,0,2,394.964996
sample,0,1,495.247009
sample,0,0,571.168030
sample,1,0,495.925995
sample,1,1,484.005981
sample,1,2,380.964996
sample,1,3,211.122009
sample,1,4,160.522003
sample,2,4,160.362000
sample,2,3,212.042999
sample,2,2,374.884979
sample,2,1,469.045990
sample,2,0,482.006012
sample,3,0,482.246002
sample,3,1,477.286987
sample,3,2,379.565002
sample,3,3,214.960999
sample,3,4,163.641006
sample,4,4,163.561005
sample,4,3,213.761993
sample,4,2,385.002991
sample,4,1,491.843994
sample,4,0,501.162994
sample,5,0,504.042969
sample,5,1,496.604004
sample,5,2,396.042999
sample,5,3,220.602005
sample,5,4,169.041000
sample,6,4,170.041992
sample,6,3,221.240997
sample,6,2,398.003021
sample,6,1,500.683014
sample,6,0,508.523987
sample,7,0,510.963989
sample,7,1,502.683990
sample,7,2,398.722992
sample,7,3,221.681992
sample,7,4,170.840988
sample,8,4,170.921005
sample,8,3,225.841003
sample,8,2,406.282990
sample,8,1,515.163025
sample,8,0,534.843018
sample,9,0,537.883972
sample,9,1,534.524048
sample,9,2,425.363007
sample,9,3,236.721985
sample,9,4,180.681000
sample,10,4,180.481003
sample,10,3,238.200989
sample,10,2,428.683014
sample,10,1,537.924011
sample,10,0,538.083984
sample,11,0,534.804016
sample,11,1,521.242981
sample,11,2,412.961975
sample,11,3,229.280991
sample,11,4,175.360992
sample,12,4,175.601013
sample,12,3,228.880997
sample,12,2,410.122009
sample,12,1,516.203979
sample,12,0,522.123962
sample,13,0,522.363037
sample,13,1,512.442993
sample,13,2,407.442993
sample,13,3,227.082001
sample,13,4,175.800995
sample,14,4,175.960999
sample,14,3,227.001999
sample,14,2,410.562988
sample,14,1,519.443970
sample,14,0,530.083984
median,exact_shfl,522.123962,min=482.006012,max=571.168030
median,exact_permlane,502.683990,min=469.045990,max=537.924011
median,approx_rcp,398.722992,min=374.884979,max=428.683014
median,matrix,221.681992,min=211.122009,max=238.200989
median,softmax,170.840988,min=160.362000,max=180.681000
compare,exact_permlane,components=9175040,bitdiff=0,nonfinite=0,maxabs=0,maxrel=0
compare,approx_rcp,components=9175040,bitdiff=524288,nonfinite=0,maxabs=0.000419616699,maxrel=5.73474353e-06
