device=gfx1201 CUs=32 blocks=64 threads=256 iters=256 chains=4 LDS=65536
sample,0,5,606.683960
sample,0,4,323.843018
sample,0,3,595.565002
sample,0,2,574.804993
sample,0,1,170.041992
sample,0,0,355.002991
sample,1,0,353.762970
sample,1,1,168.001999
sample,1,2,578.684998
sample,1,3,606.204956
sample,1,4,321.442993
sample,1,5,603.645020
sample,2,5,606.525024
sample,2,4,334.363007
sample,2,3,629.726013
sample,2,2,612.164978
sample,2,1,183.042007
sample,2,0,380.963013
sample,3,0,380.163025
sample,3,1,182.281006
sample,3,2,619.085022
sample,3,3,643.481995
sample,3,4,340.080994
sample,3,5,625.643005
sample,4,5,626.082031
sample,4,4,340.201996
sample,4,3,640.963013
sample,4,2,614.002014
sample,4,1,183.201004
sample,4,0,378.161987
sample,5,0,377.281006
sample,5,1,178.519989
sample,5,2,618.242981
sample,5,3,642.002991
sample,5,4,340.481018
sample,5,5,630.242981
sample,6,5,634.123047
sample,6,4,343.760986
sample,6,3,647.642944
sample,6,2,620.643005
sample,6,1,184.440002
sample,6,0,381.442017
sample,7,0,378.522003
sample,7,1,180.240997
sample,7,2,616.041992
sample,7,3,639.203003
sample,7,4,339.881012
sample,7,5,628.242004
sample,8,5,627.641052
sample,8,4,339.200989
sample,8,3,647.762024
sample,8,2,625.680969
sample,8,1,184.681000
sample,8,0,387.721008
sample,9,0,387.481018
sample,9,1,184.840988
sample,9,2,632.322021
sample,9,3,656.602051
sample,9,4,347.960999
sample,9,5,641.122009
sample,10,5,635.082031
sample,10,4,342.000977
sample,10,3,642.721985
sample,10,2,616.161987
sample,10,1,180.680008
sample,10,0,378.562012
sample,11,0,378.960999
sample,11,1,180.919998
sample,11,2,615.522034
sample,11,3,640.641968
sample,11,4,341.520996
sample,11,5,629.721985
sample,12,5,627.921997
sample,12,4,338.921021
sample,12,3,638.921997
sample,12,2,616.682007
sample,12,1,183.041000
sample,12,0,378.920990
sample,13,0,377.281006
sample,13,1,181.241013
sample,13,2,615.441040
sample,13,3,641.560974
sample,13,4,341.800995
sample,13,5,630.641968
sample,14,5,628.162048
sample,14,4,338.520996
sample,14,3,638.841980
sample,14,2,614.682007
sample,14,1,180.921005
sample,14,0,377.600983
median,W,378.562012,min=353.762970,max=387.721008
median,V,181.241013,min=168.001999,max=184.840988
median,SERIAL,616.041992,min=574.804993,max=632.322021
median,PING,640.963013,min=595.565002,max=656.602051
median,MIX_HALF,340.080994,min=321.442993,max=347.960999
median,WV,628.162048,min=603.645020,max=641.122009
ratios ping_serial=1.040453 ping_wv=1.020378 mix_serial_est=1.215002 hidden_fraction=-0.664082
hwid block=0 w0=20040000 w1=20040200 w2=20040100 w3=20040300 w4=20040001 w5=20040201 w6=20040101 w7=20040301
hwid block=1 w0=20090000 w1=20090200 w2=20090100 w3=20090300 w4=20090001 w5=20090201 w6=20090101 w7=20090301
hwid block=2 w0=200d0000 w1=200d0200 w2=200d0100 w3=200d0300 w4=200d0001 w5=200d0201 w6=200d0101 w7=200d0301
hwid block=3 w0=20010800 w1=20010a00 w2=20010900 w3=20010b00 w4=20010801 w5=20010a01 w6=20010901 w7=20010b01
hwid block=4 w0=20040400 w1=20040600 w2=20040500 w3=20040700 w4=20040401 w5=20040601 w6=20040501 w7=20040701
hwid block=5 w0=20090400 w1=20090600 w2=20090500 w3=20090700 w4=20090401 w5=20090601 w6=20090501 w7=20090701
hwid block=6 w0=200d0400 w1=200d0600 w2=200d0500 w3=200d0700 w4=200d0401 w5=200d0601 w6=200d0501 w7=200d0701
hwid block=7 w0=20010c00 w1=20010e00 w2=20010d00 w3=20010f00 w4=20010c01 w5=20010e01 w6=20010d01 w7=20010f01
exact_serial_ping_wv mismatches=0 checksum=8299.90137
