device=gfx1201 CUs=32 blocks=256 threads=256 iters=256 chains=4 LDS=65536
sample,0,5,2427.651855
sample,0,4,1302.327026
sample,0,3,2555.134033
sample,0,2,2420.252197
sample,0,1,658.403992
sample,0,0,1514.927979
sample,1,0,1522.848022
sample,1,1,657.843994
sample,1,2,2400.012939
sample,1,3,2495.973145
sample,1,4,1289.085083
sample,1,5,2412.929932
sample,2,5,2415.291016
sample,2,4,1279.804932
sample,2,3,2481.450195
sample,2,2,2389.331055
sample,2,1,658.283020
sample,2,0,1510.486938
sample,3,0,1498.765991
sample,3,1,645.122986
sample,3,2,2357.090088
sample,3,3,2463.370117
sample,3,4,1274.166016
sample,3,5,2390.968994
sample,4,5,2368.208984
sample,4,4,1259.685059
sample,4,3,2452.969971
sample,4,2,2344.408936
sample,4,1,637.481995
sample,4,0,1468.325928
sample,5,0,1462.526001
sample,5,1,634.243042
sample,5,2,2334.009033
sample,5,3,2459.250000
sample,5,4,1243.484985
sample,5,5,2318.729004
sample,6,5,2312.088867
sample,6,4,1249.685059
sample,6,3,2441.169922
sample,6,2,2313.929199
sample,6,1,630.721985
sample,6,0,1473.444946
sample,7,0,1459.606079
sample,7,1,627.401978
sample,7,2,2273.687988
sample,7,3,2365.330078
sample,7,4,1227.203979
sample,7,5,2315.408936
sample,8,5,2296.168945
sample,8,4,1232.805054
sample,8,3,2366.448975
sample,8,2,2260.889160
sample,8,1,616.962952
sample,8,0,1426.084961
sample,9,0,1437.605957
sample,9,1,625.041992
sample,9,2,2301.968994
sample,9,3,2363.128906
sample,9,4,1203.244019
sample,9,5,2266.928955
sample,10,5,2258.569092
sample,10,4,1208.125000
sample,10,3,2330.729004
sample,10,2,2246.208008
sample,10,1,616.962036
sample,10,0,1420.285889
sample,11,0,1413.444946
sample,11,1,609.203003
sample,11,2,2227.688965
sample,11,3,2329.569092
sample,11,4,1195.125000
sample,11,5,2235.328857
sample,12,5,2240.529053
sample,12,4,1208.443970
sample,12,3,2330.489014
sample,12,2,2213.249023
sample,12,1,603.002014
sample,12,0,1399.566040
sample,13,0,1407.325073
sample,13,1,611.322998
sample,13,2,2217.648926
sample,13,3,2310.968994
sample,13,4,1186.724976
sample,13,5,2215.008057
sample,14,5,2218.208008
sample,14,4,1187.405029
sample,14,3,2290.369141
sample,14,2,2185.729004
sample,14,1,599.402039
sample,14,0,1397.366089
median,W,1459.606079,min=1397.366089,max=1522.848022
median,V,627.401978,min=599.402039,max=658.403992
median,SERIAL,2301.968994,min=2185.729004,max=2420.252197
median,PING,2366.448975,min=2290.369141,max=2555.134033
median,MIX_HALF,1232.805054,min=1186.724976,max=1302.327026
median,WV,2312.088867,min=2215.008057,max=2427.651855
ratios ping_serial=1.028011 ping_wv=1.023511 mix_serial_est=1.181409 hidden_fraction=-0.603444
hwid block=0 w0=200d0800 w1=200d0a00 w2=200d0900 w3=200d0b00 w4=200d0801 w5=200d0a01 w6=200d0901 w7=200d0b01
hwid block=1 w0=20010000 w1=20010200 w2=20010100 w3=20010300 w4=20010001 w5=20010201 w6=20010101 w7=20010301
hwid block=2 w0=20040c00 w1=20040e00 w2=20040d00 w3=20040f00 w4=20040c01 w5=20040e01 w6=20040d01 w7=20040f01
hwid block=3 w0=20090000 w1=20090200 w2=20090100 w3=20090300 w4=20090001 w5=20090201 w6=20090101 w7=20090301
hwid block=4 w0=200d0c00 w1=200d0e00 w2=200d0d00 w3=200d0f00 w4=200d0c01 w5=200d0e01 w6=200d0d01 w7=200d0f01
hwid block=5 w0=20010400 w1=20010600 w2=20010500 w3=20010700 w4=20010401 w5=20010601 w6=20010501 w7=20010701
hwid block=6 w0=20050000 w1=20050200 w2=20050100 w3=20050300 w4=20050001 w5=20050201 w6=20050101 w7=20050301
hwid block=7 w0=20090400 w1=20090600 w2=20090500 w3=20090700 w4=20090401 w5=20090601 w6=20090501 w7=20090701
exact_serial_ping_wv mismatches=0 checksum=8299.90137
