device=gfx1201 CUs=32 blocks=1 threads=256 iters=256 chains=1 LDS=65536
sample,0,5,231.081985
sample,0,4,145.120987
sample,0,3,280.003021
sample,0,2,235.121994
sample,0,1,124.160995
sample,0,0,94.681000
sample,1,0,94.640999
sample,1,1,124.041000
sample,1,2,235.442993
sample,1,3,279.962006
sample,1,4,145.122009
sample,1,5,230.601990
sample,2,5,230.522003
sample,2,4,145.201004
sample,2,3,279.962006
sample,2,2,235.121994
sample,2,1,124.361000
sample,2,0,94.520004
sample,3,0,94.439995
sample,3,1,124.280998
sample,3,2,235.722000
sample,3,3,280.001984
sample,3,4,145.401001
sample,3,5,230.921997
sample,4,5,229.802002
sample,4,4,144.042007
sample,4,3,277.962006
sample,4,2,233.321991
sample,4,1,123.640999
sample,4,0,93.041000
sample,5,0,93.000999
sample,5,1,121.800995
sample,5,2,230.442001
sample,5,3,273.963013
sample,5,4,139.920990
sample,5,5,221.162003
sample,6,5,221.121994
sample,6,4,139.201996
sample,6,3,268.561981
sample,6,2,221.041992
sample,6,1,116.600998
sample,6,0,89.080994
sample,7,0,89.000999
sample,7,1,116.401001
sample,7,2,220.201996
sample,7,3,255.602005
sample,7,4,132.281006
sample,7,5,210.562012
sample,8,5,210.481995
sample,8,4,132.401001
sample,8,3,247.962006
sample,8,2,208.442001
sample,8,1,110.481003
sample,8,0,84.320999
sample,9,0,84.560997
sample,9,1,110.641006
sample,9,2,206.561996
sample,9,3,240.562012
sample,9,4,124.681000
sample,9,5,198.402008
sample,10,5,198.402008
sample,10,4,123.240997
sample,10,3,237.362000
sample,10,2,199.641006
sample,10,1,105.839996
sample,10,0,80.760002
sample,11,0,80.640999
sample,11,1,105.761002
sample,11,2,199.681992
sample,11,3,237.322006
sample,11,4,123.281998
sample,11,5,195.801010
sample,12,5,195.761002
sample,12,4,123.281998
sample,12,3,237.281998
sample,12,2,199.762009
sample,12,1,105.761002
sample,12,0,80.681000
sample,13,0,80.599998
sample,13,1,105.961006
sample,13,2,200.121002
sample,13,3,238.121994
sample,13,4,123.761002
sample,13,5,196.082001
sample,14,5,197.042007
sample,14,4,124.121002
sample,14,3,239.041992
sample,14,2,200.722000
sample,14,1,106.560997
sample,14,0,81.441002
median,W,89.000999,min=80.599998,max=94.681000
median,V,116.401001,min=105.761002,max=124.361000
median,SERIAL,220.201996,min=199.641006,max=235.722000
median,PING,255.602005,min=237.281998,max=280.003021
median,MIX_HALF,132.401001,min=123.240997,max=145.401001
median,WV,210.562012,min=195.761002,max=231.081985
ratios ping_serial=1.160762 ping_wv=1.213904 mix_serial_est=1.289189 hidden_fraction=-0.667408
hwid block=0 w0=200d0400 w1=200d0600 w2=200d0500 w3=200d0700 w4=200d0401 w5=200d0601 w6=200d0501 w7=200d0701
exact_serial_ping_wv mismatches=0 checksum=2155.89868
