device=gfx1201 CUs=32 blocks=64 threads=256 iters=256 chains=1 LDS=65536
sample,0,5,344.683990
sample,0,4,197.442993
sample,0,3,375.365997
sample,0,2,341.805023
sample,0,1,184.922989
sample,0,0,105.281998
sample,1,0,105.001999
sample,1,1,184.042999
sample,1,2,340.084991
sample,1,3,372.765015
sample,1,4,195.082001
sample,1,5,339.125000
sample,2,5,338.364990
sample,2,4,193.003006
sample,2,3,367.804993
sample,2,2,334.803986
sample,2,1,178.961990
sample,2,0,101.720993
sample,3,0,101.481995
sample,3,1,178.563004
sample,3,2,328.605011
sample,3,3,355.285004
sample,3,4,186.322998
sample,3,5,324.005005
sample,4,5,316.085022
sample,4,4,181.722000
sample,4,3,346.445007
sample,4,2,309.441010
sample,4,1,166.559998
sample,4,0,94.640999
sample,5,0,94.559998
sample,5,1,166.281006
sample,5,2,303.802002
sample,5,3,328.720978
sample,5,4,172.640991
sample,5,5,299.402008
sample,6,5,302.121002
sample,6,4,174.281006
sample,6,3,331.880981
sample,6,2,304.040985
sample,6,1,165.921005
sample,6,0,94.080002
sample,7,0,93.880997
sample,7,1,165.720993
sample,7,2,308.561005
sample,7,3,344.321991
sample,7,4,180.720993
sample,7,5,313.561005
sample,8,5,318.001984
sample,8,4,182.960999
sample,8,3,348.641022
sample,8,2,322.441986
sample,8,1,175.360992
sample,8,0,99.880005
sample,9,0,99.800995
sample,9,1,175.240997
sample,9,2,326.800995
sample,9,3,359.641998
sample,9,4,188.801010
sample,9,5,328.282013
sample,10,5,326.681000
sample,10,4,187.880997
sample,10,3,357.762024
sample,10,2,324.281006
sample,10,1,175.599991
sample,10,0,99.959999
sample,11,0,99.720001
sample,11,1,175.360992
sample,11,2,322.041992
sample,11,3,353.760986
sample,11,4,185.641006
sample,11,5,321.841003
sample,12,5,321.962006
sample,12,4,185.479996
sample,12,3,354.522003
sample,12,2,325.281006
sample,12,1,175.880997
sample,12,0,99.799995
sample,13,0,99.681000
sample,13,1,175.320999
sample,13,2,323.720978
sample,13,3,355.760986
sample,13,4,186.720001
sample,13,5,324.562012
sample,14,5,324.841003
sample,14,4,186.960999
sample,14,3,357.240997
sample,14,2,325.082001
sample,14,1,175.880005
sample,14,0,100.041000
median,W,99.800995,min=93.880997,max=105.281998
median,V,175.360992,min=165.720993,max=184.922989
median,SERIAL,324.281006,min=303.802002,max=341.805023
median,PING,355.285004,min=328.720978,max=375.365997
median,MIX_HALF,186.322998,min=172.640991,max=197.442993
median,WV,324.005005,min=299.402008,max=344.683990
ratios ping_serial=1.095608 ping_wv=1.096542 mix_serial_est=1.354279 hidden_fraction=-0.976784
hwid block=0 w0=20050c00 w1=20050e00 w2=20050d00 w3=20050f00 w4=20050c01 w5=20050e01 w6=20050d01 w7=20050f01
hwid block=1 w0=20090800 w1=20090a00 w2=20090900 w3=20090b00 w4=20090801 w5=20090a01 w6=20090901 w7=20090b01
hwid block=2 w0=200d0800 w1=200d0a00 w2=200d0900 w3=200d0b00 w4=200d0801 w5=200d0a01 w6=200d0901 w7=200d0b01
hwid block=3 w0=20010800 w1=20010a00 w2=20010900 w3=20010b00 w4=20010801 w5=20010a01 w6=20010901 w7=20010b01
hwid block=4 w0=20040000 w1=20040200 w2=20040100 w3=20040300 w4=20040001 w5=20040201 w6=20040101 w7=20040301
hwid block=5 w0=20090c00 w1=20090e00 w2=20090d00 w3=20090f00 w4=20090c01 w5=20090e01 w6=20090d01 w7=20090f01
hwid block=6 w0=200d0c00 w1=200d0e00 w2=200d0d00 w3=200d0f00 w4=200d0c01 w5=200d0e01 w6=200d0d01 w7=200d0f01
hwid block=7 w0=20010c00 w1=20010e00 w2=20010d00 w3=20010f00 w4=20010c01 w5=20010e01 w6=20010d01 w7=20010f01
exact_serial_ping_wv mismatches=0 checksum=2155.89868
