device=gfx1201 CUs=32 blocks=256 threads=256 iters=256 chains=1 LDS=65536
sample,0,5,1266.407959
sample,0,4,733.445984
sample,0,3,1425.169922
sample,0,2,1278.808960
sample,0,1,652.403992
sample,0,0,385.082977
sample,1,0,385.082977
sample,1,1,653.325012
sample,1,2,1291.409058
sample,1,3,1442.970093
sample,1,4,738.205017
sample,1,5,1268.048950
sample,2,5,1282.649048
sample,2,4,752.241943
sample,2,3,1461.724976
sample,2,2,1294.324951
sample,2,1,656.042969
sample,2,0,387.242004
sample,3,0,386.440979
sample,3,1,655.282959
sample,3,2,1288.925049
sample,3,3,1441.324951
sample,3,4,743.641968
sample,3,5,1285.244995
sample,4,5,1300.204956
sample,4,4,750.123047
sample,4,3,1449.364990
sample,4,2,1288.125000
sample,4,1,652.643005
sample,4,0,385.441986
sample,5,0,384.080994
sample,5,1,650.562988
sample,5,2,1288.484009
sample,5,3,1445.804932
sample,5,4,744.602966
sample,5,5,1282.884033
sample,6,5,1280.565063
sample,6,4,737.562988
sample,6,3,1432.844971
sample,6,2,1281.005005
sample,6,1,649.842041
sample,6,0,387.322021
sample,7,0,386.841003
sample,7,1,657.082947
sample,7,2,1301.004028
sample,7,3,1436.326050
sample,7,4,731.362000
sample,7,5,1245.844971
sample,8,5,1247.403931
sample,8,4,726.481995
sample,8,3,1415.204956
sample,8,2,1273.525024
sample,8,1,652.041992
sample,8,0,384.121002
sample,9,0,383.881012
sample,9,1,649.721985
sample,9,2,1278.244995
sample,9,3,1422.206055
sample,9,4,726.281982
sample,9,5,1246.645020
sample,10,5,1239.405029
sample,10,4,719.562988
sample,10,3,1391.924927
sample,10,2,1246.085083
sample,10,1,633.602051
sample,10,0,373.842010
sample,11,0,380.001007
sample,11,1,644.322998
sample,11,2,1279.604980
sample,11,3,1413.844971
sample,11,4,721.682007
sample,11,5,1235.285034
sample,12,5,1240.725098
sample,12,4,718.123047
sample,12,3,1390.645020
sample,12,2,1239.724976
sample,12,1,627.322021
sample,12,0,371.681000
sample,13,0,371.281006
sample,13,1,633.721985
sample,13,2,1255.964966
sample,13,3,1407.045044
sample,13,4,720.362000
sample,13,5,1225.963989
sample,14,5,1221.364990
sample,14,4,709.522034
sample,14,3,1372.805908
sample,14,2,1231.683960
sample,14,1,625.763000
sample,14,0,369.281006
median,W,384.121002,min=369.281006,max=387.322021
median,V,650.562988,min=625.763000,max=657.082947
median,SERIAL,1279.604980,min=1231.683960,max=1301.004028
median,PING,1425.169922,min=1372.805908,max=1461.724976
median,MIX_HALF,731.362000,min=709.522034,max=752.241943
median,WV,1247.403931,min=1221.364990,max=1300.204956
ratios ping_serial=1.113758 ping_wv=1.142509 mix_serial_est=1.413692 hidden_fraction=-1.114336
hwid block=0 w0=20000000 w1=20000200 w2=20000100 w3=20000300 w4=20000001 w5=20000201 w6=20000101 w7=20000301
hwid block=1 w0=20050400 w1=20050600 w2=20050500 w3=20050700 w4=20050401 w5=20050601 w6=20050501 w7=20050701
hwid block=2 w0=20090800 w1=20090a00 w2=20090900 w3=20090b00 w4=20090801 w5=20090a01 w6=20090901 w7=20090b01
hwid block=3 w0=200d0c00 w1=200d0e00 w2=200d0d00 w3=200d0f00 w4=200d0c01 w5=200d0e01 w6=200d0d01 w7=200d0f01
hwid block=4 w0=20000400 w1=20000600 w2=20000500 w3=20000700 w4=20000401 w5=20000601 w6=20000501 w7=20000701
hwid block=5 w0=20050800 w1=20050a00 w2=20050900 w3=20050b00 w4=20050801 w5=20050a01 w6=20050901 w7=20050b01
hwid block=6 w0=20090c00 w1=20090e00 w2=20090d00 w3=20090f00 w4=20090c01 w5=20090e01 w6=20090d01 w7=20090f01
hwid block=7 w0=200c0000 w1=200c0200 w2=200c0100 w3=200c0300 w4=200c0001 w5=200c0201 w6=200c0101 w7=200c0301
exact_serial_ping_wv mismatches=0 checksum=2155.89868
