GPU dev 0: gfx1201 (34.2 GB VRAM, HIP 7.15)
  pre-compiled kernels: /home/kaden/.hipfire-homes/ab1/.hipfire_kernels/gfx1201
tmp_iu4_gfx12_oracle on gfx1201
JIT OK: gemm_mq4g256v2_residual_mmq_iu4_full_set
JIT OK: gemm_mq4g256v2_residual_mmq_iu4_full_add
CACHE_PATH /home/kaden/.hipfire-homes/ab1/.hipfire_kernels/gfx1201
  cached: tmp_iu4_gfx12_oracle.4a97ff0309725084.radiowave.json
  cached: tmp_iu4_gfx12_oracle.6b0ed2b72335273b.hip
  cached: tmp_iu4_gfx12_oracle.c255224de33ad780.radiowave.json
  cached: tmp_iu4_gfx12_oracle.c1777e9d9fdd8962.hsaco
  cached: tmp_iu4_gfx12_oracle.569a3622cf403fb2.hsaco
  cached: tmp_iu4_gfx12_oracle.c1777e9d9fdd8962.radiowave.json
  cached: tmp_iu4_gfx12_oracle.569a3622cf403fb2.hip
  cached: tmp_iu4_gfx12_oracle.c255224de33ad780.hash
  cached: tmp_iu4_gfx12_oracle.e3d768429babc59b.hash
  cached: tmp_iu4_gfx12_oracle.c255224de33ad780.hsaco
  cached: tmp_iu4_gfx12_oracle.f1fb47b71a687f71.hip
  cached: tmp_iu4_gfx12_oracle.6b0ed2b72335273b.hsaco
  cached: tmp_iu4_gfx12_oracle.e3d768429babc59b.radiowave.json
  cached: tmp_iu4_gfx12_oracle.c255224de33ad780.hip
  cached: tmp_iu4_gfx12_oracle.4a97ff0309725084.hsaco
  cached: tmp_iu4_gfx12_oracle.569a3622cf403fb2.radiowave.json
  cached: tmp_iu4_gfx12_oracle.c1777e9d9fdd8962.hip
  cached: tmp_iu4_gfx12_oracle.569a3622cf403fb2.hash
  cached: tmp_iu4_gfx12_oracle.e3d768429babc59b.hip
  cached: tmp_iu4_gfx12_oracle.e3d768429babc59b.hsaco
  cached: tmp_iu4_gfx12_oracle.6b0ed2b72335273b.hash
  cached: tmp_iu4_gfx12_oracle.6b0ed2b72335273b.radiowave.json
  cached: tmp_iu4_gfx12_oracle.4a97ff0309725084.hash
  cached: tmp_iu4_gfx12_oracle.c1777e9d9fdd8962.hash
  cached: tmp_iu4_gfx12_oracle.4a97ff0309725084.hip
loaded gate_proj 17408x5120  down_proj 5120x17408
gate/set: cpu_bitwise=OK (mism=0) repeat_identical=OK (mism=0) fp8[max_abs=3.6962e-1 mean_abs=2.5582e-2 p99.9=1.2760e-1 max_rel=1.5106e-1] PASS
gate/add: cpu_bitwise=OK (mism=0) repeat_identical=OK (mism=0) fp8[max_abs=3.8478e-1 mean_abs=2.5581e-2 p99.9=1.2765e-1 max_rel=1.3630e-1] PASS
down/set: cpu_bitwise=OK (mism=0) repeat_identical=OK (mism=0) fp8[max_abs=3.1351e0 mean_abs=5.3300e-2 p99.9=2.6006e-1 max_rel=6.3647e-1] PASS
down/add: cpu_bitwise=OK (mism=0) repeat_identical=OK (mism=0) fp8[max_abs=3.9325e0 mean_abs=5.3359e-2 p99.9=2.6191e-1 max_rel=8.0395e-1] PASS
m48tail/set: cpu_bitwise=OK (mism=0) repeat_identical=OK (mism=0) fp8[max_abs=2.4701e0 mean_abs=4.0315e-1 p99.9=1.9584e0 max_rel=7.4082e-2] PASS
n80cols/set: cpu_bitwise=OK (mism=0) repeat_identical=OK (mism=0) fp8[n/a] PASS
k256/set: cpu_bitwise=OK (mism=0) repeat_identical=OK (mism=0) fp8[max_abs=1.3023e0 mean_abs=1.9182e-1 p99.9=9.2531e-1 max_rel=5.1106e-2] PASS
k256/add: cpu_bitwise=OK (mism=0) repeat_identical=OK (mism=0) fp8[max_abs=1.3148e0 mean_abs=1.9351e-1 p99.9=9.3193e-1 max_rel=7.0922e-2] PASS
m100n100/set: cpu_bitwise=OK (mism=0) repeat_identical=OK (mism=0) fp8[n/a] PASS
GFX12-IU4 ORACLE PASS
