scratch-2026-09-17/W64/iu4_w64_r2_combined.hip:139:1: remark: Function Name: quantize_int4_mmq_ds128 [-Rpass-analysis=kernel-resource-usage]
  139 | ) {
      | ^
scratch-2026-09-17/W64/iu4_w64_r2_combined.hip:139:1: remark:     TotalSGPRs: 17 [-Rpass-analysis=kernel-resource-usage]
scratch-2026-09-17/W64/iu4_w64_r2_combined.hip:139:1: remark:     VGPRs: 36 [-Rpass-analysis=kernel-resource-usage]
scratch-2026-09-17/W64/iu4_w64_r2_combined.hip:139:1: remark:     ScratchSize [bytes/lane]: 0 [-Rpass-analysis=kernel-resource-usage]
scratch-2026-09-17/W64/iu4_w64_r2_combined.hip:139:1: remark:     Dynamic Stack: False [-Rpass-analysis=kernel-resource-usage]
scratch-2026-09-17/W64/iu4_w64_r2_combined.hip:139:1: remark:     Occupancy [waves/SIMD]: 16 [-Rpass-analysis=kernel-resource-usage]
scratch-2026-09-17/W64/iu4_w64_r2_combined.hip:139:1: remark:     SGPRs Spill: 0 [-Rpass-analysis=kernel-resource-usage]
scratch-2026-09-17/W64/iu4_w64_r2_combined.hip:139:1: remark:     VGPRs Spill: 0 [-Rpass-analysis=kernel-resource-usage]
scratch-2026-09-17/W64/iu4_w64_r2_combined.hip:139:1: remark:     LDS Size [bytes/block]: 0 [-Rpass-analysis=kernel-resource-usage]
scratch-2026-09-17/W64/iu4_w64_r2_combined.hip:854:1: remark: Function Name: iu4_w64_r2 [-Rpass-analysis=kernel-resource-usage]
  854 |     float* __restrict__ Y, int M, int K, int N, int add) {
      | ^
scratch-2026-09-17/W64/iu4_w64_r2_combined.hip:854:1: remark:     TotalSGPRs: 75 [-Rpass-analysis=kernel-resource-usage]
scratch-2026-09-17/W64/iu4_w64_r2_combined.hip:854:1: remark:     VGPRs: 137 [-Rpass-analysis=kernel-resource-usage]
scratch-2026-09-17/W64/iu4_w64_r2_combined.hip:854:1: remark:     ScratchSize [bytes/lane]: 0 [-Rpass-analysis=kernel-resource-usage]
scratch-2026-09-17/W64/iu4_w64_r2_combined.hip:854:1: remark:     Dynamic Stack: False [-Rpass-analysis=kernel-resource-usage]
scratch-2026-09-17/W64/iu4_w64_r2_combined.hip:854:1: remark:     Occupancy [waves/SIMD]: 5 [-Rpass-analysis=kernel-resource-usage]
scratch-2026-09-17/W64/iu4_w64_r2_combined.hip:854:1: remark:     SGPRs Spill: 0 [-Rpass-analysis=kernel-resource-usage]
scratch-2026-09-17/W64/iu4_w64_r2_combined.hip:854:1: remark:     VGPRs Spill: 0 [-Rpass-analysis=kernel-resource-usage]
scratch-2026-09-17/W64/iu4_w64_r2_combined.hip:854:1: remark:     LDS Size [bytes/block]: 0 [-Rpass-analysis=kernel-resource-usage]
scratch-2026-09-17/W64/iu4_w64_r2_combined.hip:862:1: remark: Function Name: iu4_w64_r2_add [-Rpass-analysis=kernel-resource-usage]
  862 |     float* __restrict__ Y, int M, int K, int N, int) {
      | ^
scratch-2026-09-17/W64/iu4_w64_r2_combined.hip:862:1: remark:     TotalSGPRs: 67 [-Rpass-analysis=kernel-resource-usage]
scratch-2026-09-17/W64/iu4_w64_r2_combined.hip:862:1: remark:     VGPRs: 131 [-Rpass-analysis=kernel-resource-usage]
scratch-2026-09-17/W64/iu4_w64_r2_combined.hip:862:1: remark:     ScratchSize [bytes/lane]: 0 [-Rpass-analysis=kernel-resource-usage]
scratch-2026-09-17/W64/iu4_w64_r2_combined.hip:862:1: remark:     Dynamic Stack: False [-Rpass-analysis=kernel-resource-usage]
scratch-2026-09-17/W64/iu4_w64_r2_combined.hip:862:1: remark:     Occupancy [waves/SIMD]: 5 [-Rpass-analysis=kernel-resource-usage]
scratch-2026-09-17/W64/iu4_w64_r2_combined.hip:862:1: remark:     SGPRs Spill: 0 [-Rpass-analysis=kernel-resource-usage]
scratch-2026-09-17/W64/iu4_w64_r2_combined.hip:862:1: remark:     VGPRs Spill: 0 [-Rpass-analysis=kernel-resource-usage]
scratch-2026-09-17/W64/iu4_w64_r2_combined.hip:862:1: remark:     LDS Size [bytes/block]: 0 [-Rpass-analysis=kernel-resource-usage]
scratch-2026-09-17/W64/iu4_w64_r2_combined.hip:869:1: remark: Function Name: iu4_w64_r2_set [-Rpass-analysis=kernel-resource-usage]
  869 |     float* __restrict__ Y, int M, int K, int N, int) {
      | ^
scratch-2026-09-17/W64/iu4_w64_r2_combined.hip:869:1: remark:     TotalSGPRs: 67 [-Rpass-analysis=kernel-resource-usage]
scratch-2026-09-17/W64/iu4_w64_r2_combined.hip:869:1: remark:     VGPRs: 131 [-Rpass-analysis=kernel-resource-usage]
scratch-2026-09-17/W64/iu4_w64_r2_combined.hip:869:1: remark:     ScratchSize [bytes/lane]: 0 [-Rpass-analysis=kernel-resource-usage]
scratch-2026-09-17/W64/iu4_w64_r2_combined.hip:869:1: remark:     Dynamic Stack: False [-Rpass-analysis=kernel-resource-usage]
scratch-2026-09-17/W64/iu4_w64_r2_combined.hip:869:1: remark:     Occupancy [waves/SIMD]: 5 [-Rpass-analysis=kernel-resource-usage]
scratch-2026-09-17/W64/iu4_w64_r2_combined.hip:869:1: remark:     SGPRs Spill: 0 [-Rpass-analysis=kernel-resource-usage]
scratch-2026-09-17/W64/iu4_w64_r2_combined.hip:869:1: remark:     VGPRs Spill: 0 [-Rpass-analysis=kernel-resource-usage]
scratch-2026-09-17/W64/iu4_w64_r2_combined.hip:869:1: remark:     LDS Size [bytes/block]: 0 [-Rpass-analysis=kernel-resource-usage]
