gfx1100 1/8 A: {'pp512': 2281.7, 'pp8192': 2343.9, 'tg128@128': 49.03147198721225}
gfx1100 2/8 B: {'pp512': 2562.9, 'pp8192': 2568.0, 'tg128@128': 48.81273473636567}
gfx1100 3/8 B: {'pp512': 2558.7, 'pp8192': 2564.8, 'tg128@128': 48.90044559232128}
gfx1100 4/8 A: {'pp512': 2258.1, 'pp8192': 2331.1, 'tg128@128': 49.01821088419839}
gfx1100 5/8 A: {'pp512': 2262.2, 'pp8192': 2335.1, 'tg128@128': 48.94654824052889}
gfx1100 6/8 B: {'pp512': 2554.6, 'pp8192': 2564.3, 'tg128@128': 48.9392245857518}
gfx1100 7/8 B: {'pp512': 2556.7, 'pp8192': 2562.5, 'tg128@128': 49.05318556771431}
gfx1100 8/8 A: {'pp512': 2257.0, 'pp8192': 2328.8, 'tg128@128': 48.952755274432015}
{
  "arch": "gfx1100",
  "rows": {
    "pp512": {
      "land042_tok_s": [
        2281.7,
        2258.1,
        2262.2,
        2257.0
      ],
      "gemmv2_tok_s": [
        2562.9,
        2558.7,
        2554.6,
        2556.7
      ],
      "land042_mean": 2264.75,
      "gemmv2_mean": 2558.225,
      "speedup": 1.1295838392758581,
      "cycle_speedup": [
        1.1281554253491346,
        1.1310187643830765
      ]
    },
    "pp8192": {
      "land042_tok_s": [
        2343.9,
        2331.1,
        2335.1,
        2328.8
      ],
      "gemmv2_tok_s": [
        2568.0,
        2564.8,
        2564.3,
        2562.5
      ],
      "land042_mean": 2334.725,
      "gemmv2_mean": 2564.9,
      "speedup": 1.0985876280932445,
      "cycle_speedup": [
        1.0979251336898397,
        1.0992516992216816
      ]
    },
    "tg128@128": {
      "land042_tok_s": [
        49.03147198721225,
        49.01821088419839,
        48.94654824052889,
        48.952755274432015
      ],
      "gemmv2_tok_s": [
        48.81273473636567,
        48.90044559232128,
        48.9392245857518,
        49.05318556771431
      ],
      "land042_mean": 48.98724659659288,
      "gemmv2_mean": 48.92639762053827,
      "speedup": 0.9987578608662026,
      "cycle_speedup": [
        0.9965680404783664,
        1.0009510449529497
      ]
    }
  }
}
gfx1100 ABBA gate PASS
