clang++: warning: argument unused during compilation: '-Llib' [-Wunused-command-line-argument]
clang++: warning: argument unused during compilation: '--hip-link' [-Wunused-command-line-argument]
kernels/src/attention_q8_0_fa2_gqa.gfx1201.hip:1351:1: remark: Function Name: attention_fp8_e4m3_fa2_gqa_gfx1201 [-Rpass-analysis=kernel-resource-usage]
 1351 | {
      | ^
kernels/src/attention_q8_0_fa2_gqa.gfx1201.hip:1351:1: remark:     TotalSGPRs: 33 [-Rpass-analysis=kernel-resource-usage]
kernels/src/attention_q8_0_fa2_gqa.gfx1201.hip:1351:1: remark:     VGPRs: 190 [-Rpass-analysis=kernel-resource-usage]
kernels/src/attention_q8_0_fa2_gqa.gfx1201.hip:1351:1: remark:     ScratchSize [bytes/lane]: 0 [-Rpass-analysis=kernel-resource-usage]
kernels/src/attention_q8_0_fa2_gqa.gfx1201.hip:1351:1: remark:     Dynamic Stack: False [-Rpass-analysis=kernel-resource-usage]
kernels/src/attention_q8_0_fa2_gqa.gfx1201.hip:1351:1: remark:     Occupancy [waves/SIMD]: 8 [-Rpass-analysis=kernel-resource-usage]
kernels/src/attention_q8_0_fa2_gqa.gfx1201.hip:1351:1: remark:     SGPRs Spill: 0 [-Rpass-analysis=kernel-resource-usage]
kernels/src/attention_q8_0_fa2_gqa.gfx1201.hip:1351:1: remark:     VGPRs Spill: 0 [-Rpass-analysis=kernel-resource-usage]
kernels/src/attention_q8_0_fa2_gqa.gfx1201.hip:1351:1: remark:     LDS Size [bytes/block]: 0 [-Rpass-analysis=kernel-resource-usage]
kernels/src/attention_q8_0_fa2_gqa.gfx1201.hip:1441:1: remark: Function Name: attention_fp8_e4m3_fa2_q_preconvert_f16_gfx1201 [-Rpass-analysis=kernel-resource-usage]
 1441 | {
      | ^
kernels/src/attention_q8_0_fa2_gqa.gfx1201.hip:1441:1: remark:     TotalSGPRs: 6 [-Rpass-analysis=kernel-resource-usage]
kernels/src/attention_q8_0_fa2_gqa.gfx1201.hip:1441:1: remark:     VGPRs: 13 [-Rpass-analysis=kernel-resource-usage]
kernels/src/attention_q8_0_fa2_gqa.gfx1201.hip:1441:1: remark:     ScratchSize [bytes/lane]: 0 [-Rpass-analysis=kernel-resource-usage]
kernels/src/attention_q8_0_fa2_gqa.gfx1201.hip:1441:1: remark:     Dynamic Stack: False [-Rpass-analysis=kernel-resource-usage]
kernels/src/attention_q8_0_fa2_gqa.gfx1201.hip:1441:1: remark:     Occupancy [waves/SIMD]: 16 [-Rpass-analysis=kernel-resource-usage]
kernels/src/attention_q8_0_fa2_gqa.gfx1201.hip:1441:1: remark:     SGPRs Spill: 0 [-Rpass-analysis=kernel-resource-usage]
kernels/src/attention_q8_0_fa2_gqa.gfx1201.hip:1441:1: remark:     VGPRs Spill: 0 [-Rpass-analysis=kernel-resource-usage]
kernels/src/attention_q8_0_fa2_gqa.gfx1201.hip:1441:1: remark:     LDS Size [bytes/block]: 0 [-Rpass-analysis=kernel-resource-usage]
kernels/src/attention_q8_0_fa2_gqa.gfx1201.hip:1489:1: remark: Function Name: attention_fp8_e4m3_fa2_q_preconvert_fp8_gfx1201 [-Rpass-analysis=kernel-resource-usage]
 1489 | {
      | ^
kernels/src/attention_q8_0_fa2_gqa.gfx1201.hip:1489:1: remark:     TotalSGPRs: 14 [-Rpass-analysis=kernel-resource-usage]
kernels/src/attention_q8_0_fa2_gqa.gfx1201.hip:1489:1: remark:     VGPRs: 56 [-Rpass-analysis=kernel-resource-usage]
kernels/src/attention_q8_0_fa2_gqa.gfx1201.hip:1489:1: remark:     ScratchSize [bytes/lane]: 0 [-Rpass-analysis=kernel-resource-usage]
kernels/src/attention_q8_0_fa2_gqa.gfx1201.hip:1489:1: remark:     Dynamic Stack: False [-Rpass-analysis=kernel-resource-usage]
kernels/src/attention_q8_0_fa2_gqa.gfx1201.hip:1489:1: remark:     Occupancy [waves/SIMD]: 16 [-Rpass-analysis=kernel-resource-usage]
kernels/src/attention_q8_0_fa2_gqa.gfx1201.hip:1489:1: remark:     SGPRs Spill: 0 [-Rpass-analysis=kernel-resource-usage]
kernels/src/attention_q8_0_fa2_gqa.gfx1201.hip:1489:1: remark:     VGPRs Spill: 0 [-Rpass-analysis=kernel-resource-usage]
kernels/src/attention_q8_0_fa2_gqa.gfx1201.hip:1489:1: remark:     LDS Size [bytes/block]: 0 [-Rpass-analysis=kernel-resource-usage]
kernels/src/attention_q8_0_fa2_gqa.gfx1201.hip:1586:1: remark: Function Name: attention_fp8_e4m3_fa2_gqa_partial_gfx1201 [-Rpass-analysis=kernel-resource-usage]
 1586 | {
      | ^
kernels/src/attention_q8_0_fa2_gqa.gfx1201.hip:1586:1: remark:     TotalSGPRs: 37 [-Rpass-analysis=kernel-resource-usage]
kernels/src/attention_q8_0_fa2_gqa.gfx1201.hip:1586:1: remark:     VGPRs: 191 [-Rpass-analysis=kernel-resource-usage]
kernels/src/attention_q8_0_fa2_gqa.gfx1201.hip:1586:1: remark:     ScratchSize [bytes/lane]: 0 [-Rpass-analysis=kernel-resource-usage]
kernels/src/attention_q8_0_fa2_gqa.gfx1201.hip:1586:1: remark:     Dynamic Stack: False [-Rpass-analysis=kernel-resource-usage]
kernels/src/attention_q8_0_fa2_gqa.gfx1201.hip:1586:1: remark:     Occupancy [waves/SIMD]: 8 [-Rpass-analysis=kernel-resource-usage]
kernels/src/attention_q8_0_fa2_gqa.gfx1201.hip:1586:1: remark:     SGPRs Spill: 0 [-Rpass-analysis=kernel-resource-usage]
kernels/src/attention_q8_0_fa2_gqa.gfx1201.hip:1586:1: remark:     VGPRs Spill: 0 [-Rpass-analysis=kernel-resource-usage]
kernels/src/attention_q8_0_fa2_gqa.gfx1201.hip:1586:1: remark:     LDS Size [bytes/block]: 0 [-Rpass-analysis=kernel-resource-usage]
kernels/src/attention_q8_0_fa2_gqa.gfx1201.hip:1666:1: remark: Function Name: attention_fp8_e4m3_fa2_gqa_merge_gfx1201 [-Rpass-analysis=kernel-resource-usage]
 1666 | {
      | ^
kernels/src/attention_q8_0_fa2_gqa.gfx1201.hip:1666:1: remark:     TotalSGPRs: 10 [-Rpass-analysis=kernel-resource-usage]
kernels/src/attention_q8_0_fa2_gqa.gfx1201.hip:1666:1: remark:     VGPRs: 17 [-Rpass-analysis=kernel-resource-usage]
kernels/src/attention_q8_0_fa2_gqa.gfx1201.hip:1666:1: remark:     ScratchSize [bytes/lane]: 0 [-Rpass-analysis=kernel-resource-usage]
kernels/src/attention_q8_0_fa2_gqa.gfx1201.hip:1666:1: remark:     Dynamic Stack: False [-Rpass-analysis=kernel-resource-usage]
kernels/src/attention_q8_0_fa2_gqa.gfx1201.hip:1666:1: remark:     Occupancy [waves/SIMD]: 16 [-Rpass-analysis=kernel-resource-usage]
kernels/src/attention_q8_0_fa2_gqa.gfx1201.hip:1666:1: remark:     SGPRs Spill: 0 [-Rpass-analysis=kernel-resource-usage]
kernels/src/attention_q8_0_fa2_gqa.gfx1201.hip:1666:1: remark:     VGPRs Spill: 0 [-Rpass-analysis=kernel-resource-usage]
kernels/src/attention_q8_0_fa2_gqa.gfx1201.hip:1666:1: remark:     LDS Size [bytes/block]: 0 [-Rpass-analysis=kernel-resource-usage]
kernels/src/attention_q8_0_fa2_gqa.gfx1201.hip:2355:1: remark: Function Name: attention_fp8_e4m3_fa2_gqa_packet_gfx1201 [-Rpass-analysis=kernel-resource-usage]
 2355 | {
      | ^
kernels/src/attention_q8_0_fa2_gqa.gfx1201.hip:2355:1: remark:     TotalSGPRs: 29 [-Rpass-analysis=kernel-resource-usage]
kernels/src/attention_q8_0_fa2_gqa.gfx1201.hip:2355:1: remark:     VGPRs: 238 [-Rpass-analysis=kernel-resource-usage]
kernels/src/attention_q8_0_fa2_gqa.gfx1201.hip:2355:1: remark:     ScratchSize [bytes/lane]: 0 [-Rpass-analysis=kernel-resource-usage]
kernels/src/attention_q8_0_fa2_gqa.gfx1201.hip:2355:1: remark:     Dynamic Stack: False [-Rpass-analysis=kernel-resource-usage]
kernels/src/attention_q8_0_fa2_gqa.gfx1201.hip:2355:1: remark:     Occupancy [waves/SIMD]: 6 [-Rpass-analysis=kernel-resource-usage]
kernels/src/attention_q8_0_fa2_gqa.gfx1201.hip:2355:1: remark:     SGPRs Spill: 0 [-Rpass-analysis=kernel-resource-usage]
kernels/src/attention_q8_0_fa2_gqa.gfx1201.hip:2355:1: remark:     VGPRs Spill: 0 [-Rpass-analysis=kernel-resource-usage]
kernels/src/attention_q8_0_fa2_gqa.gfx1201.hip:2355:1: remark:     LDS Size [bytes/block]: 0 [-Rpass-analysis=kernel-resource-usage]
kernels/src/attention_q8_0_fa2_gqa.gfx1201.hip:2380:1: remark: Function Name: attention_fp8_e4m3_fa2_gqa_packet_partial_gfx1201 [-Rpass-analysis=kernel-resource-usage]
 2380 | {
      | ^
kernels/src/attention_q8_0_fa2_gqa.gfx1201.hip:2380:1: remark:     TotalSGPRs: 31 [-Rpass-analysis=kernel-resource-usage]
kernels/src/attention_q8_0_fa2_gqa.gfx1201.hip:2380:1: remark:     VGPRs: 238 [-Rpass-analysis=kernel-resource-usage]
kernels/src/attention_q8_0_fa2_gqa.gfx1201.hip:2380:1: remark:     ScratchSize [bytes/lane]: 0 [-Rpass-analysis=kernel-resource-usage]
kernels/src/attention_q8_0_fa2_gqa.gfx1201.hip:2380:1: remark:     Dynamic Stack: False [-Rpass-analysis=kernel-resource-usage]
kernels/src/attention_q8_0_fa2_gqa.gfx1201.hip:2380:1: remark:     Occupancy [waves/SIMD]: 6 [-Rpass-analysis=kernel-resource-usage]
kernels/src/attention_q8_0_fa2_gqa.gfx1201.hip:2380:1: remark:     SGPRs Spill: 0 [-Rpass-analysis=kernel-resource-usage]
kernels/src/attention_q8_0_fa2_gqa.gfx1201.hip:2380:1: remark:     VGPRs Spill: 0 [-Rpass-analysis=kernel-resource-usage]
kernels/src/attention_q8_0_fa2_gqa.gfx1201.hip:2380:1: remark:     LDS Size [bytes/block]: 0 [-Rpass-analysis=kernel-resource-usage]
kernels/src/attention_q8_0_fa2_gqa.gfx1201.hip:2410:1: remark: Function Name: attention_fp8_e4m3_fa2_gqa_packet_merge_gfx1201 [-Rpass-analysis=kernel-resource-usage]
 2410 | {
      | ^
kernels/src/attention_q8_0_fa2_gqa.gfx1201.hip:2410:1: remark:     TotalSGPRs: 10 [-Rpass-analysis=kernel-resource-usage]
kernels/src/attention_q8_0_fa2_gqa.gfx1201.hip:2410:1: remark:     VGPRs: 17 [-Rpass-analysis=kernel-resource-usage]
kernels/src/attention_q8_0_fa2_gqa.gfx1201.hip:2410:1: remark:     ScratchSize [bytes/lane]: 0 [-Rpass-analysis=kernel-resource-usage]
kernels/src/attention_q8_0_fa2_gqa.gfx1201.hip:2410:1: remark:     Dynamic Stack: False [-Rpass-analysis=kernel-resource-usage]
kernels/src/attention_q8_0_fa2_gqa.gfx1201.hip:2410:1: remark:     Occupancy [waves/SIMD]: 16 [-Rpass-analysis=kernel-resource-usage]
kernels/src/attention_q8_0_fa2_gqa.gfx1201.hip:2410:1: remark:     SGPRs Spill: 0 [-Rpass-analysis=kernel-resource-usage]
kernels/src/attention_q8_0_fa2_gqa.gfx1201.hip:2410:1: remark:     VGPRs Spill: 0 [-Rpass-analysis=kernel-resource-usage]
kernels/src/attention_q8_0_fa2_gqa.gfx1201.hip:2410:1: remark:     LDS Size [bytes/block]: 0 [-Rpass-analysis=kernel-resource-usage]
