device=AMD Radeon AI PRO R9700 arch=gfx1201 pci=0000:0d:00.0 weight_ring_bytes=1515192320
byte_exact_elements=1671168
ring,round,position,arm,us_per_call,nominal_weight_GBs
1,0,0,0,157.778680,600.205
1,0,1,1,156.128362,606.549
1,0,2,1,155.831471,607.705
1,0,3,0,158.412129,597.805
1,1,0,1,156.927437,603.461
1,1,1,0,156.391174,605.530
1,1,2,0,156.362414,605.641
1,1,3,1,156.336486,605.742
1,2,0,0,157.405868,601.626
1,2,1,1,157.035232,603.046
1,2,2,1,157.013044,603.132
1,2,3,0,158.424944,597.756
1,3,0,1,156.236500,606.129
1,3,1,0,157.390565,601.685
1,3,2,0,157.346815,601.852
1,3,3,1,155.723989,608.124
1,4,0,0,158.443063,597.688
1,4,1,1,156.460240,605.263
1,4,2,1,156.704605,604.319
1,4,3,0,157.562748,601.027
1,5,0,1,156.889006,603.608
1,5,1,0,157.309622,601.994
1,5,2,0,157.683998,600.565
1,5,3,1,156.571165,604.834
1,6,0,0,157.118380,602.727
1,6,1,1,156.294927,605.903
1,6,2,1,156.282112,605.952
1,6,3,0,158.007443,599.336
1,7,0,1,155.855551,607.611
1,7,1,0,157.288685,602.075
1,7,2,0,157.703370,600.491
1,7,3,1,156.244293,606.099
1,8,0,0,157.915875,599.683
1,8,1,1,157.014310,603.127
1,8,2,1,155.913666,607.384
1,8,3,0,157.408684,601.616
1,9,0,1,156.923056,603.477
1,9,1,0,157.092124,602.828
1,9,2,0,157.558382,601.044
1,9,3,1,156.943381,603.399
16,0,0,0,156.560928,604.873
16,0,1,1,156.930938,603.447
16,0,2,1,156.476557,605.199
16,0,3,0,157.085627,602.853
16,1,0,1,155.913115,607.386
16,1,1,0,157.873750,599.843
16,1,2,0,158.049375,599.177
16,1,3,1,156.311870,605.837
16,2,0,0,157.690629,600.540
16,2,1,1,156.109050,606.624
16,2,2,1,157.067180,602.924
16,2,3,0,156.786248,604.004
16,3,0,1,156.602815,604.711
16,3,1,0,157.309681,601.994
16,3,2,0,157.321244,601.950
16,3,3,1,155.760303,607.982
16,4,0,0,156.786561,604.003
16,4,1,1,155.151859,610.367
16,4,2,1,157.110631,602.757
16,4,3,0,157.445312,601.476
16,5,0,1,156.084374,606.720
16,5,1,0,156.732500,604.211
16,5,2,0,157.031566,603.060
16,5,3,1,156.351566,605.683
16,6,0,0,158.041254,599.208
16,6,1,1,156.018436,606.976
16,6,2,1,156.416565,605.432
16,6,3,0,157.859370,599.898
16,7,0,1,156.076878,606.749
16,7,1,0,157.089993,602.836
16,7,2,0,157.318130,601.962
16,7,3,1,156.460628,605.261
16,8,0,0,158.257499,598.389
16,8,1,1,156.724691,604.241
16,8,2,1,156.472191,605.216
16,8,3,0,157.916561,599.681
16,9,0,1,156.975001,603.278
16,9,1,0,157.165006,602.548
16,9,2,0,157.102808,602.787
16,9,3,1,156.641558,604.562
