scratch-2026-09-17/vfill/gate1/kv_base.hip:31:1: remark: Function Name: attention_q8_0_kv [-Rpass-analysis=kernel-resource-usage]
   31 | ) {
      | ^
scratch-2026-09-17/vfill/gate1/kv_base.hip:31:1: remark:     TotalSGPRs: 52 [-Rpass-analysis=kernel-resource-usage]
scratch-2026-09-17/vfill/gate1/kv_base.hip:31:1: remark:     VGPRs: 47 [-Rpass-analysis=kernel-resource-usage]
scratch-2026-09-17/vfill/gate1/kv_base.hip:31:1: remark:     ScratchSize [bytes/lane]: 0 [-Rpass-analysis=kernel-resource-usage]
scratch-2026-09-17/vfill/gate1/kv_base.hip:31:1: remark:     Dynamic Stack: False [-Rpass-analysis=kernel-resource-usage]
scratch-2026-09-17/vfill/gate1/kv_base.hip:31:1: remark:     Occupancy [waves/SIMD]: 16 [-Rpass-analysis=kernel-resource-usage]
scratch-2026-09-17/vfill/gate1/kv_base.hip:31:1: remark:     SGPRs Spill: 0 [-Rpass-analysis=kernel-resource-usage]
scratch-2026-09-17/vfill/gate1/kv_base.hip:31:1: remark:     VGPRs Spill: 0 [-Rpass-analysis=kernel-resource-usage]
scratch-2026-09-17/vfill/gate1/kv_base.hip:31:1: remark:     LDS Size [bytes/block]: 0 [-Rpass-analysis=kernel-resource-usage]
scratch-2026-09-17/vfill/gate1/kv_base.hip:212:1: remark: Function Name: attention_fp8_e4m3_kv [-Rpass-analysis=kernel-resource-usage]
  212 | ) {
      | ^
scratch-2026-09-17/vfill/gate1/kv_base.hip:212:1: remark:     TotalSGPRs: 51 [-Rpass-analysis=kernel-resource-usage]
scratch-2026-09-17/vfill/gate1/kv_base.hip:212:1: remark:     VGPRs: 40 [-Rpass-analysis=kernel-resource-usage]
scratch-2026-09-17/vfill/gate1/kv_base.hip:212:1: remark:     ScratchSize [bytes/lane]: 0 [-Rpass-analysis=kernel-resource-usage]
scratch-2026-09-17/vfill/gate1/kv_base.hip:212:1: remark:     Dynamic Stack: False [-Rpass-analysis=kernel-resource-usage]
scratch-2026-09-17/vfill/gate1/kv_base.hip:212:1: remark:     Occupancy [waves/SIMD]: 16 [-Rpass-analysis=kernel-resource-usage]
scratch-2026-09-17/vfill/gate1/kv_base.hip:212:1: remark:     SGPRs Spill: 0 [-Rpass-analysis=kernel-resource-usage]
scratch-2026-09-17/vfill/gate1/kv_base.hip:212:1: remark:     VGPRs Spill: 0 [-Rpass-analysis=kernel-resource-usage]
scratch-2026-09-17/vfill/gate1/kv_base.hip:212:1: remark:     LDS Size [bytes/block]: 0 [-Rpass-analysis=kernel-resource-usage]
