kernels/src/attention_q8_0_kv.hip:31:1: remark: Function Name: attention_q8_0_kv [-Rpass-analysis=kernel-resource-usage]
   31 | ) {
      | ^
kernels/src/attention_q8_0_kv.hip:31:1: remark:     TotalSGPRs: 52 [-Rpass-analysis=kernel-resource-usage]
kernels/src/attention_q8_0_kv.hip:31:1: remark:     VGPRs: 47 [-Rpass-analysis=kernel-resource-usage]
kernels/src/attention_q8_0_kv.hip:31:1: remark:     ScratchSize [bytes/lane]: 0 [-Rpass-analysis=kernel-resource-usage]
kernels/src/attention_q8_0_kv.hip:31:1: remark:     Dynamic Stack: False [-Rpass-analysis=kernel-resource-usage]
kernels/src/attention_q8_0_kv.hip:31:1: remark:     Occupancy [waves/SIMD]: 16 [-Rpass-analysis=kernel-resource-usage]
kernels/src/attention_q8_0_kv.hip:31:1: remark:     SGPRs Spill: 0 [-Rpass-analysis=kernel-resource-usage]
kernels/src/attention_q8_0_kv.hip:31:1: remark:     VGPRs Spill: 0 [-Rpass-analysis=kernel-resource-usage]
kernels/src/attention_q8_0_kv.hip:31:1: remark:     LDS Size [bytes/block]: 0 [-Rpass-analysis=kernel-resource-usage]
kernels/src/attention_q8_0_kv.hip:217:1: remark: Function Name: attention_fp8_e4m3_kv [-Rpass-analysis=kernel-resource-usage]
  217 | ) {
      | ^
kernels/src/attention_q8_0_kv.hip:217:1: remark:     TotalSGPRs: 57 [-Rpass-analysis=kernel-resource-usage]
kernels/src/attention_q8_0_kv.hip:217:1: remark:     VGPRs: 43 [-Rpass-analysis=kernel-resource-usage]
kernels/src/attention_q8_0_kv.hip:217:1: remark:     ScratchSize [bytes/lane]: 0 [-Rpass-analysis=kernel-resource-usage]
kernels/src/attention_q8_0_kv.hip:217:1: remark:     Dynamic Stack: False [-Rpass-analysis=kernel-resource-usage]
kernels/src/attention_q8_0_kv.hip:217:1: remark:     Occupancy [waves/SIMD]: 16 [-Rpass-analysis=kernel-resource-usage]
kernels/src/attention_q8_0_kv.hip:217:1: remark:     SGPRs Spill: 0 [-Rpass-analysis=kernel-resource-usage]
kernels/src/attention_q8_0_kv.hip:217:1: remark:     VGPRs Spill: 0 [-Rpass-analysis=kernel-resource-usage]
kernels/src/attention_q8_0_kv.hip:217:1: remark:     LDS Size [bytes/block]: 0 [-Rpass-analysis=kernel-resource-usage]
