/home/kaden/ClaudeCode/warpfront/wt-gdnreg/scratch-2026-09-17/GdnRegPlan/reg_probe.hip:12:1: remark: Function Name: _Z5probeILi8ELb0ELb0EEvPfPKfi [-Rpass-analysis=kernel-resource-usage]
   12 | template<int SF,bool HALF,bool SOLVE> __global__ __launch_bounds__(256) void probe(float* out,const float* seed,int chunks) {
      | ^
/home/kaden/ClaudeCode/warpfront/wt-gdnreg/scratch-2026-09-17/GdnRegPlan/reg_probe.hip:12:1: remark:     TotalSGPRs: 10 [-Rpass-analysis=kernel-resource-usage]
/home/kaden/ClaudeCode/warpfront/wt-gdnreg/scratch-2026-09-17/GdnRegPlan/reg_probe.hip:12:1: remark:     VGPRs: 170 [-Rpass-analysis=kernel-resource-usage]
/home/kaden/ClaudeCode/warpfront/wt-gdnreg/scratch-2026-09-17/GdnRegPlan/reg_probe.hip:12:1: remark:     ScratchSize [bytes/lane]: 0 [-Rpass-analysis=kernel-resource-usage]
/home/kaden/ClaudeCode/warpfront/wt-gdnreg/scratch-2026-09-17/GdnRegPlan/reg_probe.hip:12:1: remark:     Dynamic Stack: False [-Rpass-analysis=kernel-resource-usage]
/home/kaden/ClaudeCode/warpfront/wt-gdnreg/scratch-2026-09-17/GdnRegPlan/reg_probe.hip:12:1: remark:     Occupancy [waves/SIMD]: 8 [-Rpass-analysis=kernel-resource-usage]
/home/kaden/ClaudeCode/warpfront/wt-gdnreg/scratch-2026-09-17/GdnRegPlan/reg_probe.hip:12:1: remark:     SGPRs Spill: 0 [-Rpass-analysis=kernel-resource-usage]
/home/kaden/ClaudeCode/warpfront/wt-gdnreg/scratch-2026-09-17/GdnRegPlan/reg_probe.hip:12:1: remark:     VGPRs Spill: 0 [-Rpass-analysis=kernel-resource-usage]
/home/kaden/ClaudeCode/warpfront/wt-gdnreg/scratch-2026-09-17/GdnRegPlan/reg_probe.hip:12:1: remark:     LDS Size [bytes/block]: 0 [-Rpass-analysis=kernel-resource-usage]
/home/kaden/ClaudeCode/warpfront/wt-gdnreg/scratch-2026-09-17/GdnRegPlan/reg_probe.hip:12:1: remark: Function Name: _Z5probeILi8ELb1ELb0EEvPfPKfi [-Rpass-analysis=kernel-resource-usage]
/home/kaden/ClaudeCode/warpfront/wt-gdnreg/scratch-2026-09-17/GdnRegPlan/reg_probe.hip:12:1: remark:     TotalSGPRs: 22 [-Rpass-analysis=kernel-resource-usage]
/home/kaden/ClaudeCode/warpfront/wt-gdnreg/scratch-2026-09-17/GdnRegPlan/reg_probe.hip:12:1: remark:     VGPRs: 98 [-Rpass-analysis=kernel-resource-usage]
/home/kaden/ClaudeCode/warpfront/wt-gdnreg/scratch-2026-09-17/GdnRegPlan/reg_probe.hip:12:1: remark:     ScratchSize [bytes/lane]: 0 [-Rpass-analysis=kernel-resource-usage]
/home/kaden/ClaudeCode/warpfront/wt-gdnreg/scratch-2026-09-17/GdnRegPlan/reg_probe.hip:12:1: remark:     Dynamic Stack: False [-Rpass-analysis=kernel-resource-usage]
/home/kaden/ClaudeCode/warpfront/wt-gdnreg/scratch-2026-09-17/GdnRegPlan/reg_probe.hip:12:1: remark:     Occupancy [waves/SIMD]: 12 [-Rpass-analysis=kernel-resource-usage]
/home/kaden/ClaudeCode/warpfront/wt-gdnreg/scratch-2026-09-17/GdnRegPlan/reg_probe.hip:12:1: remark:     SGPRs Spill: 0 [-Rpass-analysis=kernel-resource-usage]
/home/kaden/ClaudeCode/warpfront/wt-gdnreg/scratch-2026-09-17/GdnRegPlan/reg_probe.hip:12:1: remark:     VGPRs Spill: 0 [-Rpass-analysis=kernel-resource-usage]
/home/kaden/ClaudeCode/warpfront/wt-gdnreg/scratch-2026-09-17/GdnRegPlan/reg_probe.hip:12:1: remark:     LDS Size [bytes/block]: 0 [-Rpass-analysis=kernel-resource-usage]
/home/kaden/ClaudeCode/warpfront/wt-gdnreg/scratch-2026-09-17/GdnRegPlan/reg_probe.hip:12:1: remark: Function Name: _Z5probeILi4ELb0ELb0EEvPfPKfi [-Rpass-analysis=kernel-resource-usage]
/home/kaden/ClaudeCode/warpfront/wt-gdnreg/scratch-2026-09-17/GdnRegPlan/reg_probe.hip:12:1: remark:     TotalSGPRs: 10 [-Rpass-analysis=kernel-resource-usage]
/home/kaden/ClaudeCode/warpfront/wt-gdnreg/scratch-2026-09-17/GdnRegPlan/reg_probe.hip:12:1: remark:     VGPRs: 110 [-Rpass-analysis=kernel-resource-usage]
/home/kaden/ClaudeCode/warpfront/wt-gdnreg/scratch-2026-09-17/GdnRegPlan/reg_probe.hip:12:1: remark:     ScratchSize [bytes/lane]: 0 [-Rpass-analysis=kernel-resource-usage]
/home/kaden/ClaudeCode/warpfront/wt-gdnreg/scratch-2026-09-17/GdnRegPlan/reg_probe.hip:12:1: remark:     Dynamic Stack: False [-Rpass-analysis=kernel-resource-usage]
/home/kaden/ClaudeCode/warpfront/wt-gdnreg/scratch-2026-09-17/GdnRegPlan/reg_probe.hip:12:1: remark:     Occupancy [waves/SIMD]: 12 [-Rpass-analysis=kernel-resource-usage]
/home/kaden/ClaudeCode/warpfront/wt-gdnreg/scratch-2026-09-17/GdnRegPlan/reg_probe.hip:12:1: remark:     SGPRs Spill: 0 [-Rpass-analysis=kernel-resource-usage]
/home/kaden/ClaudeCode/warpfront/wt-gdnreg/scratch-2026-09-17/GdnRegPlan/reg_probe.hip:12:1: remark:     VGPRs Spill: 0 [-Rpass-analysis=kernel-resource-usage]
/home/kaden/ClaudeCode/warpfront/wt-gdnreg/scratch-2026-09-17/GdnRegPlan/reg_probe.hip:12:1: remark:     LDS Size [bytes/block]: 0 [-Rpass-analysis=kernel-resource-usage]
/home/kaden/ClaudeCode/warpfront/wt-gdnreg/scratch-2026-09-17/GdnRegPlan/reg_probe.hip:12:1: remark: Function Name: _Z5probeILi4ELb1ELb0EEvPfPKfi [-Rpass-analysis=kernel-resource-usage]
/home/kaden/ClaudeCode/warpfront/wt-gdnreg/scratch-2026-09-17/GdnRegPlan/reg_probe.hip:12:1: remark:     TotalSGPRs: 18 [-Rpass-analysis=kernel-resource-usage]
/home/kaden/ClaudeCode/warpfront/wt-gdnreg/scratch-2026-09-17/GdnRegPlan/reg_probe.hip:12:1: remark:     VGPRs: 98 [-Rpass-analysis=kernel-resource-usage]
/home/kaden/ClaudeCode/warpfront/wt-gdnreg/scratch-2026-09-17/GdnRegPlan/reg_probe.hip:12:1: remark:     ScratchSize [bytes/lane]: 0 [-Rpass-analysis=kernel-resource-usage]
/home/kaden/ClaudeCode/warpfront/wt-gdnreg/scratch-2026-09-17/GdnRegPlan/reg_probe.hip:12:1: remark:     Dynamic Stack: False [-Rpass-analysis=kernel-resource-usage]
/home/kaden/ClaudeCode/warpfront/wt-gdnreg/scratch-2026-09-17/GdnRegPlan/reg_probe.hip:12:1: remark:     Occupancy [waves/SIMD]: 12 [-Rpass-analysis=kernel-resource-usage]
/home/kaden/ClaudeCode/warpfront/wt-gdnreg/scratch-2026-09-17/GdnRegPlan/reg_probe.hip:12:1: remark:     SGPRs Spill: 0 [-Rpass-analysis=kernel-resource-usage]
/home/kaden/ClaudeCode/warpfront/wt-gdnreg/scratch-2026-09-17/GdnRegPlan/reg_probe.hip:12:1: remark:     VGPRs Spill: 0 [-Rpass-analysis=kernel-resource-usage]
/home/kaden/ClaudeCode/warpfront/wt-gdnreg/scratch-2026-09-17/GdnRegPlan/reg_probe.hip:12:1: remark:     LDS Size [bytes/block]: 0 [-Rpass-analysis=kernel-resource-usage]
/home/kaden/ClaudeCode/warpfront/wt-gdnreg/scratch-2026-09-17/GdnRegPlan/reg_probe.hip:12:1: remark: Function Name: _Z5probeILi8ELb0ELb1EEvPfPKfi [-Rpass-analysis=kernel-resource-usage]
/home/kaden/ClaudeCode/warpfront/wt-gdnreg/scratch-2026-09-17/GdnRegPlan/reg_probe.hip:12:1: remark:     TotalSGPRs: 10 [-Rpass-analysis=kernel-resource-usage]
/home/kaden/ClaudeCode/warpfront/wt-gdnreg/scratch-2026-09-17/GdnRegPlan/reg_probe.hip:12:1: remark:     VGPRs: 189 [-Rpass-analysis=kernel-resource-usage]
/home/kaden/ClaudeCode/warpfront/wt-gdnreg/scratch-2026-09-17/GdnRegPlan/reg_probe.hip:12:1: remark:     ScratchSize [bytes/lane]: 0 [-Rpass-analysis=kernel-resource-usage]
/home/kaden/ClaudeCode/warpfront/wt-gdnreg/scratch-2026-09-17/GdnRegPlan/reg_probe.hip:12:1: remark:     Dynamic Stack: False [-Rpass-analysis=kernel-resource-usage]
/home/kaden/ClaudeCode/warpfront/wt-gdnreg/scratch-2026-09-17/GdnRegPlan/reg_probe.hip:12:1: remark:     Occupancy [waves/SIMD]: 8 [-Rpass-analysis=kernel-resource-usage]
/home/kaden/ClaudeCode/warpfront/wt-gdnreg/scratch-2026-09-17/GdnRegPlan/reg_probe.hip:12:1: remark:     SGPRs Spill: 0 [-Rpass-analysis=kernel-resource-usage]
/home/kaden/ClaudeCode/warpfront/wt-gdnreg/scratch-2026-09-17/GdnRegPlan/reg_probe.hip:12:1: remark:     VGPRs Spill: 0 [-Rpass-analysis=kernel-resource-usage]
/home/kaden/ClaudeCode/warpfront/wt-gdnreg/scratch-2026-09-17/GdnRegPlan/reg_probe.hip:12:1: remark:     LDS Size [bytes/block]: 0 [-Rpass-analysis=kernel-resource-usage]
/home/kaden/ClaudeCode/warpfront/wt-gdnreg/scratch-2026-09-17/GdnRegPlan/reg_probe.hip:12:1: remark: Function Name: _Z5probeILi8ELb1ELb1EEvPfPKfi [-Rpass-analysis=kernel-resource-usage]
/home/kaden/ClaudeCode/warpfront/wt-gdnreg/scratch-2026-09-17/GdnRegPlan/reg_probe.hip:12:1: remark:     TotalSGPRs: 11 [-Rpass-analysis=kernel-resource-usage]
/home/kaden/ClaudeCode/warpfront/wt-gdnreg/scratch-2026-09-17/GdnRegPlan/reg_probe.hip:12:1: remark:     VGPRs: 144 [-Rpass-analysis=kernel-resource-usage]
/home/kaden/ClaudeCode/warpfront/wt-gdnreg/scratch-2026-09-17/GdnRegPlan/reg_probe.hip:12:1: remark:     ScratchSize [bytes/lane]: 0 [-Rpass-analysis=kernel-resource-usage]
/home/kaden/ClaudeCode/warpfront/wt-gdnreg/scratch-2026-09-17/GdnRegPlan/reg_probe.hip:12:1: remark:     Dynamic Stack: False [-Rpass-analysis=kernel-resource-usage]
/home/kaden/ClaudeCode/warpfront/wt-gdnreg/scratch-2026-09-17/GdnRegPlan/reg_probe.hip:12:1: remark:     Occupancy [waves/SIMD]: 10 [-Rpass-analysis=kernel-resource-usage]
/home/kaden/ClaudeCode/warpfront/wt-gdnreg/scratch-2026-09-17/GdnRegPlan/reg_probe.hip:12:1: remark:     SGPRs Spill: 0 [-Rpass-analysis=kernel-resource-usage]
/home/kaden/ClaudeCode/warpfront/wt-gdnreg/scratch-2026-09-17/GdnRegPlan/reg_probe.hip:12:1: remark:     VGPRs Spill: 0 [-Rpass-analysis=kernel-resource-usage]
/home/kaden/ClaudeCode/warpfront/wt-gdnreg/scratch-2026-09-17/GdnRegPlan/reg_probe.hip:12:1: remark:     LDS Size [bytes/block]: 0 [-Rpass-analysis=kernel-resource-usage]
/home/kaden/ClaudeCode/warpfront/wt-gdnreg/scratch-2026-09-17/GdnRegPlan/reg_probe.hip:12:1: remark: Function Name: _Z5probeILi4ELb0ELb1EEvPfPKfi [-Rpass-analysis=kernel-resource-usage]
/home/kaden/ClaudeCode/warpfront/wt-gdnreg/scratch-2026-09-17/GdnRegPlan/reg_probe.hip:12:1: remark:     TotalSGPRs: 10 [-Rpass-analysis=kernel-resource-usage]
/home/kaden/ClaudeCode/warpfront/wt-gdnreg/scratch-2026-09-17/GdnRegPlan/reg_probe.hip:12:1: remark:     VGPRs: 141 [-Rpass-analysis=kernel-resource-usage]
/home/kaden/ClaudeCode/warpfront/wt-gdnreg/scratch-2026-09-17/GdnRegPlan/reg_probe.hip:12:1: remark:     ScratchSize [bytes/lane]: 0 [-Rpass-analysis=kernel-resource-usage]
/home/kaden/ClaudeCode/warpfront/wt-gdnreg/scratch-2026-09-17/GdnRegPlan/reg_probe.hip:12:1: remark:     Dynamic Stack: False [-Rpass-analysis=kernel-resource-usage]
/home/kaden/ClaudeCode/warpfront/wt-gdnreg/scratch-2026-09-17/GdnRegPlan/reg_probe.hip:12:1: remark:     Occupancy [waves/SIMD]: 10 [-Rpass-analysis=kernel-resource-usage]
/home/kaden/ClaudeCode/warpfront/wt-gdnreg/scratch-2026-09-17/GdnRegPlan/reg_probe.hip:12:1: remark:     SGPRs Spill: 0 [-Rpass-analysis=kernel-resource-usage]
/home/kaden/ClaudeCode/warpfront/wt-gdnreg/scratch-2026-09-17/GdnRegPlan/reg_probe.hip:12:1: remark:     VGPRs Spill: 0 [-Rpass-analysis=kernel-resource-usage]
/home/kaden/ClaudeCode/warpfront/wt-gdnreg/scratch-2026-09-17/GdnRegPlan/reg_probe.hip:12:1: remark:     LDS Size [bytes/block]: 0 [-Rpass-analysis=kernel-resource-usage]
/home/kaden/ClaudeCode/warpfront/wt-gdnreg/scratch-2026-09-17/GdnRegPlan/reg_probe.hip:12:1: remark: Function Name: _Z5probeILi4ELb1ELb1EEvPfPKfi [-Rpass-analysis=kernel-resource-usage]
/home/kaden/ClaudeCode/warpfront/wt-gdnreg/scratch-2026-09-17/GdnRegPlan/reg_probe.hip:12:1: remark:     TotalSGPRs: 11 [-Rpass-analysis=kernel-resource-usage]
/home/kaden/ClaudeCode/warpfront/wt-gdnreg/scratch-2026-09-17/GdnRegPlan/reg_probe.hip:12:1: remark:     VGPRs: 124 [-Rpass-analysis=kernel-resource-usage]
/home/kaden/ClaudeCode/warpfront/wt-gdnreg/scratch-2026-09-17/GdnRegPlan/reg_probe.hip:12:1: remark:     ScratchSize [bytes/lane]: 0 [-Rpass-analysis=kernel-resource-usage]
/home/kaden/ClaudeCode/warpfront/wt-gdnreg/scratch-2026-09-17/GdnRegPlan/reg_probe.hip:12:1: remark:     Dynamic Stack: False [-Rpass-analysis=kernel-resource-usage]
/home/kaden/ClaudeCode/warpfront/wt-gdnreg/scratch-2026-09-17/GdnRegPlan/reg_probe.hip:12:1: remark:     Occupancy [waves/SIMD]: 10 [-Rpass-analysis=kernel-resource-usage]
/home/kaden/ClaudeCode/warpfront/wt-gdnreg/scratch-2026-09-17/GdnRegPlan/reg_probe.hip:12:1: remark:     SGPRs Spill: 0 [-Rpass-analysis=kernel-resource-usage]
/home/kaden/ClaudeCode/warpfront/wt-gdnreg/scratch-2026-09-17/GdnRegPlan/reg_probe.hip:12:1: remark:     VGPRs Spill: 0 [-Rpass-analysis=kernel-resource-usage]
/home/kaden/ClaudeCode/warpfront/wt-gdnreg/scratch-2026-09-17/GdnRegPlan/reg_probe.hip:12:1: remark:     LDS Size [bytes/block]: 0 [-Rpass-analysis=kernel-resource-usage]
/home/kaden/ClaudeCode/warpfront/wt-gdnreg/scratch-2026-09-17/GdnRegPlan/reg_probe.hip:12:1: remark: Function Name: _Z5probeILi2ELb0ELb1EEvPfPKfi [-Rpass-analysis=kernel-resource-usage]
/home/kaden/ClaudeCode/warpfront/wt-gdnreg/scratch-2026-09-17/GdnRegPlan/reg_probe.hip:12:1: remark:     TotalSGPRs: 10 [-Rpass-analysis=kernel-resource-usage]
/home/kaden/ClaudeCode/warpfront/wt-gdnreg/scratch-2026-09-17/GdnRegPlan/reg_probe.hip:12:1: remark:     VGPRs: 117 [-Rpass-analysis=kernel-resource-usage]
/home/kaden/ClaudeCode/warpfront/wt-gdnreg/scratch-2026-09-17/GdnRegPlan/reg_probe.hip:12:1: remark:     ScratchSize [bytes/lane]: 0 [-Rpass-analysis=kernel-resource-usage]
/home/kaden/ClaudeCode/warpfront/wt-gdnreg/scratch-2026-09-17/GdnRegPlan/reg_probe.hip:12:1: remark:     Dynamic Stack: False [-Rpass-analysis=kernel-resource-usage]
/home/kaden/ClaudeCode/warpfront/wt-gdnreg/scratch-2026-09-17/GdnRegPlan/reg_probe.hip:12:1: remark:     Occupancy [waves/SIMD]: 12 [-Rpass-analysis=kernel-resource-usage]
/home/kaden/ClaudeCode/warpfront/wt-gdnreg/scratch-2026-09-17/GdnRegPlan/reg_probe.hip:12:1: remark:     SGPRs Spill: 0 [-Rpass-analysis=kernel-resource-usage]
/home/kaden/ClaudeCode/warpfront/wt-gdnreg/scratch-2026-09-17/GdnRegPlan/reg_probe.hip:12:1: remark:     VGPRs Spill: 0 [-Rpass-analysis=kernel-resource-usage]
/home/kaden/ClaudeCode/warpfront/wt-gdnreg/scratch-2026-09-17/GdnRegPlan/reg_probe.hip:12:1: remark:     LDS Size [bytes/block]: 0 [-Rpass-analysis=kernel-resource-usage]
/home/kaden/ClaudeCode/warpfront/wt-gdnreg/scratch-2026-09-17/GdnRegPlan/reg_probe.hip:12:1: remark: Function Name: _Z5probeILi2ELb1ELb1EEvPfPKfi [-Rpass-analysis=kernel-resource-usage]
/home/kaden/ClaudeCode/warpfront/wt-gdnreg/scratch-2026-09-17/GdnRegPlan/reg_probe.hip:12:1: remark:     TotalSGPRs: 11 [-Rpass-analysis=kernel-resource-usage]
/home/kaden/ClaudeCode/warpfront/wt-gdnreg/scratch-2026-09-17/GdnRegPlan/reg_probe.hip:12:1: remark:     VGPRs: 114 [-Rpass-analysis=kernel-resource-usage]
/home/kaden/ClaudeCode/warpfront/wt-gdnreg/scratch-2026-09-17/GdnRegPlan/reg_probe.hip:12:1: remark:     ScratchSize [bytes/lane]: 0 [-Rpass-analysis=kernel-resource-usage]
/home/kaden/ClaudeCode/warpfront/wt-gdnreg/scratch-2026-09-17/GdnRegPlan/reg_probe.hip:12:1: remark:     Dynamic Stack: False [-Rpass-analysis=kernel-resource-usage]
/home/kaden/ClaudeCode/warpfront/wt-gdnreg/scratch-2026-09-17/GdnRegPlan/reg_probe.hip:12:1: remark:     Occupancy [waves/SIMD]: 12 [-Rpass-analysis=kernel-resource-usage]
/home/kaden/ClaudeCode/warpfront/wt-gdnreg/scratch-2026-09-17/GdnRegPlan/reg_probe.hip:12:1: remark:     SGPRs Spill: 0 [-Rpass-analysis=kernel-resource-usage]
/home/kaden/ClaudeCode/warpfront/wt-gdnreg/scratch-2026-09-17/GdnRegPlan/reg_probe.hip:12:1: remark:     VGPRs Spill: 0 [-Rpass-analysis=kernel-resource-usage]
/home/kaden/ClaudeCode/warpfront/wt-gdnreg/scratch-2026-09-17/GdnRegPlan/reg_probe.hip:12:1: remark:     LDS Size [bytes/block]: 0 [-Rpass-analysis=kernel-resource-usage]
