clang++: warning: argument unused during compilation: '-Llib' [-Wunused-command-line-argument]
clang++: warning: argument unused during compilation: '--hip-link' [-Wunused-command-line-argument]
kernels/src/attention_q8_0_fa2_gqa.gfx1201.hip:1332:1: remark: Function Name: attention_fp8_e4m3_fa2_gqa_gfx1201 [-Rpass-analysis=kernel-resource-usage]
 1332 | {
      | ^
kernels/src/attention_q8_0_fa2_gqa.gfx1201.hip:1332:1: remark:     TotalSGPRs: 33 [-Rpass-analysis=kernel-resource-usage]
kernels/src/attention_q8_0_fa2_gqa.gfx1201.hip:1332:1: remark:     VGPRs: 190 [-Rpass-analysis=kernel-resource-usage]
kernels/src/attention_q8_0_fa2_gqa.gfx1201.hip:1332:1: remark:     ScratchSize [bytes/lane]: 0 [-Rpass-analysis=kernel-resource-usage]
kernels/src/attention_q8_0_fa2_gqa.gfx1201.hip:1332:1: remark:     Dynamic Stack: False [-Rpass-analysis=kernel-resource-usage]
kernels/src/attention_q8_0_fa2_gqa.gfx1201.hip:1332:1: remark:     Occupancy [waves/SIMD]: 8 [-Rpass-analysis=kernel-resource-usage]
kernels/src/attention_q8_0_fa2_gqa.gfx1201.hip:1332:1: remark:     SGPRs Spill: 0 [-Rpass-analysis=kernel-resource-usage]
kernels/src/attention_q8_0_fa2_gqa.gfx1201.hip:1332:1: remark:     VGPRs Spill: 0 [-Rpass-analysis=kernel-resource-usage]
kernels/src/attention_q8_0_fa2_gqa.gfx1201.hip:1332:1: remark:     LDS Size [bytes/block]: 0 [-Rpass-analysis=kernel-resource-usage]
kernels/src/attention_q8_0_fa2_gqa.gfx1201.hip:1422:1: remark: Function Name: attention_fp8_e4m3_fa2_q_preconvert_f16_gfx1201 [-Rpass-analysis=kernel-resource-usage]
 1422 | {
      | ^
kernels/src/attention_q8_0_fa2_gqa.gfx1201.hip:1422:1: remark:     TotalSGPRs: 6 [-Rpass-analysis=kernel-resource-usage]
kernels/src/attention_q8_0_fa2_gqa.gfx1201.hip:1422:1: remark:     VGPRs: 13 [-Rpass-analysis=kernel-resource-usage]
kernels/src/attention_q8_0_fa2_gqa.gfx1201.hip:1422:1: remark:     ScratchSize [bytes/lane]: 0 [-Rpass-analysis=kernel-resource-usage]
kernels/src/attention_q8_0_fa2_gqa.gfx1201.hip:1422:1: remark:     Dynamic Stack: False [-Rpass-analysis=kernel-resource-usage]
kernels/src/attention_q8_0_fa2_gqa.gfx1201.hip:1422:1: remark:     Occupancy [waves/SIMD]: 16 [-Rpass-analysis=kernel-resource-usage]
kernels/src/attention_q8_0_fa2_gqa.gfx1201.hip:1422:1: remark:     SGPRs Spill: 0 [-Rpass-analysis=kernel-resource-usage]
kernels/src/attention_q8_0_fa2_gqa.gfx1201.hip:1422:1: remark:     VGPRs Spill: 0 [-Rpass-analysis=kernel-resource-usage]
kernels/src/attention_q8_0_fa2_gqa.gfx1201.hip:1422:1: remark:     LDS Size [bytes/block]: 0 [-Rpass-analysis=kernel-resource-usage]
kernels/src/attention_q8_0_fa2_gqa.gfx1201.hip:1470:1: remark: Function Name: attention_fp8_e4m3_fa2_q_preconvert_fp8_gfx1201 [-Rpass-analysis=kernel-resource-usage]
 1470 | {
      | ^
kernels/src/attention_q8_0_fa2_gqa.gfx1201.hip:1470:1: remark:     TotalSGPRs: 14 [-Rpass-analysis=kernel-resource-usage]
kernels/src/attention_q8_0_fa2_gqa.gfx1201.hip:1470:1: remark:     VGPRs: 56 [-Rpass-analysis=kernel-resource-usage]
kernels/src/attention_q8_0_fa2_gqa.gfx1201.hip:1470:1: remark:     ScratchSize [bytes/lane]: 0 [-Rpass-analysis=kernel-resource-usage]
kernels/src/attention_q8_0_fa2_gqa.gfx1201.hip:1470:1: remark:     Dynamic Stack: False [-Rpass-analysis=kernel-resource-usage]
kernels/src/attention_q8_0_fa2_gqa.gfx1201.hip:1470:1: remark:     Occupancy [waves/SIMD]: 16 [-Rpass-analysis=kernel-resource-usage]
kernels/src/attention_q8_0_fa2_gqa.gfx1201.hip:1470:1: remark:     SGPRs Spill: 0 [-Rpass-analysis=kernel-resource-usage]
kernels/src/attention_q8_0_fa2_gqa.gfx1201.hip:1470:1: remark:     VGPRs Spill: 0 [-Rpass-analysis=kernel-resource-usage]
kernels/src/attention_q8_0_fa2_gqa.gfx1201.hip:1470:1: remark:     LDS Size [bytes/block]: 0 [-Rpass-analysis=kernel-resource-usage]
kernels/src/attention_q8_0_fa2_gqa.gfx1201.hip:1567:1: remark: Function Name: attention_fp8_e4m3_fa2_gqa_partial_gfx1201 [-Rpass-analysis=kernel-resource-usage]
 1567 | {
      | ^
kernels/src/attention_q8_0_fa2_gqa.gfx1201.hip:1567:1: remark:     TotalSGPRs: 37 [-Rpass-analysis=kernel-resource-usage]
kernels/src/attention_q8_0_fa2_gqa.gfx1201.hip:1567:1: remark:     VGPRs: 191 [-Rpass-analysis=kernel-resource-usage]
kernels/src/attention_q8_0_fa2_gqa.gfx1201.hip:1567:1: remark:     ScratchSize [bytes/lane]: 0 [-Rpass-analysis=kernel-resource-usage]
kernels/src/attention_q8_0_fa2_gqa.gfx1201.hip:1567:1: remark:     Dynamic Stack: False [-Rpass-analysis=kernel-resource-usage]
kernels/src/attention_q8_0_fa2_gqa.gfx1201.hip:1567:1: remark:     Occupancy [waves/SIMD]: 8 [-Rpass-analysis=kernel-resource-usage]
kernels/src/attention_q8_0_fa2_gqa.gfx1201.hip:1567:1: remark:     SGPRs Spill: 0 [-Rpass-analysis=kernel-resource-usage]
kernels/src/attention_q8_0_fa2_gqa.gfx1201.hip:1567:1: remark:     VGPRs Spill: 0 [-Rpass-analysis=kernel-resource-usage]
kernels/src/attention_q8_0_fa2_gqa.gfx1201.hip:1567:1: remark:     LDS Size [bytes/block]: 0 [-Rpass-analysis=kernel-resource-usage]
kernels/src/attention_q8_0_fa2_gqa.gfx1201.hip:1647:1: remark: Function Name: attention_fp8_e4m3_fa2_gqa_merge_gfx1201 [-Rpass-analysis=kernel-resource-usage]
 1647 | {
      | ^
kernels/src/attention_q8_0_fa2_gqa.gfx1201.hip:1647:1: remark:     TotalSGPRs: 10 [-Rpass-analysis=kernel-resource-usage]
kernels/src/attention_q8_0_fa2_gqa.gfx1201.hip:1647:1: remark:     VGPRs: 17 [-Rpass-analysis=kernel-resource-usage]
kernels/src/attention_q8_0_fa2_gqa.gfx1201.hip:1647:1: remark:     ScratchSize [bytes/lane]: 0 [-Rpass-analysis=kernel-resource-usage]
kernels/src/attention_q8_0_fa2_gqa.gfx1201.hip:1647:1: remark:     Dynamic Stack: False [-Rpass-analysis=kernel-resource-usage]
kernels/src/attention_q8_0_fa2_gqa.gfx1201.hip:1647:1: remark:     Occupancy [waves/SIMD]: 16 [-Rpass-analysis=kernel-resource-usage]
kernels/src/attention_q8_0_fa2_gqa.gfx1201.hip:1647:1: remark:     SGPRs Spill: 0 [-Rpass-analysis=kernel-resource-usage]
kernels/src/attention_q8_0_fa2_gqa.gfx1201.hip:1647:1: remark:     VGPRs Spill: 0 [-Rpass-analysis=kernel-resource-usage]
kernels/src/attention_q8_0_fa2_gqa.gfx1201.hip:1647:1: remark:     LDS Size [bytes/block]: 0 [-Rpass-analysis=kernel-resource-usage]
kernels/src/attention_q8_0_fa2_gqa.gfx1201.hip:2182:1: remark: Function Name: attention_fp8_e4m3_fa2_gqa_packet_gfx1201 [-Rpass-analysis=kernel-resource-usage]
 2182 | {
      | ^
kernels/src/attention_q8_0_fa2_gqa.gfx1201.hip:2182:1: remark:     TotalSGPRs: 29 [-Rpass-analysis=kernel-resource-usage]
kernels/src/attention_q8_0_fa2_gqa.gfx1201.hip:2182:1: remark:     VGPRs: 164 [-Rpass-analysis=kernel-resource-usage]
kernels/src/attention_q8_0_fa2_gqa.gfx1201.hip:2182:1: remark:     ScratchSize [bytes/lane]: 0 [-Rpass-analysis=kernel-resource-usage]
kernels/src/attention_q8_0_fa2_gqa.gfx1201.hip:2182:1: remark:     Dynamic Stack: False [-Rpass-analysis=kernel-resource-usage]
kernels/src/attention_q8_0_fa2_gqa.gfx1201.hip:2182:1: remark:     Occupancy [waves/SIMD]: 9 [-Rpass-analysis=kernel-resource-usage]
kernels/src/attention_q8_0_fa2_gqa.gfx1201.hip:2182:1: remark:     SGPRs Spill: 0 [-Rpass-analysis=kernel-resource-usage]
kernels/src/attention_q8_0_fa2_gqa.gfx1201.hip:2182:1: remark:     VGPRs Spill: 0 [-Rpass-analysis=kernel-resource-usage]
kernels/src/attention_q8_0_fa2_gqa.gfx1201.hip:2182:1: remark:     LDS Size [bytes/block]: 0 [-Rpass-analysis=kernel-resource-usage]
kernels/src/attention_q8_0_fa2_gqa.gfx1201.hip:2215:1: remark: Function Name: attention_fp8_e4m3_fa2_gqa_packet_partial_gfx1201 [-Rpass-analysis=kernel-resource-usage]
 2215 | {
      | ^
kernels/src/attention_q8_0_fa2_gqa.gfx1201.hip:2215:1: remark:     TotalSGPRs: 32 [-Rpass-analysis=kernel-resource-usage]
kernels/src/attention_q8_0_fa2_gqa.gfx1201.hip:2215:1: remark:     VGPRs: 167 [-Rpass-analysis=kernel-resource-usage]
kernels/src/attention_q8_0_fa2_gqa.gfx1201.hip:2215:1: remark:     ScratchSize [bytes/lane]: 0 [-Rpass-analysis=kernel-resource-usage]
kernels/src/attention_q8_0_fa2_gqa.gfx1201.hip:2215:1: remark:     Dynamic Stack: False [-Rpass-analysis=kernel-resource-usage]
kernels/src/attention_q8_0_fa2_gqa.gfx1201.hip:2215:1: remark:     Occupancy [waves/SIMD]: 9 [-Rpass-analysis=kernel-resource-usage]
kernels/src/attention_q8_0_fa2_gqa.gfx1201.hip:2215:1: remark:     SGPRs Spill: 0 [-Rpass-analysis=kernel-resource-usage]
kernels/src/attention_q8_0_fa2_gqa.gfx1201.hip:2215:1: remark:     VGPRs Spill: 0 [-Rpass-analysis=kernel-resource-usage]
kernels/src/attention_q8_0_fa2_gqa.gfx1201.hip:2215:1: remark:     LDS Size [bytes/block]: 0 [-Rpass-analysis=kernel-resource-usage]
kernels/src/attention_q8_0_fa2_gqa.gfx1201.hip:2247:1: remark: Function Name: attention_fp8_e4m3_fa2_gqa_packet_merge_gfx1201 [-Rpass-analysis=kernel-resource-usage]
 2247 | {
      | ^
kernels/src/attention_q8_0_fa2_gqa.gfx1201.hip:2247:1: remark:     TotalSGPRs: 10 [-Rpass-analysis=kernel-resource-usage]
kernels/src/attention_q8_0_fa2_gqa.gfx1201.hip:2247:1: remark:     VGPRs: 17 [-Rpass-analysis=kernel-resource-usage]
kernels/src/attention_q8_0_fa2_gqa.gfx1201.hip:2247:1: remark:     ScratchSize [bytes/lane]: 0 [-Rpass-analysis=kernel-resource-usage]
kernels/src/attention_q8_0_fa2_gqa.gfx1201.hip:2247:1: remark:     Dynamic Stack: False [-Rpass-analysis=kernel-resource-usage]
kernels/src/attention_q8_0_fa2_gqa.gfx1201.hip:2247:1: remark:     Occupancy [waves/SIMD]: 16 [-Rpass-analysis=kernel-resource-usage]
kernels/src/attention_q8_0_fa2_gqa.gfx1201.hip:2247:1: remark:     SGPRs Spill: 0 [-Rpass-analysis=kernel-resource-usage]
kernels/src/attention_q8_0_fa2_gqa.gfx1201.hip:2247:1: remark:     VGPRs Spill: 0 [-Rpass-analysis=kernel-resource-usage]
kernels/src/attention_q8_0_fa2_gqa.gfx1201.hip:2247:1: remark:     LDS Size [bytes/block]: 0 [-Rpass-analysis=kernel-resource-usage]
