gfx1151 1/8 A: {'pp512': 991.9, 'pp8192': 852.8, 'tg128@128': 14.856687208117444}
gfx1151 2/8 B: {'pp512': 1145.8, 'pp8192': 1000.6, 'tg128@128': 14.853894429394929}
gfx1151 3/8 B: {'pp512': 1137.0, 'pp8192': 991.0, 'tg128@128': 14.848076909593638}
gfx1151 4/8 A: {'pp512': 955.9, 'pp8192': 830.1, 'tg128@128': 14.85572699175922}
gfx1151 5/8 A: {'pp512': 953.0, 'pp8192': 829.0, 'tg128@128': 14.859011696536433}
gfx1151 6/8 B: {'pp512': 1130.8, 'pp8192': 989.1, 'tg128@128': 14.861453967095605}
gfx1151 7/8 B: {'pp512': 1127.9, 'pp8192': 986.5, 'tg128@128': 14.850776315148758}
gfx1151 8/8 A: {'pp512': 955.1, 'pp8192': 829.9, 'tg128@128': 14.854615029000366}
{
  "arch": "gfx1151",
  "rows": {
    "pp512": {
      "mq4lloyd_tok_s": [
        991.9,
        955.9,
        953.0,
        955.1
      ],
      "v2b_tok_s": [
        1145.8,
        1137.0,
        1130.8,
        1127.9
      ],
      "mq4lloyd_mean": 963.975,
      "v2b_mean": 1135.375,
      "speedup": 1.1778054410124743,
      "cycle_speedup": [
        1.1719889105657666,
        1.1837429904093077
      ]
    },
    "pp8192": {
      "mq4lloyd_tok_s": [
        852.8,
        830.1,
        829.0,
        829.9
      ],
      "v2b_tok_s": [
        1000.6,
        991.0,
        989.1,
        986.5
      ],
      "mq4lloyd_mean": 835.45,
      "v2b_mean": 991.8,
      "speedup": 1.1871446525824405,
      "cycle_speedup": [
        1.1834333590825359,
        1.1909096389173548
      ]
    },
    "tg128@128": {
      "mq4lloyd_tok_s": [
        14.856687208117444,
        14.85572699175922,
        14.859011696536433,
        14.854615029000366
      ],
      "v2b_tok_s": [
        14.853894429394929,
        14.848076909593638,
        14.861453967095605,
        14.850776315148758
      ],
      "mq4lloyd_mean": 14.856510231353365,
      "v2b_mean": 14.853550405308233,
      "speedup": 0.9998007724560453,
      "cycle_speedup": [
        0.9996485354297417,
        0.9999530032700036
      ]
    }
  }
}
gfx1151 ABBA gate PASS
