BEGIN matrix-n2-n4-pair1 2026-09-20T08:33:59+00:00
END matrix-n2-n4-pair1 2026-09-20T08:34:41+00:00
BEGIN matrix-n2-candidate-pair1 2026-09-20T08:34:41+00:00
END matrix-n2-candidate-pair1 2026-09-20T08:35:17+00:00
BEGIN matrix-n2-candidate-pair2 2026-09-20T08:35:17+00:00
END matrix-n2-candidate-pair2 2026-09-20T08:35:48+00:00
BEGIN matrix-n2-n4-pair2 2026-09-20T08:35:48+00:00
END matrix-n2-n4-pair2 2026-09-20T08:36:19+00:00
BEGIN ttft-n2-n4-pair1 2026-09-20T08:36:19+00:00
END ttft-n2-n4-pair1 2026-09-20T08:36:41+00:00
BEGIN ttft-n2-candidate-pair1 2026-09-20T08:36:41+00:00
END ttft-n2-candidate-pair1 2026-09-20T08:37:03+00:00
BEGIN ttft-n2-candidate-pair2 2026-09-20T08:37:03+00:00
END ttft-n2-candidate-pair2 2026-09-20T08:37:24+00:00
BEGIN ttft-n2-n4-pair2 2026-09-20T08:37:24+00:00
END ttft-n2-n4-pair2 2026-09-20T08:37:46+00:00
BEGIN matrix-n1-n4-pair1 2026-09-20T08:37:46+00:00
END matrix-n1-n4-pair1 2026-09-20T08:38:18+00:00
BEGIN matrix-n1-candidate-pair1 2026-09-20T08:38:18+00:00
END matrix-n1-candidate-pair1 2026-09-20T08:38:54+00:00
BEGIN matrix-n1-candidate-pair2 2026-09-20T08:38:54+00:00
END matrix-n1-candidate-pair2 2026-09-20T08:39:25+00:00
BEGIN matrix-n1-n4-pair2 2026-09-20T08:39:25+00:00
END matrix-n1-n4-pair2 2026-09-20T08:39:56+00:00
BEGIN ttft-n1-n4-pair1 2026-09-20T08:39:56+00:00
END ttft-n1-n4-pair1 2026-09-20T08:40:18+00:00
BEGIN ttft-n1-candidate-pair1 2026-09-20T08:40:18+00:00
END ttft-n1-candidate-pair1 2026-09-20T08:40:39+00:00
BEGIN ttft-n1-candidate-pair2 2026-09-20T08:40:39+00:00
END ttft-n1-candidate-pair2 2026-09-20T08:41:00+00:00
BEGIN ttft-n1-n4-pair2 2026-09-20T08:41:00+00:00
END ttft-n1-n4-pair2 2026-09-20T08:41:22+00:00
A4_PERF_COMPLETE
