BEGIN matrix-n2-n4-pair1 2026-09-20T08:57:54+00:00
END matrix-n2-n4-pair1 2026-09-20T08:58:32+00:00
BEGIN matrix-n2-candidate-pair1 2026-09-20T08:58:32+00:00
END matrix-n2-candidate-pair1 2026-09-20T08:59:07+00:00
BEGIN matrix-n2-candidate-pair2 2026-09-20T08:59:07+00:00
END matrix-n2-candidate-pair2 2026-09-20T08:59:35+00:00
BEGIN matrix-n2-n4-pair2 2026-09-20T08:59:35+00:00
END matrix-n2-n4-pair2 2026-09-20T09:00:05+00:00
BEGIN ttft-n2-n4-pair1 2026-09-20T09:00:05+00:00
END ttft-n2-n4-pair1 2026-09-20T09:00:24+00:00
BEGIN ttft-n2-candidate-pair1 2026-09-20T09:00:24+00:00
END ttft-n2-candidate-pair1 2026-09-20T09:00:43+00:00
BEGIN ttft-n2-candidate-pair2 2026-09-20T09:00:43+00:00
END ttft-n2-candidate-pair2 2026-09-20T09:01:01+00:00
BEGIN ttft-n2-n4-pair2 2026-09-20T09:01:01+00:00
END ttft-n2-n4-pair2 2026-09-20T09:01:21+00:00
BEGIN matrix-n1-n4-pair1 2026-09-20T09:01:21+00:00
END matrix-n1-n4-pair1 2026-09-20T09:01:50+00:00
BEGIN matrix-n1-candidate-pair1 2026-09-20T09:01:50+00:00
END matrix-n1-candidate-pair1 2026-09-20T09:02:25+00:00
BEGIN matrix-n1-candidate-pair2 2026-09-20T09:02:25+00:00
END matrix-n1-candidate-pair2 2026-09-20T09:02:54+00:00
BEGIN matrix-n1-n4-pair2 2026-09-20T09:02:54+00:00
END matrix-n1-n4-pair2 2026-09-20T09:03:23+00:00
BEGIN ttft-n1-n4-pair1 2026-09-20T09:03:23+00:00
END ttft-n1-n4-pair1 2026-09-20T09:03:42+00:00
BEGIN ttft-n1-candidate-pair1 2026-09-20T09:03:42+00:00
END ttft-n1-candidate-pair1 2026-09-20T09:04:00+00:00
BEGIN ttft-n1-candidate-pair2 2026-09-20T09:04:00+00:00
END ttft-n1-candidate-pair2 2026-09-20T09:04:19+00:00
BEGIN ttft-n1-n4-pair2 2026-09-20T09:04:19+00:00
END ttft-n1-n4-pair2 2026-09-20T09:04:38+00:00
A4_SYM_PERF_COMPLETE
