3933344 read(3, "\177ELF\2\1\1\3\0\0\0\0\0\0\0\0\3\0>\0\1\0\0\0\0\0\0\0\0\0\0\0"..., 832) = 832
3933344 read(3, "\177ELF\2\1\1\0\0\0\0\0\0\0\0\0\3\0>\0\1\0\0\0\0\0\0\0\0\0\0\0"..., 832) = 832
3933344 read(3, "\177ELF\2\1\1\0\0\0\0\0\0\0\0\0\3\0>\0\1\0\0\0\0\0\0\0\0\0\0\0"..., 832) = 832
3933344 read(3, "\177ELF\2\1\1\3\0\0\0\0\0\0\0\0\3\0>\0\1\0\0\0 \250\2\0\0\0\0\0"..., 832) = 832
3933344 read(3, "0\n", 32)              = 2
3933344 read(3, "00400000-00422000 r--p 00000000 "..., 1024) = 1024
3933344 read(3, "0e000-7e0adf612000 r--p 0020e000"..., 1024) = 1024
3933344 read(3, "-7e0adf6f4000 r-xp 00003000 fc:0"..., 1024) = 1024
3933344 read(3, " 00:00 0 \n7e0adf829000-7e0adf82a"..., 1024) = 1024
3933344 read(3, "         /usr/lib/x86_64-linux-g"..., 1024) = 270
3933344 read(3, "TZif2\0\0\0\0\0\0\0\0\0\0\0\0\0\0\0\0\0\0\0\0\0\0\0\0\0\0\0"..., 4096) = 114
3933344 read(3, "TZif2\0\0\0\0\0\0\0\0\0\0\0\0\0\0\0\0\0\0\0\0\0\0\0\0\0\0\0"..., 4096) = 60
3933344 read(3, "+\16\r\n\0\0\0\0\366\331\206j9\27\0\0\343\0\0\0\0\0\0\0\0\0\0\0\0\6\0\0"..., 6739) = 6738
3933344 read(3, "", 1)                  = 0
3933344 read(3, "+\16\r\n\0\0\0\0\366\331\206jU>\0\0\343\0\0\0\0\0\0\0\0\0\0\0\0\25\0\0"..., 12557) = 12556
3933344 read(3, "", 1)                  = 0
3933344 read(3, "+\16\r\n\0\0\0\0\366\331\206j\355\3\0\0\343\0\0\0\0\0\0\0\0\0\0\0\0\5\0\0"..., 2331) = 2330
3933344 read(3, "", 1)                  = 0
3933344 read(3, "import os; var = 'SETUPTOOLS_USE"..., 152) = 151
3933344 read(3, "", 1)                  = 0
3933344 read(3, "+\16\r\n\0\0\0\0\366\331\206j%\20\0\0\343\0\0\0\0\0\0\0\0\0\0\0\0\5\0\0"..., 7201) = 7200
3933344 read(3, "", 1)                  = 0
3933344 read(3, "+\16\r\n\0\0\0\0\16\352\3hc\32\0\0\343\0\0\0\0\0\0\0\0\0\0\0\0\6\0\0"..., 11662) = 11661
3933344 read(3, "", 1)                  = 0
3933344 read(3, "+\16\r\n\0\0\0\0W\323\325i\233\0\0\0\343\0\0\0\0\0\0\0\0\0\0\0\0\4\0\0"..., 306) = 305
3933344 read(3, "", 1)                  = 0
3933344 read(3, "+\16\r\n\0\0\0\0o\306Fj\300\"\0\0\343\0\0\0\0\0\0\0\0\0\0\0\0\2\0\0"..., 10240) = 10239
3933344 read(3, "", 1)                  = 0
3933344 read(3, "+\16\r\n\0\0\0\0\366\331\206j\303,\0\0\343\0\0\0\0\0\0\0\0\0\0\0\0\6\0\0"..., 15841) = 15840
3933344 read(3, "", 1)                  = 0
3933344 read(3, "#!/usr/bin/env python3\n\"\"\"Tee re"..., 131072) = 1326
3933344 read(3, "", 129746)             = 0
3933344 read(3, "#!/usr/bin/env python3\n\"\"\"Tee re"..., 4096) = 1326
3933344 read(3, "#!/usr/bin/env python3\n\"\"\"Tee re"..., 4096) = 1326
3933344 read(3, "", 4096)               = 0
3933344 read(3, "+\16\r\n\0\0\0\0\366\331\206jlb\1\0\343\0\0\0\0\0\0\0\0\0\0\0\0\10\0\0"..., 84954) = 84953
3933344 read(3, "", 1)                  = 0
3933344 read(3, "+\16\r\n\0\0\0\0\366\331\206j\0315\1\0\343\0\0\0\0\0\0\0\0\0\0\0\0\25\0\0"..., 59906) = 59905
3933344 read(3, "", 1)                  = 0
3933344 read(3, "+\16\r\n\0\0\0\0\366\331\206j)\252\0\0\343\0\0\0\0\0\0\0\0\0\0\0\0\v\0\0"..., 48008) = 48007
3933344 read(3, "", 1)                  = 0
3933344 read(3, "+\16\r\n\0\0\0\0\366\331\206j\247\316\0\0\343\0\0\0\0\0\0\0\0\0\0\0\0\6\0\0"..., 74760) = 74759
3933344 read(3, "", 1)                  = 0
3933344 read(3, "+\16\r\n\0\0\0\0\366\331\206j1\4\0\0\343\0\0\0\0\0\0\0\0\0\0\0\0\3\0\0"..., 1532) = 1531
3933344 read(3, "", 1)                  = 0
3933344 read(3, "+\16\r\n\0\0\0\0\366\331\206j\226+\0\0\343\0\0\0\0\0\0\0\0\0\0\0\0\4\0\0"..., 18997) = 18996
3933344 read(3, "", 1)                  = 0
3933344 read(3, "+\16\r\n\0\0\0\0\366\331\206j\200\37\0\0\343\0\0\0\0\0\0\0\0\0\0\0\0\4\0\0"..., 11681) = 11680
3933344 read(3, "", 1)                  = 0
3933344 read(3, "+\16\r\n\0\0\0\0\366\331\206j\277\t\0\0\343\0\0\0\0\0\0\0\0\0\0\0\0\5\0\0"..., 4584) = 4583
3933344 read(3, "", 1)                  = 0
3933344 read(3, "+\16\r\n\0\0\0\0\366\331\206j\302M\1\0\343\0\0\0\0\0\0\0\0\0\0\0\0\t\0\0"..., 88027) = 88026
3933344 read(3, "", 1)                  = 0
3933344 read(3, "+\16\r\n\0\0\0\0\366\331\206j[\336\0\0\343\0\0\0\0\0\0\0\0\0\0\0\0\5\0\0"..., 66489) = 66488
3933344 read(3, "", 1)                  = 0
3933344 read(3, "+\16\r\n\0\0\0\0\366\331\206jz\17\0\0\343\0\0\0\0\0\0\0\0\0\0\0\0\4\0\0"..., 9402) = 9401
3933344 read(3, "", 1)                  = 0
3933344 read(3, "+\16\r\n\0\0\0\0\366\331\206j\256\7\0\0\343\0\0\0\0\0\0\0\0\0\0\0\0\4\0\0"..., 2497) = 2496
3933344 read(3, "", 1)                  = 0
3933344 read(3, "+\16\r\n\0\0\0\0\366\331\206j\247w\0\0\343\0\0\0\0\0\0\0\0\0\0\0\0\5\0\0"..., 36981) = 36980
3933344 read(3, "", 1)                  = 0
3933344 read(3, "+\16\r\n\0\0\0\0\366\331\206j\231l\0\0\343\0\0\0\0\0\0\0\0\0\0\0\0\7\0\0"..., 31137) = 31136
3933344 read(3, "", 1)                  = 0
3933344 read(3, "+\16\r\n\0\0\0\0\366\331\206j\1L\0\0\343\0\0\0\0\0\0\0\0\0\0\0\0\6\0\0"..., 27060) = 27059
3933344 read(3, "", 1)                  = 0
3933344 read(9, "", 50000)              = 0
3933346 read(3, "\177ELF\2\1\1\0\0\0\0\0\0\0\0\0\3\0>\0\1\0\0\0\0\0\0\0\0\0\0\0"..., 832) = 832
3933347 read(0, "{\"type\":\"configure\",\"config\":{\"s"..., 131072) = 1378
3933346 read(3, "\177ELF\2\1\1\3\0\0\0\0\0\0\0\0\3\0>\0\1\0\0\0\0\0\0\0\0\0\0\0"..., 832) = 832
3933347 read(0 <unfinished ...>
3933346 read(3, "\177ELF\2\1\1\3\0\0\0\0\0\0\0\0\3\0>\0\1\0\0\0 \250\2\0\0\0\0\0"..., 832) = 832
3933348 read(7 <unfinished ...>
3933346 read(3, "59ecd8557000-59ecd97df000 r--p 0"..., 1024) = 1024
3933346 read(3, "64-linux-gnu/libc.so.6\n75ffd900e"..., 1024) = 1024
3933346 read(3, "-xp 00004000 fc:00 4753328      "..., 1024) = 1024
3933346 read(3, "          /usr/lib/x86_64-linux-"..., 1024) = 511
3933346 write(3, "3933346", 7)          = 7
3933346 write(3, "\n", 1)               = 1
3933346 read(0 <unfinished ...>
3933345 write(3, "Timeout (0:00:25)!\n", 19) = 19
3933345 write(3, "Thread 0x", 9)        = 9
3933345 write(3, "00007e0adddca6c0", 16) = 16
3933345 read(4, "Thread-2 (pump)\n", 100) = 16
3933345 write(3, " [", 2)               = 2
3933345 write(3, "Thread-2 (pump)", 15) = 15
3933345 write(3, "]", 1)                = 1
3933345 write(3, " (most recent call first):\n", 27) = 27
3933345 write(3, "  File ", 7)          = 7
3933345 write(3, "\"", 1)               = 1
3933345 write(3, "/home/kaden/ClaudeCode/warpfront"..., 87) = 87
3933345 write(3, "\"", 1)               = 1
3933345 write(3, ", line ", 7)          = 7
3933345 write(3, "21", 2)               = 2
3933345 write(3, " in ", 4)             = 4
3933345 write(3, "pump", 4)             = 4
3933345 write(3, "\n", 1)               = 1
3933345 write(3, "  File ", 7)          = 7
3933345 write(3, "\"", 1)               = 1
3933345 write(3, "/usr/lib/python3.14/threading.py", 32) = 32
3933345 write(3, "\"", 1)               = 1
3933345 write(3, ", line ", 7)          = 7
3933345 write(3, "1024", 4)             = 4
3933345 write(3, " in ", 4)             = 4
3933345 write(3, "run", 3)              = 3
3933345 write(3, "\n", 1)               = 1
3933345 write(3, "  File ", 7)          = 7
3933345 write(3, "\"", 1)               = 1
3933345 write(3, "/usr/lib/python3.14/threading.py", 32) = 32
3933345 write(3, "\"", 1)               = 1
3933345 write(3, ", line ", 7)          = 7
3933345 write(3, "1082", 4)             = 4
3933345 write(3, " in ", 4)             = 4
3933345 write(3, "_bootstrap_inner", 16) = 16
3933345 write(3, "\n", 1)               = 1
3933345 write(3, "  File ", 7)          = 7
3933345 write(3, "\"", 1)               = 1
3933345 write(3, "/usr/lib/python3.14/threading.py", 32) = 32
3933345 write(3, "\"", 1)               = 1
3933345 write(3, ", line ", 7)          = 7
3933345 write(3, "1044", 4)             = 4
3933345 write(3, " in ", 4)             = 4
3933345 write(3, "_bootstrap", 10)      = 10
3933345 write(3, "\n", 1)               = 1
3933345 write(3, "\n", 1)               = 1
3933345 write(3, "Thread 0x", 9)        = 9
3933345 write(3, "00007e0ade5cb6c0", 16) = 16
3933345 read(4, "Thread-1 (pump)\n", 100) = 16
3933345 write(3, " [", 2)               = 2
3933345 write(3, "Thread-1 (pump)", 15) = 15
3933345 write(3, "]", 1)                = 1
3933345 write(3, " (most recent call first):\n", 27) = 27
3933345 write(3, "  File ", 7)          = 7
3933345 write(3, "\"", 1)               = 1
3933345 write(3, "/home/kaden/ClaudeCode/warpfront"..., 87) = 87
3933345 write(3, "\"", 1)               = 1
3933345 write(3, ", line ", 7)          = 7
3933345 write(3, "21", 2)               = 2
3933345 write(3, " in ", 4)             = 4
3933345 write(3, "pump", 4)             = 4
3933345 write(3, "\n", 1)               = 1
3933345 write(3, "  File ", 7)          = 7
3933345 write(3, "\"", 1)               = 1
3933345 write(3, "/usr/lib/python3.14/threading.py", 32) = 32
3933345 write(3, "\"", 1)               = 1
3933345 write(3, ", line ", 7)          = 7
3933345 write(3, "1024", 4)             = 4
3933345 write(3, " in ", 4)             = 4
3933345 write(3, "run", 3)              = 3
3933345 write(3, "\n", 1)               = 1
3933345 write(3, "  File ", 7)          = 7
3933345 write(3, "\"", 1)               = 1
3933345 write(3, "/usr/lib/python3.14/threading.py", 32) = 32
3933345 write(3, "\"", 1)               = 1
3933345 write(3, ", line ", 7)          = 7
3933345 write(3, "1082", 4)             = 4
3933345 write(3, " in ", 4)             = 4
3933345 write(3, "_bootstrap_inner", 16) = 16
3933345 write(3, "\n", 1)               = 1
3933345 write(3, "  File ", 7)          = 7
3933345 write(3, "\"", 1)               = 1
3933345 write(3, "/usr/lib/python3.14/threading.py", 32) = 32
3933345 write(3, "\"", 1)               = 1
3933345 write(3, ", line ", 7)          = 7
3933345 write(3, "1044", 4)             = 4
3933345 write(3, " in ", 4)             = 4
3933345 write(3, "_bootstrap", 10)      = 10
3933345 write(3, "\n", 1)               = 1
3933345 write(3, "\n", 1)               = 1
3933345 write(3, "Thread 0x", 9)        = 9
3933345 write(3, "00007e0adf6b0200", 16) = 16
3933345 read(4, "python3\n", 100)       = 8
3933345 write(3, " [", 2)               = 2
3933345 write(3, "python3", 7)          = 7
3933345 write(3, "]", 1)                = 1
3933345 write(3, " (most recent call first):\n", 27) = 27
3933345 write(3, "  File ", 7)          = 7
3933345 write(3, "\"", 1)               = 1
3933345 write(3, "/usr/lib/python3.14/subprocess.p"..., 33) = 33
3933345 write(3, "\"", 1)               = 1
3933345 write(3, ", line ", 7)          = 7
3933345 write(3, "2042", 4)             = 4
3933345 write(3, " in ", 4)             = 4
3933345 write(3, "_try_wait", 9)        = 9
3933345 write(3, "\n", 1)               = 1
3933345 write(3, "  File ", 7)          = 7
3933345 write(3, "\"", 1)               = 1
3933345 write(3, "/usr/lib/python3.14/subprocess.p"..., 33) = 33
3933345 write(3, "\"", 1)               = 1
3933345 write(3, ", line ", 7)          = 7
3933345 write(3, "2084", 4)             = 4
3933345 write(3, " in ", 4)             = 4
3933345 write(3, "_wait", 5)            = 5
3933345 write(3, "\n", 1)               = 1
3933345 write(3, "  File ", 7)          = 7
3933345 write(3, "\"", 1)               = 1
3933345 write(3, "/usr/lib/python3.14/subprocess.p"..., 33) = 33
3933345 write(3, "\"", 1)               = 1
3933345 write(3, ", line ", 7)          = 7
3933345 write(3, "1279", 4)             = 4
3933345 write(3, " in ", 4)             = 4
3933345 write(3, "wait", 4)             = 4
3933345 write(3, "\n", 1)               = 1
3933345 write(3, "  File ", 7)          = 7
3933345 write(3, "\"", 1)               = 1
3933345 write(3, "/home/kaden/ClaudeCode/warpfront"..., 87) = 87
3933345 write(3, "\"", 1)               = 1
3933345 write(3, ", line ", 7)          = 7
3933345 write(3, "56", 2)               = 2
3933345 write(3, " in ", 4)             = 4
3933345 write(3, "main", 4)             = 4
3933345 write(3, "\n", 1)               = 1
3933345 write(3, "  File ", 7)          = 7
3933345 write(3, "\"", 1)               = 1
3933345 write(3, "/home/kaden/ClaudeCode/warpfront"..., 87) = 87
3933345 write(3, "\"", 1)               = 1
3933345 write(3, ", line ", 7)          = 7
3933345 write(3, "59", 2)               = 2
3933345 write(3, " in ", 4)             = 4
3933345 write(3, "<module>", 8)         = 8
3933345 write(3, "\n", 1)               = 1
3933345 +++ exited with 0 +++
3933344 --- SIGTERM {si_signo=SIGTERM, si_code=SI_USER, si_pid=457898, si_uid=1000} ---
3933347 <... read resumed> <unfinished ...>) = ?
3933348 <... read resumed> <unfinished ...>) = ?
3933347 +++ killed by SIGTERM +++
3933348 +++ killed by SIGTERM +++
3933344 +++ killed by SIGTERM +++
3933346 <... read resumed>, "", 8192)   = 0
3933346 +++ exited with 0 +++
