remark: cpol20.hip:135:0: Function Name: quantize_int4_mmq_ds128 [-Rpass-analysis=kernel-resource-usage]
remark: cpol20.hip:135:0:     TotalSGPRs: 14 [-Rpass-analysis=kernel-resource-usage]
remark: cpol20.hip:135:0:     VGPRs: 36 [-Rpass-analysis=kernel-resource-usage]
remark: cpol20.hip:135:0:     ScratchSize [bytes/lane]: 0 [-Rpass-analysis=kernel-resource-usage]
remark: cpol20.hip:135:0:     Dynamic Stack: False [-Rpass-analysis=kernel-resource-usage]
remark: cpol20.hip:135:0:     Occupancy [waves/SIMD]: 16 [-Rpass-analysis=kernel-resource-usage]
remark: cpol20.hip:135:0:     SGPRs Spill: 0 [-Rpass-analysis=kernel-resource-usage]
remark: cpol20.hip:135:0:     VGPRs Spill: 0 [-Rpass-analysis=kernel-resource-usage]
remark: cpol20.hip:135:0:     LDS Size [bytes/block]: 0 [-Rpass-analysis=kernel-resource-usage]
remark: cpol20.hip:891:0: Function Name: gemm_mq4g256v2_residual_mmq_iu4 [-Rpass-analysis=kernel-resource-usage]
remark: cpol20.hip:891:0:     TotalSGPRs: 46 [-Rpass-analysis=kernel-resource-usage]
remark: cpol20.hip:891:0:     VGPRs: 204 [-Rpass-analysis=kernel-resource-usage]
remark: cpol20.hip:891:0:     ScratchSize [bytes/lane]: 0 [-Rpass-analysis=kernel-resource-usage]
remark: cpol20.hip:891:0:     Dynamic Stack: False [-Rpass-analysis=kernel-resource-usage]
remark: cpol20.hip:891:0:     Occupancy [waves/SIMD]: 7 [-Rpass-analysis=kernel-resource-usage]
remark: cpol20.hip:891:0:     SGPRs Spill: 0 [-Rpass-analysis=kernel-resource-usage]
remark: cpol20.hip:891:0:     VGPRs Spill: 0 [-Rpass-analysis=kernel-resource-usage]
remark: cpol20.hip:891:0:     LDS Size [bytes/block]: 0 [-Rpass-analysis=kernel-resource-usage]
remark: cpol20.hip:905:0: Function Name: gemm_mq4g256v2_residual_mmq_iu4_full_add [-Rpass-analysis=kernel-resource-usage]
remark: cpol20.hip:905:0:     TotalSGPRs: 43 [-Rpass-analysis=kernel-resource-usage]
remark: cpol20.hip:905:0:     VGPRs: 204 [-Rpass-analysis=kernel-resource-usage]
remark: cpol20.hip:905:0:     ScratchSize [bytes/lane]: 0 [-Rpass-analysis=kernel-resource-usage]
remark: cpol20.hip:905:0:     Dynamic Stack: False [-Rpass-analysis=kernel-resource-usage]
remark: cpol20.hip:905:0:     Occupancy [waves/SIMD]: 7 [-Rpass-analysis=kernel-resource-usage]
remark: cpol20.hip:905:0:     SGPRs Spill: 0 [-Rpass-analysis=kernel-resource-usage]
remark: cpol20.hip:905:0:     VGPRs Spill: 0 [-Rpass-analysis=kernel-resource-usage]
remark: cpol20.hip:905:0:     LDS Size [bytes/block]: 0 [-Rpass-analysis=kernel-resource-usage]
remark: cpol20.hip:915:0: Function Name: gemm_mq4g256v2_residual_mmq_iu4_full_set [-Rpass-analysis=kernel-resource-usage]
remark: cpol20.hip:915:0:     TotalSGPRs: 43 [-Rpass-analysis=kernel-resource-usage]
remark: cpol20.hip:915:0:     VGPRs: 204 [-Rpass-analysis=kernel-resource-usage]
remark: cpol20.hip:915:0:     ScratchSize [bytes/lane]: 0 [-Rpass-analysis=kernel-resource-usage]
remark: cpol20.hip:915:0:     Dynamic Stack: False [-Rpass-analysis=kernel-resource-usage]
remark: cpol20.hip:915:0:     Occupancy [waves/SIMD]: 7 [-Rpass-analysis=kernel-resource-usage]
remark: cpol20.hip:915:0:     SGPRs Spill: 0 [-Rpass-analysis=kernel-resource-usage]
remark: cpol20.hip:915:0:     VGPRs Spill: 0 [-Rpass-analysis=kernel-resource-usage]
remark: cpol20.hip:915:0:     LDS Size [bytes/block]: 0 [-Rpass-analysis=kernel-resource-usage]
