remark: sched-memory-baseline.hip:135:0: Function Name: quantize_int4_mmq_ds128 [-Rpass-analysis=kernel-resource-usage]
remark: sched-memory-baseline.hip:135:0:     TotalSGPRs: 14 [-Rpass-analysis=kernel-resource-usage]
remark: sched-memory-baseline.hip:135:0:     VGPRs: 36 [-Rpass-analysis=kernel-resource-usage]
remark: sched-memory-baseline.hip:135:0:     ScratchSize [bytes/lane]: 0 [-Rpass-analysis=kernel-resource-usage]
remark: sched-memory-baseline.hip:135:0:     Dynamic Stack: False [-Rpass-analysis=kernel-resource-usage]
remark: sched-memory-baseline.hip:135:0:     Occupancy [waves/SIMD]: 16 [-Rpass-analysis=kernel-resource-usage]
remark: sched-memory-baseline.hip:135:0:     SGPRs Spill: 0 [-Rpass-analysis=kernel-resource-usage]
remark: sched-memory-baseline.hip:135:0:     VGPRs Spill: 0 [-Rpass-analysis=kernel-resource-usage]
remark: sched-memory-baseline.hip:135:0:     LDS Size [bytes/block]: 0 [-Rpass-analysis=kernel-resource-usage]
remark: sched-memory-baseline.hip:821:0: Function Name: gemm_mq4g256v2_residual_mmq_iu4 [-Rpass-analysis=kernel-resource-usage]
remark: sched-memory-baseline.hip:821:0:     TotalSGPRs: 42 [-Rpass-analysis=kernel-resource-usage]
remark: sched-memory-baseline.hip:821:0:     VGPRs: 202 [-Rpass-analysis=kernel-resource-usage]
remark: sched-memory-baseline.hip:821:0:     ScratchSize [bytes/lane]: 0 [-Rpass-analysis=kernel-resource-usage]
remark: sched-memory-baseline.hip:821:0:     Dynamic Stack: False [-Rpass-analysis=kernel-resource-usage]
remark: sched-memory-baseline.hip:821:0:     Occupancy [waves/SIMD]: 7 [-Rpass-analysis=kernel-resource-usage]
remark: sched-memory-baseline.hip:821:0:     SGPRs Spill: 0 [-Rpass-analysis=kernel-resource-usage]
remark: sched-memory-baseline.hip:821:0:     VGPRs Spill: 0 [-Rpass-analysis=kernel-resource-usage]
remark: sched-memory-baseline.hip:821:0:     LDS Size [bytes/block]: 0 [-Rpass-analysis=kernel-resource-usage]
remark: sched-memory-baseline.hip:835:0: Function Name: gemm_mq4g256v2_residual_mmq_iu4_full_add [-Rpass-analysis=kernel-resource-usage]
remark: sched-memory-baseline.hip:835:0:     TotalSGPRs: 40 [-Rpass-analysis=kernel-resource-usage]
remark: sched-memory-baseline.hip:835:0:     VGPRs: 202 [-Rpass-analysis=kernel-resource-usage]
remark: sched-memory-baseline.hip:835:0:     ScratchSize [bytes/lane]: 0 [-Rpass-analysis=kernel-resource-usage]
remark: sched-memory-baseline.hip:835:0:     Dynamic Stack: False [-Rpass-analysis=kernel-resource-usage]
remark: sched-memory-baseline.hip:835:0:     Occupancy [waves/SIMD]: 7 [-Rpass-analysis=kernel-resource-usage]
remark: sched-memory-baseline.hip:835:0:     SGPRs Spill: 0 [-Rpass-analysis=kernel-resource-usage]
remark: sched-memory-baseline.hip:835:0:     VGPRs Spill: 0 [-Rpass-analysis=kernel-resource-usage]
remark: sched-memory-baseline.hip:835:0:     LDS Size [bytes/block]: 0 [-Rpass-analysis=kernel-resource-usage]
remark: sched-memory-baseline.hip:845:0: Function Name: gemm_mq4g256v2_residual_mmq_iu4_full_set [-Rpass-analysis=kernel-resource-usage]
remark: sched-memory-baseline.hip:845:0:     TotalSGPRs: 40 [-Rpass-analysis=kernel-resource-usage]
remark: sched-memory-baseline.hip:845:0:     VGPRs: 202 [-Rpass-analysis=kernel-resource-usage]
remark: sched-memory-baseline.hip:845:0:     ScratchSize [bytes/lane]: 0 [-Rpass-analysis=kernel-resource-usage]
remark: sched-memory-baseline.hip:845:0:     Dynamic Stack: False [-Rpass-analysis=kernel-resource-usage]
remark: sched-memory-baseline.hip:845:0:     Occupancy [waves/SIMD]: 7 [-Rpass-analysis=kernel-resource-usage]
remark: sched-memory-baseline.hip:845:0:     SGPRs Spill: 0 [-Rpass-analysis=kernel-resource-usage]
remark: sched-memory-baseline.hip:845:0:     VGPRs Spill: 0 [-Rpass-analysis=kernel-resource-usage]
remark: sched-memory-baseline.hip:845:0:     LDS Size [bytes/block]: 0 [-Rpass-analysis=kernel-resource-usage]
