remark: groups-current.hip:135:0: Function Name: quantize_int4_mmq_ds128 [-Rpass-analysis=kernel-resource-usage]
remark: groups-current.hip:135:0:     TotalSGPRs: 14 [-Rpass-analysis=kernel-resource-usage]
remark: groups-current.hip:135:0:     VGPRs: 36 [-Rpass-analysis=kernel-resource-usage]
remark: groups-current.hip:135:0:     ScratchSize [bytes/lane]: 0 [-Rpass-analysis=kernel-resource-usage]
remark: groups-current.hip:135:0:     Dynamic Stack: False [-Rpass-analysis=kernel-resource-usage]
remark: groups-current.hip:135:0:     Occupancy [waves/SIMD]: 16 [-Rpass-analysis=kernel-resource-usage]
remark: groups-current.hip:135:0:     SGPRs Spill: 0 [-Rpass-analysis=kernel-resource-usage]
remark: groups-current.hip:135:0:     VGPRs Spill: 0 [-Rpass-analysis=kernel-resource-usage]
remark: groups-current.hip:135:0:     LDS Size [bytes/block]: 0 [-Rpass-analysis=kernel-resource-usage]
remark: groups-current.hip:890:0: Function Name: gemm_mq4g256v2_residual_mmq_iu4 [-Rpass-analysis=kernel-resource-usage]
remark: groups-current.hip:890:0:     TotalSGPRs: 43 [-Rpass-analysis=kernel-resource-usage]
remark: groups-current.hip:890:0:     VGPRs: 256 [-Rpass-analysis=kernel-resource-usage]
remark: groups-current.hip:890:0:     ScratchSize [bytes/lane]: 132 [-Rpass-analysis=kernel-resource-usage]
remark: groups-current.hip:890:0:     Dynamic Stack: False [-Rpass-analysis=kernel-resource-usage]
remark: groups-current.hip:890:0:     Occupancy [waves/SIMD]: 5 [-Rpass-analysis=kernel-resource-usage]
remark: groups-current.hip:890:0:     SGPRs Spill: 0 [-Rpass-analysis=kernel-resource-usage]
remark: groups-current.hip:890:0:     VGPRs Spill: 64 [-Rpass-analysis=kernel-resource-usage]
remark: groups-current.hip:890:0:     LDS Size [bytes/block]: 0 [-Rpass-analysis=kernel-resource-usage]
remark: groups-current.hip:904:0: Function Name: gemm_mq4g256v2_residual_mmq_iu4_full_add [-Rpass-analysis=kernel-resource-usage]
remark: groups-current.hip:904:0:     TotalSGPRs: 40 [-Rpass-analysis=kernel-resource-usage]
remark: groups-current.hip:904:0:     VGPRs: 256 [-Rpass-analysis=kernel-resource-usage]
remark: groups-current.hip:904:0:     ScratchSize [bytes/lane]: 112 [-Rpass-analysis=kernel-resource-usage]
remark: groups-current.hip:904:0:     Dynamic Stack: False [-Rpass-analysis=kernel-resource-usage]
remark: groups-current.hip:904:0:     Occupancy [waves/SIMD]: 5 [-Rpass-analysis=kernel-resource-usage]
remark: groups-current.hip:904:0:     SGPRs Spill: 0 [-Rpass-analysis=kernel-resource-usage]
remark: groups-current.hip:904:0:     VGPRs Spill: 29 [-Rpass-analysis=kernel-resource-usage]
remark: groups-current.hip:904:0:     LDS Size [bytes/block]: 0 [-Rpass-analysis=kernel-resource-usage]
remark: groups-current.hip:914:0: Function Name: gemm_mq4g256v2_residual_mmq_iu4_full_set [-Rpass-analysis=kernel-resource-usage]
remark: groups-current.hip:914:0:     TotalSGPRs: 40 [-Rpass-analysis=kernel-resource-usage]
remark: groups-current.hip:914:0:     VGPRs: 256 [-Rpass-analysis=kernel-resource-usage]
remark: groups-current.hip:914:0:     ScratchSize [bytes/lane]: 112 [-Rpass-analysis=kernel-resource-usage]
remark: groups-current.hip:914:0:     Dynamic Stack: False [-Rpass-analysis=kernel-resource-usage]
remark: groups-current.hip:914:0:     Occupancy [waves/SIMD]: 5 [-Rpass-analysis=kernel-resource-usage]
remark: groups-current.hip:914:0:     SGPRs Spill: 0 [-Rpass-analysis=kernel-resource-usage]
remark: groups-current.hip:914:0:     VGPRs Spill: 29 [-Rpass-analysis=kernel-resource-usage]
remark: groups-current.hip:914:0:     LDS Size [bytes/block]: 0 [-Rpass-analysis=kernel-resource-usage]
