[redline] DRM version 3.64
[redline] GPU: gfx1100 (asic 0x744c) — 96 CUs, 6 SEs, 25.7 GB VRAM
[redline] Compute context created
gfx_arch=gfx1100 gran=512 layout_b=soa soa_b=true ws_mib=256 ro=0 reverse=0 iters=240 seed=1 route=pm4-prod-barrier
elf_a=/home/kaden/ar-bandwidth-2026-09-08/aos-native-gfx1100.hsaco hash=168b925ea530534a sym=gemv_mq4g256v2 block=32 grid_div=1
elf_b=/home/kaden/ar-bandwidth-2026-09-08/soa-native-gfx1100.hsaco hash=3a0a882a3397d237 sym=gemv_mq4g256v2_soa block=32 grid_div=1
M=5120 K=5120 gpr=20 weight_bytes=13926400 slots=20 working_set_bytes=278528000 seed=1
  slot=0 seed=1 aos_hash=2d3d55ed0402d025 b_hash=58534f662d637599 x_hash=ad7ea9a1c61df885
  slot=1 seed=2 aos_hash=259cfd60771478c6 b_hash=ed834737334c7ce2 x_hash=ad7ea9a1c61df885
  slot=2 seed=3 aos_hash=8851a4d64e280766 b_hash=374fc87a8480944e x_hash=ad7ea9a1c61df885
  slot=3 seed=4 aos_hash=592407d891c61ba8 b_hash=58199091749c9244 x_hash=ad7ea9a1c61df885
  slot=4 seed=5 aos_hash=d51e3d2f55d3655c b_hash=779c28fb41010ca8 x_hash=ad7ea9a1c61df885
  slot=5 seed=6 aos_hash=f86ec60eb6a61437 b_hash=75302786cf51b817 x_hash=ad7ea9a1c61df885
  slot=6 seed=7 aos_hash=c4e79cffc2022902 b_hash=dc4feb0f65cc6616 x_hash=ad7ea9a1c61df885
  slot=7 seed=8 aos_hash=77ce0aa3e1cdf2f7 b_hash=c3c1b1c17068266b x_hash=ad7ea9a1c61df885
  slot=8 seed=9 aos_hash=a7278a7882fc1e12 b_hash=a36de23c95e9c41e x_hash=ad7ea9a1c61df885
  slot=9 seed=10 aos_hash=652bc45658ec559b b_hash=32b80e137880ce33 x_hash=ad7ea9a1c61df885
  slot=10 seed=11 aos_hash=81abae7cd518268c b_hash=1cee3c80caf1cd94 x_hash=ad7ea9a1c61df885
  slot=11 seed=12 aos_hash=cd25be96bf68fde7 b_hash=a79d141dc1c421a7 x_hash=ad7ea9a1c61df885
  slot=12 seed=13 aos_hash=10eb4d2323199d18 b_hash=d10dd407abbf1200 x_hash=ad7ea9a1c61df885
  slot=13 seed=14 aos_hash=6c52d8951afb0ee0 b_hash=0f7b64772b003450 x_hash=ad7ea9a1c61df885
  slot=14 seed=15 aos_hash=6758009483243a9b b_hash=e31b8d2499d04c0f x_hash=ad7ea9a1c61df885
  slot=15 seed=16 aos_hash=cc293847851f9407 b_hash=747df09ec1fb4b33 x_hash=ad7ea9a1c61df885
  slot=16 seed=17 aos_hash=40cb6618344a2c6e b_hash=52239f13304ab3be x_hash=ad7ea9a1c61df885
  slot=17 seed=18 aos_hash=0b2f297e5df022c3 b_hash=6733a708982d3c1f x_hash=ad7ea9a1c61df885
  slot=18 seed=19 aos_hash=fbdff59cb8510336 b_hash=58ffc0eef7840842 x_hash=ad7ea9a1c61df885
  slot=19 seed=20 aos_hash=4d58335bd746c5d1 b_hash=1a551ec8eaf3d1d1 x_hash=ad7ea9a1c61df885
  slot=0 A/B all-row y-bit-diff=0
  slot=0 plain CPU oracle rows 0/M-1 ok (full plain also: all-row A/B + parent HIP CPU gate)
  slot=1 A/B all-row y-bit-diff=0
  slot=1 plain CPU oracle rows 0/M-1 ok (full plain also: all-row A/B + parent HIP CPU gate)
  slot=2 A/B all-row y-bit-diff=0
  slot=2 plain CPU oracle rows 0/M-1 ok (full plain also: all-row A/B + parent HIP CPU gate)
  slot=3 A/B all-row y-bit-diff=0
  slot=3 plain CPU oracle rows 0/M-1 ok (full plain also: all-row A/B + parent HIP CPU gate)
  slot=4 A/B all-row y-bit-diff=0
  slot=4 plain CPU oracle rows 0/M-1 ok (full plain also: all-row A/B + parent HIP CPU gate)
  slot=5 A/B all-row y-bit-diff=0
  slot=5 plain CPU oracle rows 0/M-1 ok (full plain also: all-row A/B + parent HIP CPU gate)
  slot=6 A/B all-row y-bit-diff=0
  slot=6 plain CPU oracle rows 0/M-1 ok (full plain also: all-row A/B + parent HIP CPU gate)
  slot=7 A/B all-row y-bit-diff=0
  slot=7 plain CPU oracle rows 0/M-1 ok (full plain also: all-row A/B + parent HIP CPU gate)
  slot=8 A/B all-row y-bit-diff=0
  slot=8 plain CPU oracle rows 0/M-1 ok (full plain also: all-row A/B + parent HIP CPU gate)
  slot=9 A/B all-row y-bit-diff=0
  slot=9 plain CPU oracle rows 0/M-1 ok (full plain also: all-row A/B + parent HIP CPU gate)
  slot=10 A/B all-row y-bit-diff=0
  slot=10 plain CPU oracle rows 0/M-1 ok (full plain also: all-row A/B + parent HIP CPU gate)
  slot=11 A/B all-row y-bit-diff=0
  slot=11 plain CPU oracle rows 0/M-1 ok (full plain also: all-row A/B + parent HIP CPU gate)
  slot=12 A/B all-row y-bit-diff=0
  slot=12 plain CPU oracle rows 0/M-1 ok (full plain also: all-row A/B + parent HIP CPU gate)
  slot=13 A/B all-row y-bit-diff=0
  slot=13 plain CPU oracle rows 0/M-1 ok (full plain also: all-row A/B + parent HIP CPU gate)
  slot=14 A/B all-row y-bit-diff=0
  slot=14 plain CPU oracle rows 0/M-1 ok (full plain also: all-row A/B + parent HIP CPU gate)
  slot=15 A/B all-row y-bit-diff=0
  slot=15 plain CPU oracle rows 0/M-1 ok (full plain also: all-row A/B + parent HIP CPU gate)
  slot=16 A/B all-row y-bit-diff=0
  slot=16 plain CPU oracle rows 0/M-1 ok (full plain also: all-row A/B + parent HIP CPU gate)
  slot=17 A/B all-row y-bit-diff=0
  slot=17 plain CPU oracle rows 0/M-1 ok (full plain also: all-row A/B + parent HIP CPU gate)
  slot=18 A/B all-row y-bit-diff=0
  slot=18 plain CPU oracle rows 0/M-1 ok (full plain also: all-row A/B + parent HIP CPU gate)
  slot=19 A/B all-row y-bit-diff=0
  slot=19 plain CPU oracle rows 0/M-1 ok (full plain also: all-row A/B + parent HIP CPU gate)
  arm=A warmup_ms=250.3
M=5120 K=5120 arm0/A aos-native-gfx1100.hsaco: 18.36 us/dispatch  logical 761 GB/s  (median t1=145us tN=4532us iters=240 slots=20)
  raw t1_us=[546.152,144.670,135.874] tN_us=[4524.279,4531.733,4850.760] marginal_us=[16.645,18.356,19.728] order=A,B
  note: logical GB/s = analytical bytes/us; not a DRAM bandwidth claim. working_set_bytes=278528000
  arm=B warmup_ms=253.5
M=5120 K=5120 arm1/B soa-native-gfx1100.hsaco: 18.53 us/dispatch  logical 754 GB/s  (median t1=163us tN=4592us iters=240 slots=20)
  raw t1_us=[563.605,163.306,150.121] tN_us=[4581.326,4591.906,4908.288] marginal_us=[16.811,18.530,19.909] order=A,B
  note: logical GB/s = analytical bytes/us; not a DRAM bandwidth claim. working_set_bytes=278528000
M=5120 K=5120 ratio b/a=1.009 (parity gated pre-timing; timed order=A,B)
M=17408 K=5120 gpr=20 weight_bytes=47349760 slots=6 working_set_bytes=284098560 seed=1
  slot=0 seed=1 aos_hash=791670b7a38a600e b_hash=42edcdd024756bc6 x_hash=ad7ea9a1c61df885
  slot=1 seed=2 aos_hash=a796bb9ff64ff03d b_hash=a950467849e38b1d x_hash=ad7ea9a1c61df885
  slot=2 seed=3 aos_hash=bb3dd62ed12fcb43 b_hash=588be1abe609cb47 x_hash=ad7ea9a1c61df885
  slot=3 seed=4 aos_hash=5fcaeeac225bc786 b_hash=49e58bca62c0e212 x_hash=ad7ea9a1c61df885
  slot=4 seed=5 aos_hash=aa45ef591f5beec4 b_hash=9b07ab0f512add8c x_hash=ad7ea9a1c61df885
  slot=5 seed=6 aos_hash=da3321476f70f809 b_hash=1f5bf3f7e9a45de9 x_hash=ad7ea9a1c61df885
  slot=0 A/B all-row y-bit-diff=0
  slot=0 plain CPU oracle rows 0/M-1 ok (full plain also: all-row A/B + parent HIP CPU gate)
  slot=1 A/B all-row y-bit-diff=0
  slot=1 plain CPU oracle rows 0/M-1 ok (full plain also: all-row A/B + parent HIP CPU gate)
  slot=2 A/B all-row y-bit-diff=0
  slot=2 plain CPU oracle rows 0/M-1 ok (full plain also: all-row A/B + parent HIP CPU gate)
  slot=3 A/B all-row y-bit-diff=0
  slot=3 plain CPU oracle rows 0/M-1 ok (full plain also: all-row A/B + parent HIP CPU gate)
  slot=4 A/B all-row y-bit-diff=0
  slot=4 plain CPU oracle rows 0/M-1 ok (full plain also: all-row A/B + parent HIP CPU gate)
  slot=5 A/B all-row y-bit-diff=0
  slot=5 plain CPU oracle rows 0/M-1 ok (full plain also: all-row A/B + parent HIP CPU gate)
  arm=A warmup_ms=252.4
M=17408 K=5120 arm0/A aos-native-gfx1100.hsaco: 56.85 us/dispatch  logical 835 GB/s  (median t1=796us tN=14383us iters=240 slots=6)
  raw t1_us=[1371.418,796.011,439.944] tN_us=[13965.041,14382.652,14412.910] marginal_us=[52.693,56.848,58.464] order=A,B
  note: logical GB/s = analytical bytes/us; not a DRAM bandwidth claim. working_set_bytes=284098560
  arm=B warmup_ms=261.1
M=17408 K=5120 arm1/B soa-native-gfx1100.hsaco: 56.45 us/dispatch  logical 840 GB/s  (median t1=518us tN=14010us iters=240 slots=6)
  raw t1_us=[1735.419,518.431,230.772] tN_us=[13389.323,14009.945,14383.314] marginal_us=[48.761,56.450,59.216] order=A,B
  note: logical GB/s = analytical bytes/us; not a DRAM bandwidth claim. working_set_bytes=284098560
M=17408 K=5120 ratio b/a=0.993 (parity gated pre-timing; timed order=A,B)
M=5120 K=17408 gpr=68 weight_bytes=47349760 slots=6 working_set_bytes=284098560 seed=1
  slot=0 seed=1 aos_hash=791670b7a38a600e b_hash=42edcdd024756bc6 x_hash=4658b8f9b8aa7244
  slot=1 seed=2 aos_hash=a796bb9ff64ff03d b_hash=a950467849e38b1d x_hash=4658b8f9b8aa7244
  slot=2 seed=3 aos_hash=bb3dd62ed12fcb43 b_hash=588be1abe609cb47 x_hash=4658b8f9b8aa7244
  slot=3 seed=4 aos_hash=5fcaeeac225bc786 b_hash=49e58bca62c0e212 x_hash=4658b8f9b8aa7244
  slot=4 seed=5 aos_hash=aa45ef591f5beec4 b_hash=9b07ab0f512add8c x_hash=4658b8f9b8aa7244
  slot=5 seed=6 aos_hash=da3321476f70f809 b_hash=1f5bf3f7e9a45de9 x_hash=4658b8f9b8aa7244
  slot=0 A/B all-row y-bit-diff=0
  slot=0 plain CPU oracle rows 0/M-1 ok (full plain also: all-row A/B + parent HIP CPU gate)
  slot=1 A/B all-row y-bit-diff=0
  slot=1 plain CPU oracle rows 0/M-1 ok (full plain also: all-row A/B + parent HIP CPU gate)
  slot=2 A/B all-row y-bit-diff=0
  slot=2 plain CPU oracle rows 0/M-1 ok (full plain also: all-row A/B + parent HIP CPU gate)
  slot=3 A/B all-row y-bit-diff=0
  slot=3 plain CPU oracle rows 0/M-1 ok (full plain also: all-row A/B + parent HIP CPU gate)
  slot=4 A/B all-row y-bit-diff=0
  slot=4 plain CPU oracle rows 0/M-1 ok (full plain also: all-row A/B + parent HIP CPU gate)
  slot=5 A/B all-row y-bit-diff=0
  slot=5 plain CPU oracle rows 0/M-1 ok (full plain also: all-row A/B + parent HIP CPU gate)
  arm=A warmup_ms=256.4
M=5120 K=17408 arm0/A aos-native-gfx1100.hsaco: 63.04 us/dispatch  logical 753 GB/s  (median t1=393us tN=15459us iters=240 slots=6)
  raw t1_us=[999.301,393.207,204.563] tN_us=[15221.182,15615.080,15458.585] marginal_us=[59.506,63.690,63.824] order=A,B
  note: logical GB/s = analytical bytes/us; not a DRAM bandwidth claim. working_set_bytes=284098560
  arm=B warmup_ms=255.6
M=5120 K=17408 arm1/B soa-native-gfx1100.hsaco: 59.51 us/dispatch  logical 797 GB/s  (median t1=830us tN=15052us iters=240 slots=6)
  raw t1_us=[1081.384,627.365,830.044] tN_us=[14551.498,15056.845,15052.105] marginal_us=[56.360,60.374,59.507] order=A,B
  note: logical GB/s = analytical bytes/us; not a DRAM bandwidth claim. working_set_bytes=284098560
M=5120 K=17408 ratio b/a=0.944 (parity gated pre-timing; timed order=A,B)
M=248320 K=5120 gpr=20 weight_bytes=675430400 slots=1 working_set_bytes=675430400 seed=1
  slot=0 seed=1 aos_hash=b496b79b239388b6 b_hash=6da1225cae971daa x_hash=ad7ea9a1c61df885
  slot=0 A/B all-row y-bit-diff=0
  slot=0 plain CPU oracle rows 0/M-1 ok (full plain also: all-row A/B + parent HIP CPU gate)
  arm=A warmup_ms=360.8
M=248320 K=5120 arm0/A aos-native-gfx1100.hsaco: 744.73 us/dispatch  logical 908 GB/s  (median t1=1414us tN=179406us iters=240 slots=1)
  raw t1_us=[1992.990,1414.057,1131.859] tN_us=[178488.544,179498.817,179405.566] marginal_us=[738.475,745.125,745.915] order=A,B
  note: logical GB/s = analytical bytes/us; not a DRAM bandwidth claim. working_set_bytes=675430400
  arm=B warmup_ms=353.3
M=248320 K=5120 arm1/B soa-native-gfx1100.hsaco: 731.26 us/dispatch  logical 925 GB/s  (median t1=1561us tN=176333us iters=240 slots=1)
  raw t1_us=[2464.213,1419.116,1561.302] tN_us=[175847.273,176368.645,176332.689] marginal_us=[725.452,732.006,731.261] order=A,B
  note: logical GB/s = analytical bytes/us; not a DRAM bandwidth claim. working_set_bytes=675430400
M=248320 K=5120 ratio b/a=0.982 (parity gated pre-timing; timed order=A,B)
