[redline] DRM version 3.64
[redline] GPU: gfx1100 (asic 0x744c) — 96 CUs, 6 SEs, 25.7 GB VRAM
[redline] Compute context created
gfx_arch=gfx1100 gran=512 layout_b=aos soa_b=false ws_mib=256 ro=0 reverse=1 iters=240 seed=1 route=pm4-prod-barrier
elf_a=/home/kaden/ar-bandwidth-2026-09-08/aos-native-gfx1100.hsaco hash=168b925ea530534a sym=gemv_mq4g256v2 block=32 grid_div=1
elf_b=/home/kaden/ar-bandwidth-2026-09-08/aos-native-gfx1100.hsaco hash=168b925ea530534a sym=gemv_mq4g256v2 block=32 grid_div=1
M=5120 K=5120 gpr=20 weight_bytes=13926400 slots=20 working_set_bytes=278528000 seed=1
  slot=0 seed=1 aos_hash=2d3d55ed0402d025 b_hash=2d3d55ed0402d025 x_hash=ad7ea9a1c61df885
  slot=1 seed=2 aos_hash=259cfd60771478c6 b_hash=259cfd60771478c6 x_hash=ad7ea9a1c61df885
  slot=2 seed=3 aos_hash=8851a4d64e280766 b_hash=8851a4d64e280766 x_hash=ad7ea9a1c61df885
  slot=3 seed=4 aos_hash=592407d891c61ba8 b_hash=592407d891c61ba8 x_hash=ad7ea9a1c61df885
  slot=4 seed=5 aos_hash=d51e3d2f55d3655c b_hash=d51e3d2f55d3655c x_hash=ad7ea9a1c61df885
  slot=5 seed=6 aos_hash=f86ec60eb6a61437 b_hash=f86ec60eb6a61437 x_hash=ad7ea9a1c61df885
  slot=6 seed=7 aos_hash=c4e79cffc2022902 b_hash=c4e79cffc2022902 x_hash=ad7ea9a1c61df885
  slot=7 seed=8 aos_hash=77ce0aa3e1cdf2f7 b_hash=77ce0aa3e1cdf2f7 x_hash=ad7ea9a1c61df885
  slot=8 seed=9 aos_hash=a7278a7882fc1e12 b_hash=a7278a7882fc1e12 x_hash=ad7ea9a1c61df885
  slot=9 seed=10 aos_hash=652bc45658ec559b b_hash=652bc45658ec559b x_hash=ad7ea9a1c61df885
  slot=10 seed=11 aos_hash=81abae7cd518268c b_hash=81abae7cd518268c x_hash=ad7ea9a1c61df885
  slot=11 seed=12 aos_hash=cd25be96bf68fde7 b_hash=cd25be96bf68fde7 x_hash=ad7ea9a1c61df885
  slot=12 seed=13 aos_hash=10eb4d2323199d18 b_hash=10eb4d2323199d18 x_hash=ad7ea9a1c61df885
  slot=13 seed=14 aos_hash=6c52d8951afb0ee0 b_hash=6c52d8951afb0ee0 x_hash=ad7ea9a1c61df885
  slot=14 seed=15 aos_hash=6758009483243a9b b_hash=6758009483243a9b x_hash=ad7ea9a1c61df885
  slot=15 seed=16 aos_hash=cc293847851f9407 b_hash=cc293847851f9407 x_hash=ad7ea9a1c61df885
  slot=16 seed=17 aos_hash=40cb6618344a2c6e b_hash=40cb6618344a2c6e x_hash=ad7ea9a1c61df885
  slot=17 seed=18 aos_hash=0b2f297e5df022c3 b_hash=0b2f297e5df022c3 x_hash=ad7ea9a1c61df885
  slot=18 seed=19 aos_hash=fbdff59cb8510336 b_hash=fbdff59cb8510336 x_hash=ad7ea9a1c61df885
  slot=19 seed=20 aos_hash=4d58335bd746c5d1 b_hash=4d58335bd746c5d1 x_hash=ad7ea9a1c61df885
  slot=0 A/B all-row y-bit-diff=0
  slot=0 plain CPU oracle rows 0/M-1 ok (full plain also: all-row A/B + parent HIP CPU gate)
  slot=1 A/B all-row y-bit-diff=0
  slot=1 plain CPU oracle rows 0/M-1 ok (full plain also: all-row A/B + parent HIP CPU gate)
  slot=2 A/B all-row y-bit-diff=0
  slot=2 plain CPU oracle rows 0/M-1 ok (full plain also: all-row A/B + parent HIP CPU gate)
  slot=3 A/B all-row y-bit-diff=0
  slot=3 plain CPU oracle rows 0/M-1 ok (full plain also: all-row A/B + parent HIP CPU gate)
  slot=4 A/B all-row y-bit-diff=0
  slot=4 plain CPU oracle rows 0/M-1 ok (full plain also: all-row A/B + parent HIP CPU gate)
  slot=5 A/B all-row y-bit-diff=0
  slot=5 plain CPU oracle rows 0/M-1 ok (full plain also: all-row A/B + parent HIP CPU gate)
  slot=6 A/B all-row y-bit-diff=0
  slot=6 plain CPU oracle rows 0/M-1 ok (full plain also: all-row A/B + parent HIP CPU gate)
  slot=7 A/B all-row y-bit-diff=0
  slot=7 plain CPU oracle rows 0/M-1 ok (full plain also: all-row A/B + parent HIP CPU gate)
  slot=8 A/B all-row y-bit-diff=0
  slot=8 plain CPU oracle rows 0/M-1 ok (full plain also: all-row A/B + parent HIP CPU gate)
  slot=9 A/B all-row y-bit-diff=0
  slot=9 plain CPU oracle rows 0/M-1 ok (full plain also: all-row A/B + parent HIP CPU gate)
  slot=10 A/B all-row y-bit-diff=0
  slot=10 plain CPU oracle rows 0/M-1 ok (full plain also: all-row A/B + parent HIP CPU gate)
  slot=11 A/B all-row y-bit-diff=0
  slot=11 plain CPU oracle rows 0/M-1 ok (full plain also: all-row A/B + parent HIP CPU gate)
  slot=12 A/B all-row y-bit-diff=0
  slot=12 plain CPU oracle rows 0/M-1 ok (full plain also: all-row A/B + parent HIP CPU gate)
  slot=13 A/B all-row y-bit-diff=0
  slot=13 plain CPU oracle rows 0/M-1 ok (full plain also: all-row A/B + parent HIP CPU gate)
  slot=14 A/B all-row y-bit-diff=0
  slot=14 plain CPU oracle rows 0/M-1 ok (full plain also: all-row A/B + parent HIP CPU gate)
  slot=15 A/B all-row y-bit-diff=0
  slot=15 plain CPU oracle rows 0/M-1 ok (full plain also: all-row A/B + parent HIP CPU gate)
  slot=16 A/B all-row y-bit-diff=0
  slot=16 plain CPU oracle rows 0/M-1 ok (full plain also: all-row A/B + parent HIP CPU gate)
  slot=17 A/B all-row y-bit-diff=0
  slot=17 plain CPU oracle rows 0/M-1 ok (full plain also: all-row A/B + parent HIP CPU gate)
  slot=18 A/B all-row y-bit-diff=0
  slot=18 plain CPU oracle rows 0/M-1 ok (full plain also: all-row A/B + parent HIP CPU gate)
  slot=19 A/B all-row y-bit-diff=0
  slot=19 plain CPU oracle rows 0/M-1 ok (full plain also: all-row A/B + parent HIP CPU gate)

thread 'main' (1696855) panicked at crates/redline/examples/poc_gemv_ab.rs:731:45:
called `Result::unwrap()` on an `Err` value: RedlineError { code: -62, message: "fence wait failed: -62" }
note: run with `RUST_BACKTRACE=1` environment variable to display a backtrace
