[redline] DRM version 3.64
[redline] GPU: gfx1100 (asic 0x744c) — 96 CUs, 6 SEs, 25.7 GB VRAM
[redline] Compute context created
gfx_arch=gfx1100 gran=512 layout_b=soa soa_b=true ws_mib=1 ro=0 reverse=0 iters=20 seed=1 route=pm4-prod-barrier
elf_a=/home/kaden/ar-bandwidth-2026-09-08/aos-gfx1100.hsaco hash=9215cc32b996c6da sym=gemv_mq4g256v2 block=32 grid_div=1
elf_b=/home/kaden/ar-bandwidth-2026-09-08/soa-gfx1100.hsaco hash=734ba83df4f51eb9 sym=gemv_mq4g256v2_soa block=32 grid_div=1
M=33 K=256 gpr=1 weight_bytes=4488 slots=234 working_set_bytes=1050192 seed=1
  slot=0 seed=1 aos_hash=bd45aed04ec23bac b_hash=7db234d60501df3c x_hash=80f3e9c561de555d
  slot=1 seed=2 aos_hash=e9ac373dba952091 b_hash=0bacc08c878ebf6d x_hash=80f3e9c561de555d
  slot=2 seed=3 aos_hash=66829581b25fe417 b_hash=ca20fcf2845940db x_hash=80f3e9c561de555d
  slot=3 seed=4 aos_hash=13c1a8f5bf11bc5f b_hash=56e5009a195ae1f7 x_hash=80f3e9c561de555d
  slot=4 seed=5 aos_hash=460f2152c9a3b173 b_hash=15290eaca129cb1f x_hash=80f3e9c561de555d
  slot=5 seed=6 aos_hash=fd5bebdb279a4f91 b_hash=32c9fec4604fd36d x_hash=80f3e9c561de555d
  slot=6 seed=7 aos_hash=1d1e2b94523a0086 b_hash=3f2276c40220979e x_hash=80f3e9c561de555d
  slot=7 seed=8 aos_hash=8709571f6fcaeab4 b_hash=0b12ee5e156aa030 x_hash=80f3e9c561de555d
  slot=8 seed=9 aos_hash=d49b608b60081913 b_hash=fc084433e2a4bb6f x_hash=80f3e9c561de555d
  slot=9 seed=10 aos_hash=44ecb5855302215b b_hash=08d4f42a01708b47 x_hash=80f3e9c561de555d
  slot=10 seed=11 aos_hash=1b395af5ecabe0fe b_hash=7789ff64f009d706 x_hash=80f3e9c561de555d
  slot=11 seed=12 aos_hash=ffc601f4962dda95 b_hash=ab5a72dd58bbdd29 x_hash=80f3e9c561de555d
  slot=12 seed=13 aos_hash=42e9a173a40f161e b_hash=a5ef94cfcb673e72 x_hash=80f3e9c561de555d
  slot=13 seed=14 aos_hash=880059f02f613d66 b_hash=4dc64ad919828e2a x_hash=80f3e9c561de555d
  slot=14 seed=15 aos_hash=a89f11a7bf006be6 b_hash=7ada9e3d45c7e15e x_hash=80f3e9c561de555d
  slot=15 seed=16 aos_hash=5018171434d6c00e b_hash=9cb95f79756441f2 x_hash=80f3e9c561de555d
  slot=16 seed=17 aos_hash=74ce8ee7d80234c8 b_hash=08515d7693d54e40 x_hash=80f3e9c561de555d
  slot=17 seed=18 aos_hash=90998bd0cb2b598d b_hash=be4d5e070e3c3a4d x_hash=80f3e9c561de555d
  slot=18 seed=19 aos_hash=1608522bece0ecee b_hash=267b727c3c438c4a x_hash=80f3e9c561de555d
  slot=19 seed=20 aos_hash=3132a8fe2ad39b9a b_hash=10991a24c32cc52a x_hash=80f3e9c561de555d
  slot=20 seed=21 aos_hash=1ee071442d31183a b_hash=e0ec5c13f327c572 x_hash=80f3e9c561de555d
  slot=21 seed=22 aos_hash=d11d5e528a2a2c27 b_hash=3a15eb306a5a4cc3 x_hash=80f3e9c561de555d
  slot=22 seed=23 aos_hash=0e806a7c2bc3c23d b_hash=0cb49d267a2581b1 x_hash=80f3e9c561de555d
  slot=23 seed=24 aos_hash=2d71061c10b7e0c6 b_hash=67fd0591187de2da x_hash=80f3e9c561de555d
  slot=24 seed=25 aos_hash=33a5909e796e5ae7 b_hash=c0512d5fe3c7132f x_hash=80f3e9c561de555d
  slot=25 seed=26 aos_hash=758da6e61f4f3ac7 b_hash=4f9f5c00a0546c3f x_hash=80f3e9c561de555d
  slot=26 seed=27 aos_hash=0f6f312e5bf1e1fb b_hash=732b06a4411460d7 x_hash=80f3e9c561de555d
  slot=27 seed=28 aos_hash=4b31912350f794fb b_hash=47850cbd1d14cd53 x_hash=80f3e9c561de555d
  slot=28 seed=29 aos_hash=588dfbcfd212bc6c b_hash=01bb6bbf34401e70 x_hash=80f3e9c561de555d
  slot=29 seed=30 aos_hash=74dee6f2fe3501b6 b_hash=0712ba7f49204b5a x_hash=80f3e9c561de555d
  slot=30 seed=31 aos_hash=1bf936a905ad6c9b b_hash=2dfe3eaa96070833 x_hash=80f3e9c561de555d
  slot=31 seed=32 aos_hash=72386742fd00dcf1 b_hash=663e9f173603c0c1 x_hash=80f3e9c561de555d
  slot=32 seed=33 aos_hash=b702d5e7ac705b9e b_hash=6bff895e3f367bca x_hash=80f3e9c561de555d
  slot=33 seed=34 aos_hash=c7d5329a70f39931 b_hash=5d80d78439582f19 x_hash=80f3e9c561de555d
  slot=34 seed=35 aos_hash=2255a68e6afd6c30 b_hash=cb75b9cedefe23e8 x_hash=80f3e9c561de555d
  slot=35 seed=36 aos_hash=ea0aab55cf6c2cab b_hash=72dc169c75ab3f13 x_hash=80f3e9c561de555d
  slot=36 seed=37 aos_hash=95edf6ca8b8d7efa b_hash=15f101085dfa04e2 x_hash=80f3e9c561de555d
  slot=37 seed=38 aos_hash=e5c380fc1477c8ef b_hash=17c04e32aec145cb x_hash=80f3e9c561de555d
  slot=38 seed=39 aos_hash=fc25906b84cbe376 b_hash=fd202d69f1fa6f12 x_hash=80f3e9c561de555d
  slot=39 seed=40 aos_hash=1f25fdd049f9057b b_hash=2d57d665ab197d07 x_hash=80f3e9c561de555d
  slot=40 seed=41 aos_hash=2bf0742c5ff0d26d b_hash=a052996a311b5a75 x_hash=80f3e9c561de555d
  slot=41 seed=42 aos_hash=5912f58de4a365e5 b_hash=ea6c184e1d380269 x_hash=80f3e9c561de555d
  slot=42 seed=43 aos_hash=cb69bf5686a89224 b_hash=41cbb5d95c262f8c x_hash=80f3e9c561de555d
  slot=43 seed=44 aos_hash=865d0b7905020156 b_hash=daccafed3820eaf2 x_hash=80f3e9c561de555d
  slot=44 seed=45 aos_hash=2b0076a915325346 b_hash=bbbb50c4b355f176 x_hash=80f3e9c561de555d
  slot=45 seed=46 aos_hash=1fdac443648cea74 b_hash=4db1cfb8f3639784 x_hash=80f3e9c561de555d
  slot=46 seed=47 aos_hash=842db0a56b65c99e b_hash=4a3a6d59d94cf026 x_hash=80f3e9c561de555d
  slot=47 seed=48 aos_hash=fbac066b6ef3ade0 b_hash=dd96f97a22f1e28c x_hash=80f3e9c561de555d
  slot=48 seed=49 aos_hash=d4e52ae22abbaa4b b_hash=6ec1cfe7c5829657 x_hash=80f3e9c561de555d
  slot=49 seed=50 aos_hash=54d73913a9bd5a90 b_hash=d35670bbe09060f4 x_hash=80f3e9c561de555d
  slot=50 seed=51 aos_hash=8a85470d8d34900c b_hash=717fd8f0211e17c8 x_hash=80f3e9c561de555d
  slot=51 seed=52 aos_hash=f536e0fe06e6afad b_hash=294918f5a0c0cf1d x_hash=80f3e9c561de555d
  slot=52 seed=53 aos_hash=395c090167eec92f b_hash=15ab566426c0b0b7 x_hash=80f3e9c561de555d
  slot=53 seed=54 aos_hash=9bd29e5285ff86cf b_hash=460febc2f7077fa7 x_hash=80f3e9c561de555d
  slot=54 seed=55 aos_hash=db30ac8fea4fd4b3 b_hash=ad6c0ae1f55da9ab x_hash=80f3e9c561de555d
  slot=55 seed=56 aos_hash=458675f5b1bcc432 b_hash=e02f4384cd709256 x_hash=80f3e9c561de555d
  slot=56 seed=57 aos_hash=ea3a7d1962673b1d b_hash=76f09ee1e6a76115 x_hash=80f3e9c561de555d
  slot=57 seed=58 aos_hash=5b4c56aba2d1d9e2 b_hash=6fb19c6bd004970a x_hash=80f3e9c561de555d
  slot=58 seed=59 aos_hash=24a918a16f990c0c b_hash=a94ea55d8510cf60 x_hash=80f3e9c561de555d
  slot=59 seed=60 aos_hash=a3c18fdefc0f1100 b_hash=704175250c8098e8 x_hash=80f3e9c561de555d
  slot=60 seed=61 aos_hash=4b5f3d7152d2ed9a b_hash=788032254d3c0de2 x_hash=80f3e9c561de555d
  slot=61 seed=62 aos_hash=36a17026c7505846 b_hash=a7735aef99d7cf42 x_hash=80f3e9c561de555d
  slot=62 seed=63 aos_hash=844d66aa556c49e3 b_hash=1e80d1c772eb7b07 x_hash=80f3e9c561de555d
  slot=63 seed=64 aos_hash=f1fc87cc2b677df2 b_hash=890c126f8cb1057e x_hash=80f3e9c561de555d
  slot=64 seed=65 aos_hash=75531cd03a49a8bf b_hash=6bf3deebc09b4e17 x_hash=80f3e9c561de555d
  slot=65 seed=66 aos_hash=80cca5fa2ed205f6 b_hash=c0d996ae05cb9dca x_hash=80f3e9c561de555d
  slot=66 seed=67 aos_hash=30fae1ce4c0c6125 b_hash=e5c9f9256a9142cd x_hash=80f3e9c561de555d
  slot=67 seed=68 aos_hash=07aeeea24e1ed17b b_hash=6dfa2618a645e71b x_hash=80f3e9c561de555d
  slot=68 seed=69 aos_hash=2b05c58782938c96 b_hash=01c188e57c8bb382 x_hash=80f3e9c561de555d
  slot=69 seed=70 aos_hash=6eb95b38c65ce7c9 b_hash=751ae4cd285cd52d x_hash=80f3e9c561de555d
  slot=70 seed=71 aos_hash=9fa4230c4b72bea9 b_hash=d0172b8010bb3dc1 x_hash=80f3e9c561de555d
  slot=71 seed=72 aos_hash=9a8789a21ace6afa b_hash=ca37eb146307c7fa x_hash=80f3e9c561de555d
  slot=72 seed=73 aos_hash=9ed2159f4ce243f3 b_hash=82c30f2d79757a43 x_hash=80f3e9c561de555d
  slot=73 seed=74 aos_hash=8d7802a9bfe9b1a0 b_hash=2e90837a66690798 x_hash=80f3e9c561de555d
  slot=74 seed=75 aos_hash=988f1bc58dd324fe b_hash=e9cdc5cef9254b4a x_hash=80f3e9c561de555d
  slot=75 seed=76 aos_hash=98ab106a6f16eeb3 b_hash=99568687e50aeb3b x_hash=80f3e9c561de555d
  slot=76 seed=77 aos_hash=28670ff2eb708f25 b_hash=e4180943c81df261 x_hash=80f3e9c561de555d
  slot=77 seed=78 aos_hash=5f03dd3ef65af930 b_hash=603d5bdff5d4c5f4 x_hash=80f3e9c561de555d
  slot=78 seed=79 aos_hash=201f0dd1a2347e80 b_hash=9a2049a124bf50b8 x_hash=80f3e9c561de555d
  slot=79 seed=80 aos_hash=4b82ab4d2e322a05 b_hash=b59d2ae3d4b4fa99 x_hash=80f3e9c561de555d
  slot=80 seed=81 aos_hash=31edbfaa5bb3a4a1 b_hash=4b0f72ca79372b7d x_hash=80f3e9c561de555d
  slot=81 seed=82 aos_hash=561108d6105855c8 b_hash=449c656d56fa7f40 x_hash=80f3e9c561de555d
  slot=82 seed=83 aos_hash=7b77d6f50d63c2d2 b_hash=ba4eef33842cc20e x_hash=80f3e9c561de555d
  slot=83 seed=84 aos_hash=301858988c5bf2f5 b_hash=a89fb16cc0ac83dd x_hash=80f3e9c561de555d
  slot=84 seed=85 aos_hash=1c6a20dbf6e48ad4 b_hash=974d42fb457b42b0 x_hash=80f3e9c561de555d
  slot=85 seed=86 aos_hash=8861001278c1f3d8 b_hash=4b0615770e929938 x_hash=80f3e9c561de555d
  slot=86 seed=87 aos_hash=025280198eec0014 b_hash=ea8a481741fbe5cc x_hash=80f3e9c561de555d
  slot=87 seed=88 aos_hash=9c756ba84668a92e b_hash=5f583a7c50b571b2 x_hash=80f3e9c561de555d
  slot=88 seed=89 aos_hash=d6a6a99bc8dd54d7 b_hash=7c506166a2179c67 x_hash=80f3e9c561de555d
  slot=89 seed=90 aos_hash=8f48499507c44fb4 b_hash=4a5321a494083ffc x_hash=80f3e9c561de555d
  slot=90 seed=91 aos_hash=62406f69706db436 b_hash=97f24d1f6ee93476 x_hash=80f3e9c561de555d
  slot=91 seed=92 aos_hash=2e0e9deeed5d0d18 b_hash=4256024aa973fb84 x_hash=80f3e9c561de555d
  slot=92 seed=93 aos_hash=27451f468f3ea71f b_hash=14a2abaad4783eb3 x_hash=80f3e9c561de555d
  slot=93 seed=94 aos_hash=0a752a1db9f00308 b_hash=8ad88ff60c77df44 x_hash=80f3e9c561de555d
  slot=94 seed=95 aos_hash=a8b1ef46925e66f9 b_hash=957b28811f56b40d x_hash=80f3e9c561de555d
  slot=95 seed=96 aos_hash=b359b71f67bb4481 b_hash=eb0512a8fc45c915 x_hash=80f3e9c561de555d
  slot=96 seed=97 aos_hash=7369d194deb24bad b_hash=d8550629eb6c5d0d x_hash=80f3e9c561de555d
  slot=97 seed=98 aos_hash=05d119e766a865c7 b_hash=55bf4117f9f1c537 x_hash=80f3e9c561de555d
  slot=98 seed=99 aos_hash=826e92b44515cfd7 b_hash=93bf97bb963511ff x_hash=80f3e9c561de555d
  slot=99 seed=100 aos_hash=396af78dbadc1d7d b_hash=f55114debbedf62d x_hash=80f3e9c561de555d
  slot=100 seed=101 aos_hash=148b100b8e3b12d4 b_hash=8d64c13a7964eabc x_hash=80f3e9c561de555d
  slot=101 seed=102 aos_hash=06b7df70288fbbbf b_hash=79d1e3dfca1b020b x_hash=80f3e9c561de555d
  slot=102 seed=103 aos_hash=bc752356771ec96b b_hash=fca1d97adbdce55f x_hash=80f3e9c561de555d
  slot=103 seed=104 aos_hash=66e9b4023d52ef56 b_hash=76ca13b8753b39b2 x_hash=80f3e9c561de555d
  slot=104 seed=105 aos_hash=76cfc20a7b85e2ee b_hash=b50eb4228cc39df2 x_hash=80f3e9c561de555d
  slot=105 seed=106 aos_hash=e4fac5a50c2a3d1d b_hash=ec90b3a3dc053ee5 x_hash=80f3e9c561de555d
  slot=106 seed=107 aos_hash=430d32436f77c9af b_hash=4c4e76e508fadfb7 x_hash=80f3e9c561de555d
  slot=107 seed=108 aos_hash=457d5ae61e6e9985 b_hash=d8961aaa49e6063d x_hash=80f3e9c561de555d
  slot=108 seed=109 aos_hash=d8ba176ced9ffbd2 b_hash=b92ab90e5fdb4c9a x_hash=80f3e9c561de555d
  slot=109 seed=110 aos_hash=e30a6bc700ee07ba b_hash=6ea51a03981ce112 x_hash=80f3e9c561de555d
  slot=110 seed=111 aos_hash=51046458908c1c37 b_hash=4efb57bae46b789b x_hash=80f3e9c561de555d
  slot=111 seed=112 aos_hash=b4bedec2c5e12ce4 b_hash=bd7f97e0a9c82444 x_hash=80f3e9c561de555d
  slot=112 seed=113 aos_hash=44fd1defb30b0142 b_hash=c94093fbf30e33fa x_hash=80f3e9c561de555d
  slot=113 seed=114 aos_hash=fa9b3eab598c2734 b_hash=d636bb401ed360ec x_hash=80f3e9c561de555d
  slot=114 seed=115 aos_hash=c96dc3bf51400687 b_hash=f29211899085b327 x_hash=80f3e9c561de555d
  slot=115 seed=116 aos_hash=0ab150c6265948db b_hash=3d37c0923ee507c7 x_hash=80f3e9c561de555d
  slot=116 seed=117 aos_hash=74f71f34399d572e b_hash=d74ef7a50dcd5202 x_hash=80f3e9c561de555d
  slot=117 seed=118 aos_hash=ee9154979b7444f8 b_hash=4c0982cd5e89e52c x_hash=80f3e9c561de555d
  slot=118 seed=119 aos_hash=5d01bc8784ddbb2c b_hash=e924830f0763cd8c x_hash=80f3e9c561de555d
  slot=119 seed=120 aos_hash=6afb3b526c4be8dc b_hash=8ebf4f5cf99edaf0 x_hash=80f3e9c561de555d
  slot=120 seed=121 aos_hash=d5380d86bec27f03 b_hash=540c5889eb43015b x_hash=80f3e9c561de555d
  slot=121 seed=122 aos_hash=114eb8aaf961a340 b_hash=5ac4134d26888944 x_hash=80f3e9c561de555d
  slot=122 seed=123 aos_hash=c885cb12fcb19789 b_hash=070b51c421990921 x_hash=80f3e9c561de555d
  slot=123 seed=124 aos_hash=d489c82bc8382aa0 b_hash=cb553da3f2a8eeec x_hash=80f3e9c561de555d
  slot=124 seed=125 aos_hash=8efb1dae95cc892e b_hash=a01c0202018e8302 x_hash=80f3e9c561de555d
  slot=125 seed=126 aos_hash=15c4e532e8790d00 b_hash=7d0b8a4a6867ba34 x_hash=80f3e9c561de555d
  slot=126 seed=127 aos_hash=83ac8258411b73ad b_hash=2247f8ed81a06d31 x_hash=80f3e9c561de555d
  slot=127 seed=128 aos_hash=c0bee0bea8c1c9ee b_hash=cd56a39748b441da x_hash=80f3e9c561de555d
  slot=128 seed=129 aos_hash=b82de659bd87802f b_hash=c08b9a02cc84a903 x_hash=80f3e9c561de555d
  slot=129 seed=130 aos_hash=55d116912a745daa b_hash=ae112d3a8364afa2 x_hash=80f3e9c561de555d
  slot=130 seed=131 aos_hash=0ddd5b721bde2ab0 b_hash=5cc1d5a8f1198410 x_hash=80f3e9c561de555d
  slot=131 seed=132 aos_hash=6a02a1275f5a2ee9 b_hash=bf12677918d7d055 x_hash=80f3e9c561de555d
  slot=132 seed=133 aos_hash=e198093fb65d930b b_hash=c291fb9324f57aef x_hash=80f3e9c561de555d
  slot=133 seed=134 aos_hash=0f9533a906d6c2da b_hash=a83393ec715e9742 x_hash=80f3e9c561de555d
  slot=134 seed=135 aos_hash=148adef7672deed3 b_hash=c5572b7621d3b50b x_hash=80f3e9c561de555d
  slot=135 seed=136 aos_hash=f882f8aaf57d9e6a b_hash=685878309d5fc00e x_hash=80f3e9c561de555d
  slot=136 seed=137 aos_hash=ec49d071d2d33917 b_hash=4794f7013696e463 x_hash=80f3e9c561de555d
  slot=137 seed=138 aos_hash=fc792d4b2a6f679c b_hash=83101713d208ec88 x_hash=80f3e9c561de555d
  slot=138 seed=139 aos_hash=4a4c35794d6113a1 b_hash=5ae0a4bf503491c1 x_hash=80f3e9c561de555d
  slot=139 seed=140 aos_hash=82b81c40eca4f2ba b_hash=fd0f9c359eb88a9e x_hash=80f3e9c561de555d
  slot=140 seed=141 aos_hash=48584eff7d183e7c b_hash=35772676dfd05390 x_hash=80f3e9c561de555d
  slot=141 seed=142 aos_hash=215f040f817a8a6f b_hash=3dd28775e7d182b3 x_hash=80f3e9c561de555d
  slot=142 seed=143 aos_hash=9e77afd450962aa8 b_hash=5acd26f8f83d82bc x_hash=80f3e9c561de555d
  slot=143 seed=144 aos_hash=130d2588eedbc5e1 b_hash=3a3c827be364b241 x_hash=80f3e9c561de555d
  slot=144 seed=145 aos_hash=ea4063ae1358d2cd b_hash=1ec533400835d6ed x_hash=80f3e9c561de555d
  slot=145 seed=146 aos_hash=a85a08b179d8b17c b_hash=84b676285ef736a0 x_hash=80f3e9c561de555d
  slot=146 seed=147 aos_hash=2949a28b5881ffd6 b_hash=9e47f7301b5b83de x_hash=80f3e9c561de555d
  slot=147 seed=148 aos_hash=6329847c8f312139 b_hash=182935b436bfba9d x_hash=80f3e9c561de555d
  slot=148 seed=149 aos_hash=e766018f97d718ab b_hash=af12fc8d94985c97 x_hash=80f3e9c561de555d
  slot=149 seed=150 aos_hash=88b3c6f2016db397 b_hash=94a2fcbbd66b30b7 x_hash=80f3e9c561de555d
  slot=150 seed=151 aos_hash=b4b6d1cfa1da36a7 b_hash=5fb7515b589ac253 x_hash=80f3e9c561de555d
  slot=151 seed=152 aos_hash=9dda66ebfa36dc6d b_hash=10a895d104a5c46d x_hash=80f3e9c561de555d
  slot=152 seed=153 aos_hash=aa087e6fcdcf682b b_hash=addab28f46c8bcf3 x_hash=80f3e9c561de555d
  slot=153 seed=154 aos_hash=43c4b35931c5d177 b_hash=915247db485572fb x_hash=80f3e9c561de555d
  slot=154 seed=155 aos_hash=eab35e95fb703c64 b_hash=86c58da4353d96b4 x_hash=80f3e9c561de555d
  slot=155 seed=156 aos_hash=eecdb4fb610657ce b_hash=12d0b1ac8b06c262 x_hash=80f3e9c561de555d
  slot=156 seed=157 aos_hash=ed10bfbf4ab09946 b_hash=443d1cd4b786a2d6 x_hash=80f3e9c561de555d
  slot=157 seed=158 aos_hash=669d497508422fdd b_hash=18f9383b0b5e4dfd x_hash=80f3e9c561de555d
  slot=158 seed=159 aos_hash=85604924fc2b793f b_hash=7aaeb5c653a04cdf x_hash=80f3e9c561de555d
  slot=159 seed=160 aos_hash=114e80d00b9b8c93 b_hash=7dba9fd347a6722f x_hash=80f3e9c561de555d
  slot=160 seed=161 aos_hash=45b57b5834f85c13 b_hash=e75396d1c123308f x_hash=80f3e9c561de555d
  slot=161 seed=162 aos_hash=08deb8203cced6ee b_hash=d6f5b4a90dbb096e x_hash=80f3e9c561de555d
  slot=162 seed=163 aos_hash=3da6fe808976a677 b_hash=f649185a936267cf x_hash=80f3e9c561de555d
  slot=163 seed=164 aos_hash=3ab3e2e45791ea61 b_hash=3dd4c82dbf611ba9 x_hash=80f3e9c561de555d
  slot=164 seed=165 aos_hash=ee8801e5d7b4e042 b_hash=fdfcdbe874d3369e x_hash=80f3e9c561de555d
  slot=165 seed=166 aos_hash=0416575953f73f64 b_hash=c222167b715ccfa0 x_hash=80f3e9c561de555d
  slot=166 seed=167 aos_hash=838d0e61f1801546 b_hash=49dace888716f94a x_hash=80f3e9c561de555d
  slot=167 seed=168 aos_hash=7a66e7130c86a5c3 b_hash=4a11b1a21c27bad7 x_hash=80f3e9c561de555d
  slot=168 seed=169 aos_hash=1d0e8655c9e13e26 b_hash=184f188e53da3aba x_hash=80f3e9c561de555d
  slot=169 seed=170 aos_hash=f7a311fbda5821b7 b_hash=168bfa50e5b99e43 x_hash=80f3e9c561de555d
  slot=170 seed=171 aos_hash=000f632a9cd0b37a b_hash=47488c0f8217eb9e x_hash=80f3e9c561de555d
  slot=171 seed=172 aos_hash=7be7008245b2e2bf b_hash=2f70bbce4a809f3f x_hash=80f3e9c561de555d
  slot=172 seed=173 aos_hash=d9da6d83eac0e028 b_hash=318b576fb1eb7dd4 x_hash=80f3e9c561de555d
  slot=173 seed=174 aos_hash=f21222634bb3a623 b_hash=06ebd4f9ed89ce63 x_hash=80f3e9c561de555d
  slot=174 seed=175 aos_hash=ec38af216fc19bdd b_hash=8ec3c1c9e50d0ded x_hash=80f3e9c561de555d
  slot=175 seed=176 aos_hash=eb322740c4a450a0 b_hash=6e4592a78cba54f0 x_hash=80f3e9c561de555d
  slot=176 seed=177 aos_hash=9a9ce7e029a8585f b_hash=e8b9d79466b5b027 x_hash=80f3e9c561de555d
  slot=177 seed=178 aos_hash=f86590b833b28ee2 b_hash=686b7856f274ab7a x_hash=80f3e9c561de555d
  slot=178 seed=179 aos_hash=3ee2ca8e952299f7 b_hash=5e4b085878c4d0d3 x_hash=80f3e9c561de555d
  slot=179 seed=180 aos_hash=b3d06e38efda3e9f b_hash=72b7d13e6f6b675b x_hash=80f3e9c561de555d
  slot=180 seed=181 aos_hash=e735fde956e006dd b_hash=f388ffd0316c4971 x_hash=80f3e9c561de555d
  slot=181 seed=182 aos_hash=d564509f72768d25 b_hash=5737c85c1bd530f9 x_hash=80f3e9c561de555d
  slot=182 seed=183 aos_hash=1dfa9d61b89270e4 b_hash=7807762055d3fe98 x_hash=80f3e9c561de555d
  slot=183 seed=184 aos_hash=6e50deaaf41b7c16 b_hash=9699681dd9c47eea x_hash=80f3e9c561de555d
  slot=184 seed=185 aos_hash=80dcda637e1fca50 b_hash=77e4d6c9e5480a4c x_hash=80f3e9c561de555d
  slot=185 seed=186 aos_hash=0ebd2995cb296461 b_hash=a430ea323cdd82fd x_hash=80f3e9c561de555d
  slot=186 seed=187 aos_hash=333d9a01ea6255e6 b_hash=d7b489aafafbbb32 x_hash=80f3e9c561de555d
  slot=187 seed=188 aos_hash=2954110970924213 b_hash=f22f06c85b318a0b x_hash=80f3e9c561de555d
  slot=188 seed=189 aos_hash=e828580691e32841 b_hash=5c546bc5bba2894d x_hash=80f3e9c561de555d
  slot=189 seed=190 aos_hash=63fd19baddfd0596 b_hash=b5ff872699404cce x_hash=80f3e9c561de555d
  slot=190 seed=191 aos_hash=3f6f27d60bd9fd37 b_hash=07e148adda38233b x_hash=80f3e9c561de555d
  slot=191 seed=192 aos_hash=c3f1ee21d95150f7 b_hash=ca683635339a4947 x_hash=80f3e9c561de555d
  slot=192 seed=193 aos_hash=4581702ea9bf71e6 b_hash=045686af358d4a6a x_hash=80f3e9c561de555d
  slot=193 seed=194 aos_hash=84cf6a327e86a648 b_hash=933e1f05af45aebc x_hash=80f3e9c561de555d
  slot=194 seed=195 aos_hash=4c6be4bf3c22f650 b_hash=24087063885abf1c x_hash=80f3e9c561de555d
  slot=195 seed=196 aos_hash=e4551a369b9b101e b_hash=e78c7cbca1cd2d0a x_hash=80f3e9c561de555d
  slot=196 seed=197 aos_hash=4b1a287c28df94f1 b_hash=d55fff9d4669b881 x_hash=80f3e9c561de555d
  slot=197 seed=198 aos_hash=221e038ca00fc613 b_hash=814e3c6c9a4ef2c3 x_hash=80f3e9c561de555d
  slot=198 seed=199 aos_hash=a13e89e4424d52ca b_hash=e24653142bb79f5a x_hash=80f3e9c561de555d
  slot=199 seed=200 aos_hash=fdce82febe2162ca b_hash=2ef84f6b3f3d83de x_hash=80f3e9c561de555d
  slot=200 seed=201 aos_hash=9d313755d9bb8277 b_hash=0acaae112d7e340f x_hash=80f3e9c561de555d
  slot=201 seed=202 aos_hash=8fc7487ca7c9d8f2 b_hash=c961ab2b0f0cc2a6 x_hash=80f3e9c561de555d
  slot=202 seed=203 aos_hash=33d15627a6ecde6a b_hash=060b3cf40421ee7a x_hash=80f3e9c561de555d
  slot=203 seed=204 aos_hash=e4966d0b75e405cd b_hash=ddf54bc05b9c78ad x_hash=80f3e9c561de555d
  slot=204 seed=205 aos_hash=692e1d4428625c1b b_hash=bbfde98956a49de7 x_hash=80f3e9c561de555d
  slot=205 seed=206 aos_hash=68a25b1f27b8b52d b_hash=f8eeaa7a270a449d x_hash=80f3e9c561de555d
  slot=206 seed=207 aos_hash=5fdb591c5d2787cb b_hash=9504ca91197fccf3 x_hash=80f3e9c561de555d
  slot=207 seed=208 aos_hash=c3a987f895b8f5fa b_hash=95affa10fc9fc8e6 x_hash=80f3e9c561de555d
  slot=208 seed=209 aos_hash=305309de042ec21d b_hash=88e106849dc1b54d x_hash=80f3e9c561de555d
  slot=209 seed=210 aos_hash=26790f1407aa507c b_hash=900f8005cd9b1d94 x_hash=80f3e9c561de555d
  slot=210 seed=211 aos_hash=dc011fef55dfed09 b_hash=d2ef2de8c9619ccd x_hash=80f3e9c561de555d
  slot=211 seed=212 aos_hash=a54ef47f4568b998 b_hash=36d72ecde5b789ec x_hash=80f3e9c561de555d
  slot=212 seed=213 aos_hash=b65645f1e17dbfc0 b_hash=431fda77de4d9c48 x_hash=80f3e9c561de555d
  slot=213 seed=214 aos_hash=401fe9bf575090a4 b_hash=f8b2e321c7fffa80 x_hash=80f3e9c561de555d
  slot=214 seed=215 aos_hash=f35990f4afd44306 b_hash=eb8c2d7d33d8c09e x_hash=80f3e9c561de555d
  slot=215 seed=216 aos_hash=1c0c4b09e94f7715 b_hash=f884e9ab117383f5 x_hash=80f3e9c561de555d
  slot=216 seed=217 aos_hash=0155985551687ffe b_hash=005a05fcdd9ff94a x_hash=80f3e9c561de555d
  slot=217 seed=218 aos_hash=479289b282c0d1ae b_hash=e081726287ca0476 x_hash=80f3e9c561de555d
  slot=218 seed=219 aos_hash=715cdb0e7e9563fd b_hash=731d30bd510d61dd x_hash=80f3e9c561de555d
  slot=219 seed=220 aos_hash=362c7a7f14f478af b_hash=648b93b0c6f7fd27 x_hash=80f3e9c561de555d
  slot=220 seed=221 aos_hash=86da9defa43a1d90 b_hash=00d435d8b0aafd3c x_hash=80f3e9c561de555d
  slot=221 seed=222 aos_hash=e3f97264336617ce b_hash=2a1c56b155c1192a x_hash=80f3e9c561de555d
  slot=222 seed=223 aos_hash=9c36439cb9ea5c48 b_hash=16a4668f949aee54 x_hash=80f3e9c561de555d
  slot=223 seed=224 aos_hash=0ca0310b80d580cd b_hash=9a568d9eb87b7bc5 x_hash=80f3e9c561de555d
  slot=224 seed=225 aos_hash=bd480bb63913393b b_hash=09ba78908f3b0e73 x_hash=80f3e9c561de555d
  slot=225 seed=226 aos_hash=497e1d639d6570bb b_hash=c6645a7b7d1bf7c3 x_hash=80f3e9c561de555d
  slot=226 seed=227 aos_hash=c559d522a495f696 b_hash=7486b852722ba96e x_hash=80f3e9c561de555d
  slot=227 seed=228 aos_hash=5d2b468834f061ab b_hash=1cdc3405d8e91fa7 x_hash=80f3e9c561de555d
  slot=228 seed=229 aos_hash=68448d78fd1fa58d b_hash=8382544ca82b7921 x_hash=80f3e9c561de555d
  slot=229 seed=230 aos_hash=c3176168eb8ece14 b_hash=0b0f05dcc8008e40 x_hash=80f3e9c561de555d
  slot=230 seed=231 aos_hash=d13fea4756f757f4 b_hash=a38b2eeaaff3a070 x_hash=80f3e9c561de555d
  slot=231 seed=232 aos_hash=42f0bf98f5489f82 b_hash=78a07e3b4a320356 x_hash=80f3e9c561de555d
  slot=232 seed=233 aos_hash=0c0817f4ae3cd2a9 b_hash=3d0745b17b534de5 x_hash=80f3e9c561de555d
  slot=233 seed=234 aos_hash=584b5553ec502685 b_hash=e9d0ce1e22169e99 x_hash=80f3e9c561de555d
FAIL M=33 K=256 slot=0: A/B y-bit-diff rows=33 (all-row)
