DEVICE,arch=gfx1100,name=AMD Radeon RX 7900 XTX,order=forward
PARITY,shape=gate,N=5909,mismatches=0,total=102863872
RESULT,variant=shipped,shape=gate,N=5909,M=17408,K=5120,add=0,median_us=10559.709,tops=99.750,spread_pct=3.997
RESULT,variant=gridspec,shape=gate,N=5909,M=17408,K=5120,add=0,median_us=9198.766,tops=114.507,spread_pct=3.939
DEVICE,arch=gfx1100,name=AMD Radeon RX 7900 XTX,order=reverse
PARITY,shape=gate,N=5909,mismatches=0,total=102863872
RESULT,variant=gridspec,shape=gate,N=5909,M=17408,K=5120,add=0,median_us=9893.990,tops=106.461,spread_pct=4.837
RESULT,variant=shipped,shape=gate,N=5909,M=17408,K=5120,add=0,median_us=9861.312,tops=106.814,spread_pct=5.573
DEVICE,arch=gfx1100,name=AMD Radeon RX 7900 XTX,order=reverse
PARITY,shape=gate,N=5909,mismatches=0,total=102863872
RESULT,variant=gridspec,shape=gate,N=5909,M=17408,K=5120,add=0,median_us=9875.192,tops=106.664,spread_pct=7.137
RESULT,variant=shipped,shape=gate,N=5909,M=17408,K=5120,add=0,median_us=9894.203,tops=106.459,spread_pct=3.993
DEVICE,arch=gfx1100,name=AMD Radeon RX 7900 XTX,order=forward
PARITY,shape=gate,N=5909,mismatches=0,total=102863872
RESULT,variant=shipped,shape=gate,N=5909,M=17408,K=5120,add=0,median_us=10543.139,tops=99.906,spread_pct=5.043
RESULT,variant=gridspec,shape=gate,N=5909,M=17408,K=5120,add=0,median_us=9078.229,tops=116.028,spread_pct=5.300
DEVICE,arch=gfx1100,name=AMD Radeon RX 7900 XTX,order=forward
PARITY,shape=gate,N=8192,mismatches=0,total=142606336
RESULT,variant=shipped,shape=gate,N=8192,M=17408,K=5120,add=0,median_us=12783.502,tops=114.232,spread_pct=6.140
RESULT,variant=gridspec,shape=gate,N=8192,M=17408,K=5120,add=0,median_us=11859.965,tops=123.128,spread_pct=6.865
DEVICE,arch=gfx1100,name=AMD Radeon RX 7900 XTX,order=reverse
PARITY,shape=gate,N=8192,mismatches=0,total=142606336
RESULT,variant=gridspec,shape=gate,N=8192,M=17408,K=5120,add=0,median_us=12823.749,tops=113.874,spread_pct=6.066
RESULT,variant=shipped,shape=gate,N=8192,M=17408,K=5120,add=0,median_us=11876.566,tops=122.955,spread_pct=7.939
DEVICE,arch=gfx1100,name=AMD Radeon RX 7900 XTX,order=reverse
PARITY,shape=gate,N=8192,mismatches=0,total=142606336
RESULT,variant=gridspec,shape=gate,N=8192,M=17408,K=5120,add=0,median_us=12852.258,tops=113.621,spread_pct=9.227
RESULT,variant=shipped,shape=gate,N=8192,M=17408,K=5120,add=0,median_us=11870.983,tops=123.013,spread_pct=6.995
DEVICE,arch=gfx1100,name=AMD Radeon RX 7900 XTX,order=forward
PARITY,shape=gate,N=8192,mismatches=0,total=142606336
RESULT,variant=shipped,shape=gate,N=8192,M=17408,K=5120,add=0,median_us=12957.616,tops=112.697,spread_pct=7.826
RESULT,variant=gridspec,shape=gate,N=8192,M=17408,K=5120,add=0,median_us=11942.663,tops=122.275,spread_pct=7.173
DEVICE,arch=gfx1100,name=AMD Radeon RX 7900 XTX,order=forward
PARITY,shape=down,N=5909,mismatches=0,total=30254080
RESULT,variant=shipped,shape=down,N=5909,M=5120,K=17408,add=1,median_us=10673.149,tops=98.689,spread_pct=5.546
RESULT,variant=gridspec,shape=down,N=5909,M=5120,K=17408,add=1,median_us=8994.048,tops=117.114,spread_pct=5.701
DEVICE,arch=gfx1100,name=AMD Radeon RX 7900 XTX,order=reverse
PARITY,shape=down,N=5909,mismatches=0,total=30254080
RESULT,variant=gridspec,shape=down,N=5909,M=5120,K=17408,add=1,median_us=9703.961,tops=108.546,spread_pct=5.078
RESULT,variant=shipped,shape=down,N=5909,M=5120,K=17408,add=1,median_us=9952.085,tops=105.840,spread_pct=5.533
DEVICE,arch=gfx1100,name=AMD Radeon RX 7900 XTX,order=reverse
PARITY,shape=down,N=5909,mismatches=0,total=30254080
RESULT,variant=gridspec,shape=down,N=5909,M=5120,K=17408,add=1,median_us=9695.399,tops=108.642,spread_pct=5.215
RESULT,variant=shipped,shape=down,N=5909,M=5120,K=17408,add=1,median_us=9943.079,tops=105.936,spread_pct=4.667
DEVICE,arch=gfx1100,name=AMD Radeon RX 7900 XTX,order=forward
PARITY,shape=down,N=5909,mismatches=0,total=30254080
RESULT,variant=shipped,shape=down,N=5909,M=5120,K=17408,add=1,median_us=10739.551,tops=98.079,spread_pct=4.991
RESULT,variant=gridspec,shape=down,N=5909,M=5120,K=17408,add=1,median_us=8934.681,tops=117.892,spread_pct=5.262
DEVICE,arch=gfx1100,name=AMD Radeon RX 7900 XTX,order=forward
PARITY,shape=down,N=8192,mismatches=0,total=41943040
RESULT,variant=shipped,shape=down,N=8192,M=5120,K=17408,add=1,median_us=12446.426,tops=117.326,spread_pct=8.049
RESULT,variant=gridspec,shape=down,N=8192,M=5120,K=17408,add=1,median_us=11534.600,tops=126.601,spread_pct=5.286
DEVICE,arch=gfx1100,name=AMD Radeon RX 7900 XTX,order=reverse
PARITY,shape=down,N=8192,mismatches=0,total=41943040
RESULT,variant=gridspec,shape=down,N=8192,M=5120,K=17408,add=1,median_us=12444.224,tops=117.347,spread_pct=5.176
RESULT,variant=shipped,shape=down,N=8192,M=5120,K=17408,add=1,median_us=11457.565,tops=127.452,spread_pct=4.710
DEVICE,arch=gfx1100,name=AMD Radeon RX 7900 XTX,order=reverse
PARITY,shape=down,N=8192,mismatches=0,total=41943040
RESULT,variant=gridspec,shape=down,N=8192,M=5120,K=17408,add=1,median_us=12407.745,tops=117.692,spread_pct=5.293
RESULT,variant=shipped,shape=down,N=8192,M=5120,K=17408,add=1,median_us=11461.790,tops=127.405,spread_pct=4.749
DEVICE,arch=gfx1100,name=AMD Radeon RX 7900 XTX,order=forward
PARITY,shape=down,N=8192,mismatches=0,total=41943040
RESULT,variant=shipped,shape=down,N=8192,M=5120,K=17408,add=1,median_us=12443.104,tops=117.357,spread_pct=5.412
RESULT,variant=gridspec,shape=down,N=8192,M=5120,K=17408,add=1,median_us=11547.355,tops=126.461,spread_pct=6.530
